{
  "source_sha256": "2f0a9df64e77edf2d24d3946b7e52cef8323c2a2c2bcc88726215941edd7d697",
  "builds": [
    {
      "command": [
        "clang++",
        "-std=c++17",
        "-O3",
        "-Wall",
        "-Wextra",
        "-Werror",
        "-dynamiclib",
        "-fPIC",
        "/Volumes/SSD990/cryptanalysis/experiments/pdp-scaling/boolean_certificate.cpp",
        "-o",
        "/Volumes/SSD990/cryptanalysis/experiments/groebner-perf-20260924/round3/build/boolean-certificate.dylib"
      ],
      "binary_sha256": "d632f49e872a8ccb64a5768842f821b56334ea8066bcd3148ab207e276fba0a2"
    },
    {
      "command": [
        "clang++",
        "-std=c++17",
        "-O1",
        "-g",
        "-fsanitize=undefined",
        "-fno-sanitize-recover=all",
        "-Wall",
        "-Wextra",
        "-Werror",
        "-dynamiclib",
        "-fPIC",
        "/Volumes/SSD990/cryptanalysis/experiments/pdp-scaling/boolean_certificate.cpp",
        "-o",
        "/Volumes/SSD990/cryptanalysis/experiments/groebner-perf-20260924/round3/build/boolean-certificate-ubsan.dylib"
      ],
      "binary_sha256": "f51ae88fedae90180f7bd43ec0790366d24151cf26c035fe1ccb7d7575eac3bb"
    },
    {
      "command": [
        "clang++",
        "-O3",
        "-std=c++17",
        "/Volumes/SSD990/cryptanalysis/experiments/groebner-perf-20260924/round3/tiled_rref.mm",
        "-I/var/tmp/sage-10.9-current/local/include",
        "-L/var/tmp/sage-10.9-current/local/lib",
        "-lm4ri",
        "-Wl,-rpath,/var/tmp/sage-10.9-current/local/lib",
        "-o",
        "/Volumes/SSD990/cryptanalysis/experiments/groebner-perf-20260924/round3/build/tiled-rref",
        "-fobjc-arc",
        "-framework",
        "Foundation",
        "-framework",
        "Metal"
      ],
      "binary_sha256": "53e84a6d4e1e92e70b0c97757857a86e244c89ec19334976b60ee36a661029e9",
      "source_sha256": "3e3b1ca922644a4a8cd97da41f0b27378cc02b8c3b59a029b30583b84a457f87"
    },
    {
      "command": [
        "clang++",
        "-O3",
        "-std=c++17",
        "/Volumes/SSD990/cryptanalysis/experiments/groebner-perf-20260924/round2/capture/boolean_f5b_m4ri.cpp",
        "-I/var/tmp/sage-10.9-current/local/include",
        "-L/var/tmp/sage-10.9-current/local/lib",
        "-lm4ri",
        "-Wl,-rpath,/var/tmp/sage-10.9-current/local/lib",
        "-o",
        "/Volumes/SSD990/cryptanalysis/experiments/groebner-perf-20260924/round3/build/capture-m4ri"
      ],
      "binary_sha256": "fefcc93228ef84c4c0dacf64c7f11cc6ce7c59b40bb7e83e568a43a2c5fe9901",
      "source_sha256": "9a6b96ca82de4a609aa0b04e9933fdb528027e6fa911aba862c542634eb54fdb"
    }
  ],
  "compiler": "Apple clang version 17.0.0 (clang-1700.0.13.5)\nTarget: arm64-apple-darwin25.6.0\nThread model: posix\nInstalledDir: /Library/Developer/CommandLineTools/usr/bin\n"
}
