[
  {
    "name": "pdp-31-3-6-seed101",
    "workload_sha256": "9fcbe21bc6dad0f2062e065bdad2bc247e3aa4ff4fe3602331eebd283dfb9cb3",
    "median_ns": {
      "list": 16652459,
      "array": 3813417
    }
  },
  {
    "name": "pdp-31-3-6-seed201",
    "workload_sha256": "be334eecceac7f3506da8aff63b36a5e69c0951f3d9c2cf903c7f0ca5129969a",
    "median_ns": {
      "list": 16469834,
      "array": 3759958
    }
  },
  {
    "name": "pdp-31-3-6-seed202",
    "workload_sha256": "cf368f81039008471b2d77452235a934209f615a1b7fd9af65166672003d76cb",
    "median_ns": {
      "list": 15908958,
      "array": 3785416
    }
  },
  {
    "name": "pdp-31-3-6-seed203",
    "workload_sha256": "9d518e8953fbff94989eee8435a5432cd8c65f8588d2cb36721db28f6620808e",
    "median_ns": {
      "list": 15819333,
      "array": 3881292
    }
  },
  {
    "name": "pdp-31-3-6-seed204",
    "workload_sha256": "aa0a5f4d03f222669f7f7612797ceaa79e4c67cc1c443956fae00c62fe97b653",
    "median_ns": {
      "list": 16072875,
      "array": 3908167
    }
  },
  {
    "name": "pdp-31-3-6-seed205",
    "workload_sha256": "05d65fe2685e2c84bf4f382d1c0cad3463540b11fd6b23031e875c761bf7e527",
    "median_ns": {
      "list": 15953875,
      "array": 3718583
    }
  }
]
