F4E_CLK 241 64 64 1081 4349 1350 89481 176 26183
F4E_CLK 260 63 58 520 3601 1039 85798 190 33496
F4E_CLK 267 63 55 522 3673 968 88247 212 45950
F4E_CLK 295 58 43 521 3428 926 75623 205 24171
F4E_CLK 210 49 28 521 3448 1369 56755 168 11527
F4E_CLK 297 61 49 520 3584 963 80157 176 38013
F4E_CLK 202 45 24 521 3118 857 48442 187 10002
F4E_CLK 344 55 50 522 4873 1187 73692 206 11859
F4E_CLK 518 64 64 522 4833 941 94709 238 41366
F4E_CLK 659 64 64 520 4969 888 93082 259 19200
F4E_CLK 662 64 64 520 4760 1832 88318 273 18207
F4E_CLK 337 64 64 520 4380 1264 92399 173 43718
F4E_CLK 516 64 64 521 4196 1114 90307 267 26907
F4E_CLK 556 64 64 521 4768 881 89816 242 19452
F4E_CLK 668 64 64 521 6509 1141 89276 282 15034
F4E_CLK 756 64 64 521 5289 1617 91610 266 15183
F4E_CLK 682 64 64 522 4287 1080 95778 286 41658
F4E_CLK 655 64 64 521 4671 1338 90979 235 20886
F4E_CLK 628 64 64 522 5260 1463 90486 257 17646
F4E_CLK 611 64 64 521 5543 1025 88647 261 11550
F4E_CLK 596 64 64 520 5443 1492 87487 268 11827
F4E_CLK 625 64 64 522 4931 1005 94529 240 40436
F4E_CLK 781 64 64 521 4838 960 97715 315 28313
F4E_CLK 762 64 64 521 4693 1486 95175 311 22504
F4E_CLK 789 64 64 522 5924 1025 95032 325 15011
F4E_CLK 1061 64 64 521 7445 943 111777 429 14449
F4E_CLK 1248 64 64 521 7586 1070 114804 395 9408
F4E_CLK 1236 64 64 521 7001 1643 111431 435 10500
F4E_CLK 615 64 64 520 4864 1426 91148 274 30689
F4E_CLK 655 64 64 522 4492 679 93187 200 31193
F4E_CLK 500 64 64 521 3960 1170 88054 218 20560
F4E_CLK 1121 64 64 522 6607 1362 112649 419 13910
F4E_CLK 1245 64 64 521 6946 1229 113384 445 12425
F4E_CLK 1409 64 64 522 6925 1324 116515 431 9424
F4E_CLK 1347 64 64 522 6774 1214 114750 468 12174
F4E_CLK 901 64 64 521 6449 1085 95757 313 14932
F4E_CLK 897 64 64 522 7268 895 93284 316 7046
F4E_CLK 535 64 64 522 4783 847 95248 214 43056
F4E_CLK 485 64 64 522 3978 1666 85985 231 26780
F4E_CLK 323 64 64 520 4305 1074 81508 178 20127
F4E_CLK 907 64 64 522 6077 1035 95645 355 15057
F4E_CLK 693 64 64 520 6821 667 91322 265 14904
F4E_CLK 1057 64 64 522 7325 1393 112157 411 10720
F4E_CLK 1474 64 64 522 6768 1367 114191 454 8765
F4E_CLK 1491 64 64 521 7015 1022 118575 465 15949
F4E_CLK 1384 64 64 522 7137 1052 115297 465 10782
F4E_CLK 1319 64 64 521 7192 1130 113423 477 9923
F4E_CLK 784 64 36 521 4666 906 78094 304 7858
F4E_CLK 183 44 35 521 3027 931 57429 186 37374
F4E_CLK 163 38 11 520 2912 1337 38243 174 3827
F4E_CLK 149 35 9 522 2905 1144 34022 151 2654
F4E_CLK 36 18 3 521 2951 928 15761 147 785
F4E_CLK 90 26 3 521 2955 977 22070 180 781
F4E_CLK 37 24 3 521 2951 1083 20318 186 918
F4E_CLK 330 25 25 522 4241 1035 30270 192 3359
F4E_CLK 741 64 64 521 4120 689 96212 274 45580
F4E_CLK 462 64 64 520 3953 1175 84919 221 26081
F4E_CLK 339 64 64 522 4270 1499 81180 156 18887
F4E_CLK 722 64 64 522 5484 1196 91039 290 31529
F4E_CLK 652 64 64 520 4137 1204 91235 290 35381
F4E_CLK 399 64 64 522 3882 861 83752 231 24266
F4E_CLK 876 64 64 520 5213 2450 93689 321 13389
F4E_CLK 868 44 44 521 4991 1319 65691 348 11444
F4E_CLK 529 63 46 522 3760 793 82576 247 27990
F4E_CLK 243 39 18 536 3025 1042 43879 169 9964
F4E_CLK 251 33 12 537 2846 1586 33899 193 3229
F4E_CLK 1067 64 64 535 6346 1089 111408 431 16262
F4E_CLK 1049 64 64 537 6288 1274 111478 396 16270
F4E_CLK 922 44 41 535 4874 761 65915 329 24476
F4E_CLK 397 60 36 537 3393 942 72572 194 18364
F4E_CLK 172 27 11 538 2917 1122 27998 182 4506
F4E_CLK 904 53 32 536 5113 949 67315 299 6645
F4E_CLK 1371 64 64 537 6318 1431 114569 427 13177
F4E_CLK 1555 64 64 535 7265 1339 118593 505 12891
F4E_CLK 1339 64 64 537 6592 860 115268 419 18179
F4E_CLK 937 44 44 537 5127 1033 68372 324 19810
F4E_CLK 335 61 39 536 3439 1244 73604 211 17663
F4E_CLK 150 28 12 537 3016 1393 31684 193 4611
F4E_CLK 428 46 25 536 4201 1107 50002 243 5005
F4E_CLK 838 64 64 538 5747 1127 92018 318 15586
F4E_CLK 1285 64 64 536 5701 1589 113799 470 15469
F4E_CLK 927 64 64 536 5890 960 95548 357 16416
F4E_CLK 1371 64 64 536 6712 1570 115714 425 11091
F4E_CLK 1441 64 64 536 6725 954 115123 428 12606
F4E_CLK 445 44 40 537 3539 859 60833 226 26243
F4E_CLK 244 56 30 537 3364 986 64844 168 14370
F4E_CLK 108 32 15 537 3061 1265 35951 164 6994
F4E_CLK 801 44 35 536 4913 971 58886 299 7331
F4E_CLK 1092 64 64 537 6777 1408 110668 390 12132
F4E_CLK 1379 64 64 538 7301 1038 113894 431 11797
F4E_CLK 1263 64 64 535 6328 1193 111220 407 16193
F4E_CLK 1290 64 64 538 6717 962 114075 420 15368
F4E_CLK 1449 64 64 537 7281 1218 115963 461 10778
F4E_CLK 1146 64 64 537 5392 1573 110946 405 17703
F4E_CLK 923 64 64 537 6224 983 97310 330 13495
F4E_CLK 140 62 43 538 3220 1481 77365 215 22627
F4E_CLK 48 28 12 538 3152 1077 31562 151 4205
F4E_CLK 476 62 41 535 4760 962 74610 226 10275
F4E_CLK 794 64 64 537 5951 1044 95655 303 11843
F4E_CLK 822 64 64 537 6596 1026 92663 312 10888
F4E_CLK 696 64 64 535 6014 652 90638 295 16960
F4E_CLK 831 64 64 537 5860 889 95311 285 16036
F4E_CLK 951 64 64 536 7176 1033 94261 304 7063
F4E_CLK 843 64 64 537 5609 1138 92862 324 16989
F4E_CLK 1104 64 64 535 7096 1101 110938 434 11380
F4E_CLK 692 64 64 537 5075 1330 88160 264 14347
F4E_CLK 996 52 52 538 6478 868 79474 308 10770
F4E_CLK 0 0 0 536 486 0 240 84 350
F4E_CLK 44 33 3 535 2955 889 27299 148 925
F4E_CLK 0 0 0 537 486 0 240 84 349
F4E_CLK 0 0 0 535 486 0 240 84 351
F4E_CLK 0 0 0 537 486 0 240 84 348
F4E_CLK 0 0 0 861 486 0 240 84 349
F4E_CLK 0 0 0 536 486 0 240 84 349
F4E_CLK 184 39 35 536 3253 923 52004 171 21695
F4E_CLK 163 58 31 537 3123 1545 65938 189 14740
F4E_CLK 66 31 15 538 3538 1285 32629 191 7553
F4E_CLK 90 23 14 536 3348 1132 26340 191 4411
F4E_CLK 107 63 46 537 4290 836 71534 186 25583
F4E_CLK 33 39 18 536 3161 884 40457 167 9381
F4E_CLK 36 33 12 538 3374 1033 33570 178 3785
F4E_CLK 687 63 63 536 4958 1084 86927 280 15485
F4E_CLK 15 33 3 535 2535 1215 29445 215 780
F4E_CLK 18 24 3 536 2628 906 20574 219 780
F4E_CLK 0 0 0 536 486 0 240 84 349
F4E_CLK 532 37 37 537 4180 985 50163 241 8077
F4E_CLK 696 64 64 537 5574 863 88307 271 11990
F4E_CLK 820 43 43 536 5492 1094 61727 277 6807
F4E_CLK 30 51 6 511 2993 1121 45025 230 1090
F4E_CLK 0 0 0 511 486 0 240 84 350
F4E_CLK 0 0 0 510 486 0 240 84 347
F4E_CLK 462 57 57 511 4042 1468 73581 198 14727
F4E_CLK 718 64 64 511 5640 946 88128 248 14783
F4E_CLK 938 46 32 511 5100 1023 62490 309 5518
F4E_CLK 824 25 25 511 4567 819 36723 297 3007
F4E_CLK 20 46 6 510 2636 1028 40148 222 1364
F4E_CLK 0 0 0 824 486 0 240 84 348
F4E_CLK 0 0 0 511 486 0 240 84 347
F4E_CLK 415 50 50 511 3816 1109 66649 194 13176
F4E_CLK 505 64 64 512 4970 1338 85734 207 14342
F4E_CLK 723 48 39 510 4659 1037 64192 266 7217
F4E_CLK 723 25 25 509 4241 953 36289 267 4632
F4E_CLK 385 41 14 511 3120 1086 41753 233 3987
F4E_CLK 805 34 34 511 4558 1182 48565 301 5695
F4E_CLK 0 0 0 802 486 0 240 84 350
F4E_CLK 0 0 0 511 486 0 240 84 347
F4E_CLK 10 2 2 511 2004 1003 2631 211 540
F4E_CLK 482 64 64 511 4722 874 83474 213 15438
F4E_CLK 418 64 64 512 4412 1281 82029 207 15566
F4E_CLK 741 64 64 510 5572 808 88948 263 13393
F4E_CLK 968 64 64 510 7250 1487 96666 336 8280
F4E_CLK 884 64 64 511 5535 1541 93489 261 12184
F4E_CLK 773 64 64 511 5736 1372 90025 272 15056
F4E_CLK 900 64 64 511 6679 911 94191 336 10589
F4E_CLK 471 64 58 509 4508 777 87062 222 31863
F4E_CLK 129 45 24 511 2995 1181 51454 157 8206
F4E_CLK 82 40 14 511 3353 1184 40334 203 4830
F4E_CLK 713 64 64 511 5464 1380 92746 283 16997
F4E_CLK 655 64 64 510 4860 1086 93752 295 16952
F4E_CLK 923 64 64 511 6747 694 95803 322 15076
F4E_CLK 1350 64 64 510 6919 1934 114452 447 7495
F4E_CLK 1372 64 64 511 5921 1793 114949 444 12473
F4E_CLK 1290 64 64 511 6677 1206 113085 446 15078
F4E_CLK 1563 64 64 510 7232 978 117650 487 10833
F4E_CLK 822 64 64 511 5876 1095 91437 284 16036
F4E_CLK 1669 64 64 510 7116 1190 121663 539 8861
F4E_CLK 964 52 24 511 5024 715 64017 336 4431
F4E_CLK 39 24 6 509 3153 882 21827 184 1363
F4E_CLK 0 0 0 956 486 0 240 84 348
F4E_CLK 523 58 58 511 4133 1793 80914 245 14672
F4E_CLK 566 64 64 510 5000 1229 88789 258 15134
F4E_CLK 1166 64 64 510 6256 1712 111722 445 14064
F4E_CLK 1645 64 64 511 7565 1312 118236 548 7758
F4E_CLK 1107 64 64 510 6142 1395 112116 413 16841
F4E_CLK 1601 64 64 510 6048 1910 117712 451 12374
F4E_CLK 1441 64 64 510 6689 1692 114481 452 10244
F4E_CLK 1217 64 64 511 6722 1173 110910 394 15245
F4E_CLK 1368 64 64 511 6941 1296 114035 434 9940
F4E_CLK 1029 64 37 511 5556 988 94086 416 6710
F4E_CLK 419 64 64 510 4670 1410 85846 199 16495
F4E_CLK 193 21 21 511 3752 1107 29088 191 4570
F4E_CLK 0 0 0 511 486 0 240 84 349
F4E_CLK 0 0 0 510 486 0 240 84 349
F4E_CLK 0 0 0 511 486 0 240 84 348
F4E_CLK 0 0 0 826 486 0 240 84 347
F4E_CLK 0 0 0 511 486 0 240 84 348
F4E_CLK 0 0 0 512 486 0 240 84 349
F4E_CLK 9 4 3 510 1899 929 4871 194 782
F4E_CLK 9 12 3 512 1899 1049 11596 199 782
F4E_CLK 0 0 0 511 486 0 240 84 348
F4E_CLK 0 0 0 511 486 0 240 84 349
F4E_CLK 6 30 3 510 1579 933 26128 164 1057
F4E_CLK 3 24 3 520 1261 830 18963 160 650
F4E_CLK 0 0 0 521 486 0 240 84 347
F4E_CLK 282 34 34 519 3373 1396 43251 172 8157
F4E_CLK 164 32 32 520 4192 1020 40936 202 5566
F4E_CLK 0 0 0 519 486 0 240 84 350
F4E_CLK 0 0 0 519 486 0 240 84 349
F4E_CLK 0 0 0 521 486 0 240 84 348
F4E_CLK 153 36 9 520 2912 1576 34343 133 3762
F4E_CLK 144 36 9 520 2900 1440 34331 170 3345
F4E_CLK 408 12 12 519 3618 624 16287 204 1614
F4E_CLK 0 0 0 520 486 0 240 84 349
F4E_CLK 0 0 0 519 486 0 240 84 350
F4E_CLK 134 9 6 520 2891 1055 10905 172 1795
F4E_CLK 129 23 9 519 2791 1185 23940 193 4169
F4E_CLK 444 28 15 520 3453 1234 31158 199 1937
F4E_CLK 174 6 6 519 2917 1030 7850 178 952
F4E_CLK 502 19 19 519 3925 918 26277 207 2366
F4E_CLK 0 0 0 519 486 0 240 84 349
F4E_CLK 0 0 0 522 486 0 240 84 348
F4E_CLK 103 2 2 521 2738 1277 3031 206 540
F4E_CLK 113 33 7 520 2829 925 30538 196 2021
F4E_CLK 456 48 21 519 3804 1043 50637 229 5164
F4E_CLK 0 0 0 519 486 0 240 84 348
F4E_CLK 480 25 25 521 4019 839 34016 225 2946
F4E_CLK 501 36 25 520 3774 1023 42943 191 4628
F4E_CLK 89 2 2 520 2843 1377 2824 191 687
F4E_CLK 0 0 0 521 486 0 240 84 348
F4E_CLK 0 0 0 520 486 0 240 84 348
F4E_CLK 218 33 33 521 3960 618 42830 198 6912
F4E_CLK 243 64 64 522 4303 1635 77825 166 12204
F4E_CLK 425 47 47 521 4154 1448 57764 202 8264
F4E_CLK 273 15 15 520 3383 864 19441 181 1912
F4E_CLK 243 10 10 520 3252 908 13399 161 1396
F4E_CLK 601 39 39 519 4963 648 52993 242 6076
F4E_CLK 198 11 11 521 3345 842 14426 167 1475
F4E_CLK 683 64 64 519 5370 1054 89259 291 16085
F4E_CLK 180 62 42 520 3247 1290 76070 196 20444
F4E_CLK 70 28 12 520 3125 1082 30502 203 4199
F4E_CLK 565 63 42 520 4503 1364 76650 236 11223
F4E_CLK 760 64 64 520 5860 1718 92020 292 11836
F4E_CLK 1333 64 64 519 7354 1233 112366 424 10390
F4E_CLK 1252 64 64 518 6322 1238 114327 406 16206
F4E_CLK 1350 64 64 519 6634 1241 114507 492 16033
F4E_CLK 1908 64 64 520 6703 1732 124398 628 7088
F4E_CLK 1182 64 64 520 6224 936 112011 372 17028
F4E_CLK 1856 64 64 521 7622 951 124297 582 8195
F4E_CLK 1244 64 64 520 6020 1758 112651 401 12895
F4E_CLK 1620 62 54 521 6237 959 111015 498 9924
F4E_CLK 22 12 3 521 2645 909 11051 221 643
F4E_CLK 0 0 0 519 486 0 240 84 349
F4E_CLK 388 25 25 520 3990 936 33501 230 4719
F4E_CLK 571 64 64 521 5242 1178 84545 243 12660
F4E_CLK 1223 55 55 522 6355 1442 95806 453 11499
F4E_CLK 674 43 16 520 3838 856 46696 239 4425
F4E_CLK 1187 43 27 520 4763 1441 65702 418 5433
F4E_CLK 1729 39 39 521 5773 948 74858 631 6371
F4E_CLK 369 39 12 519 3259 984 38191 194 3685
F4E_CLK 1749 64 64 520 6243 1325 119975 579 9680
F4E_CLK 866 64 64 520 5389 1045 88881 310 16324
F4E_CLK 1744 64 64 521 6173 998 124063 596 14767
F4E_CLK 457 56 37 520 4181 901 64155 222 8599
F4E_CLK 622 54 54 520 4852 1011 76048 220 10430
F4E_CLK 0 0 0 520 486 0 240 84 348
F4E_CLK 0 0 0 520 486 0 240 84 347
F4E_CLK 143 7 6 510 2810 1023 9172 204 1637
F4E_CLK 136 21 8 511 2889 1158 22013 212 2676
F4E_CLK 950 35 16 510 4508 1033 42344 324 2219
F4E_CLK 326 40 13 511 3230 923 40554 194 4050
F4E_CLK 1131 45 30 510 5220 1253 69071 411 5596
F4E_CLK 1513 39 39 510 5788 920 72594 444 6322
F4E_CLK 0 0 0 511 486 0 240 84 348
F4E_CLK 1568 54 54 509 5626 877 99775 503 10342
F4E_CLK 392 8 8 511 3424 909 11527 212 1191
F4E_CLK 1402 64 64 511 6263 984 117215 449 13689
F4E_CLK 464 63 37 509 4665 643 70443 205 7784
F4E_CLK 605 57 57 511 4809 885 79127 234 16650
F4E_CLK 441 35 35 511 4191 1029 44884 225 6991
F4E_CLK 615 58 58 509 5485 660 84441 285 13262
F4E_CLK 0 0 0 511 486 0 240 84 349
F4E_CLK 0 0 0 511 486 0 240 84 349
F4E_CLK 0 0 0 823 486 0 240 84 349
F4E_CLK 0 0 0 511 486 0 240 84 350
F4E_CLK 0 0 0 512 486 0 240 84 349
F4E_CLK 0 0 0 511 486 0 240 84 349
F4E_CLK 0 0 0 510 486 0 240 84 349
F4E_CLK 0 0 0 511 486 0 240 84 348
F4E_CLK 0 0 0 511 486 0 240 84 350
F4E_CLK 0 0 0 511 486 0 240 84 347
F4E_CLK 0 0 0 802 486 0 240 84 351
F4E_CLK 0 0 0 511 486 0 240 84 348
F4E_CLK 0 0 0 511 486 0 240 84 348
F4E_CLK 0 0 0 510 486 0 240 84 349
F4E_CLK 80 36 9 512 3131 1094 33646 197 3335
F4E_CLK 0 0 0 511 486 0 240 84 347
F4E_CLK 0 0 0 511 486 0 240 84 349
F4E_CLK 0 0 0 511 486 0 240 84 347
F4E_CLK 0 0 0 825 486 0 240 84 348
F4E_CLK 0 0 0 511 486 0 240 84 348
F4E_CLK 240 12 12 511 3100 1099 15831 150 1596
F4E_CLK 0 0 0 510 486 0 240 84 349
F4E_CLK 0 0 0 511 486 0 240 84 349
F4E_CLK 0 0 0 511 486 0 240 84 348
F4E_CLK 0 0 0 511 486 0 240 84 348
F4E_CLK 0 0 0 511 486 0 240 84 347
F4E_CLK 324 12 12 510 3285 860 16582 192 1594
F4E_CLK 51 1 1 511 2744 1220 1160 195 439
F4E_CLK 0 0 0 509 486 0 240 84 351
F4E_CLK 0 0 0 511 486 0 240 84 349
F4E_CLK 0 0 0 511 486 0 240 84 347
F4E_CLK 0 0 0 511 486 0 240 84 348
F4E_CLK 0 0 0 510 486 0 240 84 348
F4E_CLK 288 12 12 511 3404 638 16164 178 1607
F4E_CLK 55 1 1 510 2743 1384 1182 142 444
F4E_CLK 0 0 0 511 486 0 240 84 347
F4E_CLK 85 3 3 511 2854 1090 4125 171 917
F4E_CLK 0 0 0 511 486 0 240 84 348
F4E_CLK 0 0 0 511 486 0 240 84 348
F4E_CLK 0 0 0 511 486 0 240 84 349
F4E_CLK 0 0 0 511 486 0 240 84 349
F4E_CLK 0 0 0 510 486 0 240 84 348
F4E_CLK 168 12 12 510 3007 1419 15001 172 1587
F4E_CLK 394 25 25 509 4015 736 33418 223 4578
F4E_CLK 252 15 15 511 3409 1045 20952 184 2302
F4E_CLK 226 12 12 511 3329 847 16482 161 1737
F4E_CLK 357 38 26 510 3797 1362 42986 220 3030
F4E_CLK 290 52 46 510 3459 690 70334 212 25999
F4E_CLK 141 46 25 510 3332 981 54366 213 10102
F4E_CLK 91 49 17 510 3140 1222 52634 200 7485
F4E_CLK 672 60 60 519 4824 965 83388 255 15607
F4E_CLK 608 64 64 521 4946 1568 88137 259 15988
F4E_CLK 1301 64 64 520 6845 1352 112871 432 14819
F4E_CLK 1803 64 64 521 7424 1253 123293 601 7767
F4E_CLK 1344 64 64 519 6073 1480 114386 442 16225
F4E_CLK 1989 64 64 520 6313 1132 132147 145 11638
F4E_CLK 1932 64 64 521 6901 1183 133959 150 11187
F4E_CLK 1423 64 64 519 6338 1570 115074 475 14958
F4E_CLK 1955 64 64 520 6641 978 133986 136 10087
F4E_CLK 1357 53 27 519 5666 1320 77579 403 4946
F4E_CLK 22 24 3 521 2645 910 20650 219 642
F4E_CLK 0 0 0 520 486 0 240 84 349
F4E_CLK 453 52 52 520 4189 1569 69506 205 13649
F4E_CLK 413 64 64 519 4499 1354 82212 193 13490
F4E_CLK 1128 46 37 520 5281 1699 74370 401 6162
F4E_CLK 1378 25 25 520 5265 866 44776 413 4707
F4E_CLK 603 43 16 520 3764 1058 45500 269 4530
F4E_CLK 1887 48 40 521 5667 1131 88147 674 6912
F4E_CLK 1423 38 31 521 5608 983 63709 522 4327
F4E_CLK 1513 64 64 520 6477 1315 113757 468 11919
F4E_CLK 1635 64 64 520 6374 2224 116994 534 9689
F4E_CLK 1444 64 41 521 5628 1334 100546 428 10223
F4E_CLK 796 60 60 521 5300 781 87256 275 15457
F4E_CLK 551 27 27 518 4196 1140 37426 263 5356
F4E_CLK 0 0 0 822 486 0 240 84 349
F4E_CLK 0 0 0 521 486 0 240 84 348
F4E_CLK 117 28 9 519 2945 886 27640 145 3484
F4E_CLK 107 26 9 520 2952 1029 27989 192 3750
F4E_CLK 648 12 12 519 3807 726 17035 263 1634
F4E_CLK 1228 25 25 521 5430 809 45252 409 3045
F4E_CLK 240 4 4 520 2927 654 6369 159 776
F4E_CLK 1496 35 35 520 5451 1141 63257 480 5193
F4E_CLK 1175 27 27 522 5399 854 46806 395 3251
F4E_CLK 1247 27 27 520 5262 975 47803 411 3515
F4E_CLK 1161 35 35 519 5747 990 62517 376 5692
F4E_CLK 1293 64 44 520 6048 1319 99776 418 9159
F4E_CLK 870 57 57 519 5042 1263 85423 252 11958
F4E_CLK 655 30 30 520 4458 1007 42260 286 5421
F4E_CLK 760 62 62 520 5345 809 87062 239 10111
F4E_CLK 623 31 31 521 4009 1152 44637 270 6487
F4E_CLK 0 0 0 841 486 0 240 84 349
F4E_CLK 0 0 0 519 486 0 240 84 350
F4E_CLK 0 0 0 520 486 0 240 84 349
F4E_CLK 0 0 0 520 486 0 240 84 348
F4E_CLK 432 12 12 520 3547 716 16468 207 1612
F4E_CLK 764 13 13 520 3967 742 18962 261 1781
F4E_CLK 0 0 0 520 486 0 240 84 349
F4E_CLK 930 15 15 519 4645 843 23016 368 1964
F4E_CLK 728 23 23 521 4114 808 33525 270 4292
F4E_CLK 1139 31 31 520 5360 870 53260 400 6095
F4E_CLK 984 31 25 519 5203 820 43260 318 3017
F4E_CLK 397 34 18 519 3444 966 38041 206 5966
F4E_CLK 798 53 53 519 4995 922 76202 319 13159
F4E_CLK 729 34 34 520 4900 826 48526 259 5881
F4E_CLK 654 58 30 522 4476 1054 66557 267 4469
F4E_CLK 539 27 27 520 4169 734 38108 224 6360
F4E_CLK 318 6 6 519 2933 1197 9279 174 1665
F4E_CLK 383 21 21 521 3208 1068 30572 175 6568
F4E_CLK 0 0 0 520 486 0 240 84 349
F4E_CLK 0 0 0 520 486 0 240 84 349
F4E_CLK 0 0 0 520 486 0 240 84 349
F4E_CLK 0 0 0 519 486 0 240 84 349
F4E_CLK 0 0 0 519 486 0 240 84 350
F4E_CLK 0 0 0 519 486 0 240 84 348
F4E_CLK 0 0 0 865 486 0 240 84 349
F4E_CLK 0 0 0 558 486 0 240 84 348
F4E_CLK 0 0 0 558 486 0 240 84 350
F4E_CLK 0 0 0 558 486 0 240 84 348
F4E_CLK 0 0 0 559 486 0 240 84 348
F4E_CLK 0 0 0 558 486 0 240 84 349
F4E_CLK 0 0 0 558 486 0 240 84 350
F4E_CLK 0 0 0 559 486 0 240 84 347
F4E_CLK 0 0 0 864 486 0 240 84 350
F4E_CLK 0 0 0 557 486 0 240 84 350
F4E_CLK 0 0 0 558 486 0 240 84 350
F4E_CLK 0 0 0 558 486 0 240 84 348
F4E_CLK 0 0 0 559 486 0 240 84 347
F4E_CLK 0 0 0 559 486 0 240 84 347
F4E_CLK 0 0 0 558 486 0 240 84 350
F4E_CLK 0 0 0 557 486 0 240 84 349
F4E_CLK 0 0 0 862 486 0 240 84 350
F4E_CLK 0 0 0 558 486 0 240 84 347
F4E_CLK 0 0 0 557 486 0 240 84 350
F4E_CLK 0 0 0 559 486 0 240 84 350
F4E_CLK 0 0 0 558 486 0 240 84 349
F4E_CLK 49 1 1 556 2742 1223 1192 195 438
F4E_CLK 0 0 0 560 486 0 240 84 348
F4E_CLK 0 0 0 557 486 0 240 84 350
F4E_CLK 0 0 0 865 486 0 240 84 348
F4E_CLK 0 0 0 558 486 0 240 84 350
F4E_CLK 0 0 0 558 486 0 240 84 348
F4E_CLK 0 0 0 557 486 0 240 84 350
F4E_CLK 44 1 1 558 2751 815 1226 195 436
F4E_CLK 0 0 0 558 486 0 240 84 348
F4E_CLK 44 2 1 559 2751 1125 1827 183 436
F4E_CLK 0 0 0 558 486 0 240 84 348
F4E_CLK 0 0 0 864 486 0 240 84 349
F4E_CLK 0 0 0 558 486 0 240 84 348
F4E_CLK 0 0 0 558 486 0 240 84 349
F4E_CLK 112 8 8 558 3369 1043 9980 205 1157
F4E_CLK 56 4 4 560 2839 883 5186 186 755
F4E_CLK 40 1 1 558 2749 1120 1188 180 437
F4E_CLK 40 1 1 559 2750 992 1217 195 436
F4E_CLK 58 2 2 559 2746 1375 2975 191 543
F4E_CLK 75 6 5 558 2932 1010 6890 172 1399
F4E_CLK 244 64 54 556 3592 1130 84004 183 35433
F4E_CLK 141 47 21 559 3006 996 53004 191 8167
F4E_CLK 186 42 21 556 3343 1408 44269 188 4852
F4E_CLK 640 64 64 558 4811 1117 90770 270 16971
F4E_CLK 941 64 64 558 5662 1320 96354 334 17006
F4E_CLK 795 64 64 557 4544 1626 90659 285 16042
F4E_CLK 1752 64 64 558 7336 1003 122435 560 11260
F4E_CLK 1715 64 64 557 6687 1197 120928 522 9176
F4E_CLK 1115 64 64 558 6184 1405 109432 409 16003
F4E_CLK 1966 64 64 560 6141 1363 132379 111 12430
F4E_CLK 375 64 64 558 5317 743 84693 190 16956
F4E_CLK 1959 64 64 557 5954 1244 133122 122 13958
F4E_CLK 693 52 13 557 3825 808 54119 251 2041
F4E_CLK 14 16 1 558 2427 892 13612 201 438
F4E_CLK 12 4 4 558 2216 933 5338 197 747
F4E_CLK 400 64 64 558 4702 956 81332 234 16073
F4E_CLK 436 64 64 560 4544 882 81132 204 15559
F4E_CLK 971 42 21 558 4747 1005 53634 326 4689
F4E_CLK 1478 35 31 558 5459 1199 61245 480 6141
F4E_CLK 1323 39 26 558 5612 994 62041 438 4932
F4E_CLK 1523 43 25 558 4986 1340 66656 456 4883
F4E_CLK 1684 46 46 556 5815 1081 87650 605 8902
F4E_CLK 923 64 64 558 6073 1347 91693 366 15023
F4E_CLK 1808 64 64 540 6131 1537 124853 591 12718
F4E_CLK 1485 64 37 540 5761 1111 97472 486 6506
F4E_CLK 953 64 64 541 5822 923 97220 304 15604
F4E_CLK 496 11 11 540 3293 1407 15215 205 2231
F4E_CLK 0 0 0 541 486 0 240 84 350
F4E_CLK 0 0 0 541 486 0 240 84 350
F4E_CLK 108 36 9 541 3156 1147 36677 192 2361
F4E_CLK 95 36 9 542 3149 1502 33817 196 3334
F4E_CLK 684 12 12 542 3959 648 16749 281 1649
F4E_CLK 1188 25 25 541 5200 843 43424 390 4655
F4E_CLK 804 20 20 542 4459 704 29720 306 2488
F4E_CLK 633 7 7 542 3467 742 11070 237 1139
F4E_CLK 1210 43 27 541 5187 1132 65178 415 3509
F4E_CLK 395 3 3 541 2921 1012 4473 213 819
F4E_CLK 1372 51 51 543 5854 865 91083 453 14132
F4E_CLK 1080 64 37 541 5377 1626 92875 395 7123
F4E_CLK 1021 64 64 541 6177 1132 97993 321 16167
F4E_CLK 786 28 28 540 3998 1589 40961 302 3709
F4E_CLK 930 64 64 541 6158 1096 97708 293 12852
F4E_CLK 530 15 15 540 3778 992 20993 266 3447
F4E_CLK 0 0 0 540 486 0 240 84 349
F4E_CLK 0 0 0 542 486 0 240 84 349
F4E_CLK 0 0 0 541 486 0 240 84 349
F4E_CLK 0 0 0 542 486 0 240 84 348
F4E_CLK 504 12 12 541 3702 739 17150 206 1647
F4E_CLK 214 1 1 543 2693 1397 1194 181 447
F4E_CLK 0 0 0 540 486 0 240 84 349
F4E_CLK 362 3 3 542 2953 1078 4506 168 702
F4E_CLK 365 3 3 540 2965 1166 4342 189 829
F4E_CLK 364 3 3 540 3025 1190 4450 194 952
F4E_CLK 1126 47 27 542 5174 1072 68629 412 4850
F4E_CLK 556 48 21 543 3835 1143 52028 263 5305
F4E_CLK 936 64 64 542 5710 993 95656 310 15831
F4E_CLK 741 28 28 541 4505 908 40431 287 4122
F4E_CLK 782 44 28 542 4091 1171 55049 323 6720
F4E_CLK 635 19 19 542 3843 1231 26470 251 4034
F4E_CLK 426 10 10 542 3125 1044 14773 186 3225
F4E_CLK 476 17 17 541 3406 1360 23857 223 7110
F4E_CLK 0 0 0 541 486 0 240 84 349
F4E_CLK 0 0 0 542 486 0 240 84 348
F4E_CLK 0 0 0 882 486 0 240 84 349
F4E_CLK 0 0 0 542 486 0 240 84 348
F4E_CLK 0 0 0 543 486 0 240 84 348
F4E_CLK 195 1 1 542 2735 1209 1265 156 452
F4E_CLK 0 0 0 540 486 0 240 84 350
F4E_CLK 356 3 3 542 3034 1546 4206 172 706
F4E_CLK 198 1 1 542 2819 1360 1261 168 461
F4E_CLK 378 5 5 540 2844 966 7138 178 1459
F4E_CLK 173 1 1 542 2697 1040 1512 166 448
F4E_CLK 412 39 18 540 3186 1478 42323 198 5572
F4E_CLK 952 58 58 542 5826 920 86749 367 15196
F4E_CLK 771 29 29 543 4439 1128 42382 335 5172
F4E_CLK 779 63 30 541 5161 874 72630 321 4034
F4E_CLK 731 27 27 541 4207 827 39024 264 5557
F4E_CLK 407 6 6 541 3074 963 8844 206 1691
F4E_CLK 500 21 21 542 3259 1083 30334 216 8086
F4E_CLK 395 6 6 542 3036 947 9183 209 1969
F4E_CLK 470 27 15 541 3642 771 30975 233 5509
F4E_CLK 0 0 0 542 486 0 240 84 349
F4E_CLK 0 0 0 541 486 0 240 84 349
F4E_CLK 0 0 0 542 486 0 240 84 350
F4E_CLK 0 0 0 542 486 0 240 84 348
F4E_CLK 0 0 0 541 486 0 240 84 349
F4E_CLK 0 0 0 542 486 0 240 84 348
F4E_CLK 0 0 0 864 486 0 240 84 348
F4E_CLK 0 0 0 556 486 0 240 84 348
F4E_CLK 0 0 0 558 486 0 240 84 350
F4E_CLK 0 0 0 558 486 0 240 84 349
F4E_CLK 0 0 0 558 486 0 240 84 350
F4E_CLK 0 0 0 558 486 0 240 84 348
F4E_CLK 0 0 0 560 486 0 240 84 348
F4E_CLK 0 0 0 558 486 0 240 84 348
F4E_CLK 0 0 0 864 486 0 240 84 347
F4E_CLK 0 0 0 558 486 0 240 84 347
F4E_CLK 0 0 0 558 486 0 240 84 349
F4E_CLK 0 0 0 558 486 0 240 84 348
F4E_CLK 0 0 0 556 486 0 240 84 350
F4E_CLK 0 0 0 558 486 0 240 84 348
F4E_CLK 0 0 0 556 486 0 240 84 349
F4E_CLK 0 0 0 558 486 0 240 84 348
F4E_CLK 0 0 0 883 486 0 240 84 347
F4E_CLK 0 0 0 558 486 0 240 84 348
F4E_CLK 0 0 0 559 486 0 240 84 349
F4E_CLK 0 0 0 558 486 0 240 84 347
F4E_CLK 0 0 0 559 486 0 240 84 349
F4E_CLK 0 0 0 558 486 0 240 84 349
F4E_CLK 0 0 0 557 486 0 240 84 349
F4E_CLK 0 0 0 558 486 0 240 84 348
F4E_CLK 0 0 0 883 486 0 240 84 349
F4E_CLK 0 0 0 558 486 0 240 84 347
F4E_CLK 0 0 0 556 486 0 240 84 348
F4E_CLK 0 0 0 558 486 0 240 84 347
F4E_CLK 0 0 0 557 486 0 240 84 349
F4E_CLK 0 0 0 558 486 0 240 84 348
F4E_CLK 0 0 0 559 486 0 240 84 348
F4E_CLK 0 0 0 558 486 0 240 84 348
F4E_CLK 0 0 0 882 486 0 240 84 350
F4E_CLK 0 0 0 558 486 0 240 84 348
F4E_CLK 0 0 0 557 486 0 240 84 349
F4E_CLK 0 0 0 558 486 0 240 84 348
F4E_CLK 0 0 0 559 486 0 240 84 348
F4E_CLK 33 1 1 559 2747 1128 1182 142 443
F4E_CLK 0 0 0 559 486 0 240 84 348
F4E_CLK 38 2 1 556 2748 1179 1849 209 437
F4E_CLK 30 2 1 558 2674 1414 1875 227 438
F4E_CLK 264 56 50 558 3366 1282 76753 189 33235
F4E_CLK 195 45 22 557 3121 1073 50228 194 7020
F4E_CLK 136 42 16 560 2889 1960 45146 191 4334
F4E_CLK 537 64 64 556 4764 796 86872 249 16955
F4E_CLK 583 64 64 559 4584 1219 88116 266 16955
F4E_CLK 1194 64 64 558 6223 1385 112018 411 16046
F4E_CLK 1840 64 64 556 7593 1047 123405 623 8458
F4E_CLK 1646 64 64 557 6496 1371 119706 564 11759
F4E_CLK 1649 64 64 560 6375 1349 118163 508 14862
F4E_CLK 1967 64 64 558 6575 1228 132659 145 11730
F4E_CLK 1105 64 64 557 6322 1516 109440 389 16019
F4E_CLK 2028 64 64 557 6739 984 135384 145 10633
F4E_CLK 1103 52 19 557 4945 1029 68957 417 2647
F4E_CLK 22 25 3 557 2645 910 21422 213 643
F4E_CLK 0 0 0 558 486 0 240 84 349
F4E_CLK 334 60 60 559 4657 916 75820 208 15247
F4E_CLK 375 64 64 557 4890 657 82232 206 14570
F4E_CLK 888 44 29 557 4869 845 58989 310 5627
F4E_CLK 1539 27 27 558 5264 957 50818 510 4907
F4E_CLK 1111 48 22 557 4923 1185 66301 404 3386
F4E_CLK 1632 46 33 558 5223 1325 76142 511 6109
F4E_CLK 1643 38 38 557 5782 872 72347 542 6055
F4E_CLK 1292 64 64 556 6042 2148 111795 405 14418
F4E_CLK 1744 64 64 542 6963 1094 121375 558 9729
F4E_CLK 1478 64 37 541 5988 1057 98556 453 8730
F4E_CLK 1110 64 64 542 5988 1327 113213 411 17907
F4E_CLK 699 19 19 541 4210 1062 27598 280 3189
F4E_CLK 0 0 0 541 486 0 240 84 349
F4E_CLK 0 0 0 541 486 0 240 84 350
F4E_CLK 107 32 9 542 3061 1136 31046 192 3614
F4E_CLK 93 30 9 540 3049 941 29263 198 3335
F4E_CLK 636 12 12 541 3771 812 16657 247 1642
F4E_CLK 1151 25 25 542 5176 1070 43102 387 3019
F4E_CLK 624 12 12 540 3965 625 16576 251 1658
F4E_CLK 968 15 15 541 4683 706 24177 329 2409
F4E_CLK 1072 35 25 542 5101 912 53002 434 2958
F4E_CLK 449 5 5 540 3177 870 7565 213 1449
F4E_CLK 1369 43 43 542 5909 867 77161 407 6710
F4E_CLK 1209 64 37 541 5693 1464 93776 444 7001
F4E_CLK 1131 64 64 542 5476 1139 109300 398 15013
F4E_CLK 883 28 28 543 4847 825 43094 316 4557
F4E_CLK 1066 64 64 541 5928 1160 109040 394 21115
F4E_CLK 800 23 23 542 4428 807 33604 298 4302
F4E_CLK 0 0 0 541 486 0 240 84 351
F4E_CLK 0 0 0 542 486 0 240 84 350
F4E_CLK 0 0 0 543 486 0 240 84 348
F4E_CLK 0 0 0 541 486 0 240 84 348
F4E_CLK 540 12 12 541 3607 826 16143 221 1651
F4E_CLK 196 1 1 542 2811 813 1585 154 455
F4E_CLK 0 0 0 540 486 0 240 84 349
F4E_CLK 373 3 3 541 3223 944 4609 164 1104
F4E_CLK 207 1 1 542 2737 1498 1319 197 438
F4E_CLK 406 5 5 540 3112 892 7522 211 1170
F4E_CLK 1029 39 27 540 5061 945 58972 419 3162
F4E_CLK 443 40 16 543 3265 1029 43027 236 5463
F4E_CLK 1101 61 61 541 6411 1067 103452 413 15648
F4E_CLK 930 28 28 541 4961 729 42370 305 5110
F4E_CLK 910 60 28 540 5112 962 71497 344 5495
F4E_CLK 861 27 27 540 4491 1090 39989 319 6107
F4E_CLK 505 6 6 543 3295 945 8304 223 2253
F4E_CLK 609 21 21 541 3768 951 31580 268 7661
F4E_CLK 0 0 0 540 486 0 240 84 350
F4E_CLK 0 0 0 541 486 0 240 84 349
F4E_CLK 0 0 0 860 486 0 240 84 350
F4E_CLK 0 0 0 542 486 0 240 84 349
F4E_CLK 0 0 0 542 486 0 240 84 349
F4E_CLK 0 0 0 541 486 0 240 84 348
F4E_CLK 204 1 1 540 2739 888 1390 204 440
F4E_CLK 187 2 1 540 2698 1028 1858 185 437
F4E_CLK 0 0 0 541 486 0 240 84 349
F4E_CLK 345 5 3 540 2961 890 5754 173 825
F4E_CLK 197 1 1 540 2816 1068 1472 175 447
F4E_CLK 423 31 15 541 3501 997 34855 205 4848
F4E_CLK 1029 50 50 541 6371 1076 86374 452 11958
F4E_CLK 932 37 37 542 4985 919 56646 290 9381
F4E_CLK 946 55 30 541 5759 973 67737 332 4351
F4E_CLK 868 27 27 541 4699 720 41156 318 6104
F4E_CLK 462 6 6 542 3078 1097 8855 207 1845
F4E_CLK 588 21 21 540 3346 1271 30853 251 9189
F4E_CLK 331 2 2 541 2977 1115 2847 192 714
F4E_CLK 567 28 16 542 3691 1101 33790 271 5627
F4E_CLK 0 0 0 540 486 0 240 84 351
F4E_CLK 0 0 0 542 486 0 240 84 347
F4E_CLK 0 0 0 540 486 0 240 84 351
F4E_CLK 0 0 0 540 486 0 240 84 348
F4E_CLK 0 0 0 541 486 0 240 84 349
F4E_CLK 0 0 0 541 486 0 240 84 348
F4E_CLK 0 0 0 945 486 0 240 84 348
F4E_CLK 0 0 0 548 486 0 240 84 350
F4E_CLK 0 0 0 547 486 0 240 84 350
F4E_CLK 343 5 3 548 3010 973 5901 187 960
F4E_CLK 0 0 0 549 486 0 240 84 348
F4E_CLK 188 6 1 547 2713 881 5183 147 457
F4E_CLK 679 62 35 546 4414 1071 71328 260 7884
F4E_CLK 1057 61 61 547 5602 1388 106024 412 16478
F4E_CLK 560 31 25 549 4141 1095 38438 274 2947
F4E_CLK 918 32 32 546 4690 1200 49469 326 9667
F4E_CLK 242 1 1 550 2738 881 1581 165 460
F4E_CLK 592 21 18 546 3614 1180 29170 245 6406
F4E_CLK 119 5 5 547 3035 1073 7740 205 1540
F4E_CLK 409 12 3 547 3136 1071 11508 202 838
F4E_CLK 123 18 9 547 2939 1024 20335 180 4592
F4E_CLK 0 0 0 548 486 0 240 84 350
F4E_CLK 122 24 9 546 2939 1187 25194 196 3606
F4E_CLK 0 0 0 548 486 0 240 84 348
F4E_CLK 0 0 0 545 486 0 240 84 350
F4E_CLK 0 0 0 547 486 0 240 84 348
F4E_CLK 0 0 0 548 486 0 240 84 350
F4E_CLK 0 0 0 549 486 0 240 84 348
F4E_CLK 0 0 0 549 486 0 240 84 348
F4E_CLK 0 0 0 547 486 0 240 84 349
F4E_CLK 0 0 0 943 486 0 240 84 348
F4E_CLK 0 0 0 548 486 0 240 84 350
F4E_CLK 0 0 0 549 486 0 240 84 348
F4E_CLK 0 0 0 547 486 0 240 84 350
F4E_CLK 0 0 0 549 486 0 240 84 349
F4E_CLK 0 0 0 546 486 0 240 84 348
F4E_CLK 0 0 0 549 486 0 240 84 348
F4E_CLK 0 0 0 546 486 0 240 84 348
F4E_CLK 0 0 0 926 486 0 240 84 347
F4E_CLK 0 0 0 546 486 0 240 84 348
F4E_CLK 0 0 0 546 486 0 240 84 349
F4E_CLK 0 0 0 548 486 0 240 84 348
F4E_CLK 0 0 0 547 486 0 240 84 350
F4E_CLK 0 0 0 548 486 0 240 84 348
F4E_CLK 0 0 0 548 486 0 240 84 348
F4E_CLK 0 0 0 548 486 0 240 84 348
F4E_CLK 0 0 0 942 486 0 240 84 349
F4E_CLK 0 0 0 547 486 0 240 84 348
F4E_CLK 0 0 0 548 486 0 240 84 350
F4E_CLK 0 0 0 548 486 0 240 84 348
F4E_CLK 0 0 0 546 486 0 240 84 349
F4E_CLK 0 0 0 549 486 0 240 84 347
F4E_CLK 0 0 0 547 486 0 240 84 350
F4E_CLK 0 0 0 545 486 0 240 84 349
F4E_CLK 0 0 0 959 486 0 240 84 350
F4E_CLK 0 0 0 549 486 0 240 84 348
F4E_CLK 0 0 0 549 486 0 240 84 347
F4E_CLK 0 0 0 548 486 0 240 84 350
F4E_CLK 0 0 0 548 486 0 240 84 350
F4E_CLK 0 0 0 548 486 0 240 84 347
F4E_CLK 0 0 0 548 486 0 240 84 350
F4E_CLK 0 0 0 548 486 0 240 84 348
F4E_CLK 0 0 0 945 486 0 240 84 349
F4E_CLK 0 0 0 546 486 0 240 84 349
F4E_CLK 0 0 0 549 486 0 240 84 350
F4E_CLK 0 0 0 548 486 0 240 84 347
F4E_CLK 0 0 0 549 486 0 240 84 349
F4E_CLK 0 0 0 549 486 0 240 84 347
F4E_CLK 0 0 0 548 486 0 240 84 349
F4E_CLK 117 5 5 549 2830 1412 7677 205 853
F4E_CLK 279 64 50 545 3458 1023 82261 192 35028
F4E_CLK 228 51 20 546 3188 1188 56220 185 8764
F4E_CLK 324 47 26 544 3749 1590 51636 213 4952
F4E_CLK 488 64 64 543 4298 1597 88568 221 15445
F4E_CLK 1104 64 64 545 6423 1185 111671 375 16304
F4E_CLK 438 64 64 545 4379 1156 86716 224 16239
F4E_CLK 1719 64 64 545 6321 1596 121582 607 10901
F4E_CLK 1920 64 64 545 7067 1360 126885 565 8813
F4E_CLK 871 64 64 545 5761 829 94867 324 16286
F4E_CLK 2054 64 64 544 6098 1341 147085 142 12417
F4E_CLK 537 64 64 543 3994 1714 83825 232 16272
F4E_CLK 2022 64 64 543 6056 1621 133806 129 14923
F4E_CLK 606 52 9 544 3511 1234 49439 261 1597
F4E_CLK 0 0 0 545 486 0 240 84 351
F4E_CLK 18 9 9 545 2648 905 11885 213 1262
F4E_CLK 347 64 64 544 4537 1036 80620 207 16499
F4E_CLK 746 64 64 543 5432 791 88105 264 15467
F4E_CLK 712 39 16 545 4054 1220 44539 291 4263
F4E_CLK 1504 39 31 544 5536 1168 64999 468 6020
F4E_CLK 1657 44 31 546 5331 1084 72395 567 4344
F4E_CLK 1064 41 20 545 4583 1823 57576 421 4523
F4E_CLK 1792 51 51 545 5573 840 99938 567 7539
F4E_CLK 639 64 64 544 4534 1563 82283 258 16275
F4E_CLK 1812 64 64 546 6433 1051 126542 661 14471
F4E_CLK 1280 64 37 545 5691 1543 95164 394 7742
F4E_CLK 1200 64 64 545 5808 1228 112253 460 14175
F4E_CLK 580 6 6 545 3369 899 8945 269 1705
F4E_CLK 0 0 0 544 486 0 240 84 350
F4E_CLK 0 0 0 545 486 0 240 84 347
F4E_CLK 108 36 9 544 3159 839 34342 145 3478
F4E_CLK 223 38 11 544 3282 756 35952 197 3401
F4E_CLK 630 10 10 544 3655 789 14099 262 1437
F4E_CLK 1210 25 25 545 5180 1351 43911 444 4666
F4E_CLK 1176 25 25 545 5165 1132 44393 400 3018
F4E_CLK 378 2 2 543 3065 1068 3101 177 587
F4E_CLK 1248 48 27 546 5437 1099 69868 434 3362
F4E_CLK 426 3 3 545 2991 1316 4728 207 698
F4E_CLK 1472 56 56 544 5903 887 102778 467 13013
F4E_CLK 1351 64 37 545 6000 1194 95739 436 7069
F4E_CLK 1265 64 64 545 6204 869 115242 426 16429
F4E_CLK 1040 28 28 545 4922 1122 48957 402 3436
F4E_CLK 1171 64 64 544 6665 941 111981 402 20694
F4E_CLK 683 10 10 543 3600 1119 14736 266 2960
F4E_CLK 0 0 0 544 486 0 240 84 349
F4E_CLK 0 0 0 545 486 0 240 84 348
F4E_CLK 0 0 0 545 486 0 240 84 348
F4E_CLK 0 0 0 543 486 0 240 84 349
F4E_CLK 528 12 12 545 3741 706 16320 251 1601
F4E_CLK 226 1 1 544 2747 1164 1172 165 462
F4E_CLK 0 0 0 545 486 0 240 84 348
F4E_CLK 377 3 3 544 3078 1151 4164 183 844
F4E_CLK 382 3 3 546 2975 1055 4347 168 694
F4E_CLK 323 3 2 544 2949 905 3875 210 694
F4E_CLK 1198 52 28 543 5423 1023 75423 407 3621
F4E_CLK 755 52 25 545 4018 1500 58484 303 6301
F4E_CLK 1228 64 64 543 6672 1112 112208 408 18805
F4E_CLK 965 28 28 545 4940 998 44056 346 4143
F4E_CLK 953 37 28 543 4956 1004 51434 300 6091
F4E_CLK 784 14 14 546 4019 756 21705 272 3249
F4E_CLK 598 10 10 544 3266 1092 16128 258 4194
F4E_CLK 676 17 17 544 3534 977 25267 261 6729
F4E_CLK 0 0 0 545 486 0 240 84 347
F4E_CLK 0 0 0 543 486 0 240 84 349
F4E_CLK 0 0 0 545 486 0 240 84 348
F4E_CLK 0 0 0 945 486 0 240 84 348
F4E_CLK 0 0 0 548 486 0 240 84 348
F4E_CLK 208 1 1 548 2754 1297 1205 163 454
F4E_CLK 0 0 0 548 486 0 240 84 347
F4E_CLK 216 2 1 550 2710 1193 1893 196 453
F4E_CLK 216 1 1 548 2698 1561 1185 159 446
F4E_CLK 0 0 0 547 486 0 240 84 348
F4E_CLK 362 3 3 546 2960 1341 4109 185 687
F4E_CLK 438 42 13 547 3082 1418 41340 209 4083
F4E_CLK 1216 63 63 546 6029 986 111348 442 17807
F4E_CLK 981 28 28 548 5044 1148 44677 272 5379
F4E_CLK 989 56 28 547 5097 945 69518 315 6228
F4E_CLK 1031 25 25 548 5143 1281 43004 434 5425
F4E_CLK 556 7 7 547 3391 920 11580 258 2631
F4E_CLK 706 20 20 546 3737 1089 29669 283 8958
F4E_CLK 481 5 3 548 3140 1353 5978 231 1104
F4E_CLK 685 27 15 547 3776 987 32688 271 4990
F4E_CLK 0 0 0 548 486 0 240 84 350
F4E_CLK 0 0 0 546 486 0 240 84 351
F4E_CLK 0 0 0 547 486 0 240 84 350
F4E_CLK 0 0 0 547 486 0 240 84 349
F4E_CLK 0 0 0 546 486 0 240 84 349
F4E_CLK 0 0 0 547 486 0 240 84 349
F4E_CLK 0 0 0 548 486 0 240 84 349
F4E_CLK 0 0 0 921 486 0 240 84 349
F4E_CLK 0 0 0 548 486 0 240 84 348
F4E_CLK 0 0 0 546 486 0 240 84 348
F4E_CLK 0 0 0 549 486 0 240 84 349
F4E_CLK 238 18 7 546 3080 1211 18440 180 1358
F4E_CLK 1015 55 42 546 5924 885 77486 289 8498
F4E_CLK 1114 48 48 549 5618 1415 84003 378 11304
F4E_CLK 909 44 27 547 5328 1261 57129 298 5159
F4E_CLK 1088 30 30 549 4793 1291 53275 437 8576
F4E_CLK 501 3 3 549 3127 1278 4786 218 853
F4E_CLK 712 24 21 546 3619 1509 34082 306 8653
F4E_CLK 253 1 1 546 2735 1287 1173 170 464
F4E_CLK 567 18 11 551 3305 1028 21863 244 3327
F4E_CLK 0 0 0 547 486 0 240 84 349
F4E_CLK 0 0 0 549 486 0 240 84 348
F4E_CLK 155 24 9 546 2913 1067 23731 158 2779
F4E_CLK 0 0 0 925 486 0 240 84 349
F4E_CLK 0 0 0 547 486 0 240 84 349
F4E_CLK 0 0 0 548 486 0 240 84 349
F4E_CLK 0 0 0 549 486 0 240 84 347
F4E_CLK 0 0 0 547 486 0 240 84 348
F4E_CLK 0 0 0 548 486 0 240 84 348
F4E_CLK 0 0 0 548 486 0 240 84 347
F4E_CLK 0 0 0 548 486 0 240 84 350
F4E_CLK 0 0 0 925 486 0 240 84 349
F4E_CLK 0 0 0 547 486 0 240 84 349
F4E_CLK 0 0 0 548 486 0 240 84 350
F4E_CLK 29 32 9 547 2991 981 30587 224 3334
F4E_CLK 1101 60 60 547 6388 1032 103264 420 16211
F4E_CLK 884 28 28 548 5145 723 43634 282 5668
F4E_CLK 895 62 29 548 4801 1128 72621 308 4121
F4E_CLK 809 27 27 545 4453 1316 41348 296 5839
F4E_CLK 535 6 5 548 3196 973 8213 246 1442
F4E_CLK 710 21 19 547 3616 1371 30768 277 7342
F4E_CLK 272 5 1 546 2814 1611 4293 198 439
F4E_CLK 564 23 11 547 3270 1615 25584 236 4167
F4E_CLK 0 0 0 547 486 0 240 84 349
F4E_CLK 158 21 9 549 2811 1327 21838 203 3616
F4E_CLK 0 0 0 547 486 0 240 84 349
F4E_CLK 120 2 2 545 2734 1083 2546 189 677
F4E_CLK 154 28 7 545 2916 922 25841 149 2443
F4E_CLK 0 0 0 545 486 0 240 84 347
F4E_CLK 0 0 0 545 486 0 240 84 349
F4E_CLK 0 0 0 546 486 0 240 84 348
F4E_CLK 0 0 0 546 486 0 240 84 348
F4E_CLK 0 0 0 545 486 0 240 84 349
F4E_CLK 0 0 0 547 486 0 240 84 350
F4E_CLK 0 0 0 544 486 0 240 84 350
F4E_CLK 0 0 0 930 486 0 240 84 350
F4E_CLK 0 0 0 545 486 0 240 84 348
F4E_CLK 0 0 0 545 486 0 240 84 349
F4E_CLK 0 0 0 546 486 0 240 84 350
F4E_CLK 0 0 0 545 486 0 240 84 348
F4E_CLK 0 0 0 545 486 0 240 84 348
F4E_CLK 0 0 0 544 486 0 240 84 350
F4E_CLK 0 0 0 545 486 0 240 84 347
F4E_CLK 0 0 0 910 486 0 240 84 348
F4E_CLK 0 0 0 544 486 0 240 84 350
F4E_CLK 0 0 0 547 486 0 240 84 348
F4E_CLK 0 0 0 546 486 0 240 84 348
F4E_CLK 0 0 0 543 486 0 240 84 351
F4E_CLK 0 0 0 544 486 0 240 84 349
F4E_CLK 0 0 0 544 486 0 240 84 350
F4E_CLK 0 0 0 545 486 0 240 84 349
F4E_CLK 0 0 0 914 486 0 240 84 348
F4E_CLK 0 0 0 543 486 0 240 84 350
F4E_CLK 0 0 0 545 486 0 240 84 348
F4E_CLK 0 0 0 545 486 0 240 84 348
F4E_CLK 0 0 0 544 486 0 240 84 349
F4E_CLK 0 0 0 544 486 0 240 84 350
F4E_CLK 0 0 0 545 486 0 240 84 350
F4E_CLK 0 0 0 544 486 0 240 84 350
F4E_CLK 0 0 0 914 486 0 240 84 349
F4E_CLK 0 0 0 545 486 0 240 84 348
F4E_CLK 0 0 0 543 486 0 240 84 348
F4E_CLK 0 0 0 545 486 0 240 84 349
F4E_CLK 0 0 0 545 486 0 240 84 350
F4E_CLK 0 0 0 546 486 0 240 84 348
F4E_CLK 0 0 0 546 486 0 240 84 347
F4E_CLK 0 0 0 545 486 0 240 84 349
F4E_CLK 0 0 0 929 486 0 240 84 348
F4E_CLK 0 0 0 545 486 0 240 84 350
F4E_CLK 0 0 0 544 486 0 240 84 350
F4E_CLK 0 0 0 545 486 0 240 84 349
F4E_CLK 0 0 0 545 486 0 240 84 349
F4E_CLK 0 0 0 545 486 0 240 84 349
F4E_CLK 0 0 0 545 486 0 240 84 348
F4E_CLK 169 14 14 545 3011 1587 20303 205 2598
F4E_CLK 301 64 43 546 3225 1267 80037 184 30032
F4E_CLK 147 42 18 545 3022 1066 47082 188 8845
F4E_CLK 435 56 35 544 4218 707 65842 203 7027
F4E_CLK 517 64 64 545 5182 1420 87303 232 11962
F4E_CLK 1115 64 64 545 7560 1052 111337 426 11979
F4E_CLK 907 64 64 544 5811 950 96971 324 16329
F4E_CLK 1493 64 64 543 6197 1567 117235 554 14206
F4E_CLK 2118 64 64 547 6856 2283 147844 150 7488
F4E_CLK 665 64 64 554 4914 1170 89179 281 16265
F4E_CLK 2064 64 64 545 6644 1520 147108 133 10766
F4E_CLK 1146 64 64 544 6209 994 110362 401 16315
F4E_CLK 2125 62 61 545 6097 1434 141999 145 13236
F4E_CLK 73 12 3 545 2831 966 11264 202 779
F4E_CLK 0 0 0 546 486 0 240 84 350
F4E_CLK 231 18 18 543 3488 1085 22747 168 2618
F4E_CLK 327 64 64 555 5002 2364 80002 193 14591
F4E_CLK 1072 62 62 546 5990 1255 107957 377 14866
F4E_CLK 180 36 9 546 2847 1896 35737 160 3346
F4E_CLK 1700 46 34 547 5375 1194 80595 517 7334
F4E_CLK 1815 37 37 546 5655 839 73549 552 5978
F4E_CLK 591 38 11 544 3480 905 40830 239 4173
F4E_CLK 1950 60 60 544 5510 1723 123013 135 12167
F4E_CLK 437 64 64 549 4971 645 78963 209 15974
F4E_CLK 1939 64 64 546 5540 1247 136682 140 16859
F4E_CLK 1232 64 37 548 5945 1191 93936 384 8557
F4E_CLK 1294 61 61 547 6253 1185 110552 462 13908
F4E_CLK 0 0 0 546 486 0 240 84 350
F4E_CLK 0 0 0 547 486 0 240 84 350
F4E_CLK 0 0 0 547 486 0 240 84 349
F4E_CLK 108 36 9 546 3062 975 34928 185 3333
F4E_CLK 715 47 20 547 4117 781 52551 274 4694
F4E_CLK 56 1 1 556 2742 816 1242 183 445
F4E_CLK 1320 25 25 547 5235 1379 45891 408 4704
F4E_CLK 1279 34 25 547 5371 935 55071 432 3043
F4E_CLK 399 2 2 546 2962 1294 3430 189 596
F4E_CLK 1400 54 30 546 5172 1183 82279 446 4408
F4E_CLK 44 1 1 547 2751 815 1226 195 437
F4E_CLK 1619 64 64 548 6055 996 120472 527 15492
F4E_CLK 1076 64 37 547 5623 875 92374 403 6710
F4E_CLK 1391 64 64 548 5614 1051 115984 409 17692
F4E_CLK 863 28 28 546 4604 1293 40400 308 4147
F4E_CLK 1465 64 64 548 6189 1280 118240 500 18915
F4E_CLK 89 1 1 545 2745 1041 1182 194 446
F4E_CLK 0 0 0 547 486 0 240 84 347
F4E_CLK 0 0 0 545 486 0 240 84 347
F4E_CLK 0 0 0 546 486 0 240 84 350
F4E_CLK 280 7 7 545 2864 985 9747 200 1071
F4E_CLK 200 5 5 555 2904 1032 6711 156 860
F4E_CLK 231 1 1 547 2739 1073 1153 149 467
F4E_CLK 250 1 1 546 2739 1028 1167 172 469
F4E_CLK 348 2 2 547 2980 1380 2711 183 578
F4E_CLK 457 5 5 545 3093 890 7711 207 1193
F4E_CLK 0 0 0 546 486 0 240 84 349
F4E_CLK 1236 61 30 545 5665 815 86682 405 6026
F4E_CLK 871 59 32 546 4968 1470 70029 293 7193
F4E_CLK 1383 64 64 548 6226 1011 117726 443 16469
F4E_CLK 1138 28 28 547 5493 1376 48345 388 5107
F4E_CLK 1050 28 28 547 4747 1440 51130 446 8931
F4E_CLK 182 5 5 547 2709 1178 7043 198 991
F4E_CLK 698 15 15 547 3473 1286 25239 266 9308
F4E_CLK 186 12 12 546 2816 1160 18155 178 5442
F4E_CLK 0 0 0 546 486 0 240 84 348
F4E_CLK 0 0 0 544 486 0 240 84 350
F4E_CLK 0 0 0 546 486 0 240 84 349
F4E_CLK 0 0 0 888 486 0 240 84 351
F4E_CLK 0 0 0 546 486 0 240 84 350
F4E_CLK 216 1 1 546 2723 1155 1270 167 462
F4E_CLK 0 0 0 555 486 0 240 84 350
F4E_CLK 211 2 1 545 2693 1295 1839 175 440
F4E_CLK 222 2 1 545 2697 1282 1863 164 441
F4E_CLK 0 0 0 546 486 0 240 84 349
F4E_CLK 389 3 3 546 2973 912 4290 186 838
F4E_CLK 643 51 21 548 3894 1145 55875 263 5065
F4E_CLK 1363 64 64 549 5721 1483 117936 435 18264
F4E_CLK 1091 28 28 547 5170 975 47815 405 4123
F4E_CLK 1086 39 28 546 5337 1205 60734 391 6894
F4E_CLK 974 16 16 546 4524 686 24745 318 4035
F4E_CLK 653 10 10 547 3435 1183 16046 278 4735
F4E_CLK 818 17 17 548 3669 1116 25424 321 7399
F4E_CLK 592 8 6 546 3326 1251 11923 244 1715
F4E_CLK 694 24 12 552 3604 953 27871 280 3975
F4E_CLK 0 0 0 553 486 0 240 84 349
F4E_CLK 0 0 0 552 486 0 240 84 351
F4E_CLK 0 0 0 553 486 0 240 84 348
F4E_CLK 0 0 0 553 486 0 240 84 349
F4E_CLK 0 0 0 553 486 0 240 84 348
F4E_CLK 0 0 0 552 486 0 240 84 351
F4E_CLK 0 0 0 553 486 0 240 84 350
F4E_CLK 0 0 0 880 486 0 240 84 347
F4E_CLK 0 0 0 553 486 0 240 84 348
F4E_CLK 0 0 0 555 486 0 240 84 347
F4E_CLK 215 1 1 551 2713 1479 1169 162 455
F4E_CLK 47 20 9 552 3050 886 20728 191 3615
F4E_CLK 1205 48 48 552 5708 957 85232 402 11303
F4E_CLK 1186 39 39 552 5447 1520 68191 409 7356
F4E_CLK 1168 53 29 553 5522 1635 77590 401 5761
F4E_CLK 1163 28 28 554 5276 1155 50290 402 6646
F4E_CLK 576 4 4 552 3228 991 6811 250 1078
F4E_CLK 792 22 20 553 3631 1452 32630 300 9391
F4E_CLK 302 2 1 552 2776 1087 2007 175 472
F4E_CLK 640 23 11 551 3429 1145 25950 248 4312
F4E_CLK 0 0 0 553 486 0 240 84 349
F4E_CLK 191 9 8 554 2919 1480 12237 161 2818
F4E_CLK 105 3 1 552 2741 874 2702 194 437
F4E_CLK 0 0 0 881 486 0 240 84 348
F4E_CLK 0 0 0 552 486 0 240 84 348
F4E_CLK 0 0 0 553 486 0 240 84 349
F4E_CLK 0 0 0 553 486 0 240 84 349
F4E_CLK 0 0 0 552 486 0 240 84 350
F4E_CLK 0 0 0 552 486 0 240 84 349
F4E_CLK 0 0 0 553 486 0 240 84 350
F4E_CLK 0 0 0 553 486 0 240 84 348
F4E_CLK 0 0 0 864 486 0 240 84 348
F4E_CLK 0 0 0 554 486 0 240 84 348
F4E_CLK 0 0 0 554 486 0 240 84 349
F4E_CLK 160 41 14 552 2888 1065 40508 168 4146
F4E_CLK 1316 64 64 555 6302 986 112724 449 18238
F4E_CLK 1040 28 28 553 5257 1342 49149 428 3680
F4E_CLK 1031 44 28 553 5245 1065 66974 411 5750
F4E_CLK 934 19 19 551 4508 707 30552 347 4018
F4E_CLK 622 10 7 553 3330 1083 13351 247 1544
F4E_CLK 778 17 17 553 3666 1336 26104 298 6992
F4E_CLK 289 5 1 552 2781 904 4316 192 463
F4E_CLK 635 23 11 554 3439 1263 26314 257 4039
F4E_CLK 0 0 0 552 486 0 240 84 350
F4E_CLK 195 24 9 554 2912 1114 24927 195 3748
F4E_CLK 0 0 0 554 486 0 240 84 348
F4E_CLK 194 11 8 551 2927 1106 13359 204 2811
F4E_CLK 86 4 1 553 2745 1070 3546 150 443
F4E_CLK 0 0 0 552 486 0 240 84 349
F4E_CLK 0 0 0 551 486 0 240 84 349
F4E_CLK 0 0 0 551 486 0 240 84 349
F4E_CLK 0 0 0 553 486 0 240 84 349
F4E_CLK 0 0 0 554 486 0 240 84 349
F4E_CLK 0 0 0 554 486 0 240 84 348
F4E_CLK 0 0 0 553 486 0 240 84 348
F4E_CLK 0 0 0 884 486 0 240 84 348
F4E_CLK 0 0 0 551 486 0 240 84 349
F4E_CLK 0 0 0 553 486 0 240 84 350
F4E_CLK 0 0 0 553 486 0 240 84 347
F4E_CLK 54 37 10 554 3167 891 34255 204 3715
F4E_CLK 1290 64 64 552 5974 1125 115364 407 18388
F4E_CLK 1019 28 28 552 5006 820 45976 351 4980
F4E_CLK 1013 52 28 552 5105 1310 67007 309 7223
F4E_CLK 1073 23 23 545 4911 962 40753 405 4571
F4E_CLK 621 9 7 547 3318 1141 12218 276 1957
F4E_CLK 790 17 17 547 3604 1173 25721 306 6727
F4E_CLK 294 5 1 546 2780 1107 4337 188 461
F4E_CLK 642 23 11 549 3514 1142 26262 286 3870
F4E_CLK 0 0 0 545 486 0 240 84 350
F4E_CLK 197 24 9 548 3002 991 24824 165 3498
F4E_CLK 0 0 0 546 486 0 240 84 350
F4E_CLK 195 7 7 545 2923 999 10205 185 2180
F4E_CLK 145 13 2 547 2818 976 11143 143 566
F4E_CLK 0 0 0 545 486 0 240 84 349
F4E_CLK 239 46 19 547 3091 1251 49283 162 6321
F4E_CLK 134 64 41 544 3546 1183 78258 193 31038
F4E_CLK 128 43 43 548 3569 997 62327 201 47369
F4E_CLK 65 56 23 557 3038 1154 58358 202 8790
F4E_CLK 53 52 16 547 3242 1011 49842 197 4886
F4E_CLK 8 23 2 545 1792 1003 19950 211 677
F4E_CLK 45 64 18 544 3558 888 59345 189 5086
F4E_CLK 0 0 0 548 486 0 240 84 348
F4E_CLK 24 37 18 548 2673 976 40651 218 5506
F4E_CLK 6 30 6 546 1579 982 25040 164 2058
F4E_CLK 0 0 0 557 486 0 240 84 349
F4E_CLK 9 9 8 547 1899 823 11598 209 2402
F4E_CLK 10 42 10 548 2003 830 38051 196 2746
F4E_CLK 0 0 0 867 486 0 240 84 350
F4E_CLK 2 1 1 548 1154 880 1211 208 438
F4E_CLK 182 64 64 546 4864 626 79972 205 15787
F4E_CLK 20 44 16 549 2671 906 43341 227 3776
F4E_CLK 3 26 3 545 1261 830 19976 206 643
F4E_CLK 0 0 0 548 486 0 240 84 349
F4E_CLK 125 35 35 546 4372 606 45271 200 8094
F4E_CLK 141 64 64 555 5045 947 80442 192 13442
F4E_CLK 269 45 45 545 4041 1817 56101 157 7243
F4E_CLK 18 63 18 557 2661 803 58464 213 4951
F4E_CLK 0 0 0 547 486 0 240 84 349
F4E_CLK 0 0 0 546 486 0 240 84 347
F4E_CLK 45 30 9 546 3154 888 28196 191 3617
F4E_CLK 36 30 9 546 3049 1010 28540 178 2500
F4E_CLK 195 33 21 547 3859 1238 36377 195 3871
F4E_CLK 301 25 25 545 3990 827 34525 181 2940
F4E_CLK 18 56 18 546 2640 803 53609 214 4948
F4E_CLK 0 0 0 549 486 0 240 84 347
F4E_CLK 0 0 0 547 486 0 240 84 349
F4E_CLK 18 27 9 548 2637 906 26083 227 3332
F4E_CLK 9 25 8 547 1898 926 24566 208 2958
F4E_CLK 181 22 13 546 3229 759 24897 160 1679
F4E_CLK 262 25 25 546 3908 633 32015 191 4572
F4E_CLK 36 3 3 546 2846 1081 4011 191 644
F4E_CLK 312 44 43 547 4745 1199 56097 199 5474
F4E_CLK 11 50 11 546 2110 830 44908 156 2855
F4E_CLK 0 0 0 546 486 0 240 84 350
F4E_CLK 0 0 0 546 486 0 240 84 349
F4E_CLK 0 0 0 548 486 0 240 84 348
F4E_CLK 0 0 0 547 486 0 240 84 349
F4E_CLK 96 12 12 547 3847 836 15593 173 1571
F4E_CLK 224 25 25 546 3485 1138 32067 162 2941
F4E_CLK 146 19 19 544 3783 890 24232 184 3261
F4E_CLK 198 20 20 548 3799 1021 26562 165 2417
F4E_CLK 196 42 42 548 4450 625 53775 199 5901
F4E_CLK 480 64 64 544 4418 1829 84351 209 15427
F4E_CLK 441 64 64 545 3413 1228 87284 215 40656
F4E_CLK 303 64 64 546 3411 2420 81061 150 21125
F4E_CLK 548 64 64 549 4786 1707 85432 235 18211
F4E_CLK 566 64 64 544 5840 961 87563 230 11983
F4E_CLK 1349 64 64 554 6980 1460 117891 452 12195
F4E_CLK 902 64 64 554 5629 1148 94158 363 15834
F4E_CLK 1874 64 64 553 6617 1372 125887 614 13853
F4E_CLK 2504 64 64 554 6414 1665 163934 135 9807
F4E_CLK 611 64 64 551 4842 1221 85802 268 15837
F4E_CLK 2471 64 64 552 6492 2090 162088 139 13783
F4E_CLK 1364 64 64 553 6110 1277 114918 412 15948
F4E_CLK 2554 60 60 554 6051 1433 161012 129 15866
F4E_CLK 371 48 42 552 3218 1223 64935 171 46764
F4E_CLK 292 42 24 553 3242 1395 49171 187 14205
F4E_CLK 150 39 16 552 3019 1038 41036 203 8911
F4E_CLK 559 50 42 552 4480 926 63715 264 8843
F4E_CLK 568 64 64 553 5087 1203 83011 247 12103
F4E_CLK 1353 64 64 563 6978 1496 112826 440 9831
F4E_CLK 1741 64 64 552 6552 1473 125103 612 12707
F4E_CLK 989 64 64 552 5939 1035 94022 362 16050
F4E_CLK 2709 64 64 554 6863 1236 173061 141 11311
F4E_CLK 1425 64 64 563 6055 2296 112202 491 12731
F4E_CLK 2322 64 64 555 6830 1924 152394 123 10933
F4E_CLK 2091 64 64 555 6760 1470 144384 131 10531
F4E_CLK 2620 64 64 554 5561 1228 174589 137 20998
F4E_CLK 1813 64 64 553 5030 1105 130067 616 81746
F4E_CLK 3518 64 64 552 5459 2870 296258 100 58458
F4E_CLK 1386 44 40 552 4455 1185 77055 441 31808
F4E_CLK 142 58 31 553 2897 1385 67619 183 23213
F4E_CLK 98 31 15 564 3355 924 33728 201 6859
F4E_CLK 1246 43 34 554 5089 1536 70540 369 7708
F4E_CLK 1190 64 64 553 5854 3106 109968 420 13570
F4E_CLK 1424 49 49 552 5249 2345 88802 459 8840
F4E_CLK 1539 49 22 552 4935 1550 71348 476 5274
F4E_CLK 1515 42 21 552 4980 1003 64217 521 4572
F4E_CLK 1930 39 39 553 4984 1579 80441 134 7809
F4E_CLK 835 45 18 554 4067 1467 51229 305 4763
F4E_CLK 2097 49 49 553 5516 1510 111643 148 9916
F4E_CLK 1133 42 22 552 5043 1400 61589 388 3384
F4E_CLK 1985 64 64 553 5790 1095 135265 148 11761
F4E_CLK 1333 64 64 554 5149 1033 121424 403 73863
F4E_CLK 3862 64 64 553 5518 2426 292436 94 19874
F4E_CLK 2360 64 64 553 5150 2196 153031 133 73007
F4E_CLK 3520 63 55 552 5450 1249 212892 95 24826
F4E_CLK 3629 57 57 551 5384 2479 242707 98 28758
F4E_CLK 111 51 24 553 3264 835 53827 145 11402
F4E_CLK 21 30 10 561 2654 913 29662 224 2884
F4E_CLK 8 22 2 552 1792 930 19208 186 679
F4E_CLK 427 24 9 552 3086 1362 24552 211 3257
F4E_CLK 148 23 9 554 2900 1393 23493 136 3208
F4E_CLK 793 24 18 552 4275 716 31569 273 2860
F4E_CLK 1924 41 28 552 5095 856 73972 131 5139
F4E_CLK 126 36 9 553 2945 1028 33472 206 2916
F4E_CLK 2290 47 45 554 5677 1164 107836 106 12893
F4E_CLK 1485 37 24 552 4621 848 61543 459 3250
F4E_CLK 2143 48 40 554 5304 1374 103649 152 14584
F4E_CLK 1797 42 31 553 5283 846 74474 602 4218
F4E_CLK 1860 64 64 551 5954 1111 124108 642 11059
F4E_CLK 1828 64 64 554 5463 1144 126868 665 29088
F4E_CLK 3876 64 64 554 6003 2520 287779 92 20576
F4E_CLK 1176 38 11 554 4592 1258 50411 419 3215
F4E_CLK 3600 60 60 553 5919 1933 230768 151 17987
F4E_CLK 3192 49 49 554 5609 1136 172722 143 22937
F4E_CLK 1373 42 22 554 4492 945 62566 399 3866
F4E_CLK 3300 64 64 553 5315 1053 232483 132 40596
F4E_CLK 2940 44 44 554 4744 1998 136721 130 15355
F4E_CLK 17 63 17 552 2645 976 57987 221 4847
F4E_CLK 0 0 0 554 486 0 240 84 347
F4E_CLK 0 0 0 831 486 0 240 84 348
F4E_CLK 712 32 9 542 3519 1068 33200 273 3568
F4E_CLK 241 30 9 553 3093 967 28652 196 2925
F4E_CLK 1070 35 21 542 4464 973 52070 417 16146
F4E_CLK 1566 25 25 545 4702 1012 50518 556 9527
F4E_CLK 995 48 21 555 4623 857 57199 343 4555
F4E_CLK 1840 46 36 544 5023 1391 82150 633 21393
F4E_CLK 1771 35 35 544 5393 850 69042 555 6860
F4E_CLK 1635 43 28 543 5107 1048 72646 495 17125
F4E_CLK 1942 43 43 542 4641 1641 91553 142 9336
F4E_CLK 1899 64 64 544 4816 1088 130753 652 15776
F4E_CLK 2691 64 64 543 5522 1547 172791 150 19549
F4E_CLK 3250 52 52 544 5298 1502 201655 151 17878
F4E_CLK 1219 46 19 554 4606 1118 63159 430 4753
F4E_CLK 3133 64 64 543 5895 1212 217530 82 21066
F4E_CLK 2566 48 40 545 4656 1241 118928 85 18903
F4E_CLK 2021 31 31 543 4637 1419 66607 132 8940
F4E_CLK 2753 64 64 544 4739 1146 180704 101 27059
F4E_CLK 1503 47 38 542 4877 995 83324 495 23393
F4E_CLK 1882 33 33 543 5404 1100 66793 561 5561
F4E_CLK 2534 64 64 543 5029 1437 167003 144 32748
F4E_CLK 1842 47 47 544 4610 1134 97972 624 29165
F4E_CLK 18 61 18 544 2652 803 57444 215 4952
F4E_CLK 0 0 0 544 486 0 240 84 348
F4E_CLK 0 0 0 846 486 0 240 84 349
F4E_CLK 510 30 9 543 3339 1257 30746 220 3679
F4E_CLK 474 30 9 544 3229 941 29537 221 4227
F4E_CLK 695 31 20 542 3451 867 37309 268 9141
F4E_CLK 1546 25 25 544 4816 1034 47408 550 3034
F4E_CLK 464 19 9 542 3314 809 20560 202 1323
F4E_CLK 2039 31 31 544 5679 864 65156 140 3536
F4E_CLK 1509 31 31 543 4795 1110 57149 505 6958
F4E_CLK 2072 23 23 543 4805 1687 54080 146 3538
F4E_CLK 2026 39 39 544 5858 1333 81348 135 4496
F4E_CLK 2286 64 64 544 5813 1192 154581 147 11913
F4E_CLK 2295 64 64 544 6319 1230 150058 146 17167
F4E_CLK 3124 56 56 542 6318 1060 194969 143 19765
F4E_CLK 517 42 15 544 3692 994 44035 245 4274
F4E_CLK 2879 64 64 544 5771 1993 181815 87 16266
F4E_CLK 2444 48 41 543 5333 1041 111485 118 12734
F4E_CLK 1610 42 29 543 5190 940 68301 500 3773
F4E_CLK 2352 64 64 543 6296 1120 153012 147 15760
F4E_CLK 1271 40 34 543 5258 1122 70110 429 13241
F4E_CLK 1328 29 29 544 5442 939 50306 442 4578
F4E_CLK 2174 64 64 544 6376 1213 149356 147 14379
F4E_CLK 1238 51 51 544 5853 1026 92393 403 21237
F4E_CLK 363 11 11 544 3194 1072 14342 177 1521
F4E_CLK 1986 64 64 543 6389 1228 134459 87 12359
F4E_CLK 1857 64 64 543 6453 1043 129112 629 22021
F4E_CLK 981 44 35 544 5331 1493 60859 316 9729
F4E_CLK 9 21 9 552 1899 823 20584 185 2642
F4E_CLK 0 0 0 554 486 0 240 84 350
F4E_CLK 0 0 0 544 486 0 240 84 347
F4E_CLK 0 0 0 544 486 0 240 84 349
F4E_CLK 126 6 6 545 2939 610 7809 198 962
F4E_CLK 126 6 6 542 2857 775 7599 205 959
F4E_CLK 1082 25 25 544 5279 961 42592 412 2984
F4E_CLK 1098 29 29 544 5127 1158 49185 418 3942
F4E_CLK 1131 10 10 543 4829 841 17955 374 1467
F4E_CLK 1656 52 52 542 6090 1111 97746 489 9469
F4E_CLK 989 2 2 543 3884 1243 3337 295 681
F4E_CLK 1690 60 60 544 6588 873 111884 604 14208
F4E_CLK 1500 64 64 544 5431 1152 123182 436 16390
F4E_CLK 2670 64 64 544 6687 1233 168030 89 19923
F4E_CLK 2405 48 41 554 5171 2181 109801 140 9528
F4E_CLK 1563 43 30 553 5150 818 70508 520 4391
F4E_CLK 2304 64 64 554 5751 1727 152161 144 15341
F4E_CLK 1083 43 22 550 4665 1079 61834 425 9173
F4E_CLK 1833 48 48 553 5768 994 92997 624 7906
F4E_CLK 1956 64 64 553 5634 1061 134176 137 13983
F4E_CLK 970 27 13 552 4029 1046 32745 340 4125
F4E_CLK 1457 50 50 551 5912 1318 87218 488 8913
F4E_CLK 1744 64 64 550 5769 1676 125331 591 16856
F4E_CLK 975 30 30 553 5106 912 48138 354 9619
F4E_CLK 828 32 32 553 4906 1408 46380 290 7321
F4E_CLK 1497 64 64 554 6536 1009 120451 531 16695
F4E_CLK 1532 64 64 553 5898 1702 123501 517 26012
F4E_CLK 888 5 5 555 3609 1263 7369 303 1358
F4E_CLK 1372 57 57 553 7024 829 102489 440 10064
F4E_CLK 1441 61 52 552 6552 995 105828 491 13000
F4E_CLK 1283 28 28 552 4398 1236 55136 473 25497
F4E_CLK 154 44 17 552 3453 1033 43942 199 3888
F4E_CLK 3 26 3 562 1261 830 19976 206 644
F4E_CLK 0 0 0 552 486 0 240 84 350
F4E_CLK 0 0 0 551 486 0 240 84 349
F4E_CLK 0 0 0 553 486 0 240 84 348
F4E_CLK 84 12 12 553 3438 814 15104 191 1577
F4E_CLK 56 16 16 563 3438 778 20268 199 2534
F4E_CLK 647 9 9 552 3553 1246 12317 276 1326
F4E_CLK 1108 3 3 553 4247 1129 5769 385 734
F4E_CLK 0 0 0 552 486 0 240 84 349
F4E_CLK 1211 6 6 553 4362 1649 11810 406 1761
F4E_CLK 0 0 0 554 486 0 240 84 349
F4E_CLK 1261 24 24 552 4482 1269 45362 400 5305
F4E_CLK 527 64 64 552 3932 1199 86975 240 29164
F4E_CLK 2328 64 64 554 5847 981 152883 152 17567
F4E_CLK 1605 41 20 555 4905 1331 61594 556 5000
F4E_CLK 1824 51 51 551 5899 1299 98471 584 9307
F4E_CLK 1903 54 54 553 5755 1569 111142 615 15318
F4E_CLK 177 44 16 555 3039 1145 45425 161 3646
F4E_CLK 1548 64 52 552 6047 1048 111053 546 12558
F4E_CLK 1533 40 40 552 5477 937 75261 502 12789
F4E_CLK 6 17 1 552 1579 1159 14462 206 438
F4E_CLK 1152 50 22 554 4931 1555 69860 421 5043
F4E_CLK 1381 32 32 552 4477 1588 60333 444 13348
F4E_CLK 1037 6 6 553 4331 1409 11139 418 2379
F4E_CLK 1078 6 6 552 4328 1346 11599 408 1871
F4E_CLK 1277 30 30 551 4528 1367 56128 397 10198
F4E_CLK 1106 21 21 553 4400 1057 37380 423 14761
F4E_CLK 0 0 0 555 486 0 240 84 348
F4E_CLK 1055 10 10 553 4382 1082 18635 404 3770
F4E_CLK 1236 38 38 553 4826 1206 69523 400 23238
F4E_CLK 1038 19 19 552 4396 1145 34598 437 12160
F4E_CLK 0 0 0 552 486 0 240 84 349
F4E_CLK 1015 12 12 553 3896 947 20964 351 6535
F4E_CLK 1191 36 36 552 4499 1282 65379 403 19683
F4E_CLK 990 30 30 552 4339 908 49134 301 27270
F4E_CLK 18 46 15 554 2644 803 44806 219 3673
F4E_CLK 3 26 3 552 1260 830 19976 206 645
F4E_CLK 0 0 0 551 486 0 240 84 349
F4E_CLK 0 0 0 843 486 0 240 84 349
F4E_CLK 0 0 0 553 486 0 240 84 348
F4E_CLK 72 12 12 552 3443 1099 14657 171 1571
F4E_CLK 72 20 20 554 3868 604 25086 201 3491
F4E_CLK 496 5 5 552 3253 1048 6619 218 907
F4E_CLK 880 3 3 554 3694 965 4678 313 885
F4E_CLK 0 0 0 552 486 0 240 84 349
F4E_CLK 967 6 6 552 3848 1009 10643 346 1870
F4E_CLK 0 0 0 1127 486 0 240 84 348
F4E_CLK 1079 28 28 542 4463 1100 50992 405 4952
F4E_CLK 613 64 64 544 4550 1010 90059 259 27236
F4E_CLK 2157 64 64 545 5035 1372 150909 143 17008
F4E_CLK 1397 39 16 542 4489 1192 55742 417 5058
F4E_CLK 1819 55 55 545 5764 1200 106907 650 10385
F4E_CLK 1691 50 50 544 5490 883 100097 608 12510
F4E_CLK 252 48 20 544 3595 1399 48133 189 3636
F4E_CLK 1323 64 52 543 5590 1212 104844 426 8754
F4E_CLK 1367 36 36 544 5035 1327 65420 438 11960
F4E_CLK 4 17 1 543 1367 1120 14437 167 438
F4E_CLK 1031 10 10 543 4345 1124 18941 438 4155
F4E_CLK 1272 36 36 544 4365 1455 66400 397 17770
F4E_CLK 118 2 2 543 2691 1153 2775 205 679
F4E_CLK 956 6 6 544 3855 930 9958 314 1776
F4E_CLK 1160 34 34 544 4484 1212 62519 399 14062
F4E_CLK 964 17 17 544 4008 952 28132 312 10396
F4E_CLK 0 0 0 542 486 0 240 84 350
F4E_CLK 945 13 13 544 3961 971 23122 320 6228
F4E_CLK 1108 35 35 545 4669 1242 62618 427 19135
F4E_CLK 907 19 19 543 3859 850 31059 341 12650
F4E_CLK 0 0 0 543 486 0 240 84 347
F4E_CLK 894 16 16 544 3841 866 26132 277 7654
F4E_CLK 1063 32 32 544 4739 837 57489 405 19096
F4E_CLK 798 30 30 544 3631 970 46054 303 28897
F4E_CLK 0 0 0 544 486 0 240 84 348
F4E_CLK 766 8 8 544 3370 1057 11597 294 2190
F4E_CLK 1008 32 32 543 4209 1078 51637 334 13453
F4E_CLK 748 27 27 545 3716 842 41348 289 22602
F4E_CLK 770 29 28 545 3956 886 44874 284 16472
F4E_CLK 62 63 26 544 3577 1004 65501 199 11179
F4E_CLK 4 35 4 544 1368 933 27019 168 884
F4E_CLK 0 0 0 848 486 0 240 84 349
F4E_CLK 0 0 0 545 486 0 240 84 347
F4E_CLK 0 0 0 544 486 0 240 84 350
F4E_CLK 60 12 12 543 3669 609 16046 192 1574
F4E_CLK 520 25 25 543 4431 935 33434 229 4614
F4E_CLK 0 0 0 543 486 0 240 84 350
F4E_CLK 725 3 3 544 3398 1346 4689 265 864
F4E_CLK 710 3 3 544 3411 847 5150 261 1010
F4E_CLK 712 3 3 544 3357 1288 4444 265 728
F4E_CLK 714 3 3 544 3347 1062 4650 267 753
F4E_CLK 921 49 49 543 4231 2464 72727 351 13212
F4E_CLK 1596 64 64 544 6271 1920 118801 492 11498
F4E_CLK 1899 49 49 543 6056 978 97354 648 9655
F4E_CLK 377 48 22 542 3805 1125 50340 195 3467
F4E_CLK 1578 64 64 543 6153 986 116965 571 17382
F4E_CLK 1481 46 34 544 5027 1153 79726 506 12127
F4E_CLK 727 36 25 543 4133 725 42338 267 4649
F4E_CLK 1428 39 39 542 5213 1667 71526 462 10717
F4E_CLK 1332 34 19 545 4590 1100 51357 393 8128
F4E_CLK 705 2 2 545 3352 836 3348 220 758
F4E_CLK 1379 28 28 543 4479 1157 50439 437 9601
F4E_CLK 1165 25 21 544 4348 1163 43346 407 12572
F4E_CLK 0 0 0 545 486 0 240 84 348
F4E_CLK 855 12 12 542 3791 1146 20122 283 6118
F4E_CLK 1245 36 36 543 4444 1102 65032 413 16925
F4E_CLK 834 9 9 542 3649 964 14996 300 3183
F4E_CLK 728 3 3 543 3418 920 4356 285 870
F4E_CLK 1254 30 30 545 5242 1049 55704 365 8701
F4E_CLK 948 24 24 545 3891 835 39733 308 19435
F4E_CLK 777 10 10 543 3457 888 16316 314 3651
F4E_CLK 679 3 3 543 3293 861 4864 256 994
F4E_CLK 1248 30 30 543 4556 1253 54791 416 8820
F4E_CLK 933 24 24 553 3860 1312 39101 277 20003
F4E_CLK 712 21 21 554 3577 1049 32396 282 13938
F4E_CLK 288 1 1 552 2760 910 1375 171 476
F4E_CLK 699 19 19 555 3688 1137 29193 260 6952
F4E_CLK 1164 28 28 553 4461 995 50652 404 15515
F4E_CLK 652 30 30 551 3423 1374 49354 274 27213
F4E_CLK 551 12 12 550 3240 1295 17606 235 5228
F4E_CLK 411 3 3 552 3062 1150 4433 196 695
F4E_CLK 1062 30 30 552 4877 1083 53449 401 8335
F4E_CLK 813 24 24 554 3706 1315 37633 300 17169
F4E_CLK 572 33 33 554 3336 1220 47507 233 32946
F4E_CLK 444 13 13 553 3166 997 18302 222 5865
F4E_CLK 301 3 3 552 2914 1413 4135 199 940
F4E_CLK 1137 30 30 551 5161 947 54524 403 7799
F4E_CLK 799 24 24 552 3574 1444 37111 307 17299
F4E_CLK 545 33 18 554 3234 696 37957 256 8462
F4E_CLK 429 2 2 553 2913 1179 2518 207 594
F4_F2_ECHELON: 33147 x 1362 words, 31068 pivots: upload 72.3 ms, device 114.9 ms, download 0.1 ms, 1.20e9 word XORs
K_0/2^9 m=3 x=77 D=5 f5=true [cuda:NVIDIA GeForce RTX 4090 sm_89 x128 code=sm_89]: 33147 x 87118 (eliminated 33147 rows), rank 31069, refuted false, pinned 1; build 0.541 s, eliminate 0.187 s, total 0.728 s, 1.197e9 word XORs
Stage diagnostic only: one oracle matrix, not an ECDLP cost.
