F4E_CLK 241 64 64 1094 4302 972 91864 164 26201
F4E_CLK 260 63 58 522 3890 984 86943 213 33475
F4E_CLK 267 63 55 522 3794 981 85522 188 45974
F4E_CLK 295 58 43 522 3589 862 76133 175 24197
F4E_CLK 210 49 28 522 3216 860 57315 178 11531
F4E_CLK 297 61 49 521 3539 967 78132 177 38014
F4E_CLK 202 45 24 521 3227 865 51435 183 10001
F4E_CLK 344 55 50 521 3857 2413 72835 174 11892
F4E_CLK 518 64 64 522 4650 796 92092 252 41342
F4E_CLK 659 64 64 521 4804 998 93032 255 19198
F4E_CLK 662 64 64 523 5346 1233 89722 279 18222
F4E_CLK 337 64 64 521 5099 918 92474 164 43726
F4E_CLK 516 64 64 520 4350 898 92870 253 26911
F4E_CLK 556 64 64 521 4809 1296 89065 230 19460
F4E_CLK 668 64 64 521 6258 1623 90097 287 15016
F4E_CLK 756 64 64 521 5936 1020 92442 244 15194
F4E_CLK 682 64 64 522 4451 1023 96315 283 41667
F4E_CLK 655 64 64 522 4925 1186 90771 249 20854
F4E_CLK 628 64 64 521 5380 1158 89627 254 17670
F4E_CLK 611 64 64 522 5308 1317 87492 246 11563
F4E_CLK 596 64 64 522 5638 1124 89102 238 11855
F4E_CLK 625 64 64 522 4662 956 95548 224 40437
F4E_CLK 781 64 64 522 4609 1272 95899 299 28328
F4E_CLK 762 64 64 522 4921 1665 92725 280 22539
F4E_CLK 789 64 64 520 6451 830 93724 315 15029
F4E_CLK 1061 64 64 522 7191 1119 112638 407 14487
F4E_CLK 1248 64 64 522 7230 1220 112904 413 9420
F4E_CLK 1236 64 64 522 6548 1818 113493 361 10528
F4E_CLK 615 64 64 521 4563 1794 93841 273 30700
F4E_CLK 655 64 64 520 4354 902 91764 285 31092
F4E_CLK 500 64 64 523 4234 902 88343 206 20564
F4E_CLK 1121 64 64 521 6892 1143 113547 391 13936
F4E_CLK 1245 64 64 521 7429 1210 113285 384 12474
F4E_CLK 1409 64 64 522 7408 1149 114071 432 9443
F4E_CLK 1347 64 64 522 6808 1018 114590 455 12202
F4E_CLK 901 64 64 522 6121 1061 97242 325 14919
F4E_CLK 897 64 64 522 6833 1033 92815 355 7017
F4E_CLK 535 64 64 522 4236 1156 94248 269 43015
F4E_CLK 485 64 64 522 4290 1107 85265 226 26779
F4E_CLK 323 64 64 522 4029 1586 79602 177 20134
F4E_CLK 907 64 64 522 6347 744 94158 312 15083
F4E_CLK 693 64 64 522 6419 794 90772 258 14907
F4E_CLK 1057 64 64 521 7609 1015 111346 401 10737
F4E_CLK 1474 64 64 522 7049 1639 115626 518 8724
F4E_CLK 1491 64 64 521 6683 1181 118069 476 15929
F4E_CLK 1384 64 64 520 7537 894 114387 453 10816
F4E_CLK 1319 64 64 521 7113 980 114803 430 9966
F4E_CLK 784 64 36 521 4889 917 77930 297 7850
F4E_CLK 183 44 35 520 3120 1059 61231 162 37394
F4E_CLK 163 38 11 521 2787 1327 37987 156 3827
F4E_CLK 149 35 9 522 2909 1239 34867 140 2657
F4E_CLK 36 18 3 522 2951 928 15761 147 784
F4E_CLK 90 26 3 522 2946 1161 21768 201 779
F4E_CLK 37 24 3 521 2950 1083 20318 186 917
F4E_CLK 330 25 25 522 4275 713 31093 177 3375
F4E_CLK 741 64 64 521 4105 812 97201 250 45591
F4E_CLK 462 64 64 520 3945 1372 86285 232 26058
F4E_CLK 339 64 64 521 4868 1171 81073 158 18888
F4E_CLK 722 64 64 522 5454 1315 90855 282 31540
F4E_CLK 652 64 64 522 3908 1168 91186 278 35401
F4E_CLK 399 64 64 521 3745 1107 83575 213 24280
F4E_CLK 876 64 64 521 5512 1139 93416 334 13379
F4E_CLK 868 44 44 520 4904 1478 66343 299 11484
F4E_CLK 529 63 46 521 3549 784 82459 227 28013
F4E_CLK 243 39 18 537 3167 1030 43770 191 9967
F4E_CLK 251 33 12 537 3031 1716 35127 169 3255
F4E_CLK 1067 64 64 537 6175 1318 111167 400 16283
F4E_CLK 1049 64 64 537 6517 1221 112456 418 16245
F4E_CLK 922 44 41 536 4953 892 65722 330 24482
F4E_CLK 397 60 36 537 3505 1129 70691 228 18327
F4E_CLK 172 27 11 536 2792 1128 29484 168 4508
F4E_CLK 904 53 32 538 4818 1111 68904 342 6617
F4E_CLK 1371 64 64 537 6442 1436 115342 429 13174
F4E_CLK 1555 64 64 536 6167 1422 118488 511 12908
F4E_CLK 1339 64 64 536 6159 1154 115310 400 18175
F4E_CLK 937 44 44 536 5253 945 67222 326 19825
F4E_CLK 335 61 39 538 3375 1125 73523 182 17692
F4E_CLK 150 28 12 537 3019 1106 29192 142 4630
F4E_CLK 428 46 25 537 3708 1434 51485 225 5021
F4E_CLK 838 64 64 535 5132 1525 92083 266 15625
F4E_CLK 1285 64 64 537 6085 1178 114593 375 15500
F4E_CLK 927 64 64 536 6003 697 95818 317 16459
F4E_CLK 1371 64 64 537 6831 1234 114868 450 11076
F4E_CLK 1441 64 64 537 6814 1558 115309 468 12573
F4E_CLK 445 44 40 535 3412 908 59110 200 26270
F4E_CLK 244 56 30 537 3355 957 63511 173 14364
F4E_CLK 108 32 15 538 3156 965 33795 192 6995
F4E_CLK 801 44 35 535 4805 1453 57828 333 7308
F4E_CLK 1092 64 64 537 6889 1179 109763 423 12114
F4E_CLK 1379 64 64 536 7424 1509 115147 406 11787
F4E_CLK 1263 64 64 537 5763 1276 113282 421 16187
F4E_CLK 1290 64 64 537 6414 1451 113175 434 15362
F4E_CLK 1449 64 64 536 7349 1205 115515 471 10765
F4E_CLK 1146 64 64 536 6193 1342 111892 376 17727
F4E_CLK 923 64 64 537 6045 908 97233 345 13474
F4E_CLK 140 62 43 538 3764 1124 75629 205 22630
F4E_CLK 48 28 12 536 3157 1007 31294 193 4200
F4E_CLK 476 62 41 537 4848 1062 75135 195 10303
F4E_CLK 794 64 64 535 6511 1037 94557 330 11837
F4E_CLK 822 64 64 537 6162 1299 91666 274 10914
F4E_CLK 696 64 64 535 5629 1266 90148 264 16977
F4E_CLK 831 64 64 537 5843 978 92920 274 16040
F4E_CLK 951 64 64 535 7290 949 95078 320 7052
F4E_CLK 843 64 64 537 5989 1061 93557 316 16977
F4E_CLK 1104 64 64 536 6942 1119 110611 414 11396
F4E_CLK 692 64 64 537 5177 1188 85855 262 14343
F4E_CLK 996 52 52 536 6359 1049 80133 356 10732
F4E_CLK 0 0 0 536 486 0 240 84 348
F4E_CLK 44 33 3 535 2955 889 27196 148 923
F4E_CLK 0 0 0 537 486 0 240 84 347
F4E_CLK 0 0 0 536 486 0 240 84 349
F4E_CLK 0 0 0 537 486 0 240 84 347
F4E_CLK 0 0 0 859 486 0 240 84 350
F4E_CLK 0 0 0 537 486 0 240 84 348
F4E_CLK 184 39 35 537 3138 1017 53378 174 21695
F4E_CLK 163 58 31 535 3112 1017 64859 169 14738
F4E_CLK 66 31 15 538 3022 962 34880 143 7557
F4E_CLK 90 23 14 536 3443 1133 25629 181 4401
F4E_CLK 107 63 46 537 3877 840 71465 192 25582
F4E_CLK 33 39 18 535 3163 884 40602 167 9382
F4E_CLK 36 33 12 537 3483 1026 33281 195 3783
F4E_CLK 687 63 63 536 4698 1328 89116 252 15491
F4E_CLK 15 33 3 547 2536 1215 29445 215 780
F4E_CLK 18 24 3 537 2628 910 20578 219 780
F4E_CLK 0 0 0 535 486 0 240 84 350
F4E_CLK 532 37 37 537 4127 919 50301 261 8053
F4E_CLK 696 64 64 536 5934 1238 89889 287 11962
F4E_CLK 820 43 43 535 5238 1236 61982 285 6798
F4E_CLK 30 51 6 510 2675 1125 44699 212 1090
F4E_CLK 0 0 0 511 486 0 240 84 348
F4E_CLK 0 0 0 510 486 0 240 84 349
F4E_CLK 462 57 57 510 4376 985 74253 210 14727
F4E_CLK 718 64 64 511 5303 984 87713 268 14768
F4E_CLK 938 46 32 510 5227 759 61713 309 5533
F4E_CLK 824 25 25 511 4815 712 35425 248 3034
F4E_CLK 20 46 6 511 2634 1036 40150 222 1365
F4E_CLK 0 0 0 803 486 0 240 84 347
F4E_CLK 0 0 0 511 486 0 240 84 348
F4E_CLK 415 50 50 511 3807 1188 66621 189 13157
F4E_CLK 505 64 64 512 4762 1221 87426 210 14337
F4E_CLK 723 48 39 511 4508 1256 63570 273 7209
F4E_CLK 723 25 25 512 4101 908 36122 279 4636
F4E_CLK 385 41 14 512 3342 921 42555 209 4014
F4E_CLK 805 34 34 510 4844 756 48582 304 5712
F4E_CLK 0 0 0 847 486 0 240 84 349
F4E_CLK 0 0 0 509 486 0 240 84 350
F4E_CLK 10 2 2 511 2003 1003 2631 211 540
F4E_CLK 482 64 64 511 4225 1718 85353 210 15443
F4E_CLK 418 64 64 509 4086 1432 82901 212 15558
F4E_CLK 741 64 64 510 5306 1186 88997 278 13389
F4E_CLK 968 64 64 509 7234 1857 95690 345 8294
F4E_CLK 884 64 64 511 6121 988 92817 293 12185
F4E_CLK 773 64 64 510 5188 1727 90027 320 15033
F4E_CLK 900 64 64 510 6826 719 94611 327 10600
F4E_CLK 471 64 58 510 4252 759 88308 206 31875
F4E_CLK 129 45 24 510 3029 1088 51634 171 8207
F4E_CLK 82 40 14 510 3345 1135 39694 187 4823
F4E_CLK 713 64 64 510 5669 852 91690 265 17001
F4E_CLK 655 64 64 511 5131 1223 93001 281 16980
F4E_CLK 923 64 64 520 6359 981 96865 314 15077
F4E_CLK 1350 64 64 509 7429 1091 114220 430 7484
F4E_CLK 1372 64 64 511 6259 1336 114812 434 12473
F4E_CLK 1290 64 64 511 7231 949 112893 426 15090
F4E_CLK 1563 64 64 511 6619 1389 117345 545 10755
F4E_CLK 822 64 64 511 6139 1010 90207 316 16024
F4E_CLK 1669 64 64 511 6780 1109 120731 549 8850
F4E_CLK 964 52 24 510 4842 921 63620 323 4421
F4E_CLK 39 24 6 510 3151 882 21827 184 1364
F4E_CLK 0 0 0 802 486 0 240 84 348
F4E_CLK 523 58 58 511 4398 1360 80186 264 14645
F4E_CLK 566 64 64 510 4652 1343 89788 250 15143
F4E_CLK 1166 64 64 511 7116 1010 110931 448 14074
F4E_CLK 1645 64 64 509 7603 1622 118260 526 7785
F4E_CLK 1107 64 64 511 5860 1497 113020 406 16837
F4E_CLK 1601 64 64 511 7007 834 116843 514 12324
F4E_CLK 1441 64 64 510 7053 1133 114637 486 10232
F4E_CLK 1217 64 64 510 6646 1721 111656 379 15213
F4E_CLK 1368 64 64 511 7156 1195 113492 432 9969
F4E_CLK 1029 64 37 511 5706 864 92534 420 6670
F4E_CLK 419 64 64 512 4909 960 86101 216 16485
F4E_CLK 193 21 21 511 3927 1164 28647 171 4583
F4E_CLK 0 0 0 511 486 0 240 84 350
F4E_CLK 0 0 0 511 486 0 240 84 349
F4E_CLK 0 0 0 511 486 0 240 84 348
F4E_CLK 0 0 0 1296 486 0 240 84 351
F4E_CLK 0 0 0 511 486 0 240 84 348
F4E_CLK 0 0 0 511 486 0 240 84 349
F4E_CLK 9 4 3 511 1897 929 4871 194 781
F4E_CLK 9 12 3 511 1899 1049 11596 199 780
F4E_CLK 0 0 0 512 486 0 240 84 348
F4E_CLK 0 0 0 511 486 0 240 84 350
F4E_CLK 6 30 3 511 1580 933 26128 164 1057
F4E_CLK 3 24 3 520 1260 830 18963 160 650
F4E_CLK 0 0 0 521 486 0 240 84 348
F4E_CLK 282 34 34 519 3311 2214 43986 197 8134
F4E_CLK 164 32 32 518 4076 621 40221 195 5576
F4E_CLK 0 0 0 519 486 0 240 84 350
F4E_CLK 0 0 0 520 486 0 240 84 347
F4E_CLK 0 0 0 519 486 0 240 84 351
F4E_CLK 153 36 9 520 2815 946 34775 149 3766
F4E_CLK 144 36 9 520 2900 1199 34746 175 3333
F4E_CLK 408 12 12 519 3679 651 16500 198 1627
F4E_CLK 0 0 0 521 486 0 240 84 349
F4E_CLK 0 0 0 520 486 0 240 84 348
F4E_CLK 134 9 6 520 2786 1369 10588 170 1792
F4E_CLK 129 23 9 519 2790 1112 23507 170 4168
F4E_CLK 444 28 15 520 3344 1248 31310 222 1917
F4E_CLK 174 6 6 520 2915 1119 7558 163 956
F4E_CLK 502 19 19 521 3917 1194 25078 219 2372
F4E_CLK 0 0 0 519 486 0 240 84 350
F4E_CLK 0 0 0 519 486 0 240 84 349
F4E_CLK 103 2 2 520 2840 1160 2957 186 541
F4E_CLK 113 33 7 520 2832 947 30546 148 2027
F4E_CLK 456 48 21 521 4146 633 50680 209 5175
F4E_CLK 0 0 0 521 486 0 240 84 349
F4E_CLK 480 25 25 519 3929 628 35561 202 2983
F4E_CLK 501 36 25 520 4157 828 43161 200 4637
F4E_CLK 89 2 2 520 2746 1265 2901 161 684
F4E_CLK 0 0 0 519 486 0 240 84 349
F4E_CLK 0 0 0 520 486 0 240 84 349
F4E_CLK 218 33 33 521 3721 871 42725 173 6915
F4E_CLK 243 64 64 521 4487 1739 78438 198 12195
F4E_CLK 425 47 47 519 4167 1464 57095 203 8262
F4E_CLK 273 15 15 521 3481 703 20252 195 1896
F4E_CLK 243 10 10 519 3108 1223 12857 175 1376
F4E_CLK 601 39 39 519 4520 745 52719 269 6043
F4E_CLK 198 11 11 520 3166 690 14375 205 1467
F4E_CLK 683 64 64 521 5015 1420 90894 260 16103
F4E_CLK 180 62 42 520 3134 1264 75775 158 20456
F4E_CLK 70 28 12 519 3030 959 30363 203 4200
F4E_CLK 565 63 42 521 4431 1519 77687 252 11218
F4E_CLK 760 64 64 519 5831 1315 90624 304 11821
F4E_CLK 1333 64 64 520 7088 1291 113147 452 10376
F4E_CLK 1252 64 64 521 6390 1479 114239 444 16179
F4E_CLK 1350 64 64 521 6251 1092 113881 421 16099
F4E_CLK 1908 64 64 519 7274 1160 126301 541 7130
F4E_CLK 1182 64 64 520 5988 1127 110495 438 17002
F4E_CLK 1856 64 64 521 7553 824 124968 656 8137
F4E_CLK 1244 64 64 520 6367 1369 110779 403 12884
F4E_CLK 1620 62 54 520 6105 1267 110289 534 9906
F4E_CLK 22 12 3 520 2645 909 11051 221 642
F4E_CLK 0 0 0 520 486 0 240 84 347
F4E_CLK 388 25 25 521 4054 992 33165 221 4726
F4E_CLK 571 64 64 521 5014 1417 85364 257 12652
F4E_CLK 1223 55 55 520 6321 1252 94479 393 11544
F4E_CLK 674 43 16 521 3844 940 47544 259 4405
F4E_CLK 1187 43 27 521 5073 1086 65648 448 5394
F4E_CLK 1729 39 39 521 5439 1271 74749 579 6403
F4E_CLK 369 39 12 519 3078 1566 39295 182 3711
F4E_CLK 1749 64 64 521 6182 1392 121111 616 9647
F4E_CLK 866 64 64 521 5187 1452 89643 275 16322
F4E_CLK 1744 64 64 519 5606 1098 123019 614 14767
F4E_CLK 457 56 37 520 4064 1032 64037 196 8625
F4E_CLK 622 54 54 520 4902 1082 75155 255 10389
F4E_CLK 0 0 0 521 486 0 240 84 348
F4E_CLK 0 0 0 520 486 0 240 84 349
F4E_CLK 143 7 6 510 2800 1052 9038 175 1643
F4E_CLK 136 21 8 511 2789 1160 21236 173 2688
F4E_CLK 950 35 16 509 4450 1221 41263 314 2260
F4E_CLK 326 40 13 510 3346 946 39829 184 4063
F4E_CLK 1131 45 30 510 5536 1044 69209 396 5597
F4E_CLK 1513 39 39 512 5534 1012 72173 464 6297
F4E_CLK 0 0 0 512 486 0 240 84 348
F4E_CLK 1568 54 54 509 6266 861 101203 549 10291
F4E_CLK 392 8 8 511 3348 842 11011 198 1199
F4E_CLK 1402 64 64 512 5955 1026 116360 455 13709
F4E_CLK 464 63 37 511 4093 935 71195 227 7748
F4E_CLK 605 57 57 510 4805 1303 79831 231 16643
F4E_CLK 441 35 35 511 4130 1350 45457 214 6994
F4E_CLK 615 58 58 510 4720 1306 83363 229 13291
F4E_CLK 0 0 0 511 486 0 240 84 348
F4E_CLK 0 0 0 511 486 0 240 84 349
F4E_CLK 0 0 0 823 486 0 240 84 349
F4E_CLK 0 0 0 511 486 0 240 84 350
F4E_CLK 0 0 0 511 486 0 240 84 350
F4E_CLK 0 0 0 511 486 0 240 84 347
F4E_CLK 0 0 0 510 486 0 240 84 349
F4E_CLK 0 0 0 510 486 0 240 84 348
F4E_CLK 0 0 0 511 486 0 240 84 348
F4E_CLK 0 0 0 511 486 0 240 84 348
F4E_CLK 0 0 0 806 486 0 240 84 348
F4E_CLK 0 0 0 511 486 0 240 84 350
F4E_CLK 0 0 0 509 486 0 240 84 351
F4E_CLK 0 0 0 511 486 0 240 84 348
F4E_CLK 80 36 9 509 2931 1315 33817 196 3335
F4E_CLK 0 0 0 511 486 0 240 84 348
F4E_CLK 0 0 0 511 486 0 240 84 348
F4E_CLK 0 0 0 511 486 0 240 84 348
F4E_CLK 0 0 0 825 486 0 240 84 349
F4E_CLK 0 0 0 510 486 0 240 84 348
F4E_CLK 240 12 12 511 3299 1062 16303 196 1578
F4E_CLK 0 0 0 510 486 0 240 84 348
F4E_CLK 0 0 0 510 486 0 240 84 348
F4E_CLK 0 0 0 511 486 0 240 84 348
F4E_CLK 0 0 0 511 486 0 240 84 349
F4E_CLK 0 0 0 511 486 0 240 84 347
F4E_CLK 324 12 12 509 3654 625 15289 184 1600
F4E_CLK 51 1 1 511 2745 1029 1238 171 436
F4E_CLK 0 0 0 510 486 0 240 84 349
F4E_CLK 0 0 0 511 486 0 240 84 348
F4E_CLK 0 0 0 510 486 0 240 84 350
F4E_CLK 0 0 0 511 486 0 240 84 348
F4E_CLK 0 0 0 511 486 0 240 84 349
F4E_CLK 288 12 12 511 3547 853 15626 170 1604
F4E_CLK 55 1 1 510 2747 1239 1195 195 440
F4E_CLK 0 0 0 511 486 0 240 84 349
F4E_CLK 85 3 3 510 2842 979 4107 205 920
F4E_CLK 0 0 0 511 486 0 240 84 349
F4E_CLK 0 0 0 511 486 0 240 84 348
F4E_CLK 0 0 0 511 486 0 240 84 348
F4E_CLK 0 0 0 512 486 0 240 84 347
F4E_CLK 0 0 0 509 486 0 240 84 349
F4E_CLK 168 12 12 510 3239 896 15574 178 1570
F4E_CLK 394 25 25 511 4054 654 33151 206 4598
F4E_CLK 252 15 15 510 3629 618 20114 187 2298
F4E_CLK 226 12 12 512 3277 1049 16595 149 1746
F4E_CLK 357 38 26 512 3717 694 43981 189 3049
F4E_CLK 290 52 46 511 3719 1289 68984 176 26023
F4E_CLK 141 46 25 511 3147 1168 55844 197 10107
F4E_CLK 91 49 17 510 3053 1448 53337 197 7492
F4E_CLK 672 60 60 520 5133 864 84534 244 15600
F4E_CLK 608 64 64 520 5089 1243 88148 231 16030
F4E_CLK 1301 64 64 519 6793 1802 112117 461 14799
F4E_CLK 1803 64 64 520 7282 1242 122339 592 7784
F4E_CLK 1344 64 64 519 6260 1303 113817 430 16215
F4E_CLK 1989 64 64 520 6475 1768 129549 83 11700
F4E_CLK 1932 64 64 521 6830 1180 132900 140 11185
F4E_CLK 1423 64 64 519 6022 1955 114096 473 14953
F4E_CLK 1955 64 64 519 6325 1639 133352 86 10085
F4E_CLK 1357 53 27 520 5273 995 77169 431 4909
F4E_CLK 22 24 3 520 2645 910 20650 219 642
F4E_CLK 0 0 0 520 486 0 240 84 349
F4E_CLK 453 52 52 520 4782 908 70497 208 13642
F4E_CLK 413 64 64 521 4917 893 80839 187 13502
F4E_CLK 1128 46 37 519 5525 1802 75244 426 6146
F4E_CLK 1378 25 25 521 5239 1010 44932 402 4693
F4E_CLK 603 43 16 520 3739 1060 45301 230 4562
F4E_CLK 1887 48 40 520 5879 1023 86656 587 6970
F4E_CLK 1423 38 31 520 5432 1209 63199 460 4381
F4E_CLK 1513 64 64 519 6313 1641 116527 572 11823
F4E_CLK 1635 64 64 519 6607 1135 118468 528 9682
F4E_CLK 1444 64 41 520 5591 960 100555 460 10225
F4E_CLK 796 60 60 521 5471 699 86138 302 15432
F4E_CLK 551 27 27 519 4408 651 37965 256 5396
F4E_CLK 0 0 0 820 486 0 240 84 349
F4E_CLK 0 0 0 520 486 0 240 84 349
F4E_CLK 117 28 9 522 2832 888 27566 196 3474
F4E_CLK 107 26 9 519 3048 1218 26895 185 3750
F4E_CLK 648 12 12 519 3859 868 17156 255 1659
F4E_CLK 1228 25 25 520 5260 860 44335 407 3034
F4E_CLK 240 4 4 521 2917 1176 5176 162 773
F4E_CLK 1496 35 35 521 5638 1000 62388 467 5193
F4E_CLK 1175 27 27 521 5409 934 46157 383 3234
F4E_CLK 1247 27 27 520 4890 1129 48438 394 3514
F4E_CLK 1161 35 35 520 5679 872 60751 430 5670
F4E_CLK 1293 64 44 520 5596 831 100496 457 9108
F4E_CLK 870 57 57 520 5889 704 84040 290 11964
F4E_CLK 655 30 30 521 4470 932 42552 240 5448
F4E_CLK 760 62 62 519 5117 1120 87287 301 10081
F4E_CLK 623 31 31 520 4017 1160 43832 266 6484
F4E_CLK 0 0 0 950 486 0 240 84 351
F4E_CLK 0 0 0 520 486 0 240 84 347
F4E_CLK 0 0 0 522 486 0 240 84 348
F4E_CLK 0 0 0 521 486 0 240 84 348
F4E_CLK 432 12 12 520 3560 784 16290 203 1625
F4E_CLK 764 13 13 520 4041 808 18696 275 1779
F4E_CLK 0 0 0 519 486 0 240 84 349
F4E_CLK 930 15 15 521 4414 980 23183 329 1990
F4E_CLK 728 23 23 521 4435 665 32434 266 4306
F4E_CLK 1139 31 31 519 5481 964 53478 391 6107
F4E_CLK 984 31 25 521 5086 676 43624 318 3029
F4E_CLK 397 34 18 520 3364 1030 36743 197 5973
F4E_CLK 798 53 53 520 4971 824 74814 282 13184
F4E_CLK 729 34 34 521 4189 1205 49546 295 5836
F4E_CLK 654 58 30 521 4870 847 66367 264 4470
F4E_CLK 539 27 27 519 4064 643 36829 253 6334
F4E_CLK 318 6 6 520 2916 1307 9227 171 1667
F4E_CLK 383 21 21 519 3448 891 30615 178 6548
F4E_CLK 0 0 0 521 486 0 240 84 349
F4E_CLK 0 0 0 520 486 0 240 84 348
F4E_CLK 0 0 0 520 486 0 240 84 349
F4E_CLK 0 0 0 520 486 0 240 84 348
F4E_CLK 0 0 0 521 486 0 240 84 348
F4E_CLK 0 0 0 520 486 0 240 84 348
F4E_CLK 0 0 0 887 486 0 240 84 350
F4E_CLK 0 0 0 558 486 0 240 84 347
F4E_CLK 0 0 0 557 486 0 240 84 349
F4E_CLK 0 0 0 558 486 0 240 84 347
F4E_CLK 0 0 0 559 486 0 240 84 348
F4E_CLK 0 0 0 558 486 0 240 84 350
F4E_CLK 0 0 0 559 486 0 240 84 347
F4E_CLK 0 0 0 558 486 0 240 84 348
F4E_CLK 0 0 0 862 486 0 240 84 349
F4E_CLK 0 0 0 558 486 0 240 84 348
F4E_CLK 0 0 0 560 486 0 240 84 348
F4E_CLK 0 0 0 558 486 0 240 84 349
F4E_CLK 0 0 0 556 486 0 240 84 351
F4E_CLK 0 0 0 558 486 0 240 84 348
F4E_CLK 0 0 0 557 486 0 240 84 350
F4E_CLK 0 0 0 558 486 0 240 84 348
F4E_CLK 0 0 0 866 486 0 240 84 347
F4E_CLK 0 0 0 558 486 0 240 84 347
F4E_CLK 0 0 0 558 486 0 240 84 349
F4E_CLK 0 0 0 558 486 0 240 84 347
F4E_CLK 0 0 0 557 486 0 240 84 350
F4E_CLK 49 1 1 557 2742 1207 1197 184 438
F4E_CLK 0 0 0 558 486 0 240 84 349
F4E_CLK 0 0 0 559 486 0 240 84 348
F4E_CLK 0 0 0 863 486 0 240 84 348
F4E_CLK 0 0 0 558 486 0 240 84 349
F4E_CLK 0 0 0 557 486 0 240 84 348
F4E_CLK 0 0 0 559 486 0 240 84 348
F4E_CLK 44 1 1 560 2752 1351 1195 195 437
F4E_CLK 0 0 0 558 486 0 240 84 348
F4E_CLK 44 2 1 557 2752 1437 1816 182 437
F4E_CLK 0 0 0 558 486 0 240 84 348
F4E_CLK 0 0 0 882 486 0 240 84 350
F4E_CLK 0 0 0 559 486 0 240 84 348
F4E_CLK 0 0 0 557 486 0 240 84 350
F4E_CLK 112 8 8 557 3462 606 10994 208 1159
F4E_CLK 56 4 4 558 2949 889 4968 194 752
F4E_CLK 40 1 1 556 2750 1271 1188 180 436
F4E_CLK 40 1 1 557 2750 1129 1157 195 438
F4E_CLK 58 2 2 557 2748 1093 2611 204 544
F4E_CLK 75 6 5 557 2934 1010 7712 209 1400
F4E_CLK 244 64 54 558 3850 1341 86375 171 35456
F4E_CLK 141 47 21 557 3008 1264 51526 170 8186
F4E_CLK 186 42 21 557 3356 1201 45201 163 4863
F4E_CLK 640 64 64 558 5098 789 89662 262 16975
F4E_CLK 941 64 64 559 5962 1230 95315 328 17006
F4E_CLK 795 64 64 558 4842 1359 92731 312 16004
F4E_CLK 1752 64 64 559 6733 1840 119556 555 11239
F4E_CLK 1715 64 64 558 7072 1377 121915 593 9142
F4E_CLK 1115 64 64 557 6253 1971 109065 404 16030
F4E_CLK 1966 64 64 558 6346 1489 134404 89 12439
F4E_CLK 375 64 64 557 3955 1449 85986 176 16952
F4E_CLK 1959 64 64 557 5953 1089 133904 136 13954
F4E_CLK 693 52 13 558 4197 695 52857 299 2026
F4E_CLK 14 16 1 558 2428 892 13612 201 437
F4E_CLK 12 4 4 559 2215 933 5338 197 747
F4E_CLK 400 64 64 557 4660 929 82175 205 16112
F4E_CLK 436 64 64 558 4171 1375 81664 209 15564
F4E_CLK 971 42 21 558 4788 753 52863 331 4683
F4E_CLK 1478 35 31 556 5470 1041 61515 454 6169
F4E_CLK 1323 39 26 558 5270 1061 61258 443 4923
F4E_CLK 1523 43 25 558 5245 926 68111 475 4860
F4E_CLK 1684 46 46 557 5579 1327 87191 508 8978
F4E_CLK 923 64 64 558 5886 1489 91246 336 15053
F4E_CLK 1808 64 64 540 6560 1077 125704 552 12754
F4E_CLK 1485 64 37 543 5530 1172 96686 521 6499
F4E_CLK 953 64 64 542 5791 992 97918 306 15614
F4E_CLK 496 11 11 540 3461 1218 15488 203 2233
F4E_CLK 0 0 0 542 486 0 240 84 349
F4E_CLK 0 0 0 541 486 0 240 84 349
F4E_CLK 108 36 9 540 3149 1156 34766 145 2369
F4E_CLK 95 36 9 541 3048 988 34424 194 3339
F4E_CLK 684 12 12 542 3936 648 16899 287 1623
F4E_CLK 1188 25 25 542 5291 979 43627 404 4667
F4E_CLK 804 20 20 542 4461 671 28560 304 2496
F4E_CLK 633 7 7 543 3488 670 10411 223 1148
F4E_CLK 1210 43 27 541 5250 1258 64829 403 3509
F4E_CLK 395 3 3 541 3027 1238 4130 202 835
F4E_CLK 1372 51 51 541 5989 993 92179 468 14135
F4E_CLK 1080 64 37 541 5772 1177 92496 435 7090
F4E_CLK 1021 64 64 542 5923 825 98971 361 16147
F4E_CLK 786 28 28 540 4756 821 39891 306 3718
F4E_CLK 930 64 64 542 5913 1056 96386 294 12843
F4E_CLK 530 15 15 541 3631 780 21519 232 3456
F4E_CLK 0 0 0 542 486 0 240 84 350
F4E_CLK 0 0 0 542 486 0 240 84 349
F4E_CLK 0 0 0 541 486 0 240 84 348
F4E_CLK 0 0 0 540 486 0 240 84 350
F4E_CLK 504 12 12 542 3769 715 16731 200 1644
F4E_CLK 214 1 1 541 2714 1620 1230 164 457
F4E_CLK 0 0 0 542 486 0 240 84 347
F4E_CLK 362 3 3 542 3043 1498 4211 185 693
F4E_CLK 365 3 3 540 2845 1040 4113 173 836
F4E_CLK 364 3 3 540 3056 1157 4104 182 977
F4E_CLK 1126 47 27 541 5626 940 67554 393 4879
F4E_CLK 556 48 21 541 3842 1097 51411 236 5335
F4E_CLK 936 64 64 541 6085 807 95826 281 15861
F4E_CLK 741 28 28 541 4501 1120 40859 285 4145
F4E_CLK 782 44 28 541 4618 1026 56313 293 6765
F4E_CLK 635 19 19 540 3711 1221 27349 244 4041
F4E_CLK 426 10 10 541 3117 1175 14934 206 3219
F4E_CLK 476 17 17 541 3346 1067 23803 207 7134
F4E_CLK 0 0 0 540 486 0 240 84 349
F4E_CLK 0 0 0 542 486 0 240 84 350
F4E_CLK 0 0 0 877 486 0 240 84 349
F4E_CLK 0 0 0 541 486 0 240 84 348
F4E_CLK 0 0 0 542 486 0 240 84 349
F4E_CLK 195 1 1 541 2818 1046 1459 161 446
F4E_CLK 0 0 0 542 486 0 240 84 348
F4E_CLK 356 3 3 540 2924 1124 4679 172 700
F4E_CLK 198 1 1 543 2816 1307 1199 175 458
F4E_CLK 378 5 5 541 3119 1223 7880 183 1449
F4E_CLK 173 1 1 541 2699 1009 1481 194 443
F4E_CLK 412 39 18 542 3355 1139 42164 204 5551
F4E_CLK 952 58 58 542 5718 917 85808 361 15190
F4E_CLK 771 29 29 541 4937 701 42575 301 5192
F4E_CLK 779 63 30 541 4743 1284 72431 323 4058
F4E_CLK 731 27 27 541 4460 1183 39712 307 5524
F4E_CLK 407 6 6 541 3136 827 8962 182 1710
F4E_CLK 500 21 21 542 3263 946 30977 226 8073
F4E_CLK 395 6 6 542 2984 1050 8721 242 1937
F4E_CLK 470 27 15 541 3528 898 31207 235 5511
F4E_CLK 0 0 0 542 486 0 240 84 349
F4E_CLK 0 0 0 542 486 0 240 84 349
F4E_CLK 0 0 0 542 486 0 240 84 349
F4E_CLK 0 0 0 542 486 0 240 84 349
F4E_CLK 0 0 0 542 486 0 240 84 349
F4E_CLK 0 0 0 541 486 0 240 84 350
F4E_CLK 0 0 0 865 486 0 240 84 347
F4E_CLK 0 0 0 556 486 0 240 84 349
F4E_CLK 0 0 0 556 486 0 240 84 350
F4E_CLK 0 0 0 557 486 0 240 84 349
F4E_CLK 0 0 0 557 486 0 240 84 350
F4E_CLK 0 0 0 558 486 0 240 84 349
F4E_CLK 0 0 0 559 486 0 240 84 348
F4E_CLK 0 0 0 559 486 0 240 84 349
F4E_CLK 0 0 0 880 486 0 240 84 349
F4E_CLK 0 0 0 556 486 0 240 84 350
F4E_CLK 0 0 0 559 486 0 240 84 349
F4E_CLK 0 0 0 558 486 0 240 84 349
F4E_CLK 0 0 0 558 486 0 240 84 348
F4E_CLK 0 0 0 558 486 0 240 84 349
F4E_CLK 0 0 0 559 486 0 240 84 348
F4E_CLK 0 0 0 558 486 0 240 84 350
F4E_CLK 0 0 0 884 486 0 240 84 349
F4E_CLK 0 0 0 558 486 0 240 84 347
F4E_CLK 0 0 0 558 486 0 240 84 349
F4E_CLK 0 0 0 559 486 0 240 84 348
F4E_CLK 0 0 0 558 486 0 240 84 348
F4E_CLK 0 0 0 557 486 0 240 84 348
F4E_CLK 0 0 0 557 486 0 240 84 349
F4E_CLK 0 0 0 558 486 0 240 84 348
F4E_CLK 0 0 0 866 486 0 240 84 349
F4E_CLK 0 0 0 557 486 0 240 84 350
F4E_CLK 0 0 0 558 486 0 240 84 348
F4E_CLK 0 0 0 559 486 0 240 84 348
F4E_CLK 0 0 0 557 486 0 240 84 349
F4E_CLK 0 0 0 559 486 0 240 84 349
F4E_CLK 0 0 0 557 486 0 240 84 349
F4E_CLK 0 0 0 558 486 0 240 84 348
F4E_CLK 0 0 0 883 486 0 240 84 350
F4E_CLK 0 0 0 559 486 0 240 84 349
F4E_CLK 0 0 0 559 486 0 240 84 348
F4E_CLK 0 0 0 559 486 0 240 84 348
F4E_CLK 0 0 0 558 486 0 240 84 348
F4E_CLK 33 1 1 557 2748 1111 1182 142 444
F4E_CLK 0 0 0 557 486 0 240 84 348
F4E_CLK 38 2 1 557 2749 1179 1849 209 437
F4E_CLK 30 2 1 558 2673 1301 1875 227 439
F4E_CLK 264 56 50 558 3691 977 77416 175 33234
F4E_CLK 195 45 22 558 3111 1292 50860 188 7021
F4E_CLK 136 42 16 558 2898 1510 43859 168 4346
F4E_CLK 537 64 64 558 4955 1002 87516 232 16973
F4E_CLK 583 64 64 558 4959 878 88138 219 16992
F4E_CLK 1194 64 64 558 6285 1308 111924 426 16037
F4E_CLK 1840 64 64 558 7721 1101 124525 608 8451
F4E_CLK 1646 64 64 558 6617 1331 121796 510 11809
F4E_CLK 1649 64 64 559 6983 1056 118607 564 14825
F4E_CLK 1967 64 64 559 6244 1440 132095 129 11723
F4E_CLK 1105 64 64 558 6043 1794 108745 402 16012
F4E_CLK 2028 64 64 556 6348 1713 135100 143 10634
F4E_CLK 1103 52 19 557 5033 868 69932 403 2660
F4E_CLK 22 25 3 557 2645 910 21350 213 642
F4E_CLK 0 0 0 558 486 0 240 84 349
F4E_CLK 334 60 60 558 4348 1452 76977 168 15294
F4E_CLK 375 64 64 558 4288 1719 80205 170 14587
F4E_CLK 888 44 29 558 4567 1104 58110 276 5647
F4E_CLK 1539 27 27 558 5131 925 49868 446 4957
F4E_CLK 1111 48 22 558 5046 973 66267 414 3391
F4E_CLK 1632 46 33 557 5250 1096 76320 526 6109
F4E_CLK 1643 38 38 558 5405 1233 73118 481 6063
F4E_CLK 1292 64 64 559 6146 1783 111804 429 14389
F4E_CLK 1744 64 64 540 7003 969 121950 619 9685
F4E_CLK 1478 64 37 543 5775 1205 98604 488 8695
F4E_CLK 1110 64 64 542 6369 1492 112692 414 17914
F4E_CLK 699 19 19 541 4112 1125 28219 315 3162
F4E_CLK 0 0 0 543 486 0 240 84 348
F4E_CLK 0 0 0 542 486 0 240 84 348
F4E_CLK 107 32 9 541 3048 1112 31647 185 3614
F4E_CLK 93 30 9 542 2954 892 29628 150 3350
F4E_CLK 636 12 12 540 3781 692 16983 235 1653
F4E_CLK 1151 25 25 543 5166 948 44005 398 3027
F4E_CLK 624 12 12 541 3825 696 16669 259 1624
F4E_CLK 968 15 15 541 4576 729 23866 365 2365
F4E_CLK 1072 35 25 541 5205 861 53399 369 3001
F4E_CLK 449 5 5 542 3244 1026 7565 217 1444
F4E_CLK 1369 43 43 540 5295 1467 76938 437 6723
F4E_CLK 1209 64 37 542 5625 1395 94706 384 7049
F4E_CLK 1131 64 64 541 6023 1012 110860 404 15019
F4E_CLK 883 28 28 541 4852 789 42481 299 4580
F4E_CLK 1066 64 64 542 6068 961 109010 435 21069
F4E_CLK 800 23 23 542 4447 721 34230 278 4319
F4E_CLK 0 0 0 540 486 0 240 84 349
F4E_CLK 0 0 0 542 486 0 240 84 348
F4E_CLK 0 0 0 542 486 0 240 84 349
F4E_CLK 0 0 0 542 486 0 240 84 349
F4E_CLK 540 12 12 542 3803 700 16423 233 1625
F4E_CLK 196 1 1 543 2833 1461 1422 164 457
F4E_CLK 0 0 0 542 486 0 240 84 349
F4E_CLK 373 3 3 542 2945 772 4322 164 1096
F4E_CLK 207 1 1 542 2744 1133 1422 170 464
F4E_CLK 406 5 5 541 3120 952 7384 205 1184
F4E_CLK 1029 39 27 542 5253 991 58791 431 3139
F4E_CLK 443 40 16 540 2989 1464 42019 191 5509
F4E_CLK 1101 61 61 541 6345 847 103932 384 15658
F4E_CLK 930 28 28 541 4797 1394 42985 294 5125
F4E_CLK 910 60 28 540 4928 1443 70032 316 5532
F4E_CLK 861 27 27 540 4490 1117 40586 310 6115
F4E_CLK 505 6 6 540 3304 1041 9069 217 2269
F4E_CLK 609 21 21 540 3521 972 32076 244 7677
F4E_CLK 0 0 0 540 486 0 240 84 350
F4E_CLK 0 0 0 542 486 0 240 84 347
F4E_CLK 0 0 0 857 486 0 240 84 351
F4E_CLK 0 0 0 540 486 0 240 84 348
F4E_CLK 0 0 0 541 486 0 240 84 348
F4E_CLK 0 0 0 542 486 0 240 84 348
F4E_CLK 204 1 1 542 2828 1175 1472 190 436
F4E_CLK 187 2 1 542 2699 1168 2272 203 438
F4E_CLK 0 0 0 542 486 0 240 84 348
F4E_CLK 345 5 3 540 2939 1059 6369 185 829
F4E_CLK 197 1 1 542 2816 1176 1573 165 456
F4E_CLK 423 31 15 542 3606 898 34314 206 4835
F4E_CLK 1029 50 50 540 6458 821 85222 427 11993
F4E_CLK 932 37 37 541 5217 963 56609 337 9340
F4E_CLK 946 55 30 541 4849 1379 67939 330 4360
F4E_CLK 868 27 27 541 4704 679 41789 335 6101
F4E_CLK 462 6 6 542 3220 1172 8991 212 1838
F4E_CLK 588 21 21 541 3488 995 30649 245 9200
F4E_CLK 331 2 2 542 3000 1369 2684 176 725
F4E_CLK 567 28 16 542 3427 1083 33177 242 5648
F4E_CLK 0 0 0 541 486 0 240 84 349
F4E_CLK 0 0 0 541 486 0 240 84 348
F4E_CLK 0 0 0 540 486 0 240 84 350
F4E_CLK 0 0 0 541 486 0 240 84 347
F4E_CLK 0 0 0 541 486 0 240 84 348
F4E_CLK 0 0 0 542 486 0 240 84 347
F4E_CLK 0 0 0 962 486 0 240 84 347
F4E_CLK 0 0 0 548 486 0 240 84 349
F4E_CLK 0 0 0 550 486 0 240 84 347
F4E_CLK 343 5 3 549 3019 1021 5858 195 966
F4E_CLK 0 0 0 549 486 0 240 84 349
F4E_CLK 188 6 1 548 2706 898 5103 147 454
F4E_CLK 679 62 35 549 4940 763 71205 304 7841
F4E_CLK 1057 61 61 548 6294 1058 105522 421 16464
F4E_CLK 560 31 25 549 4230 830 37867 245 2964
F4E_CLK 918 32 32 546 4691 1434 50681 339 9651
F4E_CLK 242 1 1 549 2751 1048 1419 157 467
F4E_CLK 592 21 18 546 3578 883 29888 270 6391
F4E_CLK 119 5 5 548 2930 1124 7237 207 1537
F4E_CLK 409 12 3 546 2997 1008 11600 198 829
F4E_CLK 123 18 9 548 2830 1157 19979 179 4581
F4E_CLK 0 0 0 547 486 0 240 84 349
F4E_CLK 122 24 9 546 2837 1010 25560 173 3609
F4E_CLK 0 0 0 546 486 0 240 84 349
F4E_CLK 0 0 0 546 486 0 240 84 350
F4E_CLK 0 0 0 548 486 0 240 84 348
F4E_CLK 0 0 0 548 486 0 240 84 350
F4E_CLK 0 0 0 549 486 0 240 84 349
F4E_CLK 0 0 0 548 486 0 240 84 349
F4E_CLK 0 0 0 549 486 0 240 84 348
F4E_CLK 0 0 0 924 486 0 240 84 350
F4E_CLK 0 0 0 548 486 0 240 84 348
F4E_CLK 0 0 0 548 486 0 240 84 348
F4E_CLK 0 0 0 548 486 0 240 84 348
F4E_CLK 0 0 0 548 486 0 240 84 350
F4E_CLK 0 0 0 548 486 0 240 84 347
F4E_CLK 0 0 0 548 486 0 240 84 349
F4E_CLK 0 0 0 546 486 0 240 84 349
F4E_CLK 0 0 0 926 486 0 240 84 349
F4E_CLK 0 0 0 548 486 0 240 84 347
F4E_CLK 0 0 0 547 486 0 240 84 349
F4E_CLK 0 0 0 548 486 0 240 84 349
F4E_CLK 0 0 0 548 486 0 240 84 348
F4E_CLK 0 0 0 549 486 0 240 84 347
F4E_CLK 0 0 0 548 486 0 240 84 351
F4E_CLK 0 0 0 547 486 0 240 84 349
F4E_CLK 0 0 0 946 486 0 240 84 349
F4E_CLK 0 0 0 547 486 0 240 84 349
F4E_CLK 0 0 0 550 486 0 240 84 348
F4E_CLK 0 0 0 545 486 0 240 84 349
F4E_CLK 0 0 0 548 486 0 240 84 350
F4E_CLK 0 0 0 546 486 0 240 84 349
F4E_CLK 0 0 0 549 486 0 240 84 348
F4E_CLK 0 0 0 548 486 0 240 84 348
F4E_CLK 0 0 0 922 486 0 240 84 350
F4E_CLK 0 0 0 547 486 0 240 84 349
F4E_CLK 0 0 0 549 486 0 240 84 349
F4E_CLK 0 0 0 547 486 0 240 84 349
F4E_CLK 0 0 0 549 486 0 240 84 348
F4E_CLK 0 0 0 548 486 0 240 84 350
F4E_CLK 0 0 0 549 486 0 240 84 349
F4E_CLK 0 0 0 549 486 0 240 84 348
F4E_CLK 0 0 0 944 486 0 240 84 349
F4E_CLK 0 0 0 548 486 0 240 84 350
F4E_CLK 0 0 0 549 486 0 240 84 348
F4E_CLK 0 0 0 549 486 0 240 84 348
F4E_CLK 0 0 0 548 486 0 240 84 348
F4E_CLK 0 0 0 549 486 0 240 84 348
F4E_CLK 0 0 0 547 486 0 240 84 348
F4E_CLK 117 5 5 547 2734 1131 7375 193 852
F4E_CLK 279 64 50 547 3463 1261 86465 157 35064
F4E_CLK 228 51 20 543 3146 1373 53327 177 8787
F4E_CLK 324 47 26 543 4025 1368 51363 178 4995
F4E_CLK 488 64 64 543 5119 1098 87729 221 15423
F4E_CLK 1104 64 64 545 6230 1476 111964 378 16316
F4E_CLK 438 64 64 545 4444 1152 84971 212 16254
F4E_CLK 1719 64 64 544 6780 1155 120708 575 10928
F4E_CLK 1920 64 64 545 7089 1227 128023 565 8780
F4E_CLK 871 64 64 546 5319 1066 95156 292 16325
F4E_CLK 2054 64 64 545 6106 1412 147593 139 12417
F4E_CLK 537 64 64 543 4749 932 84483 241 16264
F4E_CLK 2022 64 64 545 5742 1422 134605 144 14924
F4E_CLK 606 52 9 544 3555 638 48860 222 1648
F4E_CLK 0 0 0 554 486 0 240 84 349
F4E_CLK 18 9 9 545 2649 905 11851 213 1262
F4E_CLK 347 64 64 543 3899 1449 82634 176 16517
F4E_CLK 746 64 64 543 5252 787 89481 286 15443
F4E_CLK 712 39 16 545 3835 1223 43658 263 4292
F4E_CLK 1504 39 31 545 5486 843 64967 511 5993
F4E_CLK 1657 44 31 544 5633 1131 73008 503 4390
F4E_CLK 1064 41 20 545 4658 1421 57600 407 4531
F4E_CLK 1792 51 51 545 5902 976 98886 556 7529
F4E_CLK 639 64 64 545 4778 1656 82506 281 16281
F4E_CLK 1812 64 64 545 6401 1254 125852 603 14502
F4E_CLK 1280 64 37 545 5458 1575 95836 427 7733
F4E_CLK 1200 64 64 545 5864 1728 113368 409 14209
F4E_CLK 580 6 6 544 3292 900 9855 238 1709
F4E_CLK 0 0 0 545 486 0 240 84 347
F4E_CLK 0 0 0 545 486 0 240 84 348
F4E_CLK 108 36 9 545 3157 1050 33614 145 3479
F4E_CLK 223 38 11 545 3031 906 36367 173 3406
F4E_CLK 630 10 10 544 3691 1153 13392 247 1462
F4E_CLK 1210 25 25 545 5048 1410 43757 418 4675
F4E_CLK 1176 25 25 545 5013 833 44809 393 3022
F4E_CLK 378 2 2 545 3004 1060 2566 174 594
F4E_CLK 1248 48 27 543 5479 802 70021 430 3370
F4E_CLK 426 3 3 543 3129 1160 4613 215 686
F4E_CLK 1472 56 56 543 5825 1104 102461 450 13033
F4E_CLK 1351 64 37 544 5886 1279 95536 443 7064
F4E_CLK 1265 64 64 546 6565 821 116359 443 16415
F4E_CLK 1040 28 28 545 5484 993 48254 424 3420
F4E_CLK 1171 64 64 544 6540 930 112515 388 20724
F4E_CLK 683 10 10 545 3475 1076 15064 285 2939
F4E_CLK 0 0 0 544 486 0 240 84 350
F4E_CLK 0 0 0 545 486 0 240 84 348
F4E_CLK 0 0 0 546 486 0 240 84 349
F4E_CLK 0 0 0 545 486 0 240 84 348
F4E_CLK 528 12 12 545 3625 858 16833 217 1648
F4E_CLK 226 1 1 544 2824 1251 1284 162 459
F4E_CLK 0 0 0 555 486 0 240 84 348
F4E_CLK 377 3 3 544 2969 1276 4122 183 834
F4E_CLK 382 3 3 544 3058 934 4155 186 702
F4E_CLK 323 3 2 546 2985 998 3368 214 679
F4E_CLK 1198 52 28 543 5621 870 75214 447 3585
F4E_CLK 755 52 25 545 4249 1300 60494 273 6309
F4E_CLK 1228 64 64 544 5916 1296 113376 421 18780
F4E_CLK 965 28 28 545 5070 954 42281 310 4169
F4E_CLK 953 37 28 546 5054 1179 51149 319 6101
F4E_CLK 784 14 14 545 3767 724 21201 335 3221
F4E_CLK 598 10 10 544 3198 983 15755 264 4190
F4E_CLK 676 17 17 545 3582 1021 25350 273 6716
F4E_CLK 0 0 0 545 486 0 240 84 347
F4E_CLK 0 0 0 545 486 0 240 84 347
F4E_CLK 0 0 0 545 486 0 240 84 349
F4E_CLK 0 0 0 924 486 0 240 84 350
F4E_CLK 0 0 0 547 486 0 240 84 349
F4E_CLK 208 1 1 547 2827 1314 1348 164 458
F4E_CLK 0 0 0 547 486 0 240 84 348
F4E_CLK 216 2 1 547 2700 1306 1868 186 443
F4E_CLK 216 1 1 547 2697 1349 1195 165 439
F4E_CLK 0 0 0 548 486 0 240 84 349
F4E_CLK 362 3 3 549 2976 1159 4635 187 701
F4E_CLK 438 42 13 549 3178 1343 41393 201 4093
F4E_CLK 1216 63 63 548 6302 1102 110659 430 17802
F4E_CLK 981 28 28 546 4726 1163 43911 370 5380
F4E_CLK 989 56 28 547 5325 843 69927 382 6192
F4E_CLK 1031 25 25 548 5032 1257 43026 448 5420
F4E_CLK 556 7 7 548 3249 1066 10644 259 2607
F4E_CLK 706 20 20 548 3743 1181 29417 282 8956
F4E_CLK 481 5 3 548 3128 1631 6086 207 1119
F4E_CLK 685 27 15 546 3642 1152 33460 282 4981
F4E_CLK 0 0 0 547 486 0 240 84 350
F4E_CLK 0 0 0 549 486 0 240 84 348
F4E_CLK 0 0 0 548 486 0 240 84 348
F4E_CLK 0 0 0 548 486 0 240 84 349
F4E_CLK 0 0 0 548 486 0 240 84 350
F4E_CLK 0 0 0 548 486 0 240 84 348
F4E_CLK 0 0 0 548 486 0 240 84 348
F4E_CLK 0 0 0 947 486 0 240 84 349
F4E_CLK 0 0 0 549 486 0 240 84 348
F4E_CLK 0 0 0 547 486 0 240 84 349
F4E_CLK 0 0 0 547 486 0 240 84 348
F4E_CLK 238 18 7 548 2918 1273 18470 193 1328
F4E_CLK 1015 55 42 547 6088 823 76703 328 8493
F4E_CLK 1114 48 48 546 5998 1133 83811 394 11292
F4E_CLK 909 44 27 546 4990 1244 56175 318 5137
F4E_CLK 1088 30 30 547 5160 1233 53586 413 8603
F4E_CLK 501 3 3 549 3229 1340 4579 224 849
F4E_CLK 712 24 21 549 3584 1332 35818 274 8649
F4E_CLK 253 1 1 547 2733 1696 1163 172 454
F4E_CLK 567 18 11 546 3348 1253 20938 227 3346
F4E_CLK 0 0 0 546 486 0 240 84 349
F4E_CLK 0 0 0 549 486 0 240 84 349
F4E_CLK 155 24 9 546 2913 1181 24733 197 2778
F4E_CLK 0 0 0 946 486 0 240 84 349
F4E_CLK 0 0 0 548 486 0 240 84 349
F4E_CLK 0 0 0 548 486 0 240 84 349
F4E_CLK 0 0 0 549 486 0 240 84 348
F4E_CLK 0 0 0 548 486 0 240 84 349
F4E_CLK 0 0 0 547 486 0 240 84 348
F4E_CLK 0 0 0 547 486 0 240 84 349
F4E_CLK 0 0 0 549 486 0 240 84 349
F4E_CLK 0 0 0 941 486 0 240 84 349
F4E_CLK 0 0 0 549 486 0 240 84 349
F4E_CLK 0 0 0 547 486 0 240 84 347
F4E_CLK 29 32 9 547 2884 1084 30659 224 3335
F4E_CLK 1101 60 60 547 6077 1226 104569 394 16235
F4E_CLK 884 28 28 547 4661 843 42583 259 5682
F4E_CLK 895 62 29 547 5000 922 72643 276 4147
F4E_CLK 809 27 27 546 4688 1420 41238 307 5832
F4E_CLK 535 6 5 549 3308 1030 8218 239 1451
F4E_CLK 710 21 19 546 3553 991 30602 294 7354
F4E_CLK 272 5 1 550 2757 1035 4234 170 469
F4E_CLK 564 23 11 546 3143 1327 25026 269 4130
F4E_CLK 0 0 0 548 486 0 240 84 349
F4E_CLK 158 21 9 549 2910 1133 22498 197 3614
F4E_CLK 0 0 0 549 486 0 240 84 349
F4E_CLK 120 2 2 549 2830 1048 2822 205 682
F4E_CLK 154 28 7 546 3025 980 26333 188 2447
F4E_CLK 0 0 0 544 486 0 240 84 349
F4E_CLK 0 0 0 545 486 0 240 84 349
F4E_CLK 0 0 0 546 486 0 240 84 348
F4E_CLK 0 0 0 543 486 0 240 84 348
F4E_CLK 0 0 0 545 486 0 240 84 349
F4E_CLK 0 0 0 544 486 0 240 84 348
F4E_CLK 0 0 0 544 486 0 240 84 348
F4E_CLK 0 0 0 930 486 0 240 84 350
F4E_CLK 0 0 0 545 486 0 240 84 348
F4E_CLK 0 0 0 545 486 0 240 84 349
F4E_CLK 0 0 0 544 486 0 240 84 350
F4E_CLK 0 0 0 546 486 0 240 84 349
F4E_CLK 0 0 0 546 486 0 240 84 347
F4E_CLK 0 0 0 545 486 0 240 84 348
F4E_CLK 0 0 0 545 486 0 240 84 348
F4E_CLK 0 0 0 912 486 0 240 84 350
F4E_CLK 0 0 0 546 486 0 240 84 349
F4E_CLK 0 0 0 544 486 0 240 84 350
F4E_CLK 0 0 0 546 486 0 240 84 348
F4E_CLK 0 0 0 545 486 0 240 84 349
F4E_CLK 0 0 0 545 486 0 240 84 351
F4E_CLK 0 0 0 544 486 0 240 84 348
F4E_CLK 0 0 0 545 486 0 240 84 347
F4E_CLK 0 0 0 909 486 0 240 84 349
F4E_CLK 0 0 0 544 486 0 240 84 348
F4E_CLK 0 0 0 545 486 0 240 84 349
F4E_CLK 0 0 0 545 486 0 240 84 348
F4E_CLK 0 0 0 544 486 0 240 84 349
F4E_CLK 0 0 0 545 486 0 240 84 350
F4E_CLK 0 0 0 545 486 0 240 84 348
F4E_CLK 0 0 0 546 486 0 240 84 348
F4E_CLK 0 0 0 915 486 0 240 84 349
F4E_CLK 0 0 0 546 486 0 240 84 348
F4E_CLK 0 0 0 544 486 0 240 84 350
F4E_CLK 0 0 0 543 486 0 240 84 348
F4E_CLK 0 0 0 543 486 0 240 84 349
F4E_CLK 0 0 0 545 486 0 240 84 348
F4E_CLK 0 0 0 545 486 0 240 84 350
F4E_CLK 0 0 0 544 486 0 240 84 348
F4E_CLK 0 0 0 916 486 0 240 84 348
F4E_CLK 0 0 0 546 486 0 240 84 348
F4E_CLK 0 0 0 545 486 0 240 84 348
F4E_CLK 0 0 0 545 486 0 240 84 350
F4E_CLK 0 0 0 545 486 0 240 84 349
F4E_CLK 0 0 0 543 486 0 240 84 349
F4E_CLK 0 0 0 545 486 0 240 84 348
F4E_CLK 169 14 14 545 2923 1276 20933 179 2598
F4E_CLK 301 64 43 545 3386 1356 78592 186 30038
F4E_CLK 147 42 18 543 2904 972 44737 149 8842
F4E_CLK 435 56 35 545 4540 635 66268 215 7016
F4E_CLK 517 64 64 545 5427 1139 86662 260 11950
F4E_CLK 1115 64 64 555 7013 1220 111774 412 11998
F4E_CLK 907 64 64 546 5765 826 95356 333 16306
F4E_CLK 1493 64 64 546 6246 1614 117222 523 14242
F4E_CLK 2118 64 64 544 6634 1472 147704 137 7485
F4E_CLK 665 64 64 544 5095 763 88619 286 16260
F4E_CLK 2064 64 64 543 6619 2342 144621 132 10772
F4E_CLK 1146 64 64 545 5881 1569 109743 415 16292
F4E_CLK 2125 62 61 545 5932 1177 143176 142 13235
F4E_CLK 73 12 3 553 2929 959 11476 202 781
F4E_CLK 0 0 0 545 486 0 240 84 350
F4E_CLK 231 18 18 543 3281 1130 22663 167 2625
F4E_CLK 327 64 64 543 4606 1552 79319 188 14584
F4E_CLK 1072 62 62 546 5978 1415 107497 417 14808
F4E_CLK 180 36 9 558 2933 1783 34428 178 3336
F4E_CLK 1700 46 34 546 5538 1133 79783 576 7258
F4E_CLK 1815 37 37 549 5383 1077 73379 637 5922
F4E_CLK 591 38 11 546 3404 1213 40908 245 4168
F4E_CLK 1950 60 60 545 5850 1865 121641 142 12166
F4E_CLK 437 64 64 546 3990 1837 78676 208 15979
F4E_CLK 1939 64 64 547 5337 1010 135444 121 16859
F4E_CLK 1232 64 37 545 5401 1868 93852 416 8554
F4E_CLK 1294 61 61 548 5998 1226 109657 414 13942
F4E_CLK 0 0 0 548 486 0 240 84 347
F4E_CLK 0 0 0 547 486 0 240 84 349
F4E_CLK 0 0 0 546 486 0 240 84 347
F4E_CLK 108 36 9 547 3049 1074 34231 186 3334
F4E_CLK 715 47 20 547 4077 696 52223 289 4675
F4E_CLK 56 1 1 547 2743 816 1242 183 446
F4E_CLK 1320 25 25 546 5024 1408 45999 410 4709
F4E_CLK 1279 34 25 546 5337 1149 54233 399 3052
F4E_CLK 399 2 2 547 2999 938 2930 211 590
F4E_CLK 1400 54 30 547 5524 967 80845 433 4417
F4E_CLK 44 1 1 555 2751 815 1226 195 436
F4E_CLK 1619 64 64 548 6026 883 118883 497 15492
F4E_CLK 1076 64 37 546 5654 1020 93574 396 6728
F4E_CLK 1391 64 64 546 6195 1065 116922 457 17686
F4E_CLK 863 28 28 548 4848 839 40318 335 4124
F4E_CLK 1465 64 64 548 6136 935 118074 457 18958
F4E_CLK 89 1 1 547 2740 1041 1182 194 446
F4E_CLK 0 0 0 556 486 0 240 84 350
F4E_CLK 0 0 0 546 486 0 240 84 349
F4E_CLK 0 0 0 546 486 0 240 84 348
F4E_CLK 280 7 7 546 3127 735 9242 187 1067
F4E_CLK 200 5 5 546 2911 1102 6610 177 857
F4E_CLK 231 1 1 545 2739 1056 1191 153 459
F4E_CLK 250 1 1 546 2747 1515 1191 154 461
F4E_CLK 348 2 2 547 3005 1171 2639 177 583
F4E_CLK 457 5 5 546 3104 923 7524 219 1164
F4E_CLK 0 0 0 548 486 0 240 84 348
F4E_CLK 1236 61 30 546 5829 850 88101 429 6008
F4E_CLK 871 59 32 546 4988 1589 69843 302 7206
F4E_CLK 1383 64 64 545 6306 1098 116681 405 16479
F4E_CLK 1138 28 28 548 5107 1182 48099 404 5090
F4E_CLK 1050 28 28 545 4913 1686 50728 414 8960
F4E_CLK 182 5 5 546 2707 1172 7882 182 988
F4E_CLK 698 15 15 545 3464 1103 24387 227 9325
F4E_CLK 186 12 12 545 2833 1146 19358 178 5442
F4E_CLK 0 0 0 546 486 0 240 84 349
F4E_CLK 0 0 0 544 486 0 240 84 350
F4E_CLK 0 0 0 546 486 0 240 84 348
F4E_CLK 0 0 0 845 486 0 240 84 349
F4E_CLK 0 0 0 546 486 0 240 84 350
F4E_CLK 216 1 1 547 2688 1412 1286 165 450
F4E_CLK 0 0 0 544 486 0 240 84 349
F4E_CLK 211 2 1 545 2695 1053 1926 184 437
F4E_CLK 222 2 1 547 2700 1169 1943 165 450
F4E_CLK 0 0 0 547 486 0 240 84 348
F4E_CLK 389 3 3 546 2992 1172 4404 209 814
F4E_CLK 643 51 21 545 4181 1225 55797 293 5036
F4E_CLK 1363 64 64 547 5763 1094 117950 416 18273
F4E_CLK 1091 28 28 547 5302 964 48614 393 4134
F4E_CLK 1086 39 28 548 5309 1005 62067 409 6886
F4E_CLK 974 16 16 547 4292 939 25590 339 4033
F4E_CLK 653 10 10 546 3287 1219 17296 275 4749
F4E_CLK 818 17 17 549 3836 1106 26406 314 7426
F4E_CLK 592 8 6 546 3351 1042 11690 245 1704
F4E_CLK 694 24 12 552 3539 1236 28205 306 3976
F4E_CLK 0 0 0 554 486 0 240 84 349
F4E_CLK 0 0 0 552 486 0 240 84 349
F4E_CLK 0 0 0 553 486 0 240 84 348
F4E_CLK 0 0 0 553 486 0 240 84 349
F4E_CLK 0 0 0 553 486 0 240 84 349
F4E_CLK 0 0 0 555 486 0 240 84 350
F4E_CLK 0 0 0 553 486 0 240 84 351
F4E_CLK 0 0 0 860 486 0 240 84 347
F4E_CLK 0 0 0 553 486 0 240 84 348
F4E_CLK 0 0 0 553 486 0 240 84 350
F4E_CLK 215 1 1 552 2695 1276 1192 164 443
F4E_CLK 47 20 9 552 3051 886 21187 183 3615
F4E_CLK 1205 48 48 552 5900 908 85088 415 11320
F4E_CLK 1186 39 39 552 5271 1162 68780 421 7344
F4E_CLK 1168 53 29 553 5758 1263 77122 391 5768
F4E_CLK 1163 28 28 554 5130 1219 48925 412 6629
F4E_CLK 576 4 4 553 3272 1191 6138 258 1072
F4E_CLK 792 22 20 553 3735 1081 32532 282 9402
F4E_CLK 302 2 1 552 2793 1192 1915 181 464
F4E_CLK 640 23 11 552 3322 1160 25359 258 4298
F4E_CLK 0 0 0 552 486 0 240 84 350
F4E_CLK 191 9 8 551 2814 1775 12069 168 2812
F4E_CLK 105 3 1 552 2740 977 2662 192 439
F4E_CLK 0 0 0 888 486 0 240 84 348
F4E_CLK 0 0 0 553 486 0 240 84 348
F4E_CLK 0 0 0 554 486 0 240 84 347
F4E_CLK 0 0 0 554 486 0 240 84 348
F4E_CLK 0 0 0 554 486 0 240 84 349
F4E_CLK 0 0 0 554 486 0 240 84 348
F4E_CLK 0 0 0 553 486 0 240 84 348
F4E_CLK 0 0 0 554 486 0 240 84 348
F4E_CLK 0 0 0 881 486 0 240 84 349
F4E_CLK 0 0 0 552 486 0 240 84 349
F4E_CLK 0 0 0 553 486 0 240 84 349
F4E_CLK 160 41 14 553 2992 1059 40803 205 4129
F4E_CLK 1316 64 64 551 6190 878 111786 480 18194
F4E_CLK 1040 28 28 554 5273 1275 48144 394 3700
F4E_CLK 1031 44 28 552 4933 1223 67147 430 5763
F4E_CLK 934 19 19 552 4035 1260 30790 341 4035
F4E_CLK 622 10 7 553 3296 1069 14265 243 1557
F4E_CLK 778 17 17 552 3977 1380 25572 307 7011
F4E_CLK 289 5 1 554 2772 1045 4291 184 469
F4E_CLK 635 23 11 554 3557 1222 25586 233 4057
F4E_CLK 0 0 0 552 486 0 240 84 351
F4E_CLK 195 24 9 553 3016 881 24349 168 3757
F4E_CLK 0 0 0 553 486 0 240 84 349
F4E_CLK 194 11 8 553 2919 929 13924 162 2830
F4E_CLK 86 4 1 553 2743 814 3606 198 448
F4E_CLK 0 0 0 554 486 0 240 84 347
F4E_CLK 0 0 0 552 486 0 240 84 348
F4E_CLK 0 0 0 552 486 0 240 84 351
F4E_CLK 0 0 0 554 486 0 240 84 348
F4E_CLK 0 0 0 553 486 0 240 84 348
F4E_CLK 0 0 0 553 486 0 240 84 350
F4E_CLK 0 0 0 554 486 0 240 84 348
F4E_CLK 0 0 0 866 486 0 240 84 349
F4E_CLK 0 0 0 552 486 0 240 84 348
F4E_CLK 0 0 0 552 486 0 240 84 348
F4E_CLK 0 0 0 551 486 0 240 84 349
F4E_CLK 54 37 10 555 3057 883 34823 166 3715
F4E_CLK 1290 64 64 553 6052 1058 115850 459 18327
F4E_CLK 1019 28 28 553 4966 1090 44698 303 5005
F4E_CLK 1013 52 28 552 5082 1307 66798 347 7193
F4E_CLK 1073 23 23 546 5001 910 40369 403 4567
F4E_CLK 621 9 7 546 3275 1330 12808 261 1951
F4E_CLK 790 17 17 546 3623 1330 25805 332 6699
F4E_CLK 294 5 1 545 2820 1269 4329 197 458
F4E_CLK 642 23 11 548 3351 1310 26354 252 3900
F4E_CLK 0 0 0 545 486 0 240 84 349
F4E_CLK 197 24 9 545 2934 994 24393 150 3492
F4E_CLK 0 0 0 546 486 0 240 84 349
F4E_CLK 195 7 7 546 2926 853 10112 175 2166
F4E_CLK 145 13 2 548 2817 1112 11471 140 558
F4E_CLK 0 0 0 547 486 0 240 84 348
F4E_CLK 239 46 19 546 3190 1192 49798 186 6306
F4E_CLK 134 64 41 546 3120 1640 76213 150 31046
F4E_CLK 128 43 43 544 3457 1242 62432 191 47369
F4E_CLK 65 56 23 546 3750 1053 57851 151 8794
F4E_CLK 53 52 16 546 3465 889 49359 167 4880
F4E_CLK 8 23 2 547 1790 1003 19950 211 677
F4E_CLK 45 64 18 545 3556 888 59338 189 5086
F4E_CLK 0 0 0 546 486 0 240 84 347
F4E_CLK 24 37 18 545 2674 976 40595 221 5505
F4E_CLK 6 30 6 546 1578 982 25380 199 2060
F4E_CLK 0 0 0 546 486 0 240 84 348
F4E_CLK 9 9 8 545 1899 823 11567 209 2406
F4E_CLK 10 42 10 546 2004 830 37856 196 2745
F4E_CLK 0 0 0 847 486 0 240 84 349
F4E_CLK 2 1 1 545 1156 880 1211 208 438
F4E_CLK 182 64 64 548 4073 1243 81051 147 15811
F4E_CLK 20 44 16 547 2665 906 43695 229 3777
F4E_CLK 3 26 3 547 1261 830 19976 206 646
F4E_CLK 0 0 0 546 486 0 240 84 349
F4E_CLK 125 35 35 547 4170 602 45584 200 8094
F4E_CLK 141 64 64 546 4889 1560 79033 201 13434
F4E_CLK 269 45 45 546 4047 1997 56439 189 7223
F4E_CLK 18 63 18 547 2651 803 58514 223 4948
F4E_CLK 0 0 0 548 486 0 240 84 349
F4E_CLK 0 0 0 547 486 0 240 84 347
F4E_CLK 45 30 9 546 3155 888 28196 191 3614
F4E_CLK 36 30 9 548 3151 1010 28540 178 2499
F4E_CLK 195 33 21 545 4033 1307 38105 179 3872
F4E_CLK 301 25 25 547 4131 734 32852 182 2940
F4E_CLK 18 56 18 545 2647 803 53381 214 4949
F4E_CLK 0 0 0 547 486 0 240 84 347
F4E_CLK 0 0 0 547 486 0 240 84 349
F4E_CLK 18 27 9 548 2629 1036 26669 229 3332
F4E_CLK 9 25 8 549 1899 926 24566 208 2955
F4E_CLK 181 22 13 545 3247 623 24584 161 1677
F4E_CLK 262 25 25 545 3664 793 33837 183 4571
F4E_CLK 36 3 3 544 2852 1090 4003 191 644
F4E_CLK 312 44 43 548 4191 1472 55899 180 5479
F4E_CLK 11 50 11 547 2110 830 44908 156 2856
F4E_CLK 0 0 0 546 486 0 240 84 351
F4E_CLK 0 0 0 547 486 0 240 84 348
F4E_CLK 0 0 0 547 486 0 240 84 349
F4E_CLK 0 0 0 546 486 0 240 84 350
F4E_CLK 96 12 12 548 3636 1200 15760 166 1569
F4E_CLK 224 25 25 546 3667 847 32076 198 2914
F4E_CLK 146 19 19 546 3111 1490 24213 183 3254
F4E_CLK 198 20 20 548 3620 628 26294 168 2413
F4E_CLK 196 42 42 548 4203 614 53652 202 5900
F4E_CLK 480 64 64 546 5542 1033 84638 225 15411
F4E_CLK 441 64 64 546 3417 1408 87479 204 40656
F4E_CLK 303 64 64 549 4202 1144 81461 183 21088
F4E_CLK 548 64 64 549 5014 1152 85361 254 18209
F4E_CLK 566 64 64 546 5269 1350 86080 238 11975
F4E_CLK 1349 64 64 555 7050 982 116981 445 12194
F4E_CLK 902 64 64 554 5803 985 94879 327 15888
F4E_CLK 1874 64 64 552 7012 934 125828 622 13865
F4E_CLK 2504 64 64 554 6924 1246 163362 122 10841
F4E_CLK 611 64 64 554 5031 1403 87632 247 15857
F4E_CLK 2471 64 64 555 5951 1933 162473 139 13772
F4E_CLK 1364 64 64 552 5945 1554 115524 419 15947
F4E_CLK 2554 60 60 554 5405 1615 162273 129 15873
F4E_CLK 371 48 42 552 3413 1215 66737 183 46748
F4E_CLK 292 42 24 555 3224 1028 49473 168 14212
F4E_CLK 150 39 16 562 3019 1081 42257 201 8906
F4E_CLK 559 50 42 562 4503 933 64166 265 8855
F4E_CLK 568 64 64 553 5036 1343 83966 233 12117
F4E_CLK 1353 64 64 563 7141 2060 114533 442 9830
F4E_CLK 1741 64 64 552 6948 1087 123753 560 12786
F4E_CLK 989 64 64 553 5894 1375 94064 320 16047
F4E_CLK 2709 64 64 553 6741 1386 174965 144 11310
F4E_CLK 1425 64 64 562 6519 1779 113656 516 12732
F4E_CLK 2322 64 64 553 6371 1476 151713 139 10933
F4E_CLK 2091 64 64 553 6921 982 144429 137 10534
F4E_CLK 2620 64 64 554 5563 1001 172990 92 21060
F4E_CLK 1813 64 64 562 4850 1085 127986 596 81759
F4E_CLK 3518 64 64 554 5216 3018 298475 93 56898
F4E_CLK 1386 44 40 553 4463 1408 78766 461 31777
F4E_CLK 142 58 31 553 2925 1543 68077 204 23213
F4E_CLK 98 31 15 562 3145 1065 34541 166 6860
F4E_CLK 1246 43 34 552 5573 1227 72173 404 7692
F4E_CLK 1190 64 64 554 5899 2955 109850 431 13530
F4E_CLK 1424 49 49 554 5788 1883 88431 435 8869
F4E_CLK 1539 49 22 552 4720 1979 71052 458 5290
F4E_CLK 1515 42 21 551 4974 838 63826 474 4599
F4E_CLK 1930 39 39 554 5195 1254 82580 133 7809
F4E_CLK 835 45 18 554 4218 1173 49984 295 4776
F4E_CLK 2097 49 49 554 5661 1483 109995 137 9917
F4E_CLK 1133 42 22 562 4916 1294 61260 411 3381
F4E_CLK 1985 64 64 552 5836 1087 133251 94 11805
F4E_CLK 1333 64 64 553 4638 1357 120069 443 73867
F4E_CLK 3862 64 64 552 4968 2540 295260 90 19873
F4E_CLK 2360 64 64 552 5073 1734 154015 147 73006
F4E_CLK 3520 63 55 552 5326 1251 216820 112 24853
F4E_CLK 3629 57 57 553 4974 2025 247914 103 29029
F4E_CLK 111 51 24 562 3162 1270 56360 198 11394
F4E_CLK 21 30 10 552 2652 913 29682 224 2883
F4E_CLK 8 22 2 553 1790 930 19208 186 678
F4E_CLK 427 24 9 552 3085 1133 26240 212 3242
F4E_CLK 148 23 9 553 2806 1324 23981 196 3201
F4E_CLK 793 24 18 553 4163 733 31292 301 2838
F4E_CLK 1924 41 28 551 5004 1075 73951 148 5146
F4E_CLK 126 36 9 555 2932 984 33768 208 2921
F4E_CLK 2290 47 45 553 5190 1065 110955 138 12865
F4E_CLK 1485 37 24 563 5058 1036 61466 524 3208
F4E_CLK 2143 48 40 554 5242 1772 103996 145 14583
F4E_CLK 1797 42 31 552 4608 1037 75335 622 4223
F4E_CLK 1860 64 64 553 5996 1030 126955 698 11001
F4E_CLK 1828 64 64 552 5721 882 126923 684 29104
F4E_CLK 3876 64 64 553 5133 2199 282892 98 20852
F4E_CLK 1176 38 11 553 4427 1347 49358 428 3209
F4E_CLK 3600 60 60 554 5733 2199 231309 92 17985
F4E_CLK 3192 49 49 552 5106 1143 173896 140 22942
F4E_CLK 1373 42 22 554 4843 857 62222 476 3818
F4E_CLK 3300 64 64 553 5702 1522 235834 134 40061
F4E_CLK 2940 44 44 552 4917 1554 133568 137 15351
F4E_CLK 17 63 17 562 2645 976 58118 213 4845
F4E_CLK 0 0 0 553 486 0 240 84 348
F4E_CLK 0 0 0 847 486 0 240 84 349
F4E_CLK 712 32 9 543 3540 863 33531 283 3551
F4E_CLK 241 30 9 556 2881 1074 28941 167 2945
F4E_CLK 1070 35 21 545 4384 1093 53525 405 16146
F4E_CLK 1566 25 25 544 4684 1056 51426 468 9619
F4E_CLK 995 48 21 545 4600 873 57563 321 4548
F4E_CLK 1840 46 36 543 5491 1108 83646 633 21363
F4E_CLK 1771 35 35 542 4893 816 68121 523 6872
F4E_CLK 1635 43 28 544 5189 986 72424 502 17129
F4E_CLK 1942 43 43 543 4310 1374 90113 135 9335
F4E_CLK 1899 64 64 544 4818 1224 132837 612 15807
F4E_CLK 2691 64 64 544 5270 1468 170843 147 19548
F4E_CLK 3250 52 52 543 5390 1592 201220 81 18135
F4E_CLK 1219 46 19 554 4645 1147 63368 403 4765
F4E_CLK 3133 64 64 544 5735 1651 213889 131 20249
F4E_CLK 2566 48 40 543 4709 1135 116951 142 17761
F4E_CLK 2021 31 31 544 4438 895 67217 101 8947
F4E_CLK 2753 64 64 545 5401 1119 182487 81 26011
F4E_CLK 1503 47 38 544 4661 863 86961 414 23432
F4E_CLK 1882 33 33 542 4689 1090 65675 639 5520
F4E_CLK 2534 64 64 543 5127 964 168388 144 33787
F4E_CLK 1842 47 47 543 4807 985 97477 605 29163
F4E_CLK 18 61 18 544 2645 803 57633 215 4952
F4E_CLK 0 0 0 544 486 0 240 84 347
F4E_CLK 0 0 0 831 486 0 240 84 349
F4E_CLK 510 30 9 544 3180 1239 29764 209 3694
F4E_CLK 474 30 9 543 3116 868 30333 182 4273
F4E_CLK 695 31 20 544 3605 744 38742 295 9102
F4E_CLK 1546 25 25 543 5283 936 46735 507 3051
F4E_CLK 464 19 9 544 3178 827 20070 200 1330
F4E_CLK 2039 31 31 542 5352 1039 65782 143 3536
F4E_CLK 1509 31 31 542 5268 1139 57471 446 7004
F4E_CLK 2072 23 23 544 5411 1040 54791 130 3529
F4E_CLK 2026 39 39 546 5779 1116 83503 134 4499
F4E_CLK 2286 64 64 545 5625 1350 155525 140 11909
F4E_CLK 2295 64 64 543 5832 1111 149773 146 17167
F4E_CLK 3124 56 56 543 5633 1213 199841 149 19513
F4E_CLK 517 42 15 544 3280 1199 44297 231 4283
F4E_CLK 2879 64 64 543 5650 1509 184808 138 16213
F4E_CLK 2444 48 41 542 5212 1002 110107 134 12728
F4E_CLK 1610 42 29 543 5416 809 69228 574 3725
F4E_CLK 2352 64 64 542 6121 1062 152717 135 15751
F4E_CLK 1271 40 34 544 5264 1123 68928 435 13226
F4E_CLK 1328 29 29 545 5292 1063 51802 441 4566
F4E_CLK 2174 64 64 544 5341 1578 148682 145 14378
F4E_CLK 1238 51 51 543 5455 1781 94051 391 21232
F4E_CLK 363 11 11 543 2982 1251 13898 187 1512
F4E_CLK 1986 64 64 544 5794 1816 134046 134 12306
F4E_CLK 1857 64 64 544 6764 938 128212 607 22029
F4E_CLK 981 44 35 545 5446 1463 61474 324 9731
F4E_CLK 9 21 9 553 1899 823 20586 160 2646
F4E_CLK 0 0 0 555 486 0 240 84 349
F4E_CLK 0 0 0 545 486 0 240 84 348
F4E_CLK 0 0 0 545 486 0 240 84 348
F4E_CLK 126 6 6 544 2927 697 7767 199 957
F4E_CLK 126 6 6 543 3025 612 7553 193 961
F4E_CLK 1082 25 25 543 5460 824 42041 429 2963
F4E_CLK 1098 29 29 544 5872 982 48893 373 3971
F4E_CLK 1131 10 10 545 4373 1407 17646 376 1488
F4E_CLK 1656 52 52 542 6099 1473 96902 524 9435
F4E_CLK 989 2 2 542 3879 1309 3524 344 656
F4E_CLK 1690 60 60 542 6474 917 112800 576 14225
F4E_CLK 1500 64 64 545 5182 1579 120307 448 16389
F4E_CLK 2670 64 64 544 6148 1027 167534 150 18831
F4E_CLK 2405 48 41 553 5377 2267 111521 138 9527
F4E_CLK 1563 43 30 553 5346 1120 69797 564 4352
F4E_CLK 2304 64 64 552 6128 1521 152445 141 15343
F4E_CLK 1083 43 22 555 4338 882 61416 385 9198
F4E_CLK 1833 48 48 552 5805 1166 93119 617 7909
F4E_CLK 1956 64 64 552 5815 1183 133857 123 13987
F4E_CLK 970 27 13 552 4238 917 33030 334 4140
F4E_CLK 1457 50 50 554 6442 1047 89015 478 8934
F4E_CLK 1744 64 64 552 6371 1191 126025 569 16871
F4E_CLK 975 30 30 552 4971 729 46008 326 9646
F4E_CLK 828 32 32 552 4914 1334 45210 304 7304
F4E_CLK 1497 64 64 555 5856 1588 116772 459 16752
F4E_CLK 1532 64 64 555 6015 1393 122548 473 26075
F4E_CLK 888 5 5 552 3713 1411 7147 272 1377
F4E_CLK 1372 57 57 551 6150 1828 102300 420 10073
F4E_CLK 1441 61 52 553 6694 1005 103493 516 12993
F4E_CLK 1283 28 28 553 4420 1507 54395 426 25529
F4E_CLK 154 44 17 563 3448 1102 44349 135 3893
F4E_CLK 3 26 3 563 1261 830 19976 206 645
F4E_CLK 0 0 0 554 486 0 240 84 348
F4E_CLK 0 0 0 553 486 0 240 84 347
F4E_CLK 0 0 0 553 486 0 240 84 348
F4E_CLK 84 12 12 555 3542 825 15332 197 1571
F4E_CLK 56 16 16 563 3556 778 20070 195 2528
F4E_CLK 647 9 9 553 3772 1100 12304 274 1318
F4E_CLK 1108 3 3 552 4217 1114 5672 385 750
F4E_CLK 0 0 0 552 486 0 240 84 347
F4E_CLK 1211 6 6 550 4330 1205 13128 393 1776
F4E_CLK 0 0 0 552 486 0 240 84 350
F4E_CLK 1261 24 24 552 4572 1156 45210 441 5260
F4E_CLK 527 64 64 551 3744 802 88488 232 29189
F4E_CLK 2328 64 64 553 5555 1463 150908 137 17566
F4E_CLK 1605 41 20 553 4603 1113 61312 506 5031
F4E_CLK 1824 51 51 552 5674 932 98697 621 9300
F4E_CLK 1903 54 54 551 5806 1763 110416 676 15270
F4E_CLK 177 44 16 552 2915 1361 43819 192 3636
F4E_CLK 1548 64 52 552 6379 837 109563 508 12584
F4E_CLK 1533 40 40 551 5015 1233 74412 514 12779
F4E_CLK 6 17 1 551 1580 1159 14462 206 437
F4E_CLK 1152 50 22 554 5408 1070 69412 398 5046
F4E_CLK 1381 32 32 552 4666 1409 59986 423 13338
F4E_CLK 1037 6 6 553 4347 1298 11051 444 2354
F4E_CLK 1078 6 6 552 4286 1319 11917 426 1830
F4E_CLK 1277 30 30 554 4543 1081 55636 389 10226
F4E_CLK 1106 21 21 553 4441 1044 38070 411 14776
F4E_CLK 0 0 0 554 486 0 240 84 347
F4E_CLK 1055 10 10 553 4323 1074 18394 425 3759
F4E_CLK 1236 38 38 552 4853 1361 72537 410 23240
F4E_CLK 1038 19 19 552 4378 1157 34201 423 12167
F4E_CLK 0 0 0 552 486 0 240 84 349
F4E_CLK 1015 12 12 553 3962 909 21179 295 6563
F4E_CLK 1191 36 36 553 4796 1113 66362 371 19714
F4E_CLK 990 30 30 553 4152 840 50216 319 27276
F4E_CLK 18 46 15 553 2645 803 44806 219 3673
F4E_CLK 3 26 3 552 1262 830 19976 206 645
F4E_CLK 0 0 0 552 486 0 240 84 349
F4E_CLK 0 0 0 842 486 0 240 84 349
F4E_CLK 0 0 0 552 486 0 240 84 349
F4E_CLK 72 12 12 553 3532 615 15103 172 1571
F4E_CLK 72 20 20 553 3666 933 24739 201 3491
F4E_CLK 496 5 5 553 3195 1390 6721 221 908
F4E_CLK 880 3 3 553 3645 1030 5019 287 884
F4E_CLK 0 0 0 551 486 0 240 84 350
F4E_CLK 967 6 6 550 3841 927 10332 342 1889
F4E_CLK 0 0 0 831 486 0 240 84 348
F4E_CLK 1079 28 28 543 4988 1154 50519 401 4964
F4E_CLK 613 64 64 544 4294 1404 90622 218 27253
F4E_CLK 2157 64 64 544 5786 1140 146153 148 17009
F4E_CLK 1397 39 16 543 4912 788 56535 437 5048
F4E_CLK 1819 55 55 542 5488 1110 105250 650 10349
F4E_CLK 1691 50 50 544 5617 1349 98433 570 12540
F4E_CLK 252 48 20 543 3655 981 49685 192 3654
F4E_CLK 1323 64 52 543 5816 973 106117 428 8747
F4E_CLK 1367 36 36 543 4930 896 66365 455 11946
F4E_CLK 4 17 1 544 1367 1120 14437 167 439
F4E_CLK 1031 10 10 542 4305 1124 18504 409 4191
F4E_CLK 1272 36 36 544 4686 1350 66430 455 17726
F4E_CLK 118 2 2 545 2733 918 2972 203 683
F4E_CLK 956 6 6 543 3880 1077 11292 339 1752
F4E_CLK 1160 34 34 542 4658 976 61301 431 14033
F4E_CLK 964 17 17 542 3815 943 27925 373 10339
F4E_CLK 0 0 0 544 486 0 240 84 349
F4E_CLK 945 13 13 544 3830 887 21925 333 6210
F4E_CLK 1108 35 35 542 4701 1081 62985 409 19125
F4E_CLK 907 19 19 543 3989 936 31193 331 12653
F4E_CLK 0 0 0 544 486 0 240 84 351
F4E_CLK 894 16 16 542 3730 882 26892 310 7634
F4E_CLK 1063 32 32 544 4569 990 58226 416 19083
F4E_CLK 798 30 30 542 3584 867 47408 316 28887
F4E_CLK 0 0 0 544 486 0 240 84 349
F4E_CLK 766 8 8 544 3433 804 13051 296 2208
F4E_CLK 1008 32 32 542 4094 991 51852 326 13428
F4E_CLK 748 27 27 544 3735 821 39882 286 22610
F4E_CLK 770 29 28 542 3970 1001 44075 322 16441
F4E_CLK 62 63 26 544 3576 1145 65811 151 11181
F4E_CLK 4 35 4 543 1368 933 27019 168 885
F4E_CLK 0 0 0 851 486 0 240 84 348
F4E_CLK 0 0 0 542 486 0 240 84 349
F4E_CLK 0 0 0 544 486 0 240 84 350
F4E_CLK 60 12 12 543 3361 600 16389 199 1575
F4E_CLK 520 25 25 544 4582 882 32899 240 4596
F4E_CLK 0 0 0 544 486 0 240 84 347
F4E_CLK 725 3 3 543 3378 1336 4669 263 868
F4E_CLK 710 3 3 543 3292 1277 4691 274 995
F4E_CLK 712 3 3 544 3311 888 4744 256 732
F4E_CLK 714 3 3 542 3361 1362 4361 285 721
F4E_CLK 921 49 49 544 4416 2080 73108 345 13243
F4E_CLK 1596 64 64 543 7588 1518 116851 492 11507
F4E_CLK 1899 49 49 544 6159 889 97585 616 9693
F4E_CLK 377 48 22 544 3750 1115 50156 217 3443
F4E_CLK 1578 64 64 542 6080 1448 119615 520 17432
F4E_CLK 1481 46 34 544 4880 1113 80211 487 12149
F4E_CLK 727 36 25 543 4143 1058 44132 262 4661
F4E_CLK 1428 39 39 543 5621 1533 73235 430 10744
F4E_CLK 1332 34 19 543 4529 1119 52158 392 8120
F4E_CLK 705 2 2 544 3415 1168 2939 292 755
F4E_CLK 1379 28 28 543 4528 1156 50590 451 9574
F4E_CLK 1165 25 21 544 4358 1887 43290 415 12580
F4E_CLK 0 0 0 543 486 0 240 84 351
F4E_CLK 855 12 12 544 3731 1023 20602 300 6110
F4E_CLK 1245 36 36 543 4557 1093 65856 401 16914
F4E_CLK 834 9 9 544 3511 952 13682 305 3163
F4E_CLK 728 3 3 543 3406 859 5024 311 843
F4E_CLK 1254 30 30 544 4386 1134 56940 435 8645
F4E_CLK 948 24 24 544 4027 883 39209 330 19414
F4E_CLK 777 10 10 545 3430 1003 16194 307 3654
F4E_CLK 679 3 3 544 3385 1087 4592 264 996
F4E_CLK 1248 30 30 542 4827 1090 55168 411 8821
F4E_CLK 933 24 24 550 3854 1157 38884 322 19999
F4E_CLK 712 21 21 551 3488 1244 32069 298 13939
F4E_CLK 288 1 1 554 2753 1266 1261 179 460
F4E_CLK 699 19 19 551 3779 852 29142 282 6927
F4E_CLK 1164 28 28 553 4279 1166 51696 391 15552
F4E_CLK 652 30 30 551 3474 967 46683 298 27181
F4E_CLK 551 12 12 553 3348 1310 17414 253 5230
F4E_CLK 411 3 3 552 3135 1137 4361 184 708
F4E_CLK 1062 30 30 552 4542 1072 52780 421 8328
F4E_CLK 813 24 24 551 3763 1579 37812 288 17199
F4E_CLK 572 33 33 554 3332 1298 49137 237 32945
F4E_CLK 444 13 13 553 3127 936 19960 199 5883
F4E_CLK 301 3 3 552 2942 1011 4173 172 962
F4E_CLK 1137 30 30 552 4566 1124 54176 375 7820
F4E_CLK 799 24 24 552 3790 1019 37349 308 17303
F4E_CLK 545 33 18 554 3457 636 37819 256 8464
F4E_CLK 429 2 2 553 3015 947 2726 201 621
F4_F2_ECHELON: 33147 x 1362 words, 31068 pivots: upload 48.6 ms, device 103.2 ms, download 0.1 ms, 1.20e9 word XORs
K_0/2^9 m=3 x=77 D=5 f5=true [cuda:NVIDIA GeForce RTX 4090 sm_89 x128 code=sm_89]: 33147 x 87118 (eliminated 33147 rows), rank 31069, refuted false, pinned 1; build 0.451 s, eliminate 0.152 s, total 0.603 s, 1.197e9 word XORs
Stage diagnostic only: one oracle matrix, not an ECDLP cost.
