F4E_CLK 595 64 64 1125 5069 1147 95594 245 33018
F4E_CLK 819 64 64 527 5019 855 100502 290 43457
F4E_CLK 865 64 64 526 5670 801 104368 279 41383
F4E_CLK 1026 64 64 528 5467 1190 121307 434 50884
F4E_CLK 919 64 64 526 4066 1212 112171 348 86651
F4E_CLK 891 64 64 526 3909 1397 106107 314 73615
F4E_CLK 1133 64 64 527 5209 1405 117131 394 49706
F4E_CLK 856 64 64 529 4994 688 103858 313 49974
F4E_CLK 1548 64 64 528 5257 1096 126122 480 60184
F4E_CLK 743 64 64 526 3933 1160 103552 258 116137
F4E_CLK 676 64 64 528 3452 1114 103790 300 80524
F4E_CLK 1405 64 64 528 4824 1128 122448 451 82832
F4E_CLK 1155 64 64 528 4664 1062 121777 369 79332
F4E_CLK 1203 64 64 526 4673 1370 122579 435 52905
F4E_CLK 1108 64 64 526 4411 1135 121613 421 105416
F4E_CLK 1290 64 64 528 5507 1076 121649 419 54608
F4E_CLK 823 64 64 528 4104 1180 104875 304 103344
F4E_CLK 512 64 64 526 3218 1444 99116 203 139328
F4E_CLK 444 64 64 526 3227 908 98198 210 142206
F4E_CLK 1620 64 64 528 4638 1063 128844 574 53902
F4E_CLK 1418 64 64 526 4489 1458 125799 470 71837
F4E_CLK 1373 64 64 526 4568 1085 122972 448 65161
F4E_CLK 1253 64 64 528 4409 1195 122815 414 117823
F4E_CLK 1651 64 64 527 5063 1179 125759 439 53867
F4E_CLK 1135 64 64 528 4308 1130 122416 387 140603
F4E_CLK 1502 64 64 528 4530 1159 125831 502 91015
F4E_CLK 516 64 64 526 3214 1195 102497 243 100101
F4E_CLK 804 29 29 528 3939 1175 44996 233 10789
F4E_CLK 351 29 29 528 2955 792 42515 186 27198
F4E_CLK 322 29 29 528 3164 930 42262 208 28284
F4E_CLK 1575 43 43 527 4553 1123 85585 505 18741
F4E_CLK 1493 64 64 528 4427 1503 125849 490 57392
F4E_CLK 1476 64 64 528 4448 1144 127212 484 54871
F4E_CLK 1356 64 64 527 4428 1117 126068 413 93126
F4E_CLK 1834 64 64 526 4630 1075 134576 580 51288
F4E_CLK 1720 64 64 526 4501 1169 134311 553 119968
F4E_CLK 1593 64 64 529 4581 1081 128512 544 127976
F4E_CLK 694 64 64 527 3495 1189 108089 244 89861
F4E_CLK 1638 44 44 526 4584 1242 86262 508 27888
F4E_CLK 989 53 38 527 3990 1081 79313 335 51526
F4E_CLK 1628 60 54 526 4606 1074 114242 506 41677
F4E_CLK 712 64 61 526 3734 1191 100984 284 87054
F4E_CLK 616 55 38 527 3564 1305 73590 255 25782
F4E_CLK 0 0 0 528 486 0 240 84 320
F4E_CLK 0 0 0 529 486 0 240 84 319
F4E_CLK 0 0 0 527 486 0 240 84 319
F4E_CLK 1418 48 48 528 4576 1066 94145 498 24050
F4E_CLK 1528 64 64 527 4505 1333 128163 457 40610
F4E_CLK 1465 64 64 528 4491 1084 126034 485 84891
F4E_CLK 1331 64 64 528 4479 1264 126777 420 110628
F4E_CLK 2023 64 64 526 4409 1579 147781 142 53912
F4E_CLK 1172 64 64 528 4427 1311 125489 447 141408
F4E_CLK 1830 64 64 528 4587 1047 135537 613 61414
F4E_CLK 854 64 64 526 3748 1501 107485 296 102383
F4E_CLK 1058 29 29 529 4475 924 55945 413 17903
F4E_CLK 951 23 15 527 3930 895 33833 286 9608
F4E_CLK 1317 64 64 527 4513 1075 123616 450 86290
F4E_CLK 778 51 49 528 3924 1177 81280 271 58205
F4E_CLK 715 26 18 528 3684 1020 33834 290 7897
F4E_CLK 0 0 0 529 486 0 240 84 320
F4E_CLK 824 34 34 527 3602 1139 54769 307 22207
F4E_CLK 895 64 64 528 4124 918 106806 316 102105
F4E_CLK 754 36 22 528 3902 875 46760 261 8341
F4E_CLK 103 18 11 528 3148 841 21931 185 4760
F4E_CLK 47 4 1 525 2765 1184 3418 187 409
F4E_CLK 0 0 0 527 486 0 240 84 319
F4E_CLK 0 0 0 526 486 0 240 84 322
F4E_CLK 1384 32 32 524 4519 1093 61609 416 11785
F4E_CLK 1593 64 64 527 4624 1079 130395 537 44196
F4E_CLK 1531 64 64 528 4493 1281 127550 468 57275
F4E_CLK 1411 64 64 526 4355 1525 127612 499 90709
F4E_CLK 2225 64 64 529 4654 1903 157707 142 49738
F4E_CLK 1270 64 64 526 4429 1594 126239 401 138840
F4E_CLK 2016 64 64 527 4393 1306 143057 136 105064
F4E_CLK 991 64 64 528 4142 1184 111793 320 90597
F4E_CLK 1895 29 29 527 4709 1626 60981 612 11610
F4E_CLK 999 39 24 528 4047 926 54149 358 19260
F4E_CLK 1937 55 55 527 4484 1450 117496 145 46057
F4E_CLK 1052 63 53 527 4458 1192 109023 407 66196
F4E_CLK 904 50 30 527 4127 960 67075 326 18023
F4E_CLK 0 0 0 527 486 0 240 84 320
F4E_CLK 949 18 18 527 3778 1331 31872 323 6151
F4E_CLK 959 64 64 526 4054 939 107016 311 109758
F4E_CLK 902 42 28 526 4124 909 57836 340 14491
F4E_CLK 136 19 11 525 2910 1080 22345 180 5175
F4E_CLK 136 30 11 528 2921 886 29797 173 4206
F4E_CLK 0 0 0 528 486 0 240 84 318
F4E_CLK 983 42 42 525 3985 1193 71708 342 32883
F4E_CLK 1063 64 58 527 4477 1043 114350 407 78238
F4E_CLK 896 37 21 524 4054 839 46242 315 8787
F4E_CLK 143 24 11 527 2937 1025 25106 183 4341
F4E_CLK 142 13 10 526 2827 1134 15835 165 4384
F4E_CLK 71 6 1 526 2742 1289 5019 201 409
F4E_CLK 0 0 0 528 486 0 240 84 321
F4E_CLK 0 0 0 524 486 0 240 84 321
F4E_CLK 1350 19 19 526 4496 1267 37572 419 5468
F4E_CLK 1595 64 64 527 4485 1163 132148 497 55599
F4E_CLK 1620 64 64 526 4567 1384 134043 524 44488
F4E_CLK 1506 64 64 527 4466 1145 132350 447 95905
F4E_CLK 2428 64 64 528 4610 2258 162669 134 53080
F4E_CLK 2373 64 64 527 4638 2327 161810 140 104644
F4E_CLK 1160 64 64 528 4401 1072 119794 431 143909
F4E_CLK 1896 64 64 528 4644 1147 142173 635 74900
F4E_CLK 1195 38 38 526 4580 1443 73050 413 30828
F4E_CLK 1023 34 28 526 4194 1138 55122 350 28552
F4E_CLK 2126 42 42 527 4606 1773 102524 150 24450
F4E_CLK 1279 64 64 527 4461 1087 121917 401 101882
F4E_CLK 1069 49 31 527 4421 1029 76475 399 18690
F4E_CLK 82 2 1 527 2754 1222 1856 183 416
F4E_CLK 1016 5 5 527 4014 912 8636 296 1080
F4E_CLK 1129 64 64 527 4467 1106 120390 416 90542
F4E_CLK 1089 46 38 527 4471 1076 78873 401 32037
F4E_CLK 832 23 14 527 3770 1000 28663 300 5848
F4E_CLK 175 30 11 527 2952 929 30278 171 4201
F4E_CLK 0 0 0 528 486 0 240 84 320
F4E_CLK 1131 29 29 529 4418 1073 56082 397 16134
F4E_CLK 1276 64 64 525 4562 1083 121654 437 111426
F4E_CLK 1082 36 26 528 4602 930 57035 383 10272
F4E_CLK 185 15 12 527 2811 1040 19467 163 4043
F4E_CLK 88 4 1 525 2753 989 3609 148 422
F4E_CLK 182 40 11 526 3031 1142 39158 175 4217
F4E_CLK 0 0 0 530 486 0 240 84 319
F4E_CLK 1121 32 32 527 4398 1269 62948 386 18253
F4E_CLK 1281 64 64 528 4510 1066 123805 414 96455
F4E_CLK 1030 36 23 528 4462 959 55781 427 7123
F4E_CLK 191 18 12 527 2995 1004 22789 178 4178
F4E_CLK 175 7 4 527 2926 968 8340 205 717
F4E_CLK 181 32 8 527 2935 1061 30531 156 2791
F4E_CLK 187 46 11 526 2991 1002 42864 163 4348
F4E_CLK 0 0 0 523 486 0 240 84 320
F4E_CLK 0 0 0 523 486 0 240 84 321
F4E_CLK 0 0 0 524 486 0 240 84 321
F4E_CLK 1555 42 42 523 4519 1118 85136 533 17905
F4E_CLK 1689 64 64 523 4473 1447 133943 582 43912
F4E_CLK 1645 64 64 526 4534 1517 137490 595 70549
F4E_CLK 1514 64 64 522 4570 1204 133710 455 101071
F4E_CLK 2641 64 64 523 4623 2075 183104 93 50497
F4E_CLK 1338 64 64 525 4497 1365 130643 432 137992
F4E_CLK 2430 64 64 525 4600 1790 165177 122 75187
F4E_CLK 1302 64 64 522 4421 1492 130672 428 105049
F4E_CLK 2344 29 29 525 4638 2130 71621 142 11603
F4E_CLK 1047 29 21 524 4467 1082 47973 385 16828
F4E_CLK 1836 58 58 525 4579 996 122615 649 58851
F4E_CLK 1395 56 49 525 4574 1179 101704 480 56671
F4E_CLK 1247 38 24 525 4490 1158 59616 438 11596
F4E_CLK 0 0 0 525 486 0 240 84 321
F4E_CLK 1286 28 28 524 4382 1357 56292 436 15218
F4E_CLK 1451 64 64 523 4558 1315 125867 487 111444
F4E_CLK 1198 36 27 524 4475 997 59175 366 11242
F4E_CLK 223 14 12 524 2960 1105 19125 192 5296
F4E_CLK 105 4 1 523 2749 932 3524 146 415
F4E_CLK 0 0 0 523 486 0 240 84 321
F4E_CLK 1303 52 52 522 4500 1328 104659 445 44058
F4E_CLK 1416 60 48 524 4452 1313 106424 465 51461
F4E_CLK 1198 37 21 524 4478 1068 56095 424 8811
F4E_CLK 228 30 11 525 3058 896 30246 169 4920
F4E_CLK 226 23 11 523 3048 868 25119 164 4502
F4E_CLK 0 0 0 526 486 0 240 84 320
F4E_CLK 0 0 0 523 486 0 240 84 320
F4E_CLK 1287 55 55 523 4527 1209 108158 412 50216
F4E_CLK 1391 58 45 523 4496 1339 98660 450 46705
F4E_CLK 1203 40 21 525 4433 1133 58509 393 8695
F4E_CLK 234 30 11 524 2938 1210 31071 174 5208
F4E_CLK 233 26 11 522 2963 789 27414 169 4921
F4E_CLK 226 5 5 523 2821 784 6927 202 1371
F4E_CLK 223 29 6 525 2919 859 26675 165 1770
F4E_CLK 0 0 0 523 486 0 240 84 320
F4E_CLK 1258 27 27 523 4410 1209 53439 411 13887
F4E_CLK 1379 64 64 525 4425 1134 124322 437 118685
F4E_CLK 1220 36 28 522 4621 1347 60121 408 12169
F4E_CLK 241 13 11 523 2917 1570 18017 171 4363
F4E_CLK 174 7 2 524 2928 1246 6464 205 511
F4E_CLK 238 40 11 524 3049 1045 39239 161 5067
F4E_CLK 237 41 11 525 3053 770 39815 181 5185
F4E_CLK 235 10 10 526 2943 887 13843 181 4108
F4E_CLK 102 10 1 526 2749 934 8151 194 407
F4E_CLK 0 0 0 525 486 0 240 84 321
F4E_CLK 0 0 0 524 486 0 240 84 319
F4E_CLK 0 0 0 524 486 0 240 84 318
F4E_CLK 1678 60 60 523 4515 1065 123604 539 38801
F4E_CLK 1746 64 64 525 4495 1453 137581 582 46551
F4E_CLK 1654 64 64 525 4540 1359 137378 558 101011
F4E_CLK 2837 64 64 524 4594 3162 232049 81 77786
F4E_CLK 2805 64 64 525 4605 2482 231700 89 65313
F4E_CLK 1331 64 64 524 4500 1702 127273 432 144529
F4E_CLK 2615 64 64 525 4569 1907 182197 108 56215
F4E_CLK 1686 61 61 524 4594 1432 127695 602 76796
F4E_CLK 1108 21 21 523 4395 1090 39415 412 13483
F4E_CLK 2510 33 26 524 4593 1989 77696 138 12949
F4E_CLK 1463 64 64 524 4570 1174 131849 491 103654
F4E_CLK 1511 49 40 523 4557 1131 86700 448 39284
F4E_CLK 1142 23 15 523 4444 1073 35593 406 7207
F4E_CLK 0 0 0 526 486 0 240 84 320
F4E_CLK 1467 46 46 525 4441 1124 93115 524 40651
F4E_CLK 1674 64 54 524 4565 1567 118737 583 70676
F4E_CLK 1371 37 21 525 4410 1138 57023 383 8582
F4E_CLK 269 28 11 526 2848 1052 29999 190 5185
F4E_CLK 0 0 0 525 486 0 240 84 319
F4E_CLK 1378 6 6 525 4481 1286 11830 428 1209
F4E_CLK 1459 64 64 525 4436 1155 128618 498 81250
F4E_CLK 1454 45 37 526 4569 1085 78863 439 27715
F4E_CLK 1104 23 14 526 4433 1073 35240 407 5842
F4E_CLK 277 30 11 525 3001 1041 30690 151 4670
F4E_CLK 275 40 11 524 2910 1118 39358 159 4229
F4E_CLK 0 0 0 526 486 0 240 84 318
F4E_CLK 1379 9 9 525 4465 1066 18201 427 2081
F4E_CLK 1427 64 64 526 4446 1330 129692 462 87134
F4E_CLK 1404 43 35 524 4451 1126 74778 412 23485
F4E_CLK 828 22 13 526 3764 943 27518 303 5747
F4E_CLK 283 30 11 524 3030 1301 31444 181 4642
F4E_CLK 282 40 11 526 3022 1256 40757 196 4359
F4E_CLK 281 23 11 526 2948 870 25104 179 4402
F4E_CLK 0 0 0 525 486 0 240 84 321
F4E_CLK 0 0 0 525 486 0 240 84 319
F4E_CLK 1427 45 45 524 4478 1112 90874 472 38639
F4E_CLK 1653 64 55 524 4670 1124 122121 511 72901
F4E_CLK 1389 37 21 526 4519 1085 56724 426 8855
F4E_CLK 288 27 11 526 3008 1211 28872 186 5332
F4E_CLK 287 16 10 525 3040 1275 19103 174 3859
F4E_CLK 144 6 1 524 2716 1083 5088 171 418
F4E_CLK 286 50 11 524 3047 822 46848 172 5065
F4E_CLK 285 28 11 525 3049 969 29266 163 4785
F4E_CLK 0 0 0 524 486 0 240 84 320
F4E_CLK 0 0 0 526 486 0 240 84 319
F4E_CLK 1401 40 40 526 4467 1117 80639 395 28433
F4E_CLK 1632 64 60 526 4525 1317 125936 521 80211
F4E_CLK 1398 37 21 524 4476 1109 56402 414 8315
F4E_CLK 292 22 11 526 2878 894 23781 173 4933
F4E_CLK 291 11 10 525 3029 995 14257 189 4701
F4E_CLK 153 6 1 524 2729 968 5216 143 433
F4E_CLK 290 50 11 525 2939 976 46748 175 5205
F4E_CLK 289 23 11 526 2924 977 25061 190 4782
F4E_CLK 0 0 0 527 486 0 240 84 319
F4E_CLK 288 46 11 524 2886 802 43660 174 4373
F4E_CLK 276 40 40 527 3017 1090 56920 168 61927
F4E_CLK 236 64 64 525 3046 1131 95044 168 148726
F4E_CLK 172 64 47 526 2951 1045 84065 173 77200
F4E_CLK 1673 49 26 525 4540 1074 79511 598 7243
F4E_CLK 1899 64 64 524 4562 1332 133188 652 54031
F4E_CLK 1897 64 64 524 4564 1281 137283 624 49063
F4E_CLK 1784 64 64 524 4496 1151 130650 621 91540
F4E_CLK 3256 64 64 524 5009 2808 358256 94 53933
F4E_CLK 3084 64 64 527 5107 3017 295876 104 116360
F4E_CLK 2259 64 64 527 4548 1895 158589 135 139117
F4E_CLK 3064 64 64 524 4777 2463 323974 135 83400
F4E_CLK 3268 64 64 523 5023 3219 326888 152 110305
F4E_CLK 1245 64 64 526 4506 1083 122107 395 142575
F4E_CLK 3078 64 64 524 5032 2104 304008 133 55276
F4E_CLK 3269 64 64 524 4987 3197 379237 92 102702
F4E_CLK 3050 64 64 526 4867 2352 298628 91 91261
F4E_CLK 1235 64 64 526 4406 1059 124824 418 140488
F4E_CLK 2975 64 64 523 4771 1812 184632 99 114007
F4E_CLK 3040 64 64 525 4685 2504 316153 79 89689
F4E_CLK 2818 64 64 524 4612 2482 289807 91 118259
F4E_CLK 2640 64 64 524 4513 2279 254499 94 134437
F4E_CLK 2418 64 64 527 4604 2484 170509 133 135073
F4E_CLK 905 64 64 526 3762 1089 110448 351 143904
F4E_CLK 2855 64 64 525 4583 1261 223868 92 66671
F4E_CLK 2777 64 64 522 4525 2559 288505 83 107559
F4E_CLK 2523 64 64 525 4598 2319 196674 137 94220
F4E_CLK 2229 64 64 523 4557 2260 161878 144 111876
F4E_CLK 2003 64 64 525 4242 1901 144958 138 142031
F4E_CLK 2088 64 64 523 4577 2023 160934 143 138274
F4E_CLK 1554 64 64 524 4421 1172 126333 532 142977
F4E_CLK 2479 64 64 525 4654 2287 171400 146 79969
F4E_CLK 2427 64 64 523 4587 2319 176408 145 96409
F4E_CLK 2192 64 64 525 4507 2295 162032 152 103821
F4E_CLK 1767 64 64 523 4598 1297 132813 533 138309
F4E_CLK 1625 64 64 525 4457 1188 128885 546 141898
F4E_CLK 1529 64 64 524 4542 1080 126107 481 132330
F4E_CLK 1400 64 64 525 4555 1065 124416 431 110649
F4E_CLK 677 64 64 522 3491 1008 100663 274 74555
F4E_CLK 497 64 36 525 3352 979 76174 229 44873
F4E_CLK 1963 44 37 524 4219 984 93352 134 23944
F4E_CLK 2090 64 64 523 4561 2020 160095 128 77686
F4E_CLK 1703 64 64 523 4567 1109 128769 554 93695
F4E_CLK 1335 64 64 525 4489 1111 118938 440 96446
F4E_CLK 1172 64 62 523 4386 1096 119410 449 122168
F4E_CLK 1043 48 23 524 4414 1321 67672 425 17263
F4E_CLK 1084 40 17 523 4505 1119 54428 407 11000
F4E_CLK 221 10 1 525 2777 991 8471 193 429
F4E_CLK 1069 63 16 525 4405 1064 78701 409 8259
F4E_CLK 586 52 38 525 3468 981 71803 221 50110
F4E_CLK 434 48 5 524 3086 998 42469 215 1562
F4E_CLK 1818 60 60 525 4483 1259 124890 575 59366
F4E_CLK 1722 64 64 523 4547 1134 129658 598 110891
F4E_CLK 1434 64 64 525 4428 1156 123431 485 110325
F4E_CLK 1083 64 64 524 4608 1121 119017 427 106231
F4E_CLK 1008 64 40 525 4534 888 86476 314 41881
F4E_CLK 139 10 1 524 2705 875 8378 171 420
F4E_CLK 983 60 17 524 4111 1480 67117 308 9788
F4E_CLK 970 33 17 523 4065 894 41887 359 9896
F4E_CLK 140 1 1 525 2708 872 1445 184 408
F4E_CLK 951 31 15 523 4020 1051 38579 340 9429
F4E_CLK 556 4 4 525 3150 845 5950 238 1050
F4E_CLK 571 64 37 525 3520 779 80393 260 47878
F4E_CLK 1532 35 14 523 4483 946 50263 488 3986
F4E_CLK 1603 64 64 525 4590 1414 130139 476 82162
F4E_CLK 1396 64 64 524 4588 1105 122831 453 114372
F4E_CLK 1145 64 64 524 4439 1050 116813 388 138106
F4E_CLK 945 64 63 523 4013 881 103216 316 127865
F4E_CLK 874 43 25 523 3848 914 54001 301 19494
F4E_CLK 860 26 16 522 3616 1088 35156 298 9691
F4E_CLK 385 28 3 524 3055 793 24112 211 663
F4E_CLK 857 39 16 522 3899 849 45058 333 8277
F4E_CLK 133 7 1 525 2694 1109 5900 183 410
F4E_CLK 845 47 15 523 3902 845 50924 304 8320
F4E_CLK 128 5 1 524 2749 937 4276 196 409
F4E_CLK 839 37 14 522 3712 1128 41310 335 7218
F4E_CLK 0 0 0 525 486 0 240 84 319
F4E_CLK 616 59 39 525 3536 827 78222 228 50345
F4E_CLK 1181 44 7 525 4459 1038 53217 439 1398
F4E_CLK 1491 64 64 523 4564 1129 124693 437 63829
F4E_CLK 1365 64 64 525 4523 1071 120758 423 100767
F4E_CLK 1229 64 64 524 4475 1025 119685 383 124498
F4E_CLK 1135 64 64 523 4494 1036 118615 373 123371
F4E_CLK 1079 64 64 523 4450 1034 116833 437 101774
F4E_CLK 1006 64 21 523 4294 946 74086 316 8691
F4E_CLK 663 54 11 523 3611 1302 53665 257 3865
F4E_CLK 984 30 16 523 3958 1139 39218 361 9651
F4E_CLK 209 5 1 525 2761 1227 4258 159 420
F4E_CLK 977 38 15 526 3926 1174 46316 360 7205
F4E_CLK 207 1 1 526 2741 1208 1168 164 432
F4E_CLK 975 29 14 524 3983 1055 36818 335 6827
F4E_CLK 0 0 0 525 486 0 240 84 321
F4E_CLK 947 15 6 524 3887 873 17859 300 1602
F4E_CLK 853 57 8 524 3639 1357 55398 312 2743
F4E_CLK 0 0 0 526 486 0 240 84 320
F4E_CLK 929 35 12 524 3792 882 40066 324 5101
F4E_CLK 0 0 0 523 486 0 240 84 320
F4E_CLK 0 0 0 526 486 0 240 84 320
F4_F2_ECHELON: 14861 x 332 words, 12091 pivots: upload 7.7 ms, device 49.5 ms, download 0.0 ms, 9.86e8 word XORs
K_1/2^11 m=2 x=301 D=5 f5=true [cuda:NVIDIA GeForce RTX 4090 sm_89 x128 code=sm_89]: 14861 x 21196 (eliminated 14861 rows), rank 12091, refuted false, pinned 0; build 0.357 s, eliminate 0.057 s, total 0.414 s, 9.864e8 word XORs
Stage diagnostic only: one oracle matrix, not an ECDLP cost.
