F4E_CLK 595 64 64 1130 5154 1085 94372 241 33010
F4E_CLK 819 64 64 528 4998 940 104839 294 43462
F4E_CLK 865 64 64 528 5914 846 103157 269 41413
F4E_CLK 1026 64 64 529 5443 1078 118643 402 50909
F4E_CLK 919 64 64 528 4221 1177 110986 327 86672
F4E_CLK 891 64 64 529 3783 1238 110968 306 73601
F4E_CLK 1133 64 64 529 5570 1154 117182 363 49723
F4E_CLK 856 64 64 527 4709 952 107849 318 49970
F4E_CLK 1548 64 64 528 4966 1304 127361 545 60125
F4E_CLK 743 64 64 528 3658 1179 105712 284 116122
F4E_CLK 676 64 64 529 3614 992 103490 268 80533
F4E_CLK 1405 64 64 528 4699 1297 122852 435 82841
F4E_CLK 1155 64 64 528 5204 1143 123174 425 79305
F4E_CLK 1203 64 64 529 5010 1111 122748 410 52927
F4E_CLK 1108 64 64 529 4660 1118 119633 408 105424
F4E_CLK 1290 64 64 529 5163 1263 121934 402 54612
F4E_CLK 823 64 64 529 3855 1537 105911 309 103327
F4E_CLK 512 64 64 528 3253 1085 98590 219 139305
F4E_CLK 444 64 64 527 3386 919 97785 202 142215
F4E_CLK 1620 64 64 528 4674 1057 127308 511 53942
F4E_CLK 1418 64 64 528 4575 1235 125312 484 71807
F4E_CLK 1373 64 64 529 4522 1069 123722 468 65127
F4E_CLK 1253 64 64 529 4409 1168 121439 467 117791
F4E_CLK 1651 64 64 529 5283 1151 126721 527 53789
F4E_CLK 1135 64 64 528 4478 1349 124279 402 140590
F4E_CLK 1502 64 64 529 4779 1036 124602 473 91048
F4E_CLK 516 64 64 527 3322 888 103484 272 100088
F4E_CLK 804 29 29 528 3787 1447 44196 291 10718
F4E_CLK 351 29 29 527 3214 1061 43850 178 27204
F4E_CLK 322 29 29 530 3133 1162 43152 184 28307
F4E_CLK 1575 43 43 528 4586 973 85668 499 18742
F4E_CLK 1493 64 64 529 4598 1355 125167 446 57429
F4E_CLK 1476 64 64 527 4588 1049 124717 480 54884
F4E_CLK 1356 64 64 529 4552 1099 125983 439 93101
F4E_CLK 1834 64 64 528 4649 1149 130762 655 51243
F4E_CLK 1720 64 64 527 4540 1156 134295 572 119938
F4E_CLK 1593 64 64 529 4544 1125 130106 513 128017
F4E_CLK 694 64 64 529 3393 1633 101483 295 89832
F4E_CLK 1638 44 44 528 4774 1048 88118 557 27847
F4E_CLK 989 53 38 530 4016 1283 81148 354 51513
F4E_CLK 1628 60 54 529 4781 1020 113730 528 41652
F4E_CLK 712 64 61 528 3869 1069 101555 272 87058
F4E_CLK 616 55 38 529 3706 954 73898 250 25785
F4E_CLK 0 0 0 528 486 0 240 84 321
F4E_CLK 0 0 0 529 486 0 240 84 321
F4E_CLK 0 0 0 529 486 0 240 84 320
F4E_CLK 1418 48 48 528 4530 1107 94446 470 24072
F4E_CLK 1528 64 64 528 4525 1084 125025 503 40565
F4E_CLK 1465 64 64 529 4538 1083 127657 446 84935
F4E_CLK 1331 64 64 529 4475 1191 122898 422 110623
F4E_CLK 2023 64 64 528 4543 1360 144810 149 53911
F4E_CLK 1172 64 64 529 4486 1397 124514 441 141406
F4E_CLK 1830 64 64 528 4551 1094 138095 601 61421
F4E_CLK 854 64 64 529 3873 1262 107331 268 102381
F4E_CLK 1058 29 29 529 4467 970 55956 412 17901
F4E_CLK 951 23 15 529 3816 872 33584 312 9580
F4E_CLK 1317 64 64 527 4488 1107 122976 461 86269
F4E_CLK 778 51 49 529 3983 942 80540 284 58186
F4E_CLK 715 26 18 530 3658 876 33718 283 7932
F4E_CLK 0 0 0 529 486 0 240 84 320
F4E_CLK 824 34 34 529 3642 1035 56638 323 22182
F4E_CLK 895 64 64 528 4225 901 105415 281 102130
F4E_CLK 754 36 22 529 3589 971 45958 268 8339
F4E_CLK 103 18 11 528 3066 1014 22630 192 4763
F4E_CLK 47 4 1 528 2763 1318 3418 187 409
F4E_CLK 0 0 0 528 486 0 240 84 322
F4E_CLK 0 0 0 527 486 0 240 84 320
F4E_CLK 1384 32 32 528 4496 1110 62059 447 11772
F4E_CLK 1593 64 64 527 4561 1078 128673 503 44216
F4E_CLK 1531 64 64 528 4469 1101 130184 450 57300
F4E_CLK 1411 64 64 529 4417 1643 128865 490 90696
F4E_CLK 2225 64 64 527 4587 2192 158810 147 49747
F4E_CLK 1270 64 64 529 4498 1552 124815 409 138826
F4E_CLK 2016 64 64 528 4494 1210 142796 141 105065
F4E_CLK 991 64 64 528 4124 1120 113451 332 90567
F4E_CLK 1895 29 29 526 4667 1312 60862 583 11629
F4E_CLK 999 39 24 527 3899 1192 54471 375 19251
F4E_CLK 1937 55 55 529 4579 1548 118671 147 46058
F4E_CLK 1052 63 53 527 4480 1361 109836 434 66167
F4E_CLK 904 50 30 530 4179 891 68269 342 18009
F4E_CLK 0 0 0 530 486 0 240 84 320
F4E_CLK 949 18 18 527 3898 1130 31450 308 6157
F4E_CLK 959 64 64 526 3933 1306 108693 333 109737
F4E_CLK 902 42 28 527 3929 1328 57938 324 14501
F4E_CLK 136 19 11 529 3009 858 22012 183 5176
F4E_CLK 136 30 11 527 2813 1124 30315 161 4207
F4E_CLK 0 0 0 527 486 0 240 84 320
F4E_CLK 983 42 42 527 3956 1318 74528 326 32896
F4E_CLK 1063 64 58 529 4493 1224 112991 394 78250
F4E_CLK 896 37 21 527 3984 884 47110 300 8805
F4E_CLK 143 24 11 528 2928 871 25494 151 4352
F4E_CLK 142 13 10 527 2927 861 16995 162 4380
F4E_CLK 71 6 1 527 2742 1059 4917 192 411
F4E_CLK 0 0 0 528 486 0 240 84 321
F4E_CLK 0 0 0 529 486 0 240 84 321
F4E_CLK 1350 19 19 526 4457 1118 36660 421 5455
F4E_CLK 1595 64 64 527 4494 1142 130032 513 55611
F4E_CLK 1620 64 64 528 4505 1026 134180 563 44460
F4E_CLK 1506 64 64 529 4522 1092 132073 472 95916
F4E_CLK 2428 64 64 528 4633 2248 164141 134 54039
F4E_CLK 2373 64 64 528 4529 2313 161867 148 104644
F4E_CLK 1160 64 64 528 4444 1085 119885 416 143926
F4E_CLK 1896 64 64 527 4583 1060 139812 628 74921
F4E_CLK 1195 38 38 527 4449 1502 72603 416 30818
F4E_CLK 1023 34 28 530 4084 956 54863 285 28596
F4E_CLK 2126 42 42 529 4577 2094 106099 131 24450
F4E_CLK 1279 64 64 527 4579 1180 120004 367 101870
F4E_CLK 1069 49 31 529 4443 990 76798 386 18711
F4E_CLK 82 2 1 528 2754 989 1925 157 409
F4E_CLK 1016 5 5 529 3946 1125 8538 294 1087
F4E_CLK 1129 64 64 528 4412 1282 122615 396 90557
F4E_CLK 1089 46 38 529 4518 1084 78297 390 32038
F4E_CLK 832 23 14 527 3584 844 28764 329 5854
F4E_CLK 175 30 11 527 3125 858 31087 179 4213
F4E_CLK 0 0 0 528 486 0 240 84 320
F4E_CLK 1131 29 29 527 4450 1113 55459 372 16143
F4E_CLK 1276 64 64 529 4439 1410 122604 387 111456
F4E_CLK 1082 36 26 530 4402 1092 57950 399 10254
F4E_CLK 185 15 12 528 2887 885 18947 170 4031
F4E_CLK 88 4 1 527 2753 944 3513 148 418
F4E_CLK 182 40 11 528 2933 904 38479 163 4208
F4E_CLK 0 0 0 527 486 0 240 84 322
F4E_CLK 1121 32 32 527 4332 1201 62037 397 18248
F4E_CLK 1281 64 64 529 4522 1090 122895 427 96440
F4E_CLK 1030 36 23 526 4462 954 55288 415 7138
F4E_CLK 191 18 12 527 2892 1037 20680 199 4179
F4E_CLK 175 7 4 528 2911 1043 8023 204 717
F4E_CLK 181 32 8 528 2788 1170 29530 193 2792
F4E_CLK 187 46 11 526 2999 1020 42360 163 4349
F4E_CLK 0 0 0 525 486 0 240 84 321
F4E_CLK 0 0 0 525 486 0 240 84 319
F4E_CLK 0 0 0 525 486 0 240 84 321
F4E_CLK 1555 42 42 524 4524 1074 85041 550 17890
F4E_CLK 1689 64 64 525 4547 1407 135796 578 43888
F4E_CLK 1645 64 64 524 4528 1421 132606 608 70537
F4E_CLK 1514 64 64 525 4532 1031 132128 445 101072
F4E_CLK 2641 64 64 524 4576 1609 181513 146 50506
F4E_CLK 1338 64 64 525 4458 1199 128070 432 137981
F4E_CLK 2430 64 64 525 4590 1912 162241 99 77099
F4E_CLK 1302 64 64 525 4530 1195 130408 365 105088
F4E_CLK 2344 29 29 524 4764 2083 72384 140 11604
F4E_CLK 1047 29 21 526 4292 1117 48184 400 16806
F4E_CLK 1836 58 58 525 4548 1598 125708 609 58875
F4E_CLK 1395 56 49 524 4556 1345 102222 427 56707
F4E_CLK 1247 38 24 524 4413 1107 59503 428 11624
F4E_CLK 0 0 0 524 486 0 240 84 320
F4E_CLK 1286 28 28 523 4414 1048 56056 480 15207
F4E_CLK 1451 64 64 525 4535 1367 127794 445 111496
F4E_CLK 1198 36 27 526 4432 1118 59711 420 11223
F4E_CLK 223 14 12 525 2930 1088 18331 169 5294
F4E_CLK 105 4 1 524 2749 1168 3431 192 409
F4E_CLK 0 0 0 525 486 0 240 84 321
F4E_CLK 1303 52 52 524 4519 1130 103745 412 44113
F4E_CLK 1416 60 48 525 4530 1411 106235 481 51461
F4E_CLK 1198 37 21 524 4527 1087 56764 419 8805
F4E_CLK 228 30 11 525 2933 953 30355 177 4900
F4E_CLK 226 23 11 525 2854 974 26087 161 4510
F4E_CLK 0 0 0 525 486 0 240 84 322
F4E_CLK 0 0 0 526 486 0 240 84 320
F4E_CLK 1287 55 55 526 4430 1158 108952 430 50207
F4E_CLK 1391 58 45 526 4574 1320 99287 420 46722
F4E_CLK 1203 40 21 523 4482 1078 59575 378 8691
F4E_CLK 234 30 11 523 3066 1141 30711 191 5191
F4E_CLK 233 26 11 524 3043 907 27847 170 4934
F4E_CLK 226 5 5 525 2895 804 7020 160 1402
F4E_CLK 223 29 6 525 2927 1253 26773 161 1755
F4E_CLK 0 0 0 525 486 0 240 84 320
F4E_CLK 1258 27 27 524 4393 1353 53915 400 13886
F4E_CLK 1379 64 64 525 4463 1147 126642 415 118701
F4E_CLK 1220 36 28 524 4465 977 59801 426 12170
F4E_CLK 241 13 11 524 2944 1197 18194 170 4365
F4E_CLK 174 7 2 524 2896 1283 6534 168 525
F4E_CLK 238 40 11 525 2952 1007 38421 191 5061
F4E_CLK 237 41 11 524 2997 1082 39629 199 5176
F4E_CLK 235 10 10 524 2948 941 14003 175 4142
F4E_CLK 102 10 1 525 2750 1225 8206 192 410
F4E_CLK 0 0 0 525 486 0 240 84 321
F4E_CLK 0 0 0 526 486 0 240 84 320
F4E_CLK 0 0 0 525 486 0 240 84 321
F4E_CLK 1678 60 60 526 4519 1115 125971 580 38777
F4E_CLK 1746 64 64 524 4568 1432 138999 551 46590
F4E_CLK 1654 64 64 524 4492 1548 135523 586 101002
F4E_CLK 2837 64 64 525 4540 3134 225257 150 78254
F4E_CLK 2805 64 64 525 4499 2543 224245 86 64391
F4E_CLK 1331 64 64 524 4475 1658 126774 435 144508
F4E_CLK 2615 64 64 524 4610 2066 172843 134 53363
F4E_CLK 1686 61 61 524 4595 1383 126203 583 76828
F4E_CLK 1108 21 21 527 4305 1170 38881 400 13488
F4E_CLK 2510 33 26 526 4588 2259 79891 147 12952
F4E_CLK 1463 64 64 525 4454 1223 130722 456 103683
F4E_CLK 1511 49 40 526 4562 1159 86927 472 39268
F4E_CLK 1142 23 15 525 4435 1050 35800 403 7210
F4E_CLK 0 0 0 526 486 0 240 84 320
F4E_CLK 1467 46 46 524 4457 1099 93235 460 40705
F4E_CLK 1674 64 54 525 4550 1335 120155 491 70740
F4E_CLK 1371 37 21 526 4509 1115 56301 384 8574
F4E_CLK 269 28 11 525 2921 1281 29582 181 5204
F4E_CLK 0 0 0 526 486 0 240 84 320
F4E_CLK 1378 6 6 525 4348 1130 11450 438 1216
F4E_CLK 1459 64 64 525 4507 1581 130955 471 81289
F4E_CLK 1454 45 37 527 4528 1047 79142 457 27709
F4E_CLK 1104 23 14 526 4406 1111 35235 400 5854
F4E_CLK 277 30 11 525 3036 1074 31121 156 4652
F4E_CLK 275 40 11 525 2917 1052 38972 198 4233
F4E_CLK 0 0 0 527 486 0 240 84 320
F4E_CLK 1379 9 9 527 4392 1089 17559 435 2066
F4E_CLK 1427 64 64 525 4441 1338 130059 439 87147
F4E_CLK 1404 43 35 526 4517 1216 75003 450 23456
F4E_CLK 828 22 13 525 3759 909 27970 298 5752
F4E_CLK 283 30 11 525 3032 988 31365 180 4654
F4E_CLK 282 40 11 526 3003 1157 39123 168 4391
F4E_CLK 281 23 11 526 2936 915 24646 191 4357
F4E_CLK 0 0 0 524 486 0 240 84 321
F4E_CLK 0 0 0 525 486 0 240 84 320
F4E_CLK 1427 45 45 526 4460 1129 89239 470 38638
F4E_CLK 1653 64 55 525 4623 1152 122489 531 72881
F4E_CLK 1389 37 21 525 4407 1196 57570 403 8889
F4E_CLK 288 27 11 525 3017 1092 28328 187 5339
F4E_CLK 287 16 10 526 3073 994 18744 184 3863
F4E_CLK 144 6 1 527 2722 926 5133 193 412
F4E_CLK 286 50 11 526 3128 878 46416 180 5067
F4E_CLK 285 28 11 527 2907 814 29798 151 4795
F4E_CLK 0 0 0 527 486 0 240 84 319
F4E_CLK 0 0 0 526 486 0 240 84 320
F4E_CLK 1401 40 40 526 4475 1415 80364 429 28448
F4E_CLK 1632 64 60 526 4625 1120 125077 509 80215
F4E_CLK 1398 37 21 525 4544 1087 57715 453 8282
F4E_CLK 292 22 11 525 3032 894 24668 191 4917
F4E_CLK 291 11 10 525 2898 773 14393 180 4699
F4E_CLK 153 6 1 525 2716 986 5080 136 421
F4E_CLK 290 50 11 528 2918 835 45787 175 5213
F4E_CLK 289 23 11 526 3165 765 25189 171 4800
F4E_CLK 0 0 0 525 486 0 240 84 321
F4E_CLK 288 46 11 527 2978 806 43755 185 4356
F4E_CLK 276 40 40 525 3168 978 59533 172 61939
F4E_CLK 236 64 64 526 3169 1056 88864 199 148696
F4E_CLK 172 64 47 527 2946 1029 87412 189 77200
F4E_CLK 1673 49 26 527 4589 886 79150 553 7273
F4E_CLK 1899 64 64 525 4616 1128 138968 591 54084
F4E_CLK 1897 64 64 526 4603 1096 136066 595 49080
F4E_CLK 1784 64 64 526 4507 1130 132602 594 91583
F4E_CLK 3256 64 64 527 4936 2607 357029 96 53883
F4E_CLK 3084 64 64 524 4996 2991 297987 84 116329
F4E_CLK 2259 64 64 525 4564 1852 159657 149 139117
F4E_CLK 3064 64 64 524 4633 2880 321137 93 84090
F4E_CLK 3268 64 64 527 5071 3183 331293 93 110079
F4E_CLK 1245 64 64 525 4494 1085 120134 373 142564
F4E_CLK 3078 64 64 525 5045 2036 298593 148 55044
F4E_CLK 3269 64 64 527 5030 3227 373824 92 104338
F4E_CLK 3050 64 64 526 4687 2412 303214 86 91050
F4E_CLK 1235 64 64 527 4472 1045 123842 429 140471
F4E_CLK 2975 64 64 526 4617 1551 195962 81 114259
F4E_CLK 3040 64 64 525 4711 2481 318364 90 89634
F4E_CLK 2818 64 64 526 4647 2321 288812 97 118279
F4E_CLK 2640 64 64 527 4526 2451 250627 90 133993
F4E_CLK 2418 64 64 525 4759 2359 172304 142 135076
F4E_CLK 905 64 64 525 3943 909 106777 307 143923
F4E_CLK 2855 64 64 524 4532 1768 222988 90 65970
F4E_CLK 2777 64 64 524 4534 2497 285872 90 108266
F4E_CLK 2523 64 64 525 4550 2388 194249 135 93308
F4E_CLK 2229 64 64 525 4570 2228 162808 152 111876
F4E_CLK 2003 64 64 523 4119 1899 140298 143 142031
F4E_CLK 2088 64 64 524 4588 1960 159724 136 138282
F4E_CLK 1554 64 64 524 4457 1152 123594 562 142958
F4E_CLK 2479 64 64 523 4583 1940 175681 75 80030
F4E_CLK 2427 64 64 525 4613 2344 177902 91 97339
F4E_CLK 2192 64 64 525 4567 2232 163453 149 103820
F4E_CLK 1767 64 64 524 4585 1128 132234 551 138313
F4E_CLK 1625 64 64 524 4511 1077 127202 540 141899
F4E_CLK 1529 64 64 526 4547 1070 124535 509 132302
F4E_CLK 1400 64 64 524 4509 1047 125125 418 110664
F4E_CLK 677 64 64 526 3490 867 97797 277 74544
F4E_CLK 497 64 36 525 3344 881 77215 197 44901
F4E_CLK 1963 44 37 525 4462 1403 91194 133 23944
F4E_CLK 2090 64 64 525 4585 2015 158278 132 77689
F4E_CLK 1703 64 64 525 4537 1135 127173 600 93640
F4E_CLK 1335 64 64 524 4549 1059 119012 412 96468
F4E_CLK 1172 64 62 525 4459 1201 118628 442 122168
F4E_CLK 1043 48 23 525 4393 1370 67961 422 17307
F4E_CLK 1084 40 17 525 4421 1060 54750 428 10977
F4E_CLK 221 10 1 526 2753 1015 8488 186 411
F4E_CLK 1069 63 16 524 4348 1081 78845 401 8260
F4E_CLK 586 52 38 525 3444 1002 71872 255 50088
F4E_CLK 434 48 5 524 3095 960 43039 200 1564
F4E_CLK 1818 60 60 523 4525 1225 126258 577 59369
F4E_CLK 1722 64 64 525 4579 1158 127943 567 110905
F4E_CLK 1434 64 64 525 4522 1091 119285 420 110380
F4E_CLK 1083 64 64 525 4465 990 119006 439 106233
F4E_CLK 1008 64 40 524 4326 877 86108 309 41880
F4E_CLK 139 10 1 525 2705 1005 8354 171 422
F4E_CLK 983 60 17 524 3928 1482 66088 334 9784
F4E_CLK 970 33 17 525 4007 897 42190 310 9932
F4E_CLK 140 1 1 525 2711 1009 1418 201 409
F4E_CLK 951 31 15 524 3884 1127 38229 337 9441
F4E_CLK 556 4 4 526 3302 1079 5992 267 1031
F4E_CLK 571 64 37 524 3479 812 80040 255 47889
F4E_CLK 1532 35 14 525 4453 1013 50501 471 3994
F4E_CLK 1603 64 64 525 4527 1334 129079 525 82136
F4E_CLK 1396 64 64 524 4494 1044 122287 441 114398
F4E_CLK 1145 64 64 525 4457 1058 116957 410 138088
F4E_CLK 945 64 63 525 4079 884 102368 365 127821
F4E_CLK 874 43 25 526 3913 1103 53519 323 19498
F4E_CLK 860 26 16 524 3553 1003 33690 342 9655
F4E_CLK 385 28 3 525 3092 789 24886 208 655
F4E_CLK 857 39 16 524 3765 893 45868 305 8290
F4E_CLK 133 7 1 525 2693 1114 5898 208 412
F4E_CLK 845 47 15 524 3905 873 51773 291 8337
F4E_CLK 128 5 1 524 2751 937 4276 196 409
F4E_CLK 839 37 14 526 3752 1093 41952 287 7277
F4E_CLK 0 0 0 526 486 0 240 84 320
F4E_CLK 616 59 39 525 3381 1158 79297 246 50331
F4E_CLK 1181 44 7 526 4407 1033 53110 449 1394
F4E_CLK 1491 64 64 525 4424 1116 127448 491 63787
F4E_CLK 1365 64 64 526 4545 1064 120965 450 100765
F4E_CLK 1229 64 64 527 4495 1035 119323 415 124502
F4E_CLK 1135 64 64 524 4355 1184 118600 371 123361
F4E_CLK 1079 64 64 524 4492 1057 116480 413 101784
F4E_CLK 1006 64 21 524 4170 896 72704 346 8664
F4E_CLK 663 54 11 526 3551 1327 54092 263 3849
F4E_CLK 984 30 16 524 3988 916 38754 307 9694
F4E_CLK 209 5 1 525 2809 1363 4263 198 412
F4E_CLK 977 38 15 526 3975 1220 45398 348 7230
F4E_CLK 207 1 1 527 2735 1084 1267 200 409
F4E_CLK 975 29 14 526 3916 1094 37242 336 6832
F4E_CLK 0 0 0 526 486 0 240 84 321
F4E_CLK 947 15 6 527 3858 886 17535 331 1595
F4E_CLK 853 57 8 525 3618 1050 55486 310 2746
F4E_CLK 0 0 0 526 486 0 240 84 321
F4E_CLK 929 35 12 527 3896 853 41953 354 5088
F4E_CLK 0 0 0 527 486 0 240 84 320
F4E_CLK 0 0 0 525 486 0 240 84 321
F4_F2_ECHELON: 14861 x 332 words, 12091 pivots: upload 6.8 ms, device 43.9 ms, download 0.0 ms, 9.86e8 word XORs
K_1/2^11 m=2 x=301 D=5 f5=true [cuda:NVIDIA GeForce RTX 4090 sm_89 x128 code=sm_89]: 14861 x 21196 (eliminated 14861 rows), rank 12091, refuted false, pinned 0; build 0.279 s, eliminate 0.051 s, total 0.330 s, 9.864e8 word XORs
Stage diagnostic only: one oracle matrix, not an ECDLP cost.
