F4E_CLK 241 64 64 1082 4395 1013 92153 160 26181
F4E_CLK 260 63 58 520 3764 1192 86103 190 33482
F4E_CLK 267 63 55 519 3534 934 90818 184 45971
F4E_CLK 295 58 43 520 3465 962 73123 195 24181
F4E_CLK 210 49 28 519 3128 1022 57925 187 11524
F4E_CLK 297 61 49 520 3765 876 80059 201 37999
F4E_CLK 202 45 24 522 3350 868 50003 214 10000
F4E_CLK 344 55 50 520 4783 1224 72026 180 11883
F4E_CLK 518 64 64 519 4239 832 94625 233 41366
F4E_CLK 659 64 64 519 4788 1047 94907 289 19159
F4E_CLK 662 64 64 522 5239 1197 89897 300 18193
F4E_CLK 337 64 64 520 4729 1122 93093 181 43720
F4E_CLK 516 64 64 522 4586 1152 92092 245 26917
F4E_CLK 556 64 64 521 4923 1192 91683 259 19424
F4E_CLK 668 64 64 519 6317 1541 86899 267 15026
F4E_CLK 756 64 64 522 5684 1946 92784 274 15174
F4E_CLK 682 64 64 520 4425 1132 94934 265 41656
F4E_CLK 655 64 64 520 5011 976 92068 291 20835
F4E_CLK 628 64 64 521 5373 1104 87180 239 17669
F4E_CLK 611 64 64 522 5832 1181 88348 272 11532
F4E_CLK 596 64 64 521 5912 1147 87450 233 11849
F4E_CLK 625 64 64 520 5445 669 97108 265 40404
F4E_CLK 781 64 64 522 4585 1155 95763 311 28350
F4E_CLK 762 64 64 520 5087 1106 92183 301 22517
F4E_CLK 789 64 64 521 6784 905 95453 290 15044
F4E_CLK 1061 64 64 521 6421 1305 111712 429 14440
F4E_CLK 1248 64 64 519 7203 803 113451 425 9394
F4E_CLK 1236 64 64 521 7458 1012 113202 452 10470
F4E_CLK 615 64 64 521 4244 1850 91717 253 30702
F4E_CLK 655 64 64 521 4765 902 91205 266 31116
F4E_CLK 500 64 64 522 4313 914 88624 215 20561
F4E_CLK 1121 64 64 521 6840 1025 111993 374 13943
F4E_CLK 1245 64 64 519 7064 1382 113646 451 12412
F4E_CLK 1409 64 64 521 7116 1197 116248 481 9418
F4E_CLK 1347 64 64 521 7028 1092 114569 436 12201
F4E_CLK 901 64 64 521 6658 737 96127 338 14898
F4E_CLK 897 64 64 521 6838 1733 92993 332 7023
F4E_CLK 535 64 64 521 4554 877 92713 223 43046
F4E_CLK 485 64 64 522 3535 1802 85113 212 26808
F4E_CLK 323 64 64 519 3963 1494 80925 189 20111
F4E_CLK 907 64 64 522 5973 891 95047 344 15034
F4E_CLK 693 64 64 521 5774 1265 89668 271 14886
F4E_CLK 1057 64 64 521 7182 1181 112916 419 10709
F4E_CLK 1474 64 64 522 7521 1055 115337 483 8735
F4E_CLK 1491 64 64 520 6615 1346 116440 477 15940
F4E_CLK 1384 64 64 521 6712 1655 114345 390 10833
F4E_CLK 1319 64 64 521 7337 1123 113794 429 9959
F4E_CLK 784 64 36 520 4816 860 78234 253 7879
F4E_CLK 183 44 35 521 3140 868 58600 205 37371
F4E_CLK 163 38 11 520 3014 1225 37276 179 3816
F4E_CLK 149 35 9 520 2924 1599 33837 197 2640
F4E_CLK 36 18 3 520 2847 928 15645 147 785
F4E_CLK 90 26 3 521 2844 967 22103 180 779
F4E_CLK 37 24 3 520 2948 1083 20412 186 915
F4E_CLK 330 25 25 519 3623 1094 30431 201 3347
F4E_CLK 741 64 64 521 4256 891 95977 250 45565
F4E_CLK 462 64 64 522 3849 1579 86784 220 26076
F4E_CLK 339 64 64 522 4902 1280 81899 182 18884
F4E_CLK 722 64 64 520 5297 1179 90658 288 31528
F4E_CLK 652 64 64 522 3914 1255 92165 239 35434
F4E_CLK 399 64 64 521 3253 1872 83095 209 24270
F4E_CLK 876 64 64 520 5727 1570 95047 275 13428
F4E_CLK 868 44 44 519 5250 1109 65872 291 11488
F4E_CLK 529 63 46 522 3676 897 81790 237 28005
F4E_CLK 243 39 18 534 3052 1497 44498 153 9968
F4E_CLK 251 33 12 534 2985 1263 34197 165 3242
F4E_CLK 1067 64 64 536 6223 1760 111878 418 16264
F4E_CLK 1049 64 64 537 6383 1006 111516 383 16293
F4E_CLK 922 44 41 535 4718 766 65163 334 24470
F4E_CLK 397 60 36 537 3689 1304 71216 190 18357
F4E_CLK 172 27 11 536 2912 1053 29657 189 4506
F4E_CLK 904 53 32 536 4913 1296 68342 358 6601
F4E_CLK 1371 64 64 538 6610 1226 114673 415 13181
F4E_CLK 1555 64 64 537 6530 1482 116998 530 12881
F4E_CLK 1339 64 64 534 6060 1196 115136 451 18169
F4E_CLK 937 44 44 537 5052 1212 65573 339 19779
F4E_CLK 335 61 39 537 3455 1011 73373 180 17695
F4E_CLK 150 28 12 535 2910 1080 30452 142 4632
F4E_CLK 428 46 25 537 3678 1257 49416 202 5032
F4E_CLK 838 64 64 534 5424 1569 91548 314 15613
F4E_CLK 1285 64 64 535 6301 1478 114084 416 15512
F4E_CLK 927 64 64 536 6023 1207 95294 347 16417
F4E_CLK 1371 64 64 534 6893 1019 115687 406 11101
F4E_CLK 1441 64 64 535 6840 1195 115120 494 12586
F4E_CLK 445 44 40 536 3323 795 61174 188 26281
F4E_CLK 244 56 30 537 3287 1000 62826 172 14368
F4E_CLK 108 32 15 536 3059 970 37718 192 6995
F4E_CLK 801 44 35 535 4602 1313 59073 295 7332
F4E_CLK 1092 64 64 545 6902 1080 109698 377 12150
F4E_CLK 1379 64 64 535 6878 1475 113538 444 11774
F4E_CLK 1263 64 64 537 6200 1446 113115 413 16198
F4E_CLK 1290 64 64 536 6484 1518 113184 456 15339
F4E_CLK 1449 64 64 535 7636 1020 116765 497 10751
F4E_CLK 1146 64 64 534 6317 978 113035 407 17700
F4E_CLK 923 64 64 536 6248 927 97095 347 13474
F4E_CLK 140 62 43 535 3966 1383 78128 185 22625
F4E_CLK 48 28 12 536 2949 1003 31828 165 4201
F4E_CLK 476 62 41 534 4969 1115 74691 195 10303
F4E_CLK 794 64 64 536 5588 1395 94911 307 11838
F4E_CLK 822 64 64 536 6003 1531 93783 328 10864
F4E_CLK 696 64 64 535 5609 1003 89441 277 16961
F4E_CLK 831 64 64 536 6270 735 95450 310 16044
F4E_CLK 951 64 64 534 7247 1098 95606 340 7047
F4E_CLK 843 64 64 536 5590 797 91312 295 17016
F4E_CLK 1104 64 64 535 7480 1193 111460 417 11415
F4E_CLK 692 64 64 534 5457 1117 85801 283 14336
F4E_CLK 996 52 52 535 6645 912 80882 352 10752
F4E_CLK 0 0 0 535 486 0 240 84 348
F4E_CLK 44 33 3 536 2955 1034 27673 195 921
F4E_CLK 0 0 0 536 486 0 240 84 348
F4E_CLK 0 0 0 536 486 0 240 84 347
F4E_CLK 0 0 0 537 486 0 240 84 346
F4E_CLK 0 0 0 818 486 0 240 84 350
F4E_CLK 0 0 0 537 486 0 240 84 346
F4E_CLK 184 39 35 535 3036 1025 53958 169 21687
F4E_CLK 163 58 31 534 3246 1078 65630 179 14736
F4E_CLK 66 31 15 535 3134 1456 35567 195 7553
F4E_CLK 90 23 14 534 3251 1222 27462 175 4400
F4E_CLK 107 63 46 537 3781 840 72097 186 25581
F4E_CLK 33 39 18 538 3054 1042 40980 157 9381
F4E_CLK 36 33 12 536 3367 1026 32995 170 3781
F4E_CLK 687 63 63 535 4489 1464 88769 295 15452
F4E_CLK 15 33 3 536 2536 1215 29445 215 781
F4E_CLK 18 24 3 535 2629 910 20578 219 780
F4E_CLK 0 0 0 538 486 0 240 84 347
F4E_CLK 532 37 37 534 3905 1252 48656 258 8055
F4E_CLK 696 64 64 534 5367 1347 88586 290 11961
F4E_CLK 820 43 43 535 5219 1267 62878 301 6776
F4E_CLK 30 51 6 511 2884 1121 44986 212 1090
F4E_CLK 0 0 0 510 486 0 240 84 349
F4E_CLK 0 0 0 510 486 0 240 84 347
F4E_CLK 462 57 57 509 4067 1466 73476 209 14713
F4E_CLK 718 64 64 509 5462 1158 88753 271 14759
F4E_CLK 938 46 32 510 4987 1322 61564 331 5511
F4E_CLK 824 25 25 509 4434 793 36076 266 3019
F4E_CLK 20 46 6 510 2636 1028 40148 222 1365
F4E_CLK 0 0 0 802 486 0 240 84 349
F4E_CLK 0 0 0 508 486 0 240 84 348
F4E_CLK 415 50 50 511 4535 935 66417 225 13127
F4E_CLK 505 64 64 510 4902 1343 85444 197 14343
F4E_CLK 723 48 39 511 5109 1106 64297 266 7213
F4E_CLK 723 25 25 510 4320 652 36640 291 4617
F4E_CLK 385 41 14 509 3362 990 41868 225 3995
F4E_CLK 805 34 34 510 4993 636 48732 300 5700
F4E_CLK 0 0 0 799 486 0 240 84 348
F4E_CLK 0 0 0 511 486 0 240 84 349
F4E_CLK 10 2 2 509 2004 1003 2631 211 540
F4E_CLK 482 64 64 508 5157 801 84826 221 15429
F4E_CLK 418 64 64 510 4695 1122 83640 200 15559
F4E_CLK 741 64 64 509 5550 1509 87187 274 13374
F4E_CLK 968 64 64 511 7159 1254 96689 324 8301
F4E_CLK 884 64 64 510 6321 1043 92363 313 12141
F4E_CLK 773 64 64 512 5811 1326 90413 295 15053
F4E_CLK 900 64 64 510 6593 1186 94309 315 10611
F4E_CLK 471 64 58 510 4553 661 86727 204 31876
F4E_CLK 129 45 24 511 3101 1082 50378 186 8198
F4E_CLK 82 40 14 510 3349 1131 39656 202 4824
F4E_CLK 713 64 64 510 5821 700 91559 288 16974
F4E_CLK 655 64 64 509 5122 1282 93363 282 16959
F4E_CLK 923 64 64 510 6710 1081 96708 351 15034
F4E_CLK 1350 64 64 510 7075 1462 114803 411 7497
F4E_CLK 1372 64 64 511 6962 1280 114221 437 12485
F4E_CLK 1290 64 64 510 6758 1045 112943 418 15110
F4E_CLK 1563 64 64 510 6826 1376 118357 532 10780
F4E_CLK 822 64 64 509 5740 1333 90389 285 16039
F4E_CLK 1669 64 64 510 6655 1464 119224 667 8784
F4E_CLK 964 52 24 510 4739 1075 64178 350 4412
F4E_CLK 39 24 6 509 2847 881 21714 200 1364
F4E_CLK 0 0 0 802 486 0 240 84 349
F4E_CLK 523 58 58 510 4820 895 79316 243 14660
F4E_CLK 566 64 64 512 5379 670 87211 240 15153
F4E_CLK 1166 64 64 509 6867 997 112029 413 14098
F4E_CLK 1645 64 64 511 7265 1658 118371 464 7814
F4E_CLK 1107 64 64 510 5664 1712 111263 396 16842
F4E_CLK 1601 64 64 511 6395 1700 116207 551 12286
F4E_CLK 1441 64 64 511 7354 915 113399 472 10234
F4E_CLK 1217 64 64 511 5623 2323 110568 431 15198
F4E_CLK 1368 64 64 511 7272 1297 113570 446 9956
F4E_CLK 1029 64 37 509 5686 1079 93231 414 6677
F4E_CLK 419 64 64 509 4767 1241 86815 208 16496
F4E_CLK 193 21 21 511 3873 1377 28318 185 4582
F4E_CLK 0 0 0 511 486 0 240 84 346
F4E_CLK 0 0 0 509 486 0 240 84 349
F4E_CLK 0 0 0 511 486 0 240 84 347
F4E_CLK 0 0 0 786 486 0 240 84 351
F4E_CLK 0 0 0 511 486 0 240 84 348
F4E_CLK 0 0 0 509 486 0 240 84 350
F4E_CLK 9 4 3 509 1898 929 4871 194 780
F4E_CLK 9 12 3 509 1899 1289 11818 199 782
F4E_CLK 0 0 0 508 486 0 240 84 349
F4E_CLK 0 0 0 510 486 0 240 84 348
F4E_CLK 6 30 3 511 1577 933 26128 164 1055
F4E_CLK 3 24 3 521 1259 830 18963 160 651
F4E_CLK 0 0 0 520 486 0 240 84 347
F4E_CLK 282 34 34 518 3702 1192 44152 159 8164
F4E_CLK 164 32 32 520 3738 1487 40690 200 5567
F4E_CLK 0 0 0 521 486 0 240 84 348
F4E_CLK 0 0 0 520 486 0 240 84 347
F4E_CLK 0 0 0 518 486 0 240 84 349
F4E_CLK 153 36 9 520 2786 958 33168 136 3762
F4E_CLK 144 36 9 521 2898 1344 35192 174 3332
F4E_CLK 408 12 12 521 3663 658 16817 179 1634
F4E_CLK 0 0 0 520 486 0 240 84 349
F4E_CLK 0 0 0 520 486 0 240 84 346
F4E_CLK 134 9 6 518 2791 1540 10916 170 1793
F4E_CLK 129 23 9 519 2788 1285 23670 201 4167
F4E_CLK 444 28 15 519 3675 1040 31397 213 1926
F4E_CLK 174 6 6 519 2692 1049 7911 190 958
F4E_CLK 502 19 19 519 3930 763 27136 196 2368
F4E_CLK 0 0 0 519 486 0 240 84 348
F4E_CLK 0 0 0 520 486 0 240 84 349
F4E_CLK 103 2 2 520 2735 1278 3002 205 540
F4E_CLK 113 33 7 518 2974 1158 30957 196 2017
F4E_CLK 456 48 21 519 3798 675 50816 204 5181
F4E_CLK 0 0 0 521 486 0 240 84 348
F4E_CLK 480 25 25 519 3978 976 33687 211 2981
F4E_CLK 501 36 25 519 3762 1274 43623 217 4616
F4E_CLK 89 2 2 519 2739 1366 2713 175 676
F4E_CLK 0 0 0 518 486 0 240 84 349
F4E_CLK 0 0 0 520 486 0 240 84 347
F4E_CLK 218 33 33 520 3481 1029 42402 158 6927
F4E_CLK 243 64 64 520 4812 1080 77997 176 12194
F4E_CLK 425 47 47 520 4413 1378 58006 221 8261
F4E_CLK 273 15 15 521 3690 692 20440 160 1916
F4E_CLK 243 10 10 518 3204 997 13435 196 1373
F4E_CLK 601 39 39 519 4598 929 51491 219 6109
F4E_CLK 198 11 11 519 3351 1073 14281 164 1477
F4E_CLK 683 64 64 518 5624 1487 91559 262 16095
F4E_CLK 180 62 42 519 3365 967 74793 198 20447
F4E_CLK 70 28 12 519 3026 1083 30352 203 4199
F4E_CLK 565 63 42 520 4293 1645 76376 254 11225
F4E_CLK 760 64 64 519 5616 1656 90431 285 11854
F4E_CLK 1333 64 64 520 6196 1992 114034 410 10412
F4E_CLK 1252 64 64 520 6121 1501 114009 428 16187
F4E_CLK 1350 64 64 520 6752 848 115295 419 16090
F4E_CLK 1908 64 64 518 6973 1555 125317 636 7078
F4E_CLK 1182 64 64 520 6522 1155 111369 407 17010
F4E_CLK 1856 64 64 521 7047 1067 124392 615 8178
F4E_CLK 1244 64 64 519 6582 1309 113036 407 12881
F4E_CLK 1620 62 54 518 5976 941 111799 554 9896
F4E_CLK 22 12 3 520 2639 909 11051 221 640
F4E_CLK 0 0 0 518 486 0 240 84 349
F4E_CLK 388 25 25 520 4152 839 33281 215 4733
F4E_CLK 571 64 64 518 4789 1805 85439 252 12649
F4E_CLK 1223 55 55 519 6400 1172 95194 422 11532
F4E_CLK 674 43 16 521 3974 1102 46618 276 4407
F4E_CLK 1187 43 27 519 5080 1222 65490 412 5437
F4E_CLK 1729 39 39 519 5507 1258 73982 504 6456
F4E_CLK 369 39 12 520 3244 1039 38759 183 3689
F4E_CLK 1749 64 64 519 6305 1889 119862 550 9706
F4E_CLK 866 64 64 520 5366 1055 89020 286 16335
F4E_CLK 1744 64 64 519 6127 1065 124355 597 14776
F4E_CLK 457 56 37 520 4328 957 64487 203 8609
F4E_CLK 622 54 54 519 4855 921 74676 236 10398
F4E_CLK 0 0 0 519 486 0 240 84 347
F4E_CLK 0 0 0 520 486 0 240 84 348
F4E_CLK 143 7 6 508 2791 1189 9159 151 1648
F4E_CLK 136 21 8 510 2891 1026 21300 208 2674
F4E_CLK 950 35 16 510 4648 816 42551 313 2225
F4E_CLK 326 40 13 510 3264 875 40783 193 4052
F4E_CLK 1131 45 30 512 5466 1126 68469 389 5600
F4E_CLK 1513 39 39 510 5490 1027 72441 448 6348
F4E_CLK 0 0 0 509 486 0 240 84 347
F4E_CLK 1568 54 54 511 5627 1054 102038 541 10300
F4E_CLK 392 8 8 510 3263 1294 11209 200 1206
F4E_CLK 1402 64 64 508 6481 1072 114945 445 13679
F4E_CLK 464 63 37 511 4206 867 73674 210 7770
F4E_CLK 605 57 57 511 5259 642 80273 246 16643
F4E_CLK 441 35 35 510 4625 1234 46109 208 7003
F4E_CLK 615 58 58 510 5070 919 83687 268 13281
F4E_CLK 0 0 0 510 486 0 240 84 350
F4E_CLK 0 0 0 511 486 0 240 84 349
F4E_CLK 0 0 0 878 486 0 240 84 348
F4E_CLK 0 0 0 509 486 0 240 84 349
F4E_CLK 0 0 0 512 486 0 240 84 346
F4E_CLK 0 0 0 511 486 0 240 84 347
F4E_CLK 0 0 0 510 486 0 240 84 350
F4E_CLK 0 0 0 508 486 0 240 84 350
F4E_CLK 0 0 0 510 486 0 240 84 347
F4E_CLK 0 0 0 510 486 0 240 84 347
F4E_CLK 0 0 0 821 486 0 240 84 348
F4E_CLK 0 0 0 510 486 0 240 84 347
F4E_CLK 0 0 0 511 486 0 240 84 348
F4E_CLK 0 0 0 510 486 0 240 84 347
F4E_CLK 80 36 9 510 3030 1091 33330 203 3333
F4E_CLK 0 0 0 509 486 0 240 84 347
F4E_CLK 0 0 0 510 486 0 240 84 348
F4E_CLK 0 0 0 511 486 0 240 84 347
F4E_CLK 0 0 0 786 486 0 240 84 348
F4E_CLK 0 0 0 510 486 0 240 84 349
F4E_CLK 240 12 12 509 3239 1037 15843 171 1586
F4E_CLK 0 0 0 510 486 0 240 84 348
F4E_CLK 0 0 0 511 486 0 240 84 349
F4E_CLK 0 0 0 511 486 0 240 84 346
F4E_CLK 0 0 0 511 486 0 240 84 348
F4E_CLK 0 0 0 511 486 0 240 84 347
F4E_CLK 324 12 12 511 3200 986 16000 193 1595
F4E_CLK 51 1 1 510 2742 1123 1220 195 438
F4E_CLK 0 0 0 509 486 0 240 84 347
F4E_CLK 0 0 0 511 486 0 240 84 346
F4E_CLK 0 0 0 510 486 0 240 84 348
F4E_CLK 0 0 0 511 486 0 240 84 347
F4E_CLK 0 0 0 510 486 0 240 84 346
F4E_CLK 288 12 12 510 3172 1275 15623 191 1596
F4E_CLK 55 1 1 510 2742 1132 1214 183 443
F4E_CLK 0 0 0 511 486 0 240 84 347
F4E_CLK 85 3 3 511 2840 1287 4493 193 926
F4E_CLK 0 0 0 511 486 0 240 84 346
F4E_CLK 0 0 0 511 486 0 240 84 347
F4E_CLK 0 0 0 511 486 0 240 84 347
F4E_CLK 0 0 0 512 486 0 240 84 348
F4E_CLK 0 0 0 511 486 0 240 84 348
F4E_CLK 168 12 12 508 3147 1375 16238 170 1573
F4E_CLK 394 25 25 509 3981 642 33494 212 4588
F4E_CLK 252 15 15 512 3365 855 20175 204 2290
F4E_CLK 226 12 12 510 3096 1303 16419 159 1729
F4E_CLK 357 38 26 509 3787 1026 44181 209 3036
F4E_CLK 290 52 46 510 3545 766 71597 189 26023
F4E_CLK 141 46 25 509 3007 1312 54758 198 10106
F4E_CLK 91 49 17 510 3438 1409 51597 149 7489
F4E_CLK 672 60 60 519 5095 700 84484 265 15598
F4E_CLK 608 64 64 521 5119 1432 87450 257 15987
F4E_CLK 1301 64 64 518 6756 1271 113321 450 14808
F4E_CLK 1803 64 64 520 7324 1283 123195 625 7745
F4E_CLK 1344 64 64 520 6228 1214 114455 420 16225
F4E_CLK 1989 64 64 518 6398 1599 132872 143 11636
F4E_CLK 1932 64 64 520 6294 1967 132750 139 11187
F4E_CLK 1423 64 64 520 7041 1096 114457 479 14942
F4E_CLK 1955 64 64 518 6882 1083 132693 132 10088
F4E_CLK 1357 53 27 520 5354 1070 77762 435 4927
F4E_CLK 22 24 3 518 2645 910 20650 219 642
F4E_CLK 0 0 0 520 486 0 240 84 349
F4E_CLK 453 52 52 520 4004 1325 69096 205 13647
F4E_CLK 413 64 64 519 4665 1261 82385 195 13478
F4E_CLK 1128 46 37 520 5236 1248 74696 412 6153
F4E_CLK 1378 25 25 519 5109 900 44741 427 4722
F4E_CLK 603 43 16 521 3840 1001 45833 262 4531
F4E_CLK 1887 48 40 520 5714 1061 89031 614 6969
F4E_CLK 1423 38 31 520 5381 1141 63308 496 4321
F4E_CLK 1513 64 64 520 6335 1485 114464 474 11906
F4E_CLK 1635 64 64 521 6817 1138 117754 575 9679
F4E_CLK 1444 64 41 520 5500 1451 100768 442 10231
F4E_CLK 796 60 60 520 5488 945 86605 302 15420
F4E_CLK 551 27 27 519 4270 810 37745 251 5374
F4E_CLK 0 0 0 800 486 0 240 84 350
F4E_CLK 0 0 0 520 486 0 240 84 346
F4E_CLK 117 28 9 520 2931 890 27895 196 3473
F4E_CLK 107 26 9 518 3061 1127 25967 145 3758
F4E_CLK 648 12 12 521 4022 675 17083 291 1615
F4E_CLK 1228 25 25 519 5224 838 44532 375 3054
F4E_CLK 240 4 4 519 2828 928 5398 189 747
F4E_CLK 1496 35 35 520 5669 1301 63893 461 5197
F4E_CLK 1175 27 27 519 5212 1097 47369 364 3245
F4E_CLK 1247 27 27 518 4812 1275 48346 432 3497
F4E_CLK 1161 35 35 519 5856 791 60550 428 5672
F4E_CLK 1293 64 44 519 5725 1075 99829 424 9140
F4E_CLK 870 57 57 519 5397 1010 84463 281 11976
F4E_CLK 655 30 30 520 4615 899 44026 287 5417
F4E_CLK 760 62 62 519 5720 1004 87872 239 10130
F4E_CLK 623 31 31 520 3993 1070 44488 284 6488
F4E_CLK 0 0 0 821 486 0 240 84 350
F4E_CLK 0 0 0 520 486 0 240 84 346
F4E_CLK 0 0 0 521 486 0 240 84 346
F4E_CLK 0 0 0 519 486 0 240 84 346
F4E_CLK 432 12 12 518 3663 647 16303 198 1633
F4E_CLK 764 13 13 519 3898 841 19306 286 1753
F4E_CLK 0 0 0 519 486 0 240 84 348
F4E_CLK 930 15 15 520 4310 811 23285 308 1990
F4E_CLK 728 23 23 521 4200 704 33107 265 4295
F4E_CLK 1139 31 31 519 5609 1326 54267 392 6106
F4E_CLK 984 31 25 521 4978 1011 44340 322 3034
F4E_CLK 397 34 18 519 3531 953 38722 198 5967
F4E_CLK 798 53 53 518 5092 1065 76580 286 13183
F4E_CLK 729 34 34 519 4438 956 48057 247 5866
F4E_CLK 654 58 30 521 4555 917 65600 260 4464
F4E_CLK 539 27 27 519 4019 1165 37570 243 6346
F4E_CLK 318 6 6 519 2895 1114 8601 181 1673
F4E_CLK 383 21 21 519 3365 1234 28658 185 6538
F4E_CLK 0 0 0 520 486 0 240 84 348
F4E_CLK 0 0 0 520 486 0 240 84 349
F4E_CLK 0 0 0 518 486 0 240 84 347
F4E_CLK 0 0 0 520 486 0 240 84 348
F4E_CLK 0 0 0 520 486 0 240 84 346
F4E_CLK 0 0 0 520 486 0 240 84 346
F4E_CLK 0 0 0 860 486 0 240 84 348
F4E_CLK 0 0 0 556 486 0 240 84 348
F4E_CLK 0 0 0 557 486 0 240 84 346
F4E_CLK 0 0 0 558 486 0 240 84 347
F4E_CLK 0 0 0 557 486 0 240 84 349
F4E_CLK 0 0 0 557 486 0 240 84 347
F4E_CLK 0 0 0 556 486 0 240 84 349
F4E_CLK 0 0 0 556 486 0 240 84 348
F4E_CLK 0 0 0 862 486 0 240 84 348
F4E_CLK 0 0 0 555 486 0 240 84 348
F4E_CLK 0 0 0 558 486 0 240 84 347
F4E_CLK 0 0 0 558 486 0 240 84 347
F4E_CLK 0 0 0 557 486 0 240 84 347
F4E_CLK 0 0 0 558 486 0 240 84 347
F4E_CLK 0 0 0 555 486 0 240 84 350
F4E_CLK 0 0 0 555 486 0 240 84 350
F4E_CLK 0 0 0 868 486 0 240 84 348
F4E_CLK 0 0 0 557 486 0 240 84 347
F4E_CLK 0 0 0 557 486 0 240 84 349
F4E_CLK 0 0 0 558 486 0 240 84 347
F4E_CLK 0 0 0 558 486 0 240 84 348
F4E_CLK 49 1 1 555 2743 1380 1198 195 438
F4E_CLK 0 0 0 555 486 0 240 84 350
F4E_CLK 0 0 0 557 486 0 240 84 347
F4E_CLK 0 0 0 859 486 0 240 84 348
F4E_CLK 0 0 0 558 486 0 240 84 347
F4E_CLK 0 0 0 557 486 0 240 84 349
F4E_CLK 0 0 0 557 486 0 240 84 348
F4E_CLK 44 1 1 556 2751 1269 1195 195 435
F4E_CLK 0 0 0 555 486 0 240 84 348
F4E_CLK 44 2 1 557 2752 1306 1849 209 437
F4E_CLK 0 0 0 557 486 0 240 84 348
F4E_CLK 0 0 0 863 486 0 240 84 348
F4E_CLK 0 0 0 558 486 0 240 84 346
F4E_CLK 0 0 0 559 486 0 240 84 347
F4E_CLK 112 8 8 557 3372 842 10454 205 1157
F4E_CLK 56 4 4 567 2944 888 5517 176 754
F4E_CLK 40 1 1 555 2751 1196 1195 179 435
F4E_CLK 40 1 1 557 2749 1129 1157 195 438
F4E_CLK 58 2 2 557 2748 1145 2851 199 546
F4E_CLK 75 6 5 555 3029 1008 7849 195 1401
F4E_CLK 244 64 54 556 3201 1564 87652 193 35428
F4E_CLK 141 47 21 557 3105 1395 51848 215 8168
F4E_CLK 186 42 21 557 3466 1323 45194 185 4861
F4E_CLK 640 64 64 555 4820 980 91426 243 16980
F4E_CLK 941 64 64 557 6244 693 94966 369 16998
F4E_CLK 795 64 64 558 5510 993 94256 274 16053
F4E_CLK 1752 64 64 556 6657 1475 120689 570 11224
F4E_CLK 1715 64 64 558 6912 1266 120617 617 9121
F4E_CLK 1115 64 64 557 6343 1455 108716 392 16032
F4E_CLK 1966 64 64 559 6146 1323 132401 151 12418
F4E_CLK 375 64 64 557 4676 732 85314 202 16932
F4E_CLK 1959 64 64 556 5956 1071 134778 142 13954
F4E_CLK 693 52 13 555 4111 669 52549 266 2028
F4E_CLK 14 16 1 559 2427 892 13612 201 436
F4E_CLK 12 4 4 555 2215 933 5338 197 746
F4E_CLK 400 64 64 557 5013 975 81299 201 16117
F4E_CLK 436 64 64 557 4595 885 82023 205 15559
F4E_CLK 971 42 21 556 4677 790 52040 331 4680
F4E_CLK 1478 35 31 556 4951 1333 61905 516 6103
F4E_CLK 1323 39 26 555 5480 965 61083 441 4931
F4E_CLK 1523 43 25 556 4994 1053 66724 494 4856
F4E_CLK 1684 46 46 557 5680 865 87574 585 8904
F4E_CLK 923 64 64 557 5672 1212 93178 344 15031
F4E_CLK 1808 64 64 542 6855 1299 125243 590 12720
F4E_CLK 1485 64 37 540 5707 1346 96652 490 6494
F4E_CLK 953 64 64 539 6146 840 95766 308 15610
F4E_CLK 496 11 11 540 3627 712 16096 191 2233
F4E_CLK 0 0 0 541 486 0 240 84 347
F4E_CLK 0 0 0 541 486 0 240 84 349
F4E_CLK 108 36 9 541 3156 1228 34011 186 2362
F4E_CLK 95 36 9 538 3245 1012 33618 151 3335
F4E_CLK 684 12 12 539 3932 692 16610 288 1630
F4E_CLK 1188 25 25 540 4826 967 44208 395 4672
F4E_CLK 804 20 20 541 4480 659 28702 287 2489
F4E_CLK 633 7 7 541 3405 1001 10156 250 1133
F4E_CLK 1210 43 27 540 5408 863 65773 372 3538
F4E_CLK 395 3 3 541 3126 916 4539 203 825
F4E_CLK 1372 51 51 540 5921 922 90123 421 14163
F4E_CLK 1080 64 37 541 5854 1248 92206 405 7122
F4E_CLK 1021 64 64 541 6227 1030 97970 320 16165
F4E_CLK 786 28 28 541 4543 1174 40244 301 3731
F4E_CLK 930 64 64 540 5720 1034 96411 336 12820
F4E_CLK 530 15 15 541 3455 1146 20993 232 3450
F4E_CLK 0 0 0 541 486 0 240 84 348
F4E_CLK 0 0 0 541 486 0 240 84 347
F4E_CLK 0 0 0 540 486 0 240 84 348
F4E_CLK 0 0 0 541 486 0 240 84 348
F4E_CLK 504 12 12 539 3708 634 16778 213 1636
F4E_CLK 214 1 1 540 2699 1666 1249 169 448
F4E_CLK 0 0 0 541 486 0 240 84 349
F4E_CLK 362 3 3 539 3127 1413 4226 182 694
F4E_CLK 365 3 3 543 2847 1274 4301 192 821
F4E_CLK 364 3 3 541 3000 1142 4389 178 975
F4E_CLK 1126 47 27 540 5562 837 69308 424 4836
F4E_CLK 556 48 21 542 3520 1187 53296 248 5308
F4E_CLK 936 64 64 540 5900 954 95238 304 15841
F4E_CLK 741 28 28 540 4505 798 40223 283 4146
F4E_CLK 782 44 28 543 4382 954 55811 311 6730
F4E_CLK 635 19 19 541 3898 917 27787 260 4007
F4E_CLK 426 10 10 543 2993 1055 14770 214 3203
F4E_CLK 476 17 17 540 3222 845 23725 206 7118
F4E_CLK 0 0 0 540 486 0 240 84 348
F4E_CLK 0 0 0 541 486 0 240 84 347
F4E_CLK 0 0 0 840 486 0 240 84 347
F4E_CLK 0 0 0 541 486 0 240 84 347
F4E_CLK 0 0 0 540 486 0 240 84 347
F4E_CLK 195 1 1 541 2730 1124 1606 163 459
F4E_CLK 0 0 0 539 486 0 240 84 348
F4E_CLK 356 3 3 542 2826 1302 4411 187 686
F4E_CLK 198 1 1 540 2821 945 1186 172 446
F4E_CLK 378 5 5 541 3070 954 8419 182 1448
F4E_CLK 173 1 1 541 2692 1043 1564 167 449
F4E_CLK 412 39 18 538 3158 1217 41557 182 5568
F4E_CLK 952 58 58 541 6455 675 87209 350 15213
F4E_CLK 771 29 29 540 4446 1005 43573 330 5150
F4E_CLK 779 63 30 541 5259 692 72609 334 4054
F4E_CLK 731 27 27 540 4066 890 38362 260 5551
F4E_CLK 407 6 6 542 3065 1158 9972 179 1724
F4E_CLK 500 21 21 541 3656 1011 30091 223 8079
F4E_CLK 395 6 6 540 3066 981 8349 211 1956
F4E_CLK 470 27 15 540 3383 1092 30763 223 5517
F4E_CLK 0 0 0 540 486 0 240 84 349
F4E_CLK 0 0 0 541 486 0 240 84 349
F4E_CLK 0 0 0 540 486 0 240 84 347
F4E_CLK 0 0 0 541 486 0 240 84 350
F4E_CLK 0 0 0 540 486 0 240 84 349
F4E_CLK 0 0 0 541 486 0 240 84 348
F4E_CLK 0 0 0 840 486 0 240 84 348
F4E_CLK 0 0 0 557 486 0 240 84 346
F4E_CLK 0 0 0 555 486 0 240 84 348
F4E_CLK 0 0 0 557 486 0 240 84 348
F4E_CLK 0 0 0 555 486 0 240 84 349
F4E_CLK 0 0 0 558 486 0 240 84 346
F4E_CLK 0 0 0 559 486 0 240 84 346
F4E_CLK 0 0 0 556 486 0 240 84 347
F4E_CLK 0 0 0 840 486 0 240 84 347
F4E_CLK 0 0 0 558 486 0 240 84 347
F4E_CLK 0 0 0 556 486 0 240 84 348
F4E_CLK 0 0 0 558 486 0 240 84 347
F4E_CLK 0 0 0 555 486 0 240 84 348
F4E_CLK 0 0 0 558 486 0 240 84 347
F4E_CLK 0 0 0 559 486 0 240 84 346
F4E_CLK 0 0 0 557 486 0 240 84 348
F4E_CLK 0 0 0 860 486 0 240 84 348
F4E_CLK 0 0 0 555 486 0 240 84 350
F4E_CLK 0 0 0 557 486 0 240 84 346
F4E_CLK 0 0 0 558 486 0 240 84 347
F4E_CLK 0 0 0 557 486 0 240 84 348
F4E_CLK 0 0 0 558 486 0 240 84 347
F4E_CLK 0 0 0 557 486 0 240 84 348
F4E_CLK 0 0 0 558 486 0 240 84 347
F4E_CLK 0 0 0 881 486 0 240 84 346
F4E_CLK 0 0 0 557 486 0 240 84 347
F4E_CLK 0 0 0 557 486 0 240 84 348
F4E_CLK 0 0 0 556 486 0 240 84 350
F4E_CLK 0 0 0 557 486 0 240 84 348
F4E_CLK 0 0 0 557 486 0 240 84 346
F4E_CLK 0 0 0 557 486 0 240 84 348
F4E_CLK 0 0 0 558 486 0 240 84 348
F4E_CLK 0 0 0 861 486 0 240 84 346
F4E_CLK 0 0 0 558 486 0 240 84 346
F4E_CLK 0 0 0 555 486 0 240 84 347
F4E_CLK 0 0 0 557 486 0 240 84 348
F4E_CLK 0 0 0 555 486 0 240 84 349
F4E_CLK 33 1 1 557 2745 1256 1182 142 443
F4E_CLK 0 0 0 558 486 0 240 84 347
F4E_CLK 38 2 1 555 2748 1288 1849 209 436
F4E_CLK 30 2 1 557 2672 1301 1875 227 437
F4E_CLK 264 56 50 556 3446 1392 79228 199 33214
F4E_CLK 195 45 22 556 3347 1232 50666 150 7040
F4E_CLK 136 42 16 559 3091 1347 43603 177 4331
F4E_CLK 537 64 64 558 4762 847 87539 236 16961
F4E_CLK 583 64 64 559 4656 1166 90306 260 16955
F4E_CLK 1194 64 64 557 6398 1340 111801 416 16055
F4E_CLK 1840 64 64 556 7188 1291 124172 673 8410
F4E_CLK 1646 64 64 558 6292 1786 119207 571 11776
F4E_CLK 1649 64 64 557 6931 1201 119136 572 14808
F4E_CLK 1967 64 64 559 6504 1090 133437 132 11731
F4E_CLK 1105 64 64 559 6276 1591 109239 374 16035
F4E_CLK 2028 64 64 560 6263 1130 136648 91 10684
F4E_CLK 1103 52 19 559 5124 868 68398 396 2658
F4E_CLK 22 25 3 557 2644 910 21350 213 643
F4E_CLK 0 0 0 558 486 0 240 84 346
F4E_CLK 334 60 60 556 4655 914 77038 173 15282
F4E_CLK 375 64 64 557 4648 1404 82603 183 14594
F4E_CLK 888 44 29 557 4626 1028 56685 293 5654
F4E_CLK 1539 27 27 556 4816 1663 50489 520 4889
F4E_CLK 1111 48 22 557 5015 1070 66988 448 3345
F4E_CLK 1632 46 33 556 5593 985 76605 493 6114
F4E_CLK 1643 38 38 556 5616 1376 71733 528 6058
F4E_CLK 1292 64 64 557 6435 1609 110678 455 14358
F4E_CLK 1744 64 64 540 6926 917 121478 626 9659
F4E_CLK 1478 64 37 540 5685 1261 97633 505 8698
F4E_CLK 1110 64 64 541 5828 1613 110284 404 17900
F4E_CLK 699 19 19 542 3751 1013 27396 257 3217
F4E_CLK 0 0 0 538 486 0 240 84 349
F4E_CLK 0 0 0 541 486 0 240 84 349
F4E_CLK 107 32 9 540 3048 1387 31385 145 3619
F4E_CLK 93 30 9 541 3146 1086 28300 169 3330
F4E_CLK 636 12 12 540 3788 718 16154 260 1640
F4E_CLK 1151 25 25 540 5250 901 43216 410 2997
F4E_CLK 624 12 12 540 3877 694 16546 256 1635
F4E_CLK 968 15 15 541 4442 929 22754 324 2410
F4E_CLK 1072 35 25 540 5228 830 52620 389 2980
F4E_CLK 449 5 5 541 3226 926 7650 226 1438
F4E_CLK 1369 43 43 542 5950 1012 75733 441 6685
F4E_CLK 1209 64 37 542 5703 1112 94351 424 7025
F4E_CLK 1131 64 64 541 6173 900 112680 371 15030
F4E_CLK 883 28 28 540 4355 1425 42605 324 4566
F4E_CLK 1066 64 64 540 6541 801 111032 396 21087
F4E_CLK 800 23 23 541 4574 675 34172 277 4313
F4E_CLK 0 0 0 541 486 0 240 84 347
F4E_CLK 0 0 0 542 486 0 240 84 349
F4E_CLK 0 0 0 539 486 0 240 84 347
F4E_CLK 0 0 0 540 486 0 240 84 349
F4E_CLK 540 12 12 540 3709 830 16251 235 1642
F4E_CLK 196 1 1 540 2813 816 1440 164 469
F4E_CLK 0 0 0 541 486 0 240 84 348
F4E_CLK 373 3 3 539 2939 902 4436 195 1095
F4E_CLK 207 1 1 541 2740 1127 1422 176 446
F4E_CLK 406 5 5 539 3105 1052 7302 213 1155
F4E_CLK 1029 39 27 540 5391 934 58467 418 3158
F4E_CLK 443 40 16 540 3291 1246 43022 204 5491
F4E_CLK 1101 61 61 542 5692 1221 105037 383 15654
F4E_CLK 930 28 28 540 4887 947 43194 326 5112
F4E_CLK 910 60 28 541 5243 906 70882 332 5509
F4E_CLK 861 27 27 541 4698 700 41447 333 6096
F4E_CLK 505 6 6 541 3172 1251 9111 201 2267
F4E_CLK 609 21 21 540 3654 948 31120 262 7659
F4E_CLK 0 0 0 543 486 0 240 84 348
F4E_CLK 0 0 0 541 486 0 240 84 347
F4E_CLK 0 0 0 855 486 0 240 84 347
F4E_CLK 0 0 0 541 486 0 240 84 348
F4E_CLK 0 0 0 539 486 0 240 84 350
F4E_CLK 0 0 0 541 486 0 240 84 347
F4E_CLK 204 1 1 541 2737 1019 1298 165 460
F4E_CLK 187 2 1 541 2693 1196 1917 204 438
F4E_CLK 0 0 0 541 486 0 240 84 347
F4E_CLK 345 5 3 541 2970 954 6346 201 835
F4E_CLK 197 1 1 541 2815 816 1432 170 445
F4E_CLK 423 31 15 539 3207 1298 33827 231 4808
F4E_CLK 1029 50 50 539 6587 938 85734 443 11972
F4E_CLK 932 37 37 540 5058 978 56538 295 9353
F4E_CLK 946 55 30 543 5444 1282 66675 310 4379
F4E_CLK 868 27 27 541 4639 761 40567 285 6117
F4E_CLK 462 6 6 540 3135 1074 8648 218 1829
F4E_CLK 588 21 21 539 3672 1071 32082 228 9211
F4E_CLK 331 2 2 541 2964 917 2856 185 711
F4E_CLK 567 28 16 540 3825 897 34077 260 5625
F4E_CLK 0 0 0 542 486 0 240 84 347
F4E_CLK 0 0 0 541 486 0 240 84 346
F4E_CLK 0 0 0 539 486 0 240 84 349
F4E_CLK 0 0 0 541 486 0 240 84 347
F4E_CLK 0 0 0 541 486 0 240 84 348
F4E_CLK 0 0 0 541 486 0 240 84 346
F4E_CLK 0 0 0 915 486 0 240 84 347
F4E_CLK 0 0 0 547 486 0 240 84 346
F4E_CLK 0 0 0 548 486 0 240 84 348
F4E_CLK 343 5 3 548 2868 1114 5935 193 953
F4E_CLK 0 0 0 547 486 0 240 84 347
F4E_CLK 188 6 1 546 2706 1173 5073 172 442
F4E_CLK 679 62 35 547 4430 997 71196 288 7856
F4E_CLK 1057 61 61 548 6611 785 107079 400 16495
F4E_CLK 560 31 25 546 3978 1086 38553 275 2949
F4E_CLK 918 32 32 547 4822 807 50787 365 9640
F4E_CLK 242 1 1 547 2734 1294 1351 159 459
F4E_CLK 592 21 18 545 3608 1146 31572 236 6402
F4E_CLK 119 5 5 549 2833 1021 7187 188 1537
F4E_CLK 409 12 3 546 3134 1325 11756 212 818
F4E_CLK 123 18 9 546 3039 1216 21186 196 4579
F4E_CLK 0 0 0 544 486 0 240 84 349
F4E_CLK 122 24 9 547 3058 1246 24829 173 3608
F4E_CLK 0 0 0 546 486 0 240 84 351
F4E_CLK 0 0 0 545 486 0 240 84 346
F4E_CLK 0 0 0 548 486 0 240 84 346
F4E_CLK 0 0 0 547 486 0 240 84 346
F4E_CLK 0 0 0 548 486 0 240 84 346
F4E_CLK 0 0 0 545 486 0 240 84 348
F4E_CLK 0 0 0 548 486 0 240 84 347
F4E_CLK 0 0 0 898 486 0 240 84 348
F4E_CLK 0 0 0 548 486 0 240 84 347
F4E_CLK 0 0 0 548 486 0 240 84 348
F4E_CLK 0 0 0 548 486 0 240 84 348
F4E_CLK 0 0 0 546 486 0 240 84 349
F4E_CLK 0 0 0 548 486 0 240 84 348
F4E_CLK 0 0 0 546 486 0 240 84 347
F4E_CLK 0 0 0 548 486 0 240 84 348
F4E_CLK 0 0 0 917 486 0 240 84 348
F4E_CLK 0 0 0 548 486 0 240 84 348
F4E_CLK 0 0 0 545 486 0 240 84 349
F4E_CLK 0 0 0 547 486 0 240 84 348
F4E_CLK 0 0 0 548 486 0 240 84 348
F4E_CLK 0 0 0 548 486 0 240 84 348
F4E_CLK 0 0 0 546 486 0 240 84 346
F4E_CLK 0 0 0 549 486 0 240 84 346
F4E_CLK 0 0 0 923 486 0 240 84 348
F4E_CLK 0 0 0 546 486 0 240 84 350
F4E_CLK 0 0 0 547 486 0 240 84 349
F4E_CLK 0 0 0 549 486 0 240 84 347
F4E_CLK 0 0 0 548 486 0 240 84 348
F4E_CLK 0 0 0 546 486 0 240 84 348
F4E_CLK 0 0 0 546 486 0 240 84 346
F4E_CLK 0 0 0 549 486 0 240 84 347
F4E_CLK 0 0 0 901 486 0 240 84 347
F4E_CLK 0 0 0 547 486 0 240 84 347
F4E_CLK 0 0 0 548 486 0 240 84 346
F4E_CLK 0 0 0 546 486 0 240 84 349
F4E_CLK 0 0 0 549 486 0 240 84 348
F4E_CLK 0 0 0 546 486 0 240 84 350
F4E_CLK 0 0 0 548 486 0 240 84 349
F4E_CLK 0 0 0 548 486 0 240 84 349
F4E_CLK 0 0 0 916 486 0 240 84 346
F4E_CLK 0 0 0 547 486 0 240 84 348
F4E_CLK 0 0 0 549 486 0 240 84 348
F4E_CLK 0 0 0 548 486 0 240 84 348
F4E_CLK 0 0 0 547 486 0 240 84 349
F4E_CLK 0 0 0 547 486 0 240 84 347
F4E_CLK 0 0 0 547 486 0 240 84 347
F4E_CLK 117 5 5 545 2832 1540 6951 205 852
F4E_CLK 279 64 50 543 3534 1261 85361 182 35055
F4E_CLK 228 51 20 544 3046 1218 53667 182 8788
F4E_CLK 324 47 26 543 3773 1652 51810 182 4987
F4E_CLK 488 64 64 544 4867 1191 86630 230 15430
F4E_CLK 1104 64 64 544 6062 1267 112582 392 16291
F4E_CLK 438 64 64 547 4886 695 84940 200 16258
F4E_CLK 1719 64 64 543 6784 1136 120950 560 10954
F4E_CLK 1920 64 64 543 6960 1318 127533 618 8730
F4E_CLK 871 64 64 544 5509 1173 96489 324 16298
F4E_CLK 2054 64 64 544 6072 1257 148365 145 12416
F4E_CLK 537 64 64 546 4811 890 84195 241 16265
F4E_CLK 2022 64 64 545 6024 1477 135592 146 14921
F4E_CLK 606 52 9 544 3589 999 49134 244 1616
F4E_CLK 0 0 0 543 486 0 240 84 348
F4E_CLK 18 9 9 546 2647 905 11851 213 1260
F4E_CLK 347 64 64 543 4238 1177 81615 185 16530
F4E_CLK 746 64 64 543 4689 1465 88954 282 15448
F4E_CLK 712 39 16 544 3874 984 43863 298 4269
F4E_CLK 1504 39 31 543 5734 847 65440 469 6007
F4E_CLK 1657 44 31 544 5628 1198 73006 550 4353
F4E_CLK 1064 41 20 543 4855 953 57656 389 4549
F4E_CLK 1792 51 51 543 5913 1109 99283 631 7485
F4E_CLK 639 64 64 544 4842 1324 83441 258 16285
F4E_CLK 1812 64 64 544 6113 1087 125016 607 14507
F4E_CLK 1280 64 37 545 5779 1032 96960 477 7689
F4E_CLK 1200 64 64 544 6056 1280 112991 404 14226
F4E_CLK 580 6 6 543 3315 820 9524 260 1687
F4E_CLK 0 0 0 544 486 0 240 84 348
F4E_CLK 0 0 0 544 486 0 240 84 348
F4E_CLK 108 36 9 544 3060 1069 34330 145 3478
F4E_CLK 223 38 11 543 3031 871 36357 201 3401
F4E_CLK 630 10 10 544 3643 804 14315 259 1429
F4E_CLK 1210 25 25 544 5065 1078 43868 420 4672
F4E_CLK 1176 25 25 544 4944 1038 44701 399 3030
F4E_CLK 378 2 2 543 2997 1110 3132 189 580
F4E_CLK 1248 48 27 542 5689 785 69417 408 3388
F4E_CLK 426 3 3 544 3135 1302 4458 207 705
F4E_CLK 1472 56 56 544 5707 1147 102865 471 13020
F4E_CLK 1351 64 37 543 6043 1304 95002 432 7065
F4E_CLK 1265 64 64 544 5967 1007 114495 388 16448
F4E_CLK 1040 28 28 543 5762 965 48661 409 3404
F4E_CLK 1171 64 64 544 5974 1320 112416 450 20665
F4E_CLK 683 10 10 544 3583 1246 14905 277 2949
F4E_CLK 0 0 0 543 486 0 240 84 349
F4E_CLK 0 0 0 542 486 0 240 84 347
F4E_CLK 0 0 0 545 486 0 240 84 346
F4E_CLK 0 0 0 546 486 0 240 84 346
F4E_CLK 528 12 12 543 3654 787 15846 266 1600
F4E_CLK 226 1 1 544 2743 1250 1288 159 460
F4E_CLK 0 0 0 542 486 0 240 84 351
F4E_CLK 377 3 3 545 3030 933 4342 182 827
F4E_CLK 382 3 3 544 2998 820 4448 184 700
F4E_CLK 323 3 2 544 2955 1074 3795 197 704
F4E_CLK 1198 52 28 542 5762 797 75055 397 3641
F4E_CLK 755 52 25 543 4064 1386 60394 298 6295
F4E_CLK 1228 64 64 544 6633 1181 113821 418 18804
F4E_CLK 965 28 28 544 5159 832 42193 329 4156
F4E_CLK 953 37 28 543 5150 906 52100 310 6093
F4E_CLK 784 14 14 543 3695 1108 20883 315 3213
F4E_CLK 598 10 10 544 3160 1601 16044 273 4164
F4E_CLK 676 17 17 543 3626 1141 24930 258 6734
F4E_CLK 0 0 0 543 486 0 240 84 348
F4E_CLK 0 0 0 543 486 0 240 84 350
F4E_CLK 0 0 0 545 486 0 240 84 346
F4E_CLK 0 0 0 900 486 0 240 84 348
F4E_CLK 0 0 0 546 486 0 240 84 350
F4E_CLK 208 1 1 547 2805 1466 1214 153 457
F4E_CLK 0 0 0 548 486 0 240 84 347
F4E_CLK 216 2 1 548 2701 1414 1856 200 439
F4E_CLK 216 1 1 547 2685 1203 1158 169 445
F4E_CLK 0 0 0 546 486 0 240 84 346
F4E_CLK 362 3 3 548 3040 1236 4079 190 684
F4E_CLK 438 42 13 546 3371 1280 42053 224 4057
F4E_CLK 1216 63 63 547 6188 1031 111533 410 17830
F4E_CLK 981 28 28 548 4802 1300 43335 275 5402
F4E_CLK 989 56 28 548 5223 1064 69486 309 6243
F4E_CLK 1031 25 25 547 5064 1164 43919 410 5437
F4E_CLK 556 7 7 548 3355 1040 10441 225 2638
F4E_CLK 706 20 20 549 3622 1065 30226 272 8979
F4E_CLK 481 5 3 548 3111 1296 6049 215 1113
F4E_CLK 685 27 15 547 3761 1750 33139 300 4969
F4E_CLK 0 0 0 546 486 0 240 84 347
F4E_CLK 0 0 0 549 486 0 240 84 348
F4E_CLK 0 0 0 544 486 0 240 84 350
F4E_CLK 0 0 0 546 486 0 240 84 348
F4E_CLK 0 0 0 547 486 0 240 84 348
F4E_CLK 0 0 0 549 486 0 240 84 350
F4E_CLK 0 0 0 547 486 0 240 84 348
F4E_CLK 0 0 0 904 486 0 240 84 348
F4E_CLK 0 0 0 548 486 0 240 84 346
F4E_CLK 0 0 0 549 486 0 240 84 348
F4E_CLK 0 0 0 545 486 0 240 84 350
F4E_CLK 238 18 7 547 2702 1507 17634 180 1350
F4E_CLK 1015 55 42 549 5497 1658 77645 360 8464
F4E_CLK 1114 48 48 545 5677 1293 83689 402 11291
F4E_CLK 909 44 27 548 5230 1047 55312 339 5116
F4E_CLK 1088 30 30 547 5016 1353 53392 385 8636
F4E_CLK 501 3 3 546 3232 1655 4354 233 847
F4E_CLK 712 24 21 547 3766 1179 34921 268 8658
F4E_CLK 253 1 1 546 2834 1442 1166 147 466
F4E_CLK 567 18 11 546 3293 1107 20800 257 3318
F4E_CLK 0 0 0 546 486 0 240 84 347
F4E_CLK 0 0 0 546 486 0 240 84 350
F4E_CLK 155 24 9 544 2787 1530 24365 151 2791
F4E_CLK 0 0 0 941 486 0 240 84 348
F4E_CLK 0 0 0 546 486 0 240 84 350
F4E_CLK 0 0 0 550 486 0 240 84 348
F4E_CLK 0 0 0 546 486 0 240 84 349
F4E_CLK 0 0 0 544 486 0 240 84 350
F4E_CLK 0 0 0 549 486 0 240 84 347
F4E_CLK 0 0 0 548 486 0 240 84 347
F4E_CLK 0 0 0 548 486 0 240 84 349
F4E_CLK 0 0 0 900 486 0 240 84 349
F4E_CLK 0 0 0 547 486 0 240 84 348
F4E_CLK 0 0 0 546 486 0 240 84 348
F4E_CLK 29 32 9 547 2884 1032 30732 222 3334
F4E_CLK 1101 60 60 545 6526 1018 104608 419 16225
F4E_CLK 884 28 28 549 4696 937 42759 315 5672
F4E_CLK 895 62 29 547 5015 847 73572 309 4124
F4E_CLK 809 27 27 546 4630 1424 40488 305 5827
F4E_CLK 535 6 5 548 3275 1259 8096 232 1469
F4E_CLK 710 21 19 548 3739 1157 31318 272 7362
F4E_CLK 272 5 1 548 2758 1687 4328 181 454
F4E_CLK 564 23 11 548 3475 1143 25598 259 4140
F4E_CLK 0 0 0 546 486 0 240 84 348
F4E_CLK 158 21 9 545 2928 1065 21698 151 3624
F4E_CLK 0 0 0 546 486 0 240 84 349
F4E_CLK 120 2 2 547 2740 853 2459 207 676
F4E_CLK 154 28 7 544 2912 1321 26325 197 2437
F4E_CLK 0 0 0 542 486 0 240 84 350
F4E_CLK 0 0 0 546 486 0 240 84 348
F4E_CLK 0 0 0 545 486 0 240 84 348
F4E_CLK 0 0 0 543 486 0 240 84 346
F4E_CLK 0 0 0 545 486 0 240 84 348
F4E_CLK 0 0 0 546 486 0 240 84 347
F4E_CLK 0 0 0 544 486 0 240 84 347
F4E_CLK 0 0 0 905 486 0 240 84 350
F4E_CLK 0 0 0 544 486 0 240 84 347
F4E_CLK 0 0 0 544 486 0 240 84 347
F4E_CLK 0 0 0 545 486 0 240 84 348
F4E_CLK 0 0 0 543 486 0 240 84 350
F4E_CLK 0 0 0 545 486 0 240 84 346
F4E_CLK 0 0 0 542 486 0 240 84 350
F4E_CLK 0 0 0 545 486 0 240 84 348
F4E_CLK 0 0 0 906 486 0 240 84 348
F4E_CLK 0 0 0 543 486 0 240 84 348
F4E_CLK 0 0 0 543 486 0 240 84 347
F4E_CLK 0 0 0 542 486 0 240 84 350
F4E_CLK 0 0 0 546 486 0 240 84 347
F4E_CLK 0 0 0 544 486 0 240 84 347
F4E_CLK 0 0 0 546 486 0 240 84 347
F4E_CLK 0 0 0 545 486 0 240 84 347
F4E_CLK 0 0 0 886 486 0 240 84 347
F4E_CLK 0 0 0 544 486 0 240 84 347
F4E_CLK 0 0 0 546 486 0 240 84 346
F4E_CLK 0 0 0 544 486 0 240 84 347
F4E_CLK 0 0 0 545 486 0 240 84 348
F4E_CLK 0 0 0 542 486 0 240 84 349
F4E_CLK 0 0 0 543 486 0 240 84 350
F4E_CLK 0 0 0 545 486 0 240 84 348
F4E_CLK 0 0 0 904 486 0 240 84 347
F4E_CLK 0 0 0 545 486 0 240 84 347
F4E_CLK 0 0 0 546 486 0 240 84 346
F4E_CLK 0 0 0 545 486 0 240 84 349
F4E_CLK 0 0 0 546 486 0 240 84 347
F4E_CLK 0 0 0 545 486 0 240 84 347
F4E_CLK 0 0 0 543 486 0 240 84 347
F4E_CLK 0 0 0 542 486 0 240 84 350
F4E_CLK 0 0 0 904 486 0 240 84 348
F4E_CLK 0 0 0 545 486 0 240 84 346
F4E_CLK 0 0 0 545 486 0 240 84 347
F4E_CLK 0 0 0 543 486 0 240 84 350
F4E_CLK 0 0 0 543 486 0 240 84 350
F4E_CLK 0 0 0 545 486 0 240 84 348
F4E_CLK 0 0 0 546 486 0 240 84 348
F4E_CLK 169 14 14 544 3021 1192 20339 179 2615
F4E_CLK 301 64 43 544 3550 1113 80851 180 30034
F4E_CLK 147 42 18 543 2914 1023 44954 149 8843
F4E_CLK 435 56 35 543 4273 716 66587 212 7017
F4E_CLK 517 64 64 554 4847 1454 86700 240 11954
F4E_CLK 1115 64 64 554 7026 1602 111507 366 12014
F4E_CLK 907 64 64 546 5476 995 95585 338 16288
F4E_CLK 1493 64 64 544 6493 1692 119262 512 14246
F4E_CLK 2118 64 64 545 6682 1479 147567 142 7488
F4E_CLK 665 64 64 543 5018 943 89773 264 16284
F4E_CLK 2064 64 64 543 6691 1843 145809 142 10772
F4E_CLK 1146 64 64 544 6064 1188 109256 388 16313
F4E_CLK 2125 62 61 543 5965 1074 143265 145 13235
F4E_CLK 73 12 3 544 2928 955 11450 175 779
F4E_CLK 0 0 0 555 486 0 240 84 347
F4E_CLK 231 18 18 544 3690 1121 22722 162 2622
F4E_CLK 327 64 64 553 4695 2124 80165 164 14587
F4E_CLK 1072 62 62 546 6248 1105 106555 385 14849
F4E_CLK 180 36 9 545 3046 1263 34907 159 3338
F4E_CLK 1700 46 34 546 5385 1199 79382 570 7270
F4E_CLK 1815 37 37 546 5528 907 72602 642 5904
F4E_CLK 591 38 11 546 3487 1504 39885 230 4173
F4E_CLK 1950 60 60 546 6295 1260 122834 132 12165
F4E_CLK 437 64 64 545 3735 1922 78918 221 15957
F4E_CLK 1939 64 64 546 5807 1399 132744 85 16851
F4E_CLK 1232 64 37 546 6054 1663 94164 425 8521
F4E_CLK 1294 61 61 544 6495 1034 109106 404 13949
F4E_CLK 0 0 0 556 486 0 240 84 348
F4E_CLK 0 0 0 547 486 0 240 84 349
F4E_CLK 0 0 0 545 486 0 240 84 346
F4E_CLK 108 36 9 546 3049 1164 34115 145 3340
F4E_CLK 715 47 20 546 4198 668 52947 279 4674
F4E_CLK 56 1 1 547 2741 816 1242 183 444
F4E_CLK 1320 25 25 545 5260 1241 45988 417 4719
F4E_CLK 1279 34 25 545 5100 1068 54710 422 3048
F4E_CLK 399 2 2 548 3052 1084 3494 216 570
F4E_CLK 1400 54 30 546 5570 998 80326 461 4396
F4E_CLK 44 1 1 556 2751 815 1226 195 435
F4E_CLK 1619 64 64 545 5875 958 119326 482 15523
F4E_CLK 1076 64 37 545 5894 944 92702 411 6710
F4E_CLK 1391 64 64 544 5927 912 115290 436 17703
F4E_CLK 863 28 28 546 4603 1064 40428 294 4162
F4E_CLK 1465 64 64 546 5845 1175 119888 474 18948
F4E_CLK 89 1 1 545 2744 1041 1182 194 445
F4E_CLK 0 0 0 546 486 0 240 84 347
F4E_CLK 0 0 0 548 486 0 240 84 348
F4E_CLK 0 0 0 545 486 0 240 84 348
F4E_CLK 280 7 7 546 3124 675 8780 192 1069
F4E_CLK 200 5 5 544 3130 1259 6541 164 871
F4E_CLK 231 1 1 544 2738 1415 1255 160 469
F4E_CLK 250 1 1 545 2731 1675 1150 171 465
F4E_CLK 348 2 2 545 2946 1297 2884 187 581
F4E_CLK 457 5 5 547 3181 900 7996 234 1175
F4E_CLK 0 0 0 546 486 0 240 84 347
F4E_CLK 1236 61 30 547 5883 893 87040 420 6008
F4E_CLK 871 59 32 544 4602 1232 71410 300 7190
F4E_CLK 1383 64 64 546 6505 945 116727 428 16466
F4E_CLK 1138 28 28 545 5377 1042 48907 388 5095
F4E_CLK 1050 28 28 546 5066 1247 50731 394 8968
F4E_CLK 182 5 5 549 2964 1067 7098 180 990
F4E_CLK 698 15 15 543 3516 1125 25705 274 9292
F4E_CLK 186 12 12 547 2810 1195 17887 178 5452
F4E_CLK 0 0 0 545 486 0 240 84 347
F4E_CLK 0 0 0 548 486 0 240 84 346
F4E_CLK 0 0 0 546 486 0 240 84 349
F4E_CLK 0 0 0 825 486 0 240 84 348
F4E_CLK 0 0 0 546 486 0 240 84 349
F4E_CLK 216 1 1 546 2699 1040 1191 151 454
F4E_CLK 0 0 0 543 486 0 240 84 350
F4E_CLK 211 2 1 545 2708 1173 1939 163 444
F4E_CLK 222 2 1 544 2692 1293 1972 164 442
F4E_CLK 0 0 0 546 486 0 240 84 348
F4E_CLK 389 3 3 545 3068 960 4204 195 826
F4E_CLK 643 51 21 547 4134 1196 55585 252 5064
F4E_CLK 1363 64 64 546 5742 1249 117279 403 18286
F4E_CLK 1091 28 28 545 5467 1169 48250 396 4134
F4E_CLK 1086 39 28 546 4860 1492 61725 394 6886
F4E_CLK 974 16 16 546 4479 785 24906 309 4039
F4E_CLK 653 10 10 546 3336 1063 16508 301 4725
F4E_CLK 818 17 17 546 3696 1065 25974 294 7436
F4E_CLK 592 8 6 545 3215 1114 11633 249 1711
F4E_CLK 694 24 12 552 3412 1086 27436 253 4004
F4E_CLK 0 0 0 552 486 0 240 84 348
F4E_CLK 0 0 0 551 486 0 240 84 348
F4E_CLK 0 0 0 551 486 0 240 84 351
F4E_CLK 0 0 0 554 486 0 240 84 348
F4E_CLK 0 0 0 553 486 0 240 84 349
F4E_CLK 0 0 0 554 486 0 240 84 347
F4E_CLK 0 0 0 550 486 0 240 84 350
F4E_CLK 0 0 0 880 486 0 240 84 347
F4E_CLK 0 0 0 550 486 0 240 84 348
F4E_CLK 0 0 0 552 486 0 240 84 347
F4E_CLK 215 1 1 553 2684 1533 1225 166 450
F4E_CLK 47 20 9 554 3152 890 21023 191 3613
F4E_CLK 1205 48 48 551 5866 859 85197 426 11318
F4E_CLK 1186 39 39 552 5599 968 68298 439 7344
F4E_CLK 1168 53 29 552 5412 1774 77227 399 5774
F4E_CLK 1163 28 28 552 5060 1170 49293 406 6640
F4E_CLK 576 4 4 552 3246 1061 5938 262 1075
F4E_CLK 792 22 20 552 3723 1220 33088 307 9400
F4E_CLK 302 2 1 552 2787 1151 1867 186 467
F4E_CLK 640 23 11 554 3473 1302 26094 248 4324
F4E_CLK 0 0 0 552 486 0 240 84 348
F4E_CLK 191 9 8 553 2805 1040 12068 159 2817
F4E_CLK 105 3 1 550 2738 1070 2598 179 434
F4E_CLK 0 0 0 862 486 0 240 84 350
F4E_CLK 0 0 0 553 486 0 240 84 346
F4E_CLK 0 0 0 555 486 0 240 84 346
F4E_CLK 0 0 0 553 486 0 240 84 348
F4E_CLK 0 0 0 551 486 0 240 84 347
F4E_CLK 0 0 0 552 486 0 240 84 348
F4E_CLK 0 0 0 554 486 0 240 84 348
F4E_CLK 0 0 0 553 486 0 240 84 348
F4E_CLK 0 0 0 840 486 0 240 84 347
F4E_CLK 0 0 0 552 486 0 240 84 348
F4E_CLK 0 0 0 552 486 0 240 84 347
F4E_CLK 160 41 14 553 2988 987 40615 176 4136
F4E_CLK 1316 64 64 552 6204 1143 110674 451 18220
F4E_CLK 1040 28 28 552 5211 1358 49505 421 3681
F4E_CLK 1031 44 28 552 4939 1420 68669 439 5733
F4E_CLK 934 19 19 552 4548 878 30486 315 4067
F4E_CLK 622 10 7 552 3354 1042 12920 255 1550
F4E_CLK 778 17 17 552 3754 1274 25607 297 7029
F4E_CLK 289 5 1 551 2776 1278 4311 182 466
F4E_CLK 635 23 11 552 3459 1164 25999 250 4035
F4E_CLK 0 0 0 552 486 0 240 84 348
F4E_CLK 195 24 9 551 2924 1239 24730 197 3747
F4E_CLK 0 0 0 553 486 0 240 84 347
F4E_CLK 194 11 8 550 2924 923 13124 163 2825
F4E_CLK 86 4 1 552 2751 925 3595 175 436
F4E_CLK 0 0 0 551 486 0 240 84 350
F4E_CLK 0 0 0 554 486 0 240 84 350
F4E_CLK 0 0 0 550 486 0 240 84 350
F4E_CLK 0 0 0 551 486 0 240 84 348
F4E_CLK 0 0 0 552 486 0 240 84 348
F4E_CLK 0 0 0 554 486 0 240 84 347
F4E_CLK 0 0 0 553 486 0 240 84 348
F4E_CLK 0 0 0 858 486 0 240 84 347
F4E_CLK 0 0 0 551 486 0 240 84 350
F4E_CLK 0 0 0 554 486 0 240 84 346
F4E_CLK 0 0 0 553 486 0 240 84 348
F4E_CLK 54 37 10 554 3058 953 34349 172 3715
F4E_CLK 1290 64 64 552 6064 950 116436 361 18392
F4E_CLK 1019 28 28 552 5071 989 45582 340 4990
F4E_CLK 1013 52 28 551 4860 1477 67141 326 7206
F4E_CLK 1073 23 23 547 4871 1074 40734 423 4570
F4E_CLK 621 9 7 544 3307 1217 12332 261 1942
F4E_CLK 790 17 17 544 3590 1023 25393 299 6738
F4E_CLK 294 5 1 546 2786 1232 4308 176 477
F4E_CLK 642 23 11 548 3494 1114 26313 275 3896
F4E_CLK 0 0 0 545 486 0 240 84 348
F4E_CLK 197 24 9 548 2930 892 24870 171 3474
F4E_CLK 0 0 0 544 486 0 240 84 348
F4E_CLK 195 7 7 544 2916 918 9814 167 2175
F4E_CLK 145 13 2 546 2817 976 11143 143 564
F4E_CLK 0 0 0 547 486 0 240 84 348
F4E_CLK 239 46 19 545 3371 1325 50647 160 6318
F4E_CLK 134 64 41 546 3416 1075 79202 183 31041
F4E_CLK 128 43 43 546 3353 998 60593 204 47369
F4E_CLK 65 56 23 547 3641 1056 57004 175 8789
F4E_CLK 53 52 16 547 3361 880 49397 199 4879
F4E_CLK 8 23 2 543 1791 1003 19950 211 675
F4E_CLK 45 64 18 547 3651 886 59764 194 5084
F4E_CLK 0 0 0 547 486 0 240 84 347
F4E_CLK 24 37 18 545 2672 976 40735 218 5505
F4E_CLK 6 30 6 545 1576 982 25380 199 2057
F4E_CLK 0 0 0 545 486 0 240 84 349
F4E_CLK 9 9 8 546 1897 823 11567 209 2403
F4E_CLK 10 42 10 544 2005 830 37856 196 2746
F4E_CLK 0 0 0 845 486 0 240 84 347
F4E_CLK 2 1 1 547 1153 880 1211 208 438
F4E_CLK 182 64 64 547 4297 1434 82805 148 15805
F4E_CLK 20 44 16 545 2671 906 43543 229 3778
F4E_CLK 3 26 3 546 1259 830 19976 206 645
F4E_CLK 0 0 0 545 486 0 240 84 350
F4E_CLK 125 35 35 547 3951 613 44938 200 8091
F4E_CLK 141 64 64 555 4878 1576 79647 204 13433
F4E_CLK 269 45 45 545 4022 1676 57449 183 7212
F4E_CLK 18 63 18 548 2660 803 58305 219 4947
F4E_CLK 0 0 0 549 486 0 240 84 347
F4E_CLK 0 0 0 545 486 0 240 84 348
F4E_CLK 45 30 9 549 3249 1155 29352 203 3616
F4E_CLK 36 30 9 546 3146 1014 29456 178 2499
F4E_CLK 195 33 21 546 3367 978 36458 171 3884
F4E_CLK 301 25 25 545 3571 831 33388 181 2944
F4E_CLK 18 56 18 544 2636 803 53497 214 4949
F4E_CLK 0 0 0 546 486 0 240 84 348
F4E_CLK 0 0 0 547 486 0 240 84 347
F4E_CLK 18 27 9 546 2635 906 26083 227 3331
F4E_CLK 9 25 8 545 1899 926 24566 208 2957
F4E_CLK 181 22 13 544 3248 692 24374 173 1677
F4E_CLK 262 25 25 547 3979 637 32741 176 4571
F4E_CLK 36 3 3 544 2948 1077 4005 181 643
F4E_CLK 312 44 43 546 4523 865 56704 168 5501
F4E_CLK 11 50 11 546 2111 830 45029 216 2846
F4E_CLK 0 0 0 547 486 0 240 84 348
F4E_CLK 0 0 0 545 486 0 240 84 350
F4E_CLK 0 0 0 548 486 0 240 84 347
F4E_CLK 0 0 0 546 486 0 240 84 348
F4E_CLK 96 12 12 544 3751 874 15915 194 1571
F4E_CLK 224 25 25 546 3634 706 31067 157 2930
F4E_CLK 146 19 19 547 3648 1159 24293 184 3259
F4E_CLK 198 20 20 547 3530 888 26295 165 2420
F4E_CLK 196 42 42 548 3683 822 54881 194 5902
F4E_CLK 480 64 64 545 4270 2161 85087 215 15430
F4E_CLK 441 64 64 547 3454 1247 88328 223 40647
F4E_CLK 303 64 64 544 4528 1782 80827 178 21095
F4E_CLK 548 64 64 546 4799 1734 85972 252 18218
F4E_CLK 566 64 64 544 5052 1171 85725 220 11979
F4E_CLK 1349 64 64 554 7215 1506 116736 456 12182
F4E_CLK 902 64 64 552 5404 1487 95456 337 15865
F4E_CLK 1874 64 64 552 6640 1238 128094 546 13903
F4E_CLK 2504 64 64 551 6315 1618 163044 146 9804
F4E_CLK 611 64 64 552 4732 998 86302 274 15831
F4E_CLK 2471 64 64 552 6309 1911 160955 133 14797
F4E_CLK 1364 64 64 553 6075 1559 115618 426 15937
F4E_CLK 2554 60 60 552 5768 1071 159746 141 16895
F4E_CLK 371 48 42 552 3446 1461 66467 183 46755
F4E_CLK 292 42 24 562 3243 1122 50531 191 14190
F4E_CLK 150 39 16 551 2916 1086 40308 151 8915
F4E_CLK 559 50 42 553 4147 1525 63795 234 8863
F4E_CLK 568 64 64 552 5708 669 83376 198 12142
F4E_CLK 1353 64 64 562 7617 1602 115303 444 9828
F4E_CLK 1741 64 64 552 6506 1514 124598 634 12697
F4E_CLK 989 64 64 552 6338 858 93328 297 16067
F4E_CLK 2709 64 64 552 6245 1747 175492 149 10213
F4E_CLK 1425 64 64 562 6221 1701 113813 463 12760
F4E_CLK 2322 64 64 552 6588 1703 151532 146 10929
F4E_CLK 2091 64 64 552 6521 1769 143525 146 10534
F4E_CLK 2620 64 64 552 5739 1198 169733 145 21000
F4E_CLK 1813 64 64 552 5143 1234 128958 626 81726
F4E_CLK 3518 64 64 551 5644 2470 302248 144 58453
F4E_CLK 1386 44 40 551 4438 1182 79121 435 31801
F4E_CLK 142 58 31 552 2899 1407 69678 174 23213
F4E_CLK 98 31 15 554 2947 958 33453 159 6862
F4E_CLK 1246 43 34 554 5325 1358 70124 399 7703
F4E_CLK 1190 64 64 552 6049 2226 108087 424 13541
F4E_CLK 1424 49 49 551 5355 2219 88311 489 8840
F4E_CLK 1539 49 22 552 4896 1417 70523 510 5225
F4E_CLK 1515 42 21 552 4855 924 63534 477 4586
F4E_CLK 1930 39 39 553 5448 841 80348 147 7810
F4E_CLK 835 45 18 553 4324 1165 50303 307 4774
F4E_CLK 2097 49 49 552 5964 1499 110356 142 9914
F4E_CLK 1133 42 22 552 5232 970 60656 396 3397
F4E_CLK 1985 64 64 552 5834 1460 133545 137 11754
F4E_CLK 1333 64 64 552 5161 1007 118639 440 73835
F4E_CLK 3862 64 64 554 5683 2143 293700 148 18832
F4E_CLK 2360 64 64 552 5065 1792 156124 144 73005
F4E_CLK 3520 63 55 552 5744 1915 216414 91 24110
F4E_CLK 3629 57 57 552 4984 2130 248968 142 29272
F4E_CLK 111 51 24 552 3268 836 53617 198 11395
F4E_CLK 21 30 10 554 2647 913 29735 215 2883
F4E_CLK 8 22 2 552 1791 930 19208 186 676
F4E_CLK 427 24 9 552 3023 1178 24919 207 3248
F4E_CLK 148 23 9 562 2805 1287 24227 197 3194
F4E_CLK 793 24 18 551 4097 869 32549 324 2802
F4E_CLK 1924 41 28 552 4957 1419 73473 86 5177
F4E_CLK 126 36 9 551 2944 1042 34432 196 2912
F4E_CLK 2290 47 45 552 5300 1087 109370 142 12863
F4E_CLK 1485 37 24 552 4960 874 61899 483 3229
F4E_CLK 2143 48 40 550 5314 2230 104451 148 14582
F4E_CLK 1797 42 31 552 4740 949 73948 613 4213
F4E_CLK 1860 64 64 554 5579 1210 126196 609 11083
F4E_CLK 1828 64 64 552 5548 1834 127671 622 29112
F4E_CLK 3876 64 64 554 5526 1941 286801 86 20816
F4E_CLK 1176 38 11 553 4542 1034 49878 405 3229
F4E_CLK 3600 60 60 551 5441 1357 230836 97 19007
F4E_CLK 3192 49 49 552 5118 1122 172982 142 22930
F4E_CLK 1373 42 22 564 4430 887 61852 442 3852
F4E_CLK 3300 64 64 552 5605 1498 233007 92 40322
F4E_CLK 2940 44 44 552 4829 1918 128808 134 15348
F4E_CLK 17 63 17 562 2644 1078 58202 223 4848
F4E_CLK 0 0 0 552 486 0 240 84 350
F4E_CLK 0 0 0 829 486 0 240 84 348
F4E_CLK 712 32 9 544 3588 1355 33786 283 3565
F4E_CLK 241 30 9 542 2957 1018 28943 182 2928
F4E_CLK 1070 35 21 551 4286 1265 51227 362 16196
F4E_CLK 1566 25 25 543 4517 1194 49691 555 9520
F4E_CLK 995 48 21 543 4963 706 57920 288 4553
F4E_CLK 1840 46 36 542 5470 1060 84109 555 21423
F4E_CLK 1771 35 35 545 5166 1027 67484 575 6850
F4E_CLK 1635 43 28 542 5111 825 73000 544 17097
F4E_CLK 1942 43 43 543 5091 1286 90444 136 9334
F4E_CLK 1899 64 64 542 4902 1200 133005 608 15805
F4E_CLK 2691 64 64 544 4581 2352 170208 132 19535
F4E_CLK 3250 52 52 544 5643 1565 201704 100 18130
F4E_CLK 1219 46 19 542 4612 1026 63122 391 4769
F4E_CLK 3133 64 64 542 5619 1981 206410 134 20234
F4E_CLK 2566 48 40 543 4878 1044 115541 95 18848
F4E_CLK 2021 31 31 542 4632 1380 65676 143 8947
F4E_CLK 2753 64 64 543 5361 1521 183752 151 27040
F4E_CLK 1503 47 38 543 4863 1089 84541 519 23385
F4E_CLK 1882 33 33 542 4944 933 65339 599 5552
F4E_CLK 2534 64 64 542 5284 1471 170004 142 32743
F4E_CLK 1842 47 47 542 5175 1003 97730 575 29183
F4E_CLK 18 61 18 543 2652 803 57427 215 4950
F4E_CLK 0 0 0 541 486 0 240 84 349
F4E_CLK 0 0 0 809 486 0 240 84 348
F4E_CLK 510 30 9 542 3230 1367 30423 194 3695
F4E_CLK 474 30 9 542 3093 1129 30950 210 4238
F4E_CLK 695 31 20 545 3591 741 37665 285 9127
F4E_CLK 1546 25 25 545 5056 999 47392 518 3044
F4E_CLK 464 19 9 543 3425 698 20658 195 1346
F4E_CLK 2039 31 31 545 5110 1455 64919 140 3534
F4E_CLK 1509 31 31 542 5282 1014 56274 503 6992
F4E_CLK 2072 23 23 545 5236 989 54473 144 3537
F4E_CLK 2026 39 39 544 5404 1057 82506 143 4496
F4E_CLK 2286 64 64 543 5744 1536 152383 151 11910
F4E_CLK 2295 64 64 542 5371 2239 151847 144 17165
F4E_CLK 3124 56 56 542 5671 1222 196690 134 19487
F4E_CLK 517 42 15 542 3625 1043 43173 242 4264
F4E_CLK 2879 64 64 545 5804 1002 186103 152 15925
F4E_CLK 2444 48 41 542 5467 1127 111154 135 13817
F4E_CLK 1610 42 29 543 5104 1074 68389 538 3728
F4E_CLK 2352 64 64 541 6082 1381 151533 129 15750
F4E_CLK 1271 40 34 542 5213 919 68304 404 13252
F4E_CLK 1328 29 29 545 5062 1102 51422 366 4579
F4E_CLK 2174 64 64 543 6488 1211 149015 140 14378
F4E_CLK 1238 51 51 543 6005 1094 92669 442 21214
F4E_CLK 363 11 11 543 3248 1014 13940 179 1520
F4E_CLK 1986 64 64 543 5910 1112 133853 138 12304
F4E_CLK 1857 64 64 545 6673 868 126127 629 22014
F4E_CLK 981 44 35 543 4614 2246 62873 335 9725
F4E_CLK 9 21 9 543 1898 823 20586 160 2646
F4E_CLK 0 0 0 551 486 0 240 84 348
F4E_CLK 0 0 0 543 486 0 240 84 347
F4E_CLK 0 0 0 542 486 0 240 84 350
F4E_CLK 126 6 6 544 3030 607 7998 199 957
F4E_CLK 126 6 6 541 2955 665 8064 205 957
F4E_CLK 1082 25 25 544 4834 1431 42096 399 3005
F4E_CLK 1098 29 29 545 5831 864 49727 419 3934
F4E_CLK 1131 10 10 544 4695 821 17909 363 1477
F4E_CLK 1656 52 52 542 6512 1010 95576 546 9421
F4E_CLK 989 2 2 543 3870 1240 3466 328 667
F4E_CLK 1690 60 60 542 6896 929 114398 605 14212
F4E_CLK 1500 64 64 542 5582 959 118763 478 16375
F4E_CLK 2670 64 64 544 5990 1329 167866 138 19851
F4E_CLK 2405 48 41 553 4942 2606 110711 145 9527
F4E_CLK 1563 43 30 553 5289 1046 69754 507 4400
F4E_CLK 2304 64 64 555 5495 1621 151424 139 15341
F4E_CLK 1083 43 22 552 4381 1024 62117 412 9176
F4E_CLK 1833 48 48 552 6197 960 91946 619 7893
F4E_CLK 1956 64 64 552 6120 1272 133185 80 14012
F4E_CLK 970 27 13 551 4219 843 33231 354 4126
F4E_CLK 1457 50 50 551 5835 1244 87752 459 8930
F4E_CLK 1744 64 64 551 6288 1026 125978 574 16881
F4E_CLK 975 30 30 551 5128 840 47914 337 9629
F4E_CLK 828 32 32 552 4577 1163 46655 313 7284
F4E_CLK 1497 64 64 554 6677 822 119581 516 16716
F4E_CLK 1532 64 64 551 5858 1421 123078 474 26055
F4E_CLK 888 5 5 550 3684 1131 7109 325 1366
F4E_CLK 1372 57 57 552 6565 1674 102472 411 10092
F4E_CLK 1441 61 52 551 7048 999 103474 504 12995
F4E_CLK 1283 28 28 552 4432 1262 54028 456 25500
F4E_CLK 154 44 17 552 3459 1036 44030 135 3894
F4E_CLK 3 26 3 552 1261 830 19976 206 644
F4E_CLK 0 0 0 551 486 0 240 84 347
F4E_CLK 0 0 0 552 486 0 240 84 347
F4E_CLK 0 0 0 551 486 0 240 84 349
F4E_CLK 84 12 12 550 3438 896 14778 193 1573
F4E_CLK 56 16 16 552 3436 778 20110 196 2535
F4E_CLK 647 9 9 554 3834 943 12535 286 1310
F4E_CLK 1108 3 3 554 4289 1180 5742 401 730
F4E_CLK 0 0 0 555 486 0 240 84 347
F4E_CLK 1211 6 6 553 4352 1122 11188 439 1751
F4E_CLK 0 0 0 552 486 0 240 84 347
F4E_CLK 1261 24 24 553 4375 1126 45554 374 5304
F4E_CLK 527 64 64 552 4628 938 87750 249 29170
F4E_CLK 2328 64 64 552 5992 1544 150470 94 17601
F4E_CLK 1605 41 20 552 4950 967 62462 564 4998
F4E_CLK 1824 51 51 554 5759 1069 98816 589 9316
F4E_CLK 1903 54 54 550 5874 1416 110625 632 15301
F4E_CLK 177 44 16 552 3238 1258 44196 198 3637
F4E_CLK 1548 64 52 550 5420 1297 110940 501 12585
F4E_CLK 1533 40 40 552 5192 1308 74808 496 12793
F4E_CLK 6 17 1 551 1578 1159 14462 206 435
F4E_CLK 1152 50 22 550 5286 1074 69289 411 5055
F4E_CLK 1381 32 32 551 5145 1104 60472 479 13298
F4E_CLK 1037 6 6 551 4365 1103 10907 414 2394
F4E_CLK 1078 6 6 552 4238 1336 11537 429 1839
F4E_CLK 1277 30 30 553 4862 1229 56824 391 10206
F4E_CLK 1106 21 21 552 4392 1087 38405 395 14778
F4E_CLK 0 0 0 551 486 0 240 84 348
F4E_CLK 1055 10 10 551 4307 1089 18684 420 3754
F4E_CLK 1236 38 38 552 4475 1354 73291 393 23237
F4E_CLK 1038 19 19 552 4364 1167 34118 400 12193
F4E_CLK 0 0 0 554 486 0 240 84 347
F4E_CLK 1015 12 12 555 4013 875 20642 319 6545
F4E_CLK 1191 36 36 553 4513 1110 65911 441 19636
F4E_CLK 990 30 30 551 4201 1020 48470 352 27231
F4E_CLK 18 46 15 551 2650 803 44743 212 3673
F4E_CLK 3 26 3 553 1259 830 19976 206 643
F4E_CLK 0 0 0 549 486 0 240 84 347
F4E_CLK 0 0 0 822 486 0 240 84 349
F4E_CLK 0 0 0 553 486 0 240 84 346
F4E_CLK 72 12 12 551 3438 998 14620 198 1569
F4E_CLK 72 20 20 555 3663 713 24827 180 3489
F4E_CLK 496 5 5 551 3188 1251 6506 226 902
F4E_CLK 880 3 3 553 3575 1070 5334 339 852
F4E_CLK 0 0 0 553 486 0 240 84 347
F4E_CLK 967 6 6 551 3891 929 10392 304 1900
F4E_CLK 0 0 0 827 486 0 240 84 346
F4E_CLK 1079 28 28 541 4364 1315 50573 423 4928
F4E_CLK 613 64 64 545 4368 1173 89340 256 27228
F4E_CLK 2157 64 64 542 6057 1535 148615 144 17009
F4E_CLK 1397 39 16 542 4880 863 54279 469 5025
F4E_CLK 1819 55 55 543 5371 1112 106610 637 10403
F4E_CLK 1691 50 50 542 5866 968 99672 554 12559
F4E_CLK 252 48 20 541 3188 1153 48894 175 3647
F4E_CLK 1323 64 52 543 5977 877 105639 451 8733
F4E_CLK 1367 36 36 543 4820 1340 65218 462 11924
F4E_CLK 4 17 1 542 1366 1120 14437 167 439
F4E_CLK 1031 10 10 545 4372 1099 19024 420 4184
F4E_CLK 1272 36 36 543 4747 1227 66228 411 17767
F4E_CLK 118 2 2 542 2799 955 2925 205 680
F4E_CLK 956 6 6 543 3915 898 10416 342 1744
F4E_CLK 1160 34 34 545 4517 1095 62132 440 14025
F4E_CLK 964 17 17 544 4044 916 27346 331 10386
F4E_CLK 0 0 0 541 486 0 240 84 348
F4E_CLK 945 13 13 541 4009 880 22560 325 6221
F4E_CLK 1108 35 35 544 4465 1016 62477 384 19161
F4E_CLK 907 19 19 545 3874 1098 29660 298 12671
F4E_CLK 0 0 0 542 486 0 240 84 349
F4E_CLK 894 16 16 542 3844 836 27879 320 7623
F4E_CLK 1063 32 32 543 4414 1101 58637 405 19076
F4E_CLK 798 30 30 542 3793 949 45827 316 28880
F4E_CLK 0 0 0 542 486 0 240 84 347
F4E_CLK 766 8 8 544 3597 800 12470 302 2186
F4E_CLK 1008 32 32 543 4118 890 52479 319 13445
F4E_CLK 748 27 27 545 3851 978 42121 280 22621
F4E_CLK 770 29 28 542 4039 875 43899 307 16448
F4E_CLK 62 63 26 543 3576 1004 65383 199 11178
F4E_CLK 4 35 4 543 1365 933 27019 168 882
F4E_CLK 0 0 0 903 486 0 240 84 347
F4E_CLK 0 0 0 542 486 0 240 84 348
F4E_CLK 0 0 0 543 486 0 240 84 348
F4E_CLK 60 12 12 545 3573 607 16595 172 1572
F4E_CLK 520 25 25 543 4344 1029 33592 265 4578
F4E_CLK 0 0 0 543 486 0 240 84 346
F4E_CLK 725 3 3 545 3420 1220 4523 268 882
F4E_CLK 710 3 3 543 3362 1185 4809 258 1031
F4E_CLK 712 3 3 544 3397 1137 4776 301 690
F4E_CLK 714 3 3 542 3376 983 5179 282 732
F4E_CLK 921 49 49 543 5625 909 72582 336 13231
F4E_CLK 1596 64 64 545 6689 1379 116359 478 11495
F4E_CLK 1899 49 49 542 6008 1052 98373 603 9682
F4E_CLK 377 48 22 543 3785 1313 50578 186 3473
F4E_CLK 1578 64 64 543 5398 1281 117350 486 17444
F4E_CLK 1481 46 34 544 4849 1146 77249 469 12141
F4E_CLK 727 36 25 542 4362 811 43084 270 4655
F4E_CLK 1428 39 39 543 5193 1325 73176 509 10665
F4E_CLK 1332 34 19 544 4402 1099 52114 422 8108
F4E_CLK 705 2 2 545 3285 1001 3145 276 767
F4E_CLK 1379 28 28 545 4489 1274 51236 405 9630
F4E_CLK 1165 25 21 541 4413 1149 43338 401 12575
F4E_CLK 0 0 0 542 486 0 240 84 348
F4E_CLK 855 12 12 541 3699 849 19705 312 6085
F4E_CLK 1245 36 36 542 4491 1273 64983 407 16939
F4E_CLK 834 9 9 542 3695 868 15080 311 3167
F4E_CLK 728 3 3 541 3384 833 4969 272 855
F4E_CLK 1254 30 30 542 4732 1054 54883 403 8669
F4E_CLK 948 24 24 542 3997 931 40078 341 19388
F4E_CLK 777 10 10 542 3524 1073 17057 276 3691
F4E_CLK 679 3 3 545 3361 843 4858 302 965
F4E_CLK 1248 30 30 545 4627 1233 54970 389 8812
F4E_CLK 933 24 24 550 3913 857 38486 328 19994
F4E_CLK 712 21 21 551 3479 1133 33599 287 13927
F4E_CLK 288 1 1 553 2759 1072 1398 182 466
F4E_CLK 699 19 19 553 3439 1131 28682 264 6952
F4E_CLK 1164 28 28 551 4405 1173 51361 378 15543
F4E_CLK 652 30 30 552 3547 1002 47919 260 27217
F4E_CLK 551 12 12 554 3245 937 18948 240 5225
F4E_CLK 411 3 3 555 3053 1148 4077 202 696
F4E_CLK 1062 30 30 551 4660 1304 53968 414 8305
F4E_CLK 813 24 24 554 3805 1266 38066 295 17187
F4E_CLK 572 33 33 551 3432 1166 47600 241 32942
F4E_CLK 444 13 13 555 3168 1157 19669 208 5877
F4E_CLK 301 3 3 551 2910 1284 4287 173 958
F4E_CLK 1137 30 30 549 4846 1162 54619 387 7814
F4E_CLK 799 24 24 550 3621 1157 37122 309 17298
F4E_CLK 545 33 18 552 3403 797 37843 238 8484
F4E_CLK 429 2 2 551 2940 1007 2766 211 591
F4_F2_ECHELON: 33147 x 1362 words, 31068 pivots: upload 60.2 ms, device 90.2 ms, download 0.1 ms, 1.20e9 word XORs
K_0/2^9 m=3 x=77 D=5 f5=true [cuda:NVIDIA GeForce RTX 4090 sm_89 x128 code=sm_89]: 33147 x 87118 (eliminated 33147 rows), rank 31069, refuted false, pinned 1; build 0.456 s, eliminate 0.151 s, total 0.606 s, 1.197e9 word XORs
Stage diagnostic only: one oracle matrix, not an ECDLP cost.
