F4E_CLK 695 64 64 1128 5448 906 97587 249 29033
F4E_CLK 1032 64 64 530 6058 1497 118228 419 33017
F4E_CLK 1236 64 64 532 6323 1593 120675 404 35885
F4E_CLK 1521 64 64 531 5646 1262 124463 472 27013
F4E_CLK 1431 64 64 531 6122 1431 126697 479 43532
F4E_CLK 2041 64 64 531 4275 2199 145426 133 29506
F4E_CLK 1994 64 64 531 5584 1761 141090 146 54649
F4E_CLK 2217 64 64 531 5596 2108 161507 150 47428
F4E_CLK 2280 64 64 530 4494 2372 169554 144 71744
F4E_CLK 2211 64 64 533 4543 2397 167220 145 72850
F4E_CLK 2058 64 64 532 4510 2281 166710 144 118161
F4E_CLK 2087 64 64 532 4494 2053 166201 139 103567
F4E_CLK 1995 64 64 531 4098 1989 146653 135 93147
F4E_CLK 1929 64 64 533 4321 1829 145099 140 106764
F4E_CLK 1766 64 64 531 4524 1178 135093 596 82170
F4E_CLK 2035 64 64 531 5037 2045 146130 141 44781
F4E_CLK 1039 64 64 531 5766 1095 118374 409 44677
F4E_CLK 1277 64 64 531 5621 1378 122921 454 39169
F4E_CLK 3149 64 64 531 5765 2581 342607 147 47117
F4E_CLK 1825 64 64 532 4520 1259 134981 588 122483
F4E_CLK 1783 64 64 530 4535 1176 136137 610 111468
F4E_CLK 1699 64 64 529 4515 1100 132570 560 146105
F4E_CLK 1651 64 64 531 4510 1097 129626 550 100919
F4E_CLK 1484 64 64 531 4481 1317 133331 494 145389
F4E_CLK 1532 64 64 531 4485 1148 126824 468 123341
F4E_CLK 1349 64 64 530 4425 1325 124181 425 138871
F4E_CLK 2830 64 64 530 4789 2145 266791 91 72245
F4E_CLK 1936 64 64 533 4371 1653 140744 151 68835
F4E_CLK 2064 64 64 529 4687 2166 164421 130 62161
F4E_CLK 2110 64 64 531 5030 2367 164513 129 73278
F4E_CLK 2117 64 64 531 4510 2148 165328 129 93702
F4E_CLK 2043 64 64 529 4454 2039 160162 135 109687
F4E_CLK 1958 64 64 532 4096 2088 148141 135 99395
F4E_CLK 2180 64 64 531 5179 2247 159719 90 53312
F4E_CLK 1583 64 64 529 5183 1236 128116 505 56760
F4E_CLK 1346 64 64 530 4396 1239 125662 398 138208
F4E_CLK 1282 64 64 529 4448 1121 124648 409 141920
F4E_CLK 1217 64 64 531 4451 1070 122327 436 142877
F4E_CLK 1152 64 64 530 4385 1220 121160 409 141449
F4E_CLK 1089 64 64 530 4378 1104 125595 426 144072
F4E_CLK 1025 64 64 531 4358 1017 119097 388 143654
F4E_CLK 961 64 64 530 4079 974 111327 358 142556
F4E_CLK 3137 64 64 529 5036 2280 350922 143 50041
F4E_CLK 2416 64 64 531 4439 2471 181493 100 68050
F4E_CLK 2543 64 64 532 4539 2416 236204 101 66357
F4E_CLK 2578 64 64 531 4601 2370 240854 96 68352
F4E_CLK 2492 64 64 529 4545 2386 216867 96 128534
F4E_CLK 2389 64 64 532 4618 2340 172264 92 116345
F4E_CLK 2291 64 64 530 4604 2346 168248 141 125807
F4E_CLK 2743 64 64 531 5058 2080 201687 94 63177
F4E_CLK 2851 64 64 529 4682 1918 272384 82 96037
F4E_CLK 2134 64 64 532 4557 2096 166483 135 138036
F4E_CLK 2024 64 64 531 4254 1982 155971 148 143455
F4E_CLK 2692 64 64 530 4520 2314 246198 141 76408
F4E_CLK 778 64 64 529 3748 1710 106475 303 82796
F4E_CLK 754 56 56 530 4013 1433 91528 239 73115
F4E_CLK 880 35 35 531 3666 937 59439 314 43312
F4E_CLK 810 21 21 531 3526 1038 35265 319 14929
F4E_CLK 768 21 21 531 3532 878 38227 281 15079
F4E_CLK 726 26 26 531 3696 1221 42694 269 24472
F4E_CLK 674 16 16 531 3332 1244 26140 244 8012
F4E_CLK 642 22 22 531 3391 1054 36156 296 17347
F4E_CLK 598 15 15 531 3314 1079 25536 231 7497
F4E_CLK 2886 34 34 531 4896 1492 142495 86 13051
F4E_CLK 2590 64 64 558 4517 2504 242250 90 47674
F4E_CLK 2684 64 64 559 4583 2409 268143 92 50472
F4E_CLK 2769 64 64 558 4561 2321 284566 92 69290
F4E_CLK 2729 64 64 556 4517 2373 274840 99 100523
F4E_CLK 2614 64 64 556 4539 2303 249875 103 108827
F4E_CLK 2514 64 64 559 4501 2405 227978 152 95307
F4E_CLK 3143 64 64 558 5050 2749 337464 146 55738
F4E_CLK 3326 64 64 558 5027 2656 361676 131 61566
F4E_CLK 2294 64 64 556 4492 2341 170745 139 146098
F4E_CLK 2163 64 64 558 4583 2269 167067 141 142480
F4E_CLK 2903 64 64 556 4560 2388 286137 148 132044
F4E_CLK 1065 64 64 559 4543 1047 122533 388 106169
F4E_CLK 998 64 64 557 3982 1001 112084 338 135770
F4E_CLK 2477 44 44 558 4757 2159 133897 90 40585
F4E_CLK 1942 31 31 558 3993 1955 71652 139 33085
F4E_CLK 1904 20 19 558 4544 1462 43026 565 13443
F4E_CLK 2916 50 42 556 4601 2346 191125 93 26600
F4E_CLK 1069 64 64 558 4370 1069 121719 398 89893
F4E_CLK 1028 57 57 557 4421 1191 108341 400 75109
F4E_CLK 984 56 35 558 4094 1367 78385 326 31663
F4E_CLK 89 15 11 558 3054 1267 18828 201 4375
F4E_CLK 0 0 0 556 486 0 240 84 354
F4E_CLK 0 0 0 556 486 0 240 84 354
F4E_CLK 0 0 0 558 486 0 240 84 352
F4E_CLK 0 0 0 559 486 0 240 84 353
F4E_CLK 0 0 0 558 486 0 240 84 352
F4E_CLK 0 0 0 556 486 0 240 84 354
F4E_CLK 0 0 0 557 486 0 240 84 353
F4E_CLK 2618 62 62 559 4547 2329 241589 92 38016
F4E_CLK 2771 64 64 556 4577 2304 286107 91 50879
F4E_CLK 2861 64 64 559 4604 2317 287632 148 47592
F4E_CLK 2855 64 64 558 4631 2347 284998 93 60378
F4E_CLK 2761 64 64 556 4523 2318 279779 92 99642
F4E_CLK 2637 64 64 559 4470 2490 258447 150 111746
F4E_CLK 3529 64 64 557 5006 3170 402359 138 113689
F4E_CLK 3532 64 64 557 5025 2975 371665 137 67957
F4E_CLK 2441 64 64 559 4523 2449 196864 142 147588
F4E_CLK 2253 64 64 556 4529 2341 167348 150 142617
F4E_CLK 2127 64 64 558 4531 2215 166129 145 138870
F4E_CLK 3345 64 64 558 5072 2888 364129 92 58090
F4E_CLK 1292 64 64 559 4461 1133 123233 434 85908
F4E_CLK 1283 40 40 558 4569 1073 75354 400 34419
F4E_CLK 1976 28 28 558 4267 1720 63056 135 26530
F4E_CLK 1948 15 15 556 3991 1943 34143 144 7705
F4E_CLK 1931 11 11 558 3966 1953 25592 133 4801
F4E_CLK 2288 61 61 557 4548 2306 153715 149 65729
F4E_CLK 1283 64 64 557 4502 1101 126749 445 136190
F4E_CLK 1242 37 37 558 4488 1116 69879 392 27289
F4E_CLK 1162 29 19 558 4391 1125 45504 448 10262
F4E_CLK 0 0 0 558 486 0 240 84 353
F4E_CLK 0 0 0 556 486 0 240 84 354
F4E_CLK 0 0 0 558 486 0 240 84 352
F4E_CLK 1328 54 54 558 4381 1200 103315 437 54297
F4E_CLK 1283 64 64 559 4478 1087 124855 433 127169
F4E_CLK 1222 34 34 556 4581 1067 63513 403 24069
F4E_CLK 1047 29 17 558 4330 1250 43505 433 9204
F4E_CLK 143 10 10 556 2918 1036 14561 167 4840
F4E_CLK 118 10 3 558 2672 1098 9579 196 784
F4E_CLK 0 0 0 558 486 0 240 84 354
F4E_CLK 0 0 0 558 486 0 240 84 354
F4E_CLK 0 0 0 558 486 0 240 84 353
F4E_CLK 0 0 0 558 486 0 240 84 353
F4E_CLK 0 0 0 558 486 0 240 84 352
F4E_CLK 0 0 0 558 486 0 240 84 352
F4E_CLK 0 0 0 940 486 0 240 84 354
F4E_CLK 2684 55 55 544 4481 2403 232928 135 32490
F4E_CLK 2864 64 64 545 4593 2302 286910 106 56918
F4E_CLK 2967 64 64 546 4626 2316 290582 92 49382
F4E_CLK 3011 64 64 546 4670 2463 300842 86 56286
F4E_CLK 2919 64 64 544 4571 2479 285814 93 98943
F4E_CLK 2797 64 64 544 4547 2324 283128 89 110489
F4E_CLK 2674 64 64 544 4568 2277 259052 94 120692
F4E_CLK 2612 64 64 543 4557 2359 223647 95 66951
F4E_CLK 3776 64 64 545 5118 3228 415597 152 138435
F4E_CLK 2396 64 64 546 4553 2356 172796 97 141164
F4E_CLK 2229 64 64 545 4559 2309 168473 141 131503
F4E_CLK 3706 64 64 545 5099 3064 399493 93 60598
F4E_CLK 1584 64 64 545 4532 1497 129404 536 81302
F4E_CLK 1625 47 47 545 4575 1286 92321 547 50827
F4E_CLK 2092 25 25 543 4495 2081 64942 129 20812
F4E_CLK 2065 15 15 543 4421 2129 39645 137 8819
F4E_CLK 2043 14 14 546 4295 1813 34036 136 6493
F4E_CLK 2628 54 54 545 4518 2402 199300 140 55019
F4E_CLK 1583 64 64 545 4583 1110 129479 529 129281
F4E_CLK 1517 42 42 545 4544 1311 81436 525 38489
F4E_CLK 1475 33 21 545 4609 1145 52599 488 9692
F4E_CLK 0 0 0 545 486 0 240 84 354
F4E_CLK 0 0 0 545 486 0 240 84 354
F4E_CLK 0 0 0 917 486 0 240 84 354
F4E_CLK 1611 47 47 546 4483 1212 94160 562 37050
F4E_CLK 1579 64 64 544 4473 1149 127272 521 115229
F4E_CLK 1539 40 40 545 4491 1186 79282 546 33685
F4E_CLK 1427 31 18 545 4481 1129 47702 513 9209
F4E_CLK 170 3 3 543 3012 1164 4766 195 785
F4E_CLK 191 30 10 545 2955 1206 30095 193 4552
F4E_CLK 0 0 0 545 486 0 240 84 354
F4E_CLK 0 0 0 918 486 0 240 84 353
F4E_CLK 1318 3 3 545 4431 1101 5650 427 913
F4E_CLK 1625 64 64 544 4523 1084 130534 568 76858
F4E_CLK 1551 64 64 543 4534 1131 130233 527 137620
F4E_CLK 1540 22 22 543 4530 1139 42173 531 9659
F4E_CLK 1150 27 16 543 4403 1257 41204 395 7360
F4E_CLK 208 23 13 547 2912 883 26808 160 7235
F4E_CLK 0 0 0 544 486 0 240 84 354
F4E_CLK 208 48 13 543 2934 1122 47889 166 6683
F4E_CLK 0 0 0 544 486 0 240 84 354
F4E_CLK 0 0 0 544 486 0 240 84 354
F4E_CLK 0 0 0 545 486 0 240 84 353
F4E_CLK 0 0 0 544 486 0 240 84 353
F4E_CLK 0 0 0 545 486 0 240 84 352
F4E_CLK 0 0 0 545 486 0 240 84 353
F4E_CLK 0 0 0 544 486 0 240 84 353
F4E_CLK 2560 18 18 544 4490 2377 66180 148 6735
F4E_CLK 2928 64 64 545 4598 2348 290789 91 44901
F4E_CLK 3083 64 64 546 4966 2459 347922 145 44346
F4E_CLK 3143 64 64 544 5018 2559 365220 138 55466
F4E_CLK 3105 64 64 544 5099 2658 353935 133 88398
F4E_CLK 2997 64 64 545 4790 2281 297754 93 118556
F4E_CLK 2883 64 64 543 4559 2521 290420 96 95935
F4E_CLK 4389 64 64 545 5405 3995 497549 133 62269
F4E_CLK 4509 64 64 546 5405 4206 503293 146 55182
F4E_CLK 2648 64 64 546 4554 2400 256507 92 151912
F4E_CLK 2440 64 64 546 4570 2355 200682 154 144089
F4E_CLK 2305 64 64 543 4524 2446 170693 142 139287
F4E_CLK 3973 64 64 545 5133 3075 411901 94 83800
F4E_CLK 1843 64 64 543 4543 1285 137999 607 124286
F4E_CLK 4088 29 29 543 5348 3343 156259 89 13521
F4E_CLK 2189 22 22 545 4512 2359 57505 153 18557
F4E_CLK 2154 14 14 549 4487 2260 36796 149 7191
F4E_CLK 3955 26 26 547 5103 3223 163161 130 12676
F4E_CLK 1905 64 64 548 4589 1105 136161 612 83565
F4E_CLK 1992 64 64 547 4585 1712 145819 99 101620
F4E_CLK 1590 36 21 548 4512 1458 61858 515 15398
F4E_CLK 249 24 15 549 2989 1024 30435 145 8708
F4E_CLK 0 0 0 548 486 0 240 84 352
F4E_CLK 0 0 0 549 486 0 240 84 353
F4E_CLK 1818 10 10 548 4561 1259 20576 589 2911
F4E_CLK 1904 64 64 546 4532 1228 136694 657 77286
F4E_CLK 2054 64 64 547 4550 1796 159601 134 120796
F4E_CLK 1771 19 16 548 4449 1075 34487 552 5899
F4E_CLK 1047 25 15 547 4392 1027 38211 396 8179
F4E_CLK 260 30 13 547 2903 1365 32485 193 6524
F4E_CLK 0 0 0 549 486 0 240 84 352
F4E_CLK 0 0 0 549 486 0 240 84 354
F4E_CLK 0 0 0 935 486 0 240 84 354
F4E_CLK 1876 30 30 549 4647 1348 61328 640 15319
F4E_CLK 1888 64 64 547 4591 1125 138099 619 84394
F4E_CLK 1908 50 50 546 4585 1115 108189 600 57275
F4E_CLK 1817 33 23 549 4601 1134 58043 586 9251
F4E_CLK 204 4 2 549 2715 1042 4163 151 576
F4E_CLK 273 36 13 548 3031 826 36496 203 6812
F4E_CLK 273 12 12 547 3142 757 17737 195 5474
F4E_CLK 143 6 1 549 2707 1524 5084 156 452
F4E_CLK 0 0 0 547 486 0 240 84 353
F4E_CLK 0 0 0 547 486 0 240 84 354
F4E_CLK 0 0 0 548 486 0 240 84 354
F4E_CLK 1919 64 64 547 4482 1347 136608 613 66192
F4E_CLK 1838 64 64 549 4454 1351 136736 667 134949
F4E_CLK 1846 25 25 548 4735 1122 51171 630 12173
F4E_CLK 1433 27 16 545 4516 1146 42220 421 7704
F4E_CLK 286 20 13 547 3015 867 24198 202 5843
F4E_CLK 0 0 0 548 486 0 240 84 353
F4E_CLK 286 46 13 547 3040 761 45384 171 6403
F4E_CLK 0 0 0 548 486 0 240 84 352
F4E_CLK 285 60 13 548 3023 871 56972 160 6697
F4E_CLK 0 0 0 548 486 0 240 84 353
F4E_CLK 0 0 0 549 486 0 240 84 354
F4E_CLK 0 0 0 548 486 0 240 84 352
F4E_CLK 0 0 0 915 486 0 240 84 354
F4E_CLK 0 0 0 548 486 0 240 84 353
F4E_CLK 0 0 0 548 486 0 240 84 352
F4E_CLK 0 0 0 548 486 0 240 84 355
F4E_CLK 2672 17 17 550 4533 2419 66681 97 6632
F4E_CLK 3058 64 64 548 4577 2804 306869 145 44766
F4E_CLK 3214 64 64 547 5039 2743 377005 149 44485
F4E_CLK 3266 64 64 547 4966 2956 392063 149 53797
F4E_CLK 3259 64 64 546 5012 2969 387208 153 89369
F4E_CLK 3142 64 64 548 5054 2523 366121 148 116045
F4E_CLK 3025 64 64 550 4630 2319 299461 85 96833
F4E_CLK 4812 64 64 550 5505 4498 513466 149 70737
F4E_CLK 4936 64 64 547 5605 4217 514616 104 55045
F4E_CLK 2769 64 64 547 4494 2433 280933 94 150518
F4E_CLK 2576 64 64 549 4576 2385 240134 140 143937
F4E_CLK 2413 64 64 547 4523 2574 182405 133 143198
F4E_CLK 4379 64 64 549 5449 3947 496125 142 79925
F4E_CLK 2162 64 64 548 4511 2278 166342 141 119550
F4E_CLK 4486 29 29 549 5464 3988 192089 144 13255
F4E_CLK 2194 22 22 548 4496 2335 57373 154 18838
F4E_CLK 2138 15 15 546 4477 2397 40330 142 7989
F4E_CLK 4271 25 25 548 5527 3608 184300 147 11183
F4E_CLK 2228 64 64 547 4487 2384 169604 153 81183
F4E_CLK 2387 64 64 547 4593 2406 166461 140 103284
F4E_CLK 2025 36 22 544 4325 1698 68150 150 13558
F4E_CLK 327 24 15 544 3168 942 29587 174 8712
F4E_CLK 0 0 0 545 486 0 240 84 354
F4E_CLK 0 0 0 545 486 0 240 84 354
F4E_CLK 2130 9 9 545 4521 2223 23531 145 2239
F4E_CLK 2220 64 64 544 4498 2336 169111 151 75074
F4E_CLK 2432 64 64 545 4613 2303 170385 145 123557
F4E_CLK 2133 19 17 545 4652 2035 44348 126 6664
F4E_CLK 1244 25 15 545 4418 1011 38855 424 8240
F4E_CLK 338 29 13 544 3168 974 31789 176 6427
F4E_CLK 0 0 0 543 486 0 240 84 356
F4E_CLK 0 0 0 546 486 0 240 84 353
F4E_CLK 0 0 0 544 486 0 240 84 355
F4E_CLK 2178 29 29 545 4449 2396 75230 140 15102
F4E_CLK 2195 64 64 544 4584 2348 166099 145 87861
F4E_CLK 2310 51 51 545 4605 2333 128048 123 55850
F4E_CLK 2169 32 22 545 4586 2159 67669 146 9391
F4E_CLK 296 5 3 544 2924 893 5724 185 684
F4E_CLK 351 36 13 544 2973 818 37297 184 6147
F4E_CLK 351 11 11 547 3051 790 15854 183 5253
F4E_CLK 252 10 2 545 2776 913 8888 141 724
F4E_CLK 0 0 0 546 486 0 240 84 353
F4E_CLK 0 0 0 543 486 0 240 84 355
F4E_CLK 0 0 0 545 486 0 240 84 352
F4E_CLK 2225 63 63 546 4639 2227 162723 151 61628
F4E_CLK 2156 64 64 547 4524 2321 164562 149 128995
F4E_CLK 2200 26 26 545 4538 2254 65474 144 12997
F4E_CLK 1728 27 16 545 4440 1271 43434 535 7689
F4E_CLK 364 19 12 546 3191 927 22819 201 5348
F4E_CLK 175 4 1 545 2701 1188 3653 174 442
F4E_CLK 364 45 13 545 3112 766 45864 190 5877
F4E_CLK 0 0 0 546 486 0 240 84 353
F4E_CLK 364 59 13 545 3074 1014 55644 190 6840
F4E_CLK 0 0 0 543 486 0 240 84 354
F4E_CLK 0 0 0 543 486 0 240 84 353
F4E_CLK 0 0 0 545 486 0 240 84 353
F4E_CLK 2186 35 35 543 4537 2396 92710 151 20436
F4E_CLK 2190 64 64 545 4491 2433 167761 151 92585
F4E_CLK 2342 45 45 546 4535 2375 113636 144 41459
F4E_CLK 2221 38 23 545 4586 2336 78004 115 9516
F4E_CLK 280 4 2 546 2913 769 4560 184 572
F4E_CLK 377 36 13 545 3088 927 38126 182 5887
F4E_CLK 377 17 12 546 3074 827 21200 166 5781
F4E_CLK 178 6 1 545 2734 1007 5125 203 442
F4E_CLK 377 31 13 546 3159 872 33959 176 7281
F4E_CLK 0 0 0 544 486 0 240 84 353
F4E_CLK 377 33 13 546 3144 751 35763 188 6310
F4E_CLK 0 0 0 544 486 0 240 84 355
F4E_CLK 0 0 0 920 486 0 240 84 354
F4E_CLK 0 0 0 545 486 0 240 84 353
F4E_CLK 0 0 0 546 486 0 240 84 353
F4E_CLK 0 0 0 545 486 0 240 84 354
F4E_CLK 0 0 0 545 486 0 240 84 354
F4E_CLK 0 0 0 544 486 0 240 84 353
F4E_CLK 0 0 0 544 486 0 240 84 355
F4E_CLK 2931 42 42 545 4536 2468 188921 142 19940
F4E_CLK 3164 64 64 543 5059 2414 372982 149 50177
F4E_CLK 3261 64 64 546 5026 2905 390553 139 52962
F4E_CLK 3304 64 64 542 4972 3005 392611 148 57958
F4E_CLK 3228 64 64 546 4986 3052 382751 113 113709
F4E_CLK 3108 64 64 544 5093 2491 357241 132 92285
F4E_CLK 3003 64 64 546 4628 2490 293997 146 94479
F4E_CLK 4989 64 64 546 5489 4465 518408 91 47244
F4E_CLK 5189 64 64 546 5927 5010 610579 141 94510
F4E_CLK 2702 64 64 546 4572 2324 269849 96 141198
F4E_CLK 2513 64 64 546 4574 2352 225101 105 141023
F4E_CLK 4800 64 64 548 5455 3934 512889 144 78953
F4E_CLK 2507 64 64 549 4549 2412 225391 97 78033
F4E_CLK 2814 60 60 546 4682 2248 241095 155 88450
F4E_CLK 2200 21 21 549 4471 2476 54524 150 15541
F4E_CLK 2158 15 15 548 4516 2253 38714 149 8680
F4E_CLK 2128 16 16 546 4495 2311 41366 146 9476
F4E_CLK 4191 43 43 548 5639 3641 327447 146 31725
F4E_CLK 2497 64 64 546 4561 2334 224553 147 114953
F4E_CLK 2674 49 49 546 4602 2405 173823 136 55917
F4E_CLK 2572 42 27 545 4613 2371 99127 148 15417
F4E_CLK 0 0 0 549 486 0 240 84 354
F4E_CLK 0 0 0 549 486 0 240 84 355
F4E_CLK 0 0 0 548 486 0 240 84 354
F4E_CLK 2509 34 34 549 4543 2490 118926 143 21400
F4E_CLK 2514 64 64 548 4525 2448 229223 92 98121
F4E_CLK 2663 46 46 550 4660 2278 162957 140 49378
F4E_CLK 2515 37 23 549 4599 1909 84687 135 10318
F4E_CLK 309 4 2 548 2869 922 4538 195 560
F4E_CLK 429 36 13 548 3172 916 38008 198 6444
F4E_CLK 0 0 0 547 486 0 240 84 354
F4E_CLK 0 0 0 549 486 0 240 84 353
F4E_CLK 0 0 0 547 486 0 240 84 354
F4E_CLK 2542 54 54 549 4515 2570 199831 96 50022
F4E_CLK 2498 64 64 545 4526 2415 216715 135 135366
F4E_CLK 2581 34 34 549 4611 2334 108513 90 24639
F4E_CLK 2220 29 17 548 4528 2355 57233 144 7914
F4E_CLK 442 10 10 548 3113 835 14519 195 3925
F4E_CLK 386 10 3 548 2880 951 9983 180 853
F4E_CLK 442 36 13 546 3123 1021 37985 219 6849
F4E_CLK 0 0 0 548 486 0 240 84 353
F4E_CLK 0 0 0 936 486 0 240 84 353
F4E_CLK 0 0 0 548 486 0 240 84 353
F4E_CLK 2485 24 24 548 4519 2472 81528 104 12341
F4E_CLK 2514 64 64 549 4540 2317 227588 95 79525
F4E_CLK 2736 56 56 548 4571 2346 209810 134 74568
F4E_CLK 2442 27 17 547 4460 2443 60497 143 6247
F4E_CLK 448 13 8 548 3146 893 16578 206 2471
F4E_CLK 455 36 13 546 3113 841 39026 210 6437
F4E_CLK 451 6 6 547 3091 887 9068 207 1979
F4E_CLK 444 27 7 548 3172 979 26305 210 2905
F4E_CLK 455 20 13 549 3139 856 26412 208 6443
F4E_CLK 0 0 0 550 486 0 240 84 353
F4E_CLK 0 0 0 546 486 0 240 84 354
F4E_CLK 0 0 0 549 486 0 240 84 353
F4E_CLK 0 0 0 547 486 0 240 84 355
F4E_CLK 2495 60 60 549 4506 2389 206634 141 59911
F4E_CLK 2426 64 64 548 4505 2390 179954 138 129004
F4E_CLK 2460 29 29 546 4470 2432 78618 146 17167
F4E_CLK 1922 27 16 547 4174 2198 46079 144 7809
F4E_CLK 468 16 12 549 3114 950 20614 200 5792
F4E_CLK 234 4 1 551 2842 849 3646 159 467
F4E_CLK 468 42 13 548 3194 1006 43239 193 7003
F4E_CLK 0 0 0 548 486 0 240 84 354
F4E_CLK 468 56 13 548 3153 1005 54042 225 6427
F4E_CLK 0 0 0 918 486 0 240 84 353
F4E_CLK 468 58 13 546 3155 1233 55636 215 7279
F4E_CLK 0 0 0 549 486 0 240 84 353
F4E_CLK 0 0 0 548 486 0 240 84 353
F4E_CLK 0 0 0 548 486 0 240 84 353
F4E_CLK 2403 22 22 548 4574 2440 63779 143 10892
F4E_CLK 2440 64 64 548 4526 2447 199622 138 79134
F4E_CLK 2727 58 58 548 4697 2173 218400 137 79057
F4E_CLK 2414 25 15 550 4492 2451 51262 134 4930
F4E_CLK 477 17 10 551 3190 880 20564 201 3936
F4E_CLK 481 36 13 552 3233 927 37495 225 7270
F4E_CLK 457 4 4 554 3183 957 5533 209 1076
F4E_CLK 476 38 9 551 3101 995 35929 216 3121
F4E_CLK 480 18 12 552 3125 1157 22994 228 5356
F4E_CLK 236 8 1 554 2843 973 6701 169 471
F4E_CLK 477 20 13 553 3218 903 25376 204 6747
F4E_CLK 0 0 0 875 486 0 240 84 354
F4E_CLK 471 10 10 552 3170 836 14678 204 4475
F4E_CLK 408 22 3 552 3025 824 19608 202 828
F4E_CLK 0 0 0 552 486 0 240 84 353
F4E_CLK 0 0 0 550 486 0 240 84 352
F4E_CLK 0 0 0 553 486 0 240 84 353
F4E_CLK 0 0 0 554 486 0 240 84 354
F4E_CLK 0 0 0 552 486 0 240 84 353
F4E_CLK 0 0 0 892 486 0 240 84 354
F4E_CLK 0 0 0 552 486 0 240 84 353
F4E_CLK 2526 7 7 552 4535 2444 24577 100 1481
F4E_CLK 3080 64 64 552 5055 2475 345015 142 42962
F4E_CLK 3241 64 64 554 5017 2930 385314 97 44346
F4E_CLK 3302 64 64 553 4925 2964 390811 146 48929
F4E_CLK 3279 64 64 550 5001 2996 388489 148 62683
F4E_CLK 3179 64 64 551 5028 2568 375351 134 104373
F4E_CLK 3061 64 64 552 4643 2621 306039 91 95202
F4E_CLK 5382 64 64 553 5892 4830 605087 144 90621
F4E_CLK 5431 64 64 551 5917 4457 599669 98 60597
F4E_CLK 2813 64 64 551 4507 2494 284687 93 146676
F4E_CLK 2633 64 64 553 4559 2360 257836 92 149964
F4E_CLK 2463 64 64 552 4552 2880 204500 94 142440
F4E_CLK 4957 64 64 552 5577 4498 521841 135 61437
F4E_CLK 2682 64 64 552 4519 2385 264200 90 104934
F4E_CLK 2996 31 31 555 4890 2091 116672 141 21951
F4E_CLK 2202 28 28 553 4505 2366 72420 150 26808
F4E_CLK 2145 16 16 551 4513 2197 41483 139 10583
F4E_CLK 4649 17 16 552 5473 3631 122752 97 7138
F4E_CLK 2738 64 64 554 4514 2635 276457 99 85754
F4E_CLK 2901 64 64 553 4550 2315 286775 92 146650
F4E_CLK 2863 36 30 550 4554 2073 122479 136 19451
F4E_CLK 2287 27 17 553 4595 2328 54357 143 8883
F4E_CLK 0 0 0 892 486 0 240 84 355
F4E_CLK 0 0 0 552 486 0 240 84 352
F4E_CLK 0 0 0 552 486 0 240 84 352
F4E_CLK 2743 63 63 552 4569 2433 272352 93 70462
F4E_CLK 2660 64 64 552 4570 2827 258782 84 137315
F4E_CLK 2801 26 26 551 4659 2392 89961 94 15164
F4E_CLK 2194 27 16 553 4614 2082 54003 125 8225
F4E_CLK 521 19 12 553 3391 957 24893 246 5354
F4E_CLK 261 4 1 552 2807 1040 3796 175 465
F4E_CLK 0 0 0 553 486 0 240 84 354
F4E_CLK 0 0 0 553 486 0 240 84 355
F4E_CLK 2677 19 19 551 4522 2583 76688 96 8355
F4E_CLK 2723 64 64 550 4599 2295 279997 102 77693
F4E_CLK 3066 61 61 552 4922 2054 249730 139 90316
F4E_CLK 2441 22 12 552 4510 2475 49494 93 7099
F4E_CLK 534 23 13 553 3294 818 28593 241 6575
F4E_CLK 534 36 13 551 3245 986 39415 208 6758
F4E_CLK 273 1 1 553 2798 869 1497 176 472
F4E_CLK 533 47 12 553 3271 941 47606 223 5928
F4E_CLK 0 0 0 551 486 0 240 84 354
F4E_CLK 0 0 0 550 486 0 240 84 356
F4E_CLK 0 0 0 551 486 0 240 84 352
F4E_CLK 2692 53 53 552 4534 2337 226329 102 46316
F4E_CLK 2641 64 64 552 4641 2334 253081 105 125928
F4E_CLK 2768 35 35 538 4571 2344 120867 94 26079
F4E_CLK 2392 29 17 537 4531 2280 57661 142 8187
F4E_CLK 547 9 9 538 3140 1059 13600 241 3822
F4E_CLK 510 13 4 538 3000 1072 12839 225 1217
F4E_CLK 546 35 13 539 3251 792 38933 257 7401
F4E_CLK 0 0 0 539 486 0 240 84 352
F4E_CLK 544 49 13 538 3299 1019 49245 261 6975
F4E_CLK 0 0 0 536 486 0 240 84 354
F4E_CLK 0 0 0 868 486 0 240 84 355
F4E_CLK 0 0 0 539 486 0 240 84 354
F4E_CLK 2618 25 25 537 4521 2312 97592 96 12575
F4E_CLK 2646 64 64 538 4562 2426 264798 95 81308
F4E_CLK 2974 55 55 538 4873 2403 220515 94 69201
F4E_CLK 2671 28 18 536 4580 2374 69650 131 8527
F4E_CLK 544 11 7 536 3278 815 13015 241 2222
F4E_CLK 554 36 13 537 3409 859 39205 230 6875
F4E_CLK 547 7 7 538 3272 980 10734 236 2376
F4E_CLK 532 23 6 537 3191 917 22878 241 1710
F4E_CLK 547 21 13 538 3334 857 26572 258 6569
F4E_CLK 0 0 0 538 486 0 240 84 354
F4E_CLK 543 23 13 538 3483 873 28325 263 6699
F4E_CLK 0 0 0 538 486 0 240 84 354
F4E_CLK 0 0 0 538 486 0 240 84 353
F4E_CLK 0 0 0 539 486 0 240 84 353
F4E_CLK 0 0 0 866 486 0 240 84 355
F4E_CLK 2614 51 51 538 4578 2409 198013 89 44039
F4E_CLK 2569 64 64 538 4620 2299 241962 93 116979
F4E_CLK 2794 36 36 538 4546 2381 127083 93 28529
F4E_CLK 2516 31 18 538 4511 1902 65546 144 8699
F4E_CLK 547 7 7 538 3265 777 10574 258 2350
F4E_CLK 544 17 6 539 3198 950 18471 249 1566
F4E_CLK 549 33 13 537 3371 787 35750 255 6852
F4E_CLK 0 0 0 850 486 0 240 84 352
F4E_CLK 545 47 13 537 3297 1040 48527 274 6428
F4E_CLK 0 0 0 538 486 0 240 84 354
F4E_CLK 541 49 13 537 3282 965 48501 241 7139
F4E_CLK 0 0 0 537 486 0 240 84 354
F4E_CLK 537 39 13 536 3287 885 42330 238 6726
F4E_CLK 0 0 0 537 486 0 240 84 355
F4E_CLK 0 0 0 537 486 0 240 84 354
F4E_CLK 0 0 0 852 486 0 240 84 352
F4E_CLK 0 0 0 538 486 0 240 84 352
F4E_CLK 2572 55 55 539 4482 2481 209572 92 53543
F4E_CLK 2518 64 64 538 4538 2472 225246 105 127051
F4E_CLK 2757 33 33 538 4562 1992 116260 93 22689
F4E_CLK 2363 29 17 537 4553 2361 56677 144 8187
F4E_CLK 546 11 11 537 3396 841 16495 246 5274
F4E_CLK 387 7 2 538 3050 1027 7281 197 745
F4E_CLK 543 37 13 537 3320 818 39746 210 7170
F4E_CLK 0 0 0 539 486 0 240 84 354
F4E_CLK 539 51 13 538 3149 975 51538 236 7008
F4E_CLK 0 0 0 540 486 0 240 84 353
F4E_CLK 535 53 13 537 3259 1041 52843 251 6152
F4E_CLK 0 0 0 539 486 0 240 84 353
F4E_CLK 531 43 13 536 3281 905 43599 266 6834
F4E_CLK 0 0 0 539 486 0 240 84 353
F4E_CLK 527 21 13 537 3238 989 26516 252 7260
F4E_CLK 0 0 0 537 486 0 240 84 354
F4E_CLK 0 0 0 538 486 0 240 84 352
F4E_CLK 0 0 0 538 486 0 240 84 352
F4E_CLK 0 0 0 537 486 0 240 84 355
F4E_CLK 0 0 0 537 486 0 240 84 354
F4E_CLK 0 0 0 537 486 0 240 84 355
F4E_CLK 0 0 0 537 486 0 240 84 355
F4E_CLK 0 0 0 871 486 0 240 84 353
F4E_CLK 2461 6 6 552 4524 2341 19499 145 1923
F4E_CLK 3073 64 64 552 5029 2428 339518 90 42452
F4E_CLK 3237 64 64 551 4982 2958 388011 100 44906
F4E_CLK 3337 64 64 553 5031 2923 399717 94 48093
F4E_CLK 3340 64 64 553 5100 2913 395931 98 60054
F4E_CLK 3226 64 64 553 5010 2682 384689 104 103971
F4E_CLK 3094 64 64 553 4976 2935 348822 151 96862
F4E_CLK 5554 64 64 552 5857 4741 606248 144 87121
F4E_CLK 5604 64 64 550 6038 4578 604913 95 60499
F4E_CLK 2841 64 64 551 4599 2344 280282 131 149652
F4E_CLK 2653 64 64 552 4548 2451 256586 91 149261
F4E_CLK 2489 64 64 550 4548 3012 211909 95 139275
F4E_CLK 5122 64 64 552 5812 3423 575865 129 64493
F4E_CLK 2856 64 64 552 4603 2550 286053 96 102489
F4E_CLK 3203 32 32 552 5048 3006 148354 150 23972
F4E_CLK 2204 28 28 552 4509 2307 72625 148 26254
F4E_CLK 2148 16 16 554 4505 2306 41753 145 9476
F4E_CLK 4730 16 15 550 5419 3873 119861 98 6157
F4E_CLK 2923 64 64 551 4620 2687 292941 91 86924
F4E_CLK 2833 64 64 552 4581 2574 278201 86 147746
F4E_CLK 3064 36 30 550 4616 1981 124699 149 18632
F4E_CLK 2726 28 18 550 4555 2303 62976 132 9265
F4E_CLK 0 0 0 551 486 0 240 84 354
F4E_CLK 0 0 0 899 486 0 240 84 354
F4E_CLK 0 0 0 551 486 0 240 84 353
F4E_CLK 2914 62 62 552 4636 2350 280251 91 65672
F4E_CLK 2841 64 64 552 4540 2664 282280 92 139677
F4E_CLK 2995 27 27 550 4703 2480 99123 83 16104
F4E_CLK 2362 27 16 550 4580 2016 54326 140 8225
F4E_CLK 575 18 12 551 3242 964 23182 255 5356
F4E_CLK 282 4 1 552 2811 866 3601 151 492
F4E_CLK 0 0 0 869 486 0 240 84 352
F4E_CLK 0 0 0 552 486 0 240 84 354
F4E_CLK 2857 18 18 551 4556 2836 81510 92 8117
F4E_CLK 2905 64 64 551 4589 2381 286334 89 75109
F4E_CLK 3257 62 62 552 5009 2925 331607 99 94870
F4E_CLK 2298 21 11 553 4557 2310 42224 133 4800
F4E_CLK 589 24 14 552 3408 1164 29682 265 7658
F4E_CLK 588 36 13 551 3446 773 39380 264 6714
F4E_CLK 0 0 0 872 486 0 240 84 353
F4E_CLK 588 48 13 553 3392 908 49618 259 6573
F4E_CLK 0 0 0 551 486 0 240 84 354
F4E_CLK 0 0 0 553 486 0 240 84 353
F4E_CLK 0 0 0 554 486 0 240 84 352
F4E_CLK 2865 52 52 551 4618 2493 234542 86 44349
F4E_CLK 2823 64 64 553 4609 2334 284367 151 122855
F4E_CLK 2961 36 36 550 4528 2382 137913 83 27144
F4E_CLK 2601 29 17 551 4513 2367 61722 130 7912
F4E_CLK 598 8 8 554 3241 809 11923 258 3303
F4E_CLK 577 14 5 551 3308 873 14617 223 1215
F4E_CLK 600 34 13 550 3343 1228 38103 244 8263
F4E_CLK 0 0 0 551 486 0 240 84 354
F4E_CLK 598 48 13 551 3316 1017 48499 226 6196
F4E_CLK 0 0 0 552 486 0 240 84 353
F4E_CLK 0 0 0 553 486 0 240 84 353
F4E_CLK 0 0 0 870 486 0 240 84 355
F4E_CLK 2793 24 24 551 4544 2336 105214 96 12061
F4E_CLK 2823 64 64 553 4655 2297 285855 152 79351
F4E_CLK 3183 56 56 552 5077 2703 271005 137 76072
F4E_CLK 2862 27 17 550 4597 2128 77340 138 7615
F4E_CLK 603 13 8 551 3523 816 15728 235 2502
F4E_CLK 608 36 13 552 3344 928 39159 227 7165
F4E_CLK 596 6 6 551 3194 1021 8943 249 1989
F4E_CLK 592 27 7 537 3268 1044 27318 263 1937
F4E_CLK 601 20 13 536 3222 978 25405 223 6194
F4E_CLK 0 0 0 538 486 0 240 84 354
F4E_CLK 597 22 13 538 3428 1205 27556 250 6318
F4E_CLK 0 0 0 537 486 0 240 84 354
F4E_CLK 0 0 0 537 486 0 240 84 354
F4E_CLK 0 0 0 538 486 0 240 84 352
F4E_CLK 0 0 0 539 486 0 240 84 356
F4E_CLK 2785 50 50 537 4608 2647 217684 93 41163
F4E_CLK 2746 64 64 538 4549 2382 272192 121 113027
F4E_CLK 2965 37 37 537 4578 2311 143046 126 29487
F4E_CLK 2718 31 18 538 4721 1884 68192 119 9674
F4E_CLK 595 6 6 537 3331 926 9087 248 1986
F4E_CLK 597 20 7 538 3308 869 21471 261 2371
F4E_CLK 603 32 13 538 3189 844 35244 249 6443
F4E_CLK 0 0 0 538 486 0 240 84 353
F4E_CLK 599 46 13 537 3230 939 47537 260 6444
F4E_CLK 0 0 0 538 486 0 240 84 352
F4E_CLK 595 48 13 536 3288 884 47858 224 7310
F4E_CLK 0 0 0 537 486 0 240 84 353
F4E_CLK 591 38 13 538 3377 787 39829 272 6448
F4E_CLK 0 0 0 539 486 0 240 84 354
F4E_CLK 0 0 0 538 486 0 240 84 354
F4E_CLK 0 0 0 536 486 0 240 84 354
F4E_CLK 0 0 0 850 486 0 240 84 354
F4E_CLK 2743 54 54 537 4527 2398 233652 102 51812
F4E_CLK 2684 64 64 536 4538 2373 263297 95 124213
F4E_CLK 2935 34 34 538 4673 2326 126254 92 24871
F4E_CLK 2547 29 17 537 4552 2520 60039 104 8475
F4E_CLK 600 10 10 537 3209 932 15535 230 4211
F4E_CLK 518 10 3 537 3062 828 10016 241 971
F4E_CLK 597 36 13 538 3364 790 39060 239 7439
F4E_CLK 0 0 0 870 486 0 240 84 354
F4E_CLK 593 50 13 537 3508 921 50925 267 6997
F4E_CLK 0 0 0 538 486 0 240 84 354
F4E_CLK 589 52 13 539 3254 992 51731 245 6454
F4E_CLK 0 0 0 538 486 0 240 84 353
F4E_CLK 585 42 13 538 3366 813 43743 274 7001
F4E_CLK 0 0 0 537 486 0 240 84 352
F4E_CLK 581 20 13 538 3355 885 26525 272 7264
F4E_CLK 0 0 0 849 486 0 240 84 353
F4E_CLK 0 0 0 539 486 0 240 84 354
F4E_CLK 0 0 0 536 486 0 240 84 354
F4E_CLK 0 0 0 536 486 0 240 84 354
F4E_CLK 2618 24 24 536 4540 2450 92376 84 12329
F4E_CLK 2647 64 64 537 4603 2527 253754 97 77662
F4E_CLK 2998 56 56 538 4760 2193 225156 140 71496
F4E_CLK 2770 27 17 538 4598 2501 73195 142 7874
F4E_CLK 583 13 8 536 3353 792 17299 280 2471
F4E_CLK 590 36 13 539 3411 825 38408 248 7012
F4E_CLK 586 6 6 538 3350 912 9495 249 1993
F4E_CLK 571 27 7 537 3277 802 27736 250 1685
F4E_CLK 583 20 13 538 3355 1033 25826 263 6707
F4E_CLK 0 0 0 538 486 0 240 84 353
F4E_CLK 579 22 13 536 3361 898 27287 262 6287
F4E_CLK 0 0 0 536 486 0 240 84 354
F4E_CLK 575 12 12 536 3354 820 18869 263 6182
F4E_CLK 295 11 1 538 2838 1113 9199 186 473
F4E_CLK 0 0 0 537 486 0 240 84 355
F4E_CLK 571 54 13 536 3443 812 52274 237 6871
F4E_CLK 0 0 0 540 486 0 240 84 352
F4E_CLK 567 20 13 536 3406 836 24920 253 6723
F4E_CLK 0 0 0 536 486 0 240 84 355
F4E_CLK 550 40 40 539 3467 899 60235 251 57106
F4E_CLK 470 64 64 550 3128 1078 95936 221 146146
F4E_CLK 392 64 64 552 3197 984 96210 191 139599
F4E_CLK 327 64 46 552 3155 1033 84897 187 74389
F4E_CLK 275 64 35 553 3156 921 74003 148 42154
F4E_CLK 246 54 32 554 2994 1195 67476 161 35569
F4E_CLK 186 64 29 553 2957 1157 72383 197 29821
F4E_CLK 124 32 3 552 2658 1387 27379 145 793
F4E_CLK 3226 57 57 552 4982 2955 338351 104 35983
F4E_CLK 3423 64 64 551 5104 2887 401113 100 58652
F4E_CLK 3541 64 64 552 5040 3256 410071 90 48645
F4E_CLK 3542 64 64 552 4987 3246 406583 146 55176
F4E_CLK 3456 64 64 550 5032 2898 406414 98 97848
F4E_CLK 3338 64 64 552 5029 2943 391902 92 108960
F4E_CLK 4570 64 64 550 5427 4320 519356 136 107989
F4E_CLK 5560 64 64 553 5975 5078 638411 150 68241
F4E_CLK 4423 64 64 552 5469 3966 513141 136 143151
F4E_CLK 2905 64 64 552 4591 2305 292007 147 144540
F4E_CLK 2727 64 64 554 4611 2397 274220 99 130567
F4E_CLK 6015 64 64 553 5952 4935 626275 97 61855
F4E_CLK 5618 64 64 553 5974 5273 643014 144 85746
F4E_CLK 6209 64 64 554 6445 6132 675355 148 105344
F4E_CLK 2350 64 64 553 4565 2350 170251 149 141646
F4E_CLK 2202 64 64 551 4509 2403 167773 151 147623
F4E_CLK 2032 64 64 552 4265 1934 157929 140 144564
F4E_CLK 5589 64 64 552 5959 4622 627745 148 65737
F4E_CLK 5416 64 64 552 5913 5062 644122 138 139119
F4E_CLK 5761 64 64 551 5868 5214 625252 99 107191
F4E_CLK 5583 64 64 553 5937 5177 612986 95 109938
F4E_CLK 1786 64 64 551 4495 1152 130154 580 140819
F4E_CLK 1700 64 64 553 4498 1099 125931 564 142627
F4E_CLK 1625 64 64 552 4526 1078 124800 558 141770
F4E_CLK 5762 64 64 553 5921 4018 621481 135 51419
F4E_CLK 5548 64 64 554 6012 4823 639834 147 120358
F4E_CLK 5270 64 64 552 5868 4990 634354 137 117856
F4E_CLK 5063 64 64 551 5579 4414 534087 88 106864
F4E_CLK 4375 64 64 553 5389 3997 514679 146 133416
F4E_CLK 4272 64 64 554 5496 3878 471480 143 143425
F4E_CLK 1506 64 64 554 4528 1077 125624 479 141937
F4E_CLK 1437 64 64 554 4460 1062 124177 460 142082
F4E_CLK 1360 64 64 552 4459 1073 125667 403 144722
F4E_CLK 5192 64 64 553 5890 4861 630777 147 69904
F4E_CLK 4925 64 64 550 5536 4455 543340 85 137578
F4E_CLK 4515 64 64 553 5429 4063 495899 87 123144
F4E_CLK 4275 64 64 552 5424 3603 506855 144 126481
F4E_CLK 3898 64 64 553 5015 3047 421080 93 107846
F4E_CLK 3401 64 64 550 5085 2930 404754 93 146206
F4E_CLK 3729 64 64 553 5079 3208 409398 139 121744
F4E_CLK 2471 64 64 552 4539 2331 212124 96 149193
F4E_CLK 2262 64 64 552 4527 2333 167536 149 142899
F4E_CLK 1132 64 64 554 4483 1109 118083 360 140775
F4E_CLK 4573 64 64 552 5855 1995 377803 140 69211
F4E_CLK 4566 64 64 552 5535 4386 534438 137 73112
F4E_CLK 4278 64 64 551 5542 3975 498823 94 108442
F4E_CLK 3908 64 64 552 5023 3172 417767 81 112307
F4E_CLK 3221 64 64 553 4970 3032 349750 138 150380
F4E_CLK 3259 64 64 553 5057 2896 353451 145 128551
F4E_CLK 2458 64 64 554 4593 2338 162939 96 133847
F4E_CLK 2783 64 64 552 4689 2370 188970 146 145205
F4E_CLK 2684 64 64 552 4624 1983 181344 101 109508
F4E_CLK 2274 64 64 554 4540 2347 158182 148 118020
F4E_CLK 1085 64 63 550 4330 1105 118854 409 141892
F4E_CLK 631 55 8 554 3471 676 52002 243 2211
F4E_CLK 478 19 2 552 3063 1399 16693 208 747
F4E_CLK 4043 40 40 554 5047 3506 271428 145 27941
F4E_CLK 3913 64 64 533 5144 3497 425571 82 96309
F4E_CLK 3624 64 64 533 5031 2966 402208 150 113695
F4E_CLK 3235 64 64 534 5101 2847 338962 93 102105
F4E_CLK 1165 64 64 535 4457 1078 120628 437 139204
F4E_CLK 2458 64 64 533 4562 2318 169461 135 141488
F4E_CLK 2365 64 64 535 4564 2220 159847 143 94388
F4E_CLK 1136 64 18 535 4476 1024 82205 417 10875
F4E_CLK 2150 26 21 535 4547 2218 58886 131 15401
F4E_CLK 283 3 1 533 2816 764 2875 179 466
F4E_CLK 2128 18 18 533 4536 2275 43917 144 10231
F4E_CLK 806 38 2 533 3687 992 33690 298 636
F4E_CLK 959 59 53 534 3929 913 98504 337 94603
F4E_CLK 572 59 8 535 3333 821 54170 239 2060
F4E_CLK 496 23 3 533 3074 946 20989 207 858
F4E_CLK 3474 31 31 531 5036 3244 193047 146 17765
F4E_CLK 3419 64 64 534 5027 2919 407179 91 83656
F4E_CLK 3377 64 64 535 5070 2940 383959 93 111185
F4E_CLK 2926 64 64 535 4644 1701 241041 93 98648
F4E_CLK 1852 64 64 532 4557 1384 134538 612 138459
F4E_CLK 2196 64 64 533 4578 1979 157814 149 117742
F4E_CLK 2027 64 25 533 4460 1396 100844 148 13030
F4E_CLK 1719 48 23 535 4629 1165 74525 584 19749
F4E_CLK 1831 17 17 535 4508 1124 34285 619 11240
F4E_CLK 817 48 5 533 3731 1095 45644 280 1239
F4E_CLK 1833 9 9 532 4628 1086 18547 643 3459
F4E_CLK 1510 64 11 533 4697 1279 78785 494 5096
F4E_CLK 281 11 1 533 2789 878 9306 158 480
F4E_CLK 1833 48 19 535 4543 1103 72201 551 14128
F4E_CLK 881 7 7 536 3646 1099 12313 277 1733
F4E_CLK 818 64 48 533 3676 898 95160 299 72997
F4E_CLK 588 50 7 534 3344 767 46880 260 2507
F4E_CLK 417 20 2 534 3070 832 17392 211 613
F4E_CLK 3193 43 43 532 4996 2650 250469 143 33497
F4E_CLK 3066 64 64 533 4630 2477 301909 102 102068
F4E_CLK 3003 64 64 532 4609 2281 262466 93 106600
F4E_CLK 2575 64 64 534 4649 1933 181904 93 79409
F4E_CLK 874 64 64 533 3768 993 105391 319 138533
F4E_CLK 1937 64 64 533 4173 1725 138391 137 140537
F4E_CLK 1703 61 25 533 4626 945 88570 578 16500
F4E_CLK 351 39 11 534 3234 990 39648 176 4419
F4E_CLK 1698 29 21 532 4493 1104 50611 584 16898
F4E_CLK 176 5 1 534 2809 841 4383 162 447
F4E_CLK 1682 21 20 532 4552 1090 41994 580 13622
F4E_CLK 0 0 0 534 486 0 240 84 355
F4E_CLK 169 17 1 534 2795 811 13740 147 461
F4E_CLK 1677 60 19 532 4817 1139 83654 557 14380
F4E_CLK 190 3 1 531 2735 883 2892 190 451
F4E_CLK 1672 17 17 533 4483 1140 33707 570 9712
F4E_CLK 410 10 1 535 2905 931 8931 193 508
F4E_CLK 790 21 21 534 3467 826 36599 304 15744
F4E_CLK 708 64 35 534 3550 1132 81328 291 37455
F4E_CLK 602 61 6 535 3316 1096 54516 257 1985
F4E_CLK 434 30 2 534 3085 946 25442 209 723
F4E_CLK 2953 57 57 535 4591 2286 258254 150 53091
F4E_CLK 2658 64 64 533 4528 2591 251147 91 121424
F4E_CLK 2500 64 64 534 4624 2342 175005 138 113523
F4E_CLK 2144 64 64 534 4614 1781 155294 149 101064
F4E_CLK 1731 64 64 533 4694 1106 129694 586 97712
F4E_CLK 950 64 54 534 3960 956 97451 308 104614
F4E_CLK 1527 35 30 533 4454 1131 64106 450 31754
F4E_CLK 207 17 2 536 2808 852 14503 149 559
F4E_CLK 1506 43 21 532 4561 1086 64618 451 14175
F4E_CLK 200 7 1 533 2727 1011 5950 162 454
F4E_CLK 1520 35 20 533 4444 1088 54001 482 15321
F4E_CLK 211 1 1 554 2739 882 1418 165 462
F4E_CLK 1523 10 10 553 4436 1144 19490 478 4425
F4E_CLK 930 64 9 552 4147 1001 62645 373 3272
F4E_CLK 193 7 1 553 2729 863 6021 185 443
F4E_CLK 1499 31 18 551 4391 1258 48751 507 11352
F4E_CLK 0 0 0 550 486 0 240 84 354
F4E_CLK 193 7 1 552 2723 1013 5882 167 466
F4E_CLK 1465 33 17 552 4452 1235 51620 419 11015
F4E_CLK 0 0 0 1033 486 0 240 84 354
F4E_CLK 799 17 17 552 3505 894 30283 302 9942
F4E_CLK 738 64 38 554 3498 1740 85900 281 46532
F4E_CLK 628 60 7 554 3352 995 54582 230 2686
F4E_CLK 445 26 2 551 3115 855 22441 230 584
F4E_CLK 2702 53 53 553 4585 2068 219926 97 46314
F4E_CLK 2494 64 64 551 4522 2319 210023 147 121446
F4E_CLK 2280 64 64 551 4572 2338 156345 145 112041
F4E_CLK 1960 64 64 550 4352 1852 135666 134 90221
F4E_CLK 1546 64 64 552 4460 1154 124828 508 110241
F4E_CLK 1282 64 58 552 4438 1121 116549 429 114757
F4E_CLK 1394 31 30 554 4423 1211 58303 475 32832
F4E_CLK 238 15 2 551 2855 1102 13020 168 568
F4E_CLK 1372 39 21 552 4533 1214 58591 453 17063
F4E_CLK 208 7 1 554 2720 856 5977 170 449
F4E_CLK 1360 31 20 552 4445 1141 47994 440 15575
F4E_CLK 0 0 0 828 486 0 240 84 353
F4E_CLK 1328 25 7 550 4435 1057 33027 439 2154
F4E_CLK 1184 64 13 551 4470 1207 77486 415 5784
F4E_CLK 218 6 1 553 2749 884 5467 200 452
F4E_CLK 1347 27 18 554 4434 1220 42450 436 11765
F4E_CLK 0 0 0 551 486 0 240 84 356
F4E_CLK 202 6 1 553 2720 997 5171 202 443
F4E_CLK 1308 29 17 554 4378 1149 45526 443 11772
F4E_CLK 0 0 0 877 486 0 240 84 353
F4E_CLK 205 2 1 552 2720 987 2056 192 448
F4E_CLK 1308 11 11 553 4360 1175 20843 432 5057
F4E_CLK 719 60 5 552 3653 806 53359 253 1374
F4E_CLK 0 0 0 553 486 0 240 84 353
F4E_CLK 904 38 38 554 3951 1062 66770 315 4361
F4E_CLK 930 64 64 553 4149 892 107688 337 7025
F4E_CLK 930 64 64 552 3930 922 107533 304 7058
F4E_CLK 2364 64 64 552 4563 1985 161750 145 8318
F4E_CLK 2658 64 64 554 4547 2539 253782 95 67521
F4E_CLK 2605 64 64 552 4544 2397 228196 79 102147
F4E_CLK 2324 64 64 552 4575 2337 160312 143 21355
F4E_CLK 2364 64 64 554 4515 2272 164540 137 18848
F4E_CLK 2274 64 64 552 4558 2326 160072 137 24819
F4E_CLK 1511 64 64 552 4485 1205 128139 504 19687
F4E_CLK 2216 64 64 551 4532 1914 157752 94 25574
F4E_CLK 1467 64 64 553 4475 1071 127182 445 25554
F4E_CLK 2175 64 64 553 4550 2256 158782 141 24550
F4E_CLK 1548 64 64 553 4494 1134 128700 434 17281
F4E_CLK 2235 64 64 552 4484 2303 159807 139 24825
F4E_CLK 1562 64 64 555 4523 1072 127407 500 10140
F4E_CLK 2300 64 64 553 4513 1968 159122 149 23147
F4E_CLK 1324 64 64 551 4443 1111 120751 420 16784
F4E_CLK 1557 64 64 552 4589 1194 127067 505 24563
F4E_CLK 2224 64 64 554 4557 2251 159954 137 29946
F4E_CLK 1334 64 64 551 4530 1075 122698 433 23987
F4E_CLK 1537 64 64 553 4526 1097 128685 521 9412
F4E_CLK 2205 64 64 554 4521 2338 158162 150 27738
F4E_CLK 1343 64 64 552 4477 1126 121472 433 16073
F4E_CLK 1577 64 64 554 4495 1126 125346 552 9557
F4E_CLK 2220 64 64 550 4498 2314 159923 146 17048
F4E_CLK 1354 64 64 553 4537 1266 121812 405 17932
F4E_CLK 1356 64 64 535 4549 1072 122258 412 14582
F4E_CLK 1477 64 64 533 4479 1079 125231 479 7086
F4E_CLK 2154 64 64 534 4517 2296 157084 147 23575
F4E_CLK 1363 64 64 534 4501 1049 122582 408 16399
F4E_CLK 1370 64 64 535 4559 1043 122972 415 11816
F4E_CLK 1470 64 64 533 4479 1096 125631 510 7039
F4E_CLK 2235 64 64 533 4529 2467 160229 144 19139
F4E_CLK 1626 64 64 533 4570 1053 127339 519 10010
F4E_CLK 1629 64 64 534 4571 1068 123463 519 11947
F4E_CLK 1546 22 22 532 4434 1350 44072 494 2757
F4_F2_ECHELON: 30225 x 842 words, 27225 pivots: upload 21.6 ms, device 124.5 ms, download 0.1 ms, 1.07e10 word XORs
K_0/2^13 m=2 x=1234 D=5 f5=true [cuda:NVIDIA GeForce RTX 4090 sm_89 x128 code=sm_89]: 30225 x 53871 (eliminated 30225 rows), rank 27250, refuted true, pinned 0; build 1.479 s, eliminate 0.146 s, total 1.626 s, 1.075e10 word XORs
Stage diagnostic only: one oracle matrix, not an ECDLP cost.
