F4E_CLK 695 64 64 1118 5371 851 96148 272 29005
F4E_CLK 1032 64 64 530 6401 1176 118600 409 33026
F4E_CLK 1236 64 64 531 6373 1334 120859 359 35864
F4E_CLK 1521 64 64 530 5747 1404 123740 516 26991
F4E_CLK 1431 64 64 532 5717 1112 124535 429 43556
F4E_CLK 2041 64 64 528 4975 2136 144671 146 29507
F4E_CLK 1994 64 64 529 5051 1614 143202 137 54653
F4E_CLK 2217 64 64 530 5325 2078 161654 153 47425
F4E_CLK 2280 64 64 529 4738 2199 168299 147 71742
F4E_CLK 2211 64 64 529 4450 2323 165965 141 72852
F4E_CLK 2058 64 64 530 4905 2131 164321 145 118159
F4E_CLK 2087 64 64 528 4530 1991 165444 143 103569
F4E_CLK 1995 64 64 530 4218 1860 148112 139 93146
F4E_CLK 1929 64 64 530 4397 1906 143690 97 106779
F4E_CLK 1766 64 64 530 4501 1059 134371 612 82136
F4E_CLK 2035 64 64 530 5832 1610 145604 131 44781
F4E_CLK 1039 64 64 530 5987 1284 120679 425 44671
F4E_CLK 1277 64 64 531 5543 1435 123230 383 39213
F4E_CLK 3149 64 64 530 5561 2321 345743 149 47100
F4E_CLK 1825 64 64 530 4529 1324 139097 575 122491
F4E_CLK 1783 64 64 530 4515 1151 136527 598 111474
F4E_CLK 1699 64 64 528 4471 1158 134934 634 146034
F4E_CLK 1651 64 64 533 4534 1075 130962 517 100938
F4E_CLK 1484 64 64 530 4561 1230 131087 491 145380
F4E_CLK 1532 64 64 530 4531 1123 128455 488 123328
F4E_CLK 1349 64 64 530 4460 1239 128120 423 138861
F4E_CLK 2830 64 64 528 4881 2360 268262 88 71704
F4E_CLK 1936 64 64 530 4407 1695 138451 136 68835
F4E_CLK 2064 64 64 529 4531 2042 165994 143 62160
F4E_CLK 2110 64 64 528 4867 2144 163985 147 73279
F4E_CLK 2117 64 64 531 4503 2259 168097 143 93705
F4E_CLK 2043 64 64 530 4153 2164 159777 80 109723
F4E_CLK 1958 64 64 529 4099 1821 146650 133 99392
F4E_CLK 2180 64 64 531 5399 2486 161643 80 53290
F4E_CLK 1583 64 64 530 5543 1037 126020 550 56702
F4E_CLK 1346 64 64 530 4461 1108 125554 430 138181
F4E_CLK 1282 64 64 530 4445 1151 124612 418 141912
F4E_CLK 1217 64 64 529 4462 1356 124123 389 142871
F4E_CLK 1152 64 64 531 4453 1079 122330 368 141462
F4E_CLK 1089 64 64 533 4338 1225 125401 392 144095
F4E_CLK 1025 64 64 530 4353 1037 121466 434 143612
F4E_CLK 961 64 64 532 3917 1256 111712 324 142586
F4E_CLK 3137 64 64 528 5069 2471 356479 149 50023
F4E_CLK 2416 64 64 530 4479 2348 181938 151 68828
F4E_CLK 2543 64 64 529 4537 2511 238242 140 66039
F4E_CLK 2578 64 64 530 4500 2722 247305 150 67546
F4E_CLK 2492 64 64 531 4500 2360 217563 97 127999
F4E_CLK 2389 64 64 530 4537 2342 174154 147 116295
F4E_CLK 2291 64 64 531 4522 2400 169126 153 125806
F4E_CLK 2743 64 64 527 5068 2287 201793 96 64257
F4E_CLK 2851 64 64 532 4722 2260 272319 88 95228
F4E_CLK 2134 64 64 529 4529 2121 167120 128 138036
F4E_CLK 2024 64 64 530 4348 1814 157725 83 143482
F4E_CLK 2692 64 64 531 4585 2524 244808 96 75600
F4E_CLK 778 64 64 528 3805 1358 106663 327 82762
F4E_CLK 754 56 56 530 3813 1378 90431 238 73111
F4E_CLK 880 35 35 530 3650 906 59500 306 43312
F4E_CLK 810 21 21 530 3620 1016 35318 276 14950
F4E_CLK 768 21 21 532 3383 1099 35116 268 15068
F4E_CLK 726 26 26 531 3419 1200 43021 289 24464
F4E_CLK 674 16 16 530 3426 1027 25695 301 8013
F4E_CLK 642 22 22 531 3351 1061 35062 280 17354
F4E_CLK 598 15 15 532 3322 847 23762 259 7476
F4E_CLK 2886 34 34 531 4539 2164 142790 138 13047
F4E_CLK 2590 64 64 557 4512 2633 248350 93 47389
F4E_CLK 2684 64 64 555 4528 2592 260590 143 50995
F4E_CLK 2769 64 64 559 4537 2550 280328 88 69483
F4E_CLK 2729 64 64 555 4515 2598 273116 89 100200
F4E_CLK 2614 64 64 557 4591 2502 256861 91 108820
F4E_CLK 2514 64 64 558 4506 2347 225857 149 95565
F4E_CLK 3143 64 64 557 4973 3146 336184 92 55745
F4E_CLK 3326 64 64 559 5030 2837 360394 133 61559
F4E_CLK 2294 64 64 558 4558 2304 169582 149 146099
F4E_CLK 2163 64 64 555 4497 2189 168172 138 142480
F4E_CLK 2903 64 64 558 4605 2545 288885 108 132056
F4E_CLK 1065 64 64 557 4440 1324 123860 405 106121
F4E_CLK 998 64 64 555 4122 969 116145 336 135771
F4E_CLK 2477 44 44 557 4534 2305 134099 101 41372
F4E_CLK 1942 31 31 557 3955 1958 70548 137 33091
F4E_CLK 1904 20 19 557 4540 1121 42147 626 13411
F4E_CLK 2916 50 42 557 4562 2430 188339 93 26847
F4E_CLK 1069 64 64 557 4463 1069 119462 428 89845
F4E_CLK 1028 57 57 558 4507 1089 105703 434 75079
F4E_CLK 984 56 35 557 4319 1197 82329 309 31681
F4E_CLK 89 15 11 555 3055 1299 17940 191 4372
F4E_CLK 0 0 0 554 486 0 240 84 355
F4E_CLK 0 0 0 557 486 0 240 84 353
F4E_CLK 0 0 0 557 486 0 240 84 353
F4E_CLK 0 0 0 558 486 0 240 84 353
F4E_CLK 0 0 0 557 486 0 240 84 353
F4E_CLK 0 0 0 559 486 0 240 84 353
F4E_CLK 0 0 0 557 486 0 240 84 352
F4E_CLK 2618 62 62 555 4592 2564 243216 93 37465
F4E_CLK 2771 64 64 555 4548 2493 279116 89 51129
F4E_CLK 2861 64 64 555 4560 2494 287889 92 48370
F4E_CLK 2855 64 64 555 4517 2574 287224 131 61692
F4E_CLK 2761 64 64 557 4511 2582 282183 142 99634
F4E_CLK 2637 64 64 558 4518 2542 255763 145 112511
F4E_CLK 3529 64 64 557 4961 2913 397393 95 113669
F4E_CLK 3532 64 64 556 5045 2883 369449 98 67947
F4E_CLK 2441 64 64 557 4546 2272 200088 143 148102
F4E_CLK 2253 64 64 558 4499 2308 168825 144 142608
F4E_CLK 2127 64 64 559 4541 2242 164440 134 138867
F4E_CLK 3345 64 64 554 4996 2888 362238 92 58077
F4E_CLK 1292 64 64 555 4483 1098 122576 426 85894
F4E_CLK 1283 40 40 557 4604 1184 75094 443 34405
F4E_CLK 1976 28 28 557 4085 1771 65323 144 26531
F4E_CLK 1948 15 15 555 3998 1937 34948 87 7726
F4E_CLK 1931 11 11 556 3976 2063 25933 132 4801
F4E_CLK 2288 61 61 557 4512 2295 154253 144 65736
F4E_CLK 1283 64 64 557 4475 1128 128775 400 136234
F4E_CLK 1242 37 37 557 4445 1066 69800 398 27286
F4E_CLK 1162 29 19 557 4419 1144 46321 390 10298
F4E_CLK 0 0 0 556 486 0 240 84 351
F4E_CLK 0 0 0 555 486 0 240 84 353
F4E_CLK 0 0 0 557 486 0 240 84 354
F4E_CLK 1328 54 54 558 4546 1091 106060 451 54293
F4E_CLK 1283 64 64 556 4510 1048 122569 398 127202
F4E_CLK 1222 34 34 555 4478 1222 62653 387 24052
F4E_CLK 1047 29 17 557 4400 1270 44836 394 9210
F4E_CLK 143 10 10 557 2809 1127 14210 188 4835
F4E_CLK 118 10 3 557 2670 1101 9520 148 791
F4E_CLK 0 0 0 556 486 0 240 84 355
F4E_CLK 0 0 0 557 486 0 240 84 353
F4E_CLK 0 0 0 556 486 0 240 84 351
F4E_CLK 0 0 0 557 486 0 240 84 353
F4E_CLK 0 0 0 555 486 0 240 84 351
F4E_CLK 0 0 0 557 486 0 240 84 353
F4E_CLK 0 0 0 893 486 0 240 84 353
F4E_CLK 2684 55 55 545 4579 2519 226008 151 32476
F4E_CLK 2864 64 64 547 4665 2458 289610 138 56899
F4E_CLK 2967 64 64 543 4601 2507 289457 94 49842
F4E_CLK 3011 64 64 545 4652 2548 297393 95 56269
F4E_CLK 2919 64 64 543 4556 2519 288740 149 98941
F4E_CLK 2797 64 64 544 4488 2646 282362 139 110198
F4E_CLK 2674 64 64 544 4551 2608 258976 128 120618
F4E_CLK 2612 64 64 541 4603 2482 218240 96 66148
F4E_CLK 3776 64 64 547 5066 3098 412059 138 138419
F4E_CLK 2396 64 64 543 4566 2288 175188 131 141165
F4E_CLK 2229 64 64 545 4521 2294 169494 144 131504
F4E_CLK 3706 64 64 543 5119 3160 398171 96 60306
F4E_CLK 1584 64 64 544 4551 1063 128331 564 81286
F4E_CLK 1625 47 47 545 4598 1148 93507 492 50876
F4E_CLK 2092 25 25 544 4528 2018 65507 143 20810
F4E_CLK 2065 15 15 544 4482 2063 39818 132 8817
F4E_CLK 2043 14 14 544 4126 2281 34867 140 6493
F4E_CLK 2628 54 54 544 4515 2521 201205 102 54782
F4E_CLK 1583 64 64 544 4486 1145 129079 579 129226
F4E_CLK 1517 42 42 545 4596 1146 81928 502 38503
F4E_CLK 1475 33 21 544 4649 1195 52274 510 9691
F4E_CLK 0 0 0 545 486 0 240 84 353
F4E_CLK 0 0 0 544 486 0 240 84 353
F4E_CLK 0 0 0 895 486 0 240 84 355
F4E_CLK 1611 47 47 544 4604 1106 94523 562 37045
F4E_CLK 1579 64 64 543 4475 1178 128506 498 115276
F4E_CLK 1539 40 40 544 4630 1171 77404 546 33681
F4E_CLK 1427 31 18 544 4513 1047 47509 477 9254
F4E_CLK 170 3 3 544 2872 902 4218 204 786
F4E_CLK 191 30 10 545 3021 1288 30967 161 4558
F4E_CLK 0 0 0 544 486 0 240 84 353
F4E_CLK 0 0 0 907 486 0 240 84 355
F4E_CLK 1318 3 3 547 4377 1252 5639 420 918
F4E_CLK 1625 64 64 544 4504 1086 128007 493 76936
F4E_CLK 1551 64 64 544 4513 1123 127115 551 137570
F4E_CLK 1540 22 22 544 4508 1202 44526 591 9581
F4E_CLK 1150 27 16 543 4442 1164 40566 410 7344
F4E_CLK 208 23 13 544 2911 1103 26286 198 7217
F4E_CLK 0 0 0 545 486 0 240 84 353
F4E_CLK 208 48 13 546 2926 1138 47742 152 6685
F4E_CLK 0 0 0 544 486 0 240 84 353
F4E_CLK 0 0 0 544 486 0 240 84 354
F4E_CLK 0 0 0 544 486 0 240 84 353
F4E_CLK 0 0 0 545 486 0 240 84 351
F4E_CLK 0 0 0 544 486 0 240 84 353
F4E_CLK 0 0 0 543 486 0 240 84 354
F4E_CLK 0 0 0 544 486 0 240 84 353
F4E_CLK 2560 18 18 542 4536 2536 65527 90 6729
F4E_CLK 2928 64 64 543 4531 2579 290620 138 45169
F4E_CLK 3083 64 64 543 4979 2741 344436 140 44334
F4E_CLK 3143 64 64 543 4939 2609 362805 141 55444
F4E_CLK 3105 64 64 545 4979 2658 359844 133 88376
F4E_CLK 2997 64 64 543 4724 2606 294548 78 118823
F4E_CLK 2883 64 64 545 4618 2574 290013 95 96987
F4E_CLK 4389 64 64 542 5421 4349 500805 138 62245
F4E_CLK 4509 64 64 543 5405 4060 496012 85 55164
F4E_CLK 2648 64 64 544 4547 2573 259026 95 151893
F4E_CLK 2440 64 64 546 4442 2565 199402 100 143282
F4E_CLK 2305 64 64 543 4541 2360 167034 147 139284
F4E_CLK 3973 64 64 544 5150 3057 402117 83 83799
F4E_CLK 1843 64 64 545 4516 1148 134284 607 124283
F4E_CLK 4088 29 29 544 5543 2877 153599 96 13522
F4E_CLK 2189 22 22 544 4496 2339 57918 141 18557
F4E_CLK 2154 14 14 547 4499 2242 37110 144 7190
F4E_CLK 3955 26 26 546 5073 3120 161867 88 12700
F4E_CLK 1905 64 64 547 4534 1152 136773 662 83524
F4E_CLK 1992 64 64 546 4310 1613 142743 128 101618
F4E_CLK 1590 36 21 547 4399 1186 57385 507 15412
F4E_CLK 249 24 15 548 3001 910 31147 157 8695
F4E_CLK 0 0 0 546 486 0 240 84 352
F4E_CLK 0 0 0 546 486 0 240 84 353
F4E_CLK 1818 10 10 548 4544 1093 20749 661 2840
F4E_CLK 1904 64 64 547 4585 1132 139442 591 77326
F4E_CLK 2054 64 64 550 4541 2044 158868 150 120797
F4E_CLK 1771 19 16 548 4535 1106 36815 565 5885
F4E_CLK 1047 25 15 545 4481 1153 38787 427 8163
F4E_CLK 260 30 13 547 2996 928 31211 196 6542
F4E_CLK 0 0 0 548 486 0 240 84 352
F4E_CLK 0 0 0 546 486 0 240 84 353
F4E_CLK 0 0 0 907 486 0 240 84 353
F4E_CLK 1876 30 30 547 4518 1431 62342 623 15338
F4E_CLK 1888 64 64 548 4507 1138 135141 613 84386
F4E_CLK 1908 50 50 547 4603 1173 106113 644 57270
F4E_CLK 1817 33 23 548 4532 1137 58630 655 9165
F4E_CLK 204 4 2 546 2714 1045 4303 173 552
F4E_CLK 273 36 13 548 3031 933 37354 198 6807
F4E_CLK 273 12 12 549 3045 1035 18493 168 5495
F4E_CLK 143 6 1 546 2706 1012 5241 183 442
F4E_CLK 0 0 0 548 486 0 240 84 354
F4E_CLK 0 0 0 549 486 0 240 84 353
F4E_CLK 0 0 0 548 486 0 240 84 353
F4E_CLK 1919 64 64 550 4572 1145 134785 625 66189
F4E_CLK 1838 64 64 547 4539 1141 137707 649 134946
F4E_CLK 1846 25 25 545 4563 1097 52311 623 12200
F4E_CLK 1433 27 16 548 4403 1173 41525 467 7664
F4E_CLK 286 20 13 548 3000 809 24729 188 5865
F4E_CLK 0 0 0 547 486 0 240 84 352
F4E_CLK 286 46 13 546 3062 822 45063 189 6397
F4E_CLK 0 0 0 546 486 0 240 84 353
F4E_CLK 285 60 13 545 3141 774 56960 163 6699
F4E_CLK 0 0 0 548 486 0 240 84 353
F4E_CLK 0 0 0 545 486 0 240 84 355
F4E_CLK 0 0 0 546 486 0 240 84 351
F4E_CLK 0 0 0 906 486 0 240 84 351
F4E_CLK 0 0 0 548 486 0 240 84 354
F4E_CLK 0 0 0 546 486 0 240 84 354
F4E_CLK 0 0 0 548 486 0 240 84 353
F4E_CLK 2672 17 17 545 4585 2529 68514 95 6625
F4E_CLK 3058 64 64 548 4782 2622 304441 93 44802
F4E_CLK 3214 64 64 550 4972 2807 380165 143 44470
F4E_CLK 3266 64 64 548 4981 3140 390923 142 54044
F4E_CLK 3259 64 64 547 4988 2937 387939 147 89352
F4E_CLK 3142 64 64 547 5046 2685 366216 144 116035
F4E_CLK 3025 64 64 547 4632 2528 297016 79 96294
F4E_CLK 4812 64 64 544 5443 4192 513484 97 70726
F4E_CLK 4936 64 64 548 5456 4170 517334 86 55025
F4E_CLK 2769 64 64 547 4491 2526 281263 84 150495
F4E_CLK 2576 64 64 547 4534 2565 240527 98 143140
F4E_CLK 2413 64 64 548 4505 2626 182047 141 144771
F4E_CLK 4379 64 64 547 5512 4186 507061 143 79903
F4E_CLK 2162 64 64 547 4468 2220 167544 135 119549
F4E_CLK 4486 29 29 547 5597 3919 191681 93 13238
F4E_CLK 2194 22 22 548 4528 2310 58505 147 18838
F4E_CLK 2138 15 15 546 4466 2465 39882 146 7986
F4E_CLK 4271 25 25 546 5386 4225 187908 141 11180
F4E_CLK 2228 64 64 548 4506 2326 169006 143 81189
F4E_CLK 2387 64 64 545 4542 2394 163372 145 104370
F4E_CLK 2025 36 22 545 4245 1631 68945 142 13554
F4E_CLK 327 24 15 544 3149 1393 29382 176 8704
F4E_CLK 0 0 0 542 486 0 240 84 353
F4E_CLK 0 0 0 544 486 0 240 84 351
F4E_CLK 2130 9 9 543 4499 2114 23400 133 2236
F4E_CLK 2220 64 64 544 4595 2231 166685 143 75073
F4E_CLK 2432 64 64 541 4689 2208 173888 138 124645
F4E_CLK 2133 19 17 545 4559 1764 45002 106 6680
F4E_CLK 1244 25 15 544 4423 1134 38492 409 8252
F4E_CLK 338 29 13 546 3056 866 31613 175 6428
F4E_CLK 0 0 0 544 486 0 240 84 354
F4E_CLK 0 0 0 544 486 0 240 84 353
F4E_CLK 0 0 0 545 486 0 240 84 353
F4E_CLK 2178 29 29 546 4545 2400 76410 141 15091
F4E_CLK 2195 64 64 544 4499 2310 166417 147 87859
F4E_CLK 2310 51 51 542 4546 2370 127932 125 55830
F4E_CLK 2169 32 22 543 4444 2379 66843 141 9393
F4E_CLK 296 5 3 544 2949 767 5487 225 648
F4E_CLK 351 36 13 546 3105 888 37942 181 6135
F4E_CLK 351 11 11 545 2965 946 15746 175 5241
F4E_CLK 252 10 2 545 2790 1053 8784 161 697
F4E_CLK 0 0 0 543 486 0 240 84 351
F4E_CLK 0 0 0 542 486 0 240 84 353
F4E_CLK 0 0 0 544 486 0 240 84 353
F4E_CLK 2225 63 63 542 4480 2357 165027 147 61626
F4E_CLK 2156 64 64 544 4485 2189 166648 142 129002
F4E_CLK 2200 26 26 544 4544 2394 65638 153 12995
F4E_CLK 1728 27 16 544 4595 1276 44157 579 7654
F4E_CLK 364 19 12 544 3042 901 22844 174 5365
F4E_CLK 175 4 1 545 2699 907 4013 137 471
F4E_CLK 364 45 13 543 3180 777 46427 192 5869
F4E_CLK 0 0 0 545 486 0 240 84 354
F4E_CLK 364 59 13 542 3039 926 55050 173 6868
F4E_CLK 0 0 0 544 486 0 240 84 352
F4E_CLK 0 0 0 543 486 0 240 84 353
F4E_CLK 0 0 0 545 486 0 240 84 352
F4E_CLK 2186 35 35 546 4514 2389 91015 153 20427
F4E_CLK 2190 64 64 544 4499 2569 165741 150 92584
F4E_CLK 2342 45 45 544 4503 2381 112872 136 41460
F4E_CLK 2221 38 23 544 4490 2355 76150 95 9533
F4E_CLK 280 4 2 542 2885 771 4098 187 560
F4E_CLK 377 36 13 544 3090 1118 37860 208 5850
F4E_CLK 377 17 12 545 3083 812 21511 184 5786
F4E_CLK 178 6 1 544 2742 1142 5037 191 447
F4E_CLK 377 31 13 546 3012 912 33088 189 7270
F4E_CLK 0 0 0 544 486 0 240 84 354
F4E_CLK 377 33 13 542 3237 872 34979 189 6274
F4E_CLK 0 0 0 544 486 0 240 84 354
F4E_CLK 0 0 0 890 486 0 240 84 352
F4E_CLK 0 0 0 542 486 0 240 84 351
F4E_CLK 0 0 0 545 486 0 240 84 352
F4E_CLK 0 0 0 544 486 0 240 84 352
F4E_CLK 0 0 0 542 486 0 240 84 354
F4E_CLK 0 0 0 544 486 0 240 84 353
F4E_CLK 0 0 0 544 486 0 240 84 352
F4E_CLK 2931 42 42 546 4657 2446 191100 88 19922
F4E_CLK 3164 64 64 543 5065 2755 376979 145 50162
F4E_CLK 3261 64 64 543 4971 2880 383135 138 52944
F4E_CLK 3304 64 64 542 4976 2911 395918 137 57933
F4E_CLK 3228 64 64 542 4962 2969 380760 95 113673
F4E_CLK 3108 64 64 544 4978 2528 354948 142 91998
F4E_CLK 3003 64 64 543 4687 2748 294794 82 94228
F4E_CLK 4989 64 64 544 5554 4132 517507 147 47238
F4E_CLK 5189 64 64 546 5905 5149 607797 137 94495
F4E_CLK 2702 64 64 545 4579 2512 270821 91 141182
F4E_CLK 2513 64 64 545 4577 2376 226933 91 140994
F4E_CLK 4800 64 64 545 5574 4231 507915 139 78945
F4E_CLK 2507 64 64 548 4524 2304 225469 84 79594
F4E_CLK 2814 60 60 547 4719 2459 238968 145 87904
F4E_CLK 2200 21 21 546 4485 2360 54503 112 15561
F4E_CLK 2158 15 15 547 4503 2382 39178 147 8680
F4E_CLK 2128 16 16 547 4504 2181 42171 134 9474
F4E_CLK 4191 43 43 547 5488 2922 322494 144 31715
F4E_CLK 2497 64 64 550 4582 2335 222840 93 114939
F4E_CLK 2674 49 49 546 4512 2495 178516 144 55649
F4E_CLK 2572 42 27 547 4616 2518 97969 84 15445
F4E_CLK 0 0 0 547 486 0 240 84 351
F4E_CLK 0 0 0 546 486 0 240 84 354
F4E_CLK 0 0 0 548 486 0 240 84 353
F4E_CLK 2509 34 34 545 4496 2319 119329 87 21397
F4E_CLK 2514 64 64 547 4473 2419 224542 93 98100
F4E_CLK 2663 46 46 549 4500 2541 160518 148 49361
F4E_CLK 2515 37 23 547 4541 2309 85319 127 11129
F4E_CLK 309 4 2 548 2831 923 4553 198 575
F4E_CLK 429 36 13 548 3145 838 37650 207 6447
F4E_CLK 0 0 0 547 486 0 240 84 354
F4E_CLK 0 0 0 547 486 0 240 84 353
F4E_CLK 0 0 0 546 486 0 240 84 351
F4E_CLK 2542 54 54 547 4537 2578 197791 140 49746
F4E_CLK 2498 64 64 546 4549 2400 220888 139 136148
F4E_CLK 2581 34 34 547 4530 2569 105903 145 24842
F4E_CLK 2220 29 17 547 4487 2376 57328 107 7925
F4E_CLK 442 10 10 548 3133 958 15756 214 3891
F4E_CLK 386 10 3 544 3027 895 9838 253 799
F4E_CLK 442 36 13 545 3310 782 38767 179 6867
F4E_CLK 0 0 0 549 486 0 240 84 353
F4E_CLK 0 0 0 890 486 0 240 84 351
F4E_CLK 0 0 0 547 486 0 240 84 353
F4E_CLK 2485 24 24 546 4569 2309 80394 99 12602
F4E_CLK 2514 64 64 547 4554 2618 223863 155 80031
F4E_CLK 2736 56 56 546 4539 2587 210767 158 75348
F4E_CLK 2442 27 17 546 4493 2358 59530 137 7330
F4E_CLK 448 13 8 548 3130 1028 15437 208 2452
F4E_CLK 455 36 13 547 3117 888 37455 219 6444
F4E_CLK 451 6 6 547 3107 1009 9535 239 1959
F4E_CLK 444 27 7 547 3111 919 26943 237 2878
F4E_CLK 455 20 13 547 3171 811 25697 210 6442
F4E_CLK 0 0 0 547 486 0 240 84 354
F4E_CLK 0 0 0 547 486 0 240 84 351
F4E_CLK 0 0 0 548 486 0 240 84 352
F4E_CLK 0 0 0 546 486 0 240 84 353
F4E_CLK 2495 60 60 546 4508 2312 202748 93 59952
F4E_CLK 2426 64 64 547 4525 2324 183324 145 130322
F4E_CLK 2460 29 29 547 4457 2610 77957 96 17219
F4E_CLK 1922 27 16 547 3971 1902 46942 134 7808
F4E_CLK 468 16 12 550 3170 847 20428 238 5772
F4E_CLK 234 4 1 547 2829 1137 3468 163 475
F4E_CLK 468 42 13 544 3300 825 43925 232 6978
F4E_CLK 0 0 0 547 486 0 240 84 353
F4E_CLK 468 56 13 546 3253 980 54195 219 6432
F4E_CLK 0 0 0 904 486 0 240 84 353
F4E_CLK 468 58 13 548 3261 829 55511 211 7277
F4E_CLK 0 0 0 546 486 0 240 84 353
F4E_CLK 0 0 0 544 486 0 240 84 354
F4E_CLK 0 0 0 548 486 0 240 84 351
F4E_CLK 2403 22 22 547 4490 2361 63947 90 11433
F4E_CLK 2440 64 64 548 4476 2286 198754 146 80173
F4E_CLK 2727 58 58 550 4613 2482 214343 131 79305
F4E_CLK 2414 25 15 551 4469 2410 51965 143 4929
F4E_CLK 477 17 10 550 3340 809 20600 197 3949
F4E_CLK 481 36 13 551 3217 836 38131 210 7281
F4E_CLK 457 4 4 552 2950 974 6121 209 1076
F4E_CLK 476 38 9 552 3262 962 36831 212 3121
F4E_CLK 480 18 12 552 3151 782 21218 212 5377
F4E_CLK 236 8 1 552 2836 853 6725 159 468
F4E_CLK 477 20 13 549 3149 948 25095 203 6743
F4E_CLK 0 0 0 853 486 0 240 84 351
F4E_CLK 471 10 10 550 3016 1017 13880 221 4456
F4E_CLK 408 22 3 551 2929 846 19443 200 845
F4E_CLK 0 0 0 552 486 0 240 84 352
F4E_CLK 0 0 0 552 486 0 240 84 356
F4E_CLK 0 0 0 551 486 0 240 84 354
F4E_CLK 0 0 0 552 486 0 240 84 353
F4E_CLK 0 0 0 553 486 0 240 84 354
F4E_CLK 0 0 0 869 486 0 240 84 354
F4E_CLK 0 0 0 551 486 0 240 84 353
F4E_CLK 2526 7 7 551 4572 2491 24406 97 2307
F4E_CLK 3080 64 64 552 5004 2748 347141 135 43223
F4E_CLK 3241 64 64 550 4999 2872 391064 96 44327
F4E_CLK 3302 64 64 552 5009 3173 392573 143 48905
F4E_CLK 3279 64 64 551 4930 2944 391840 93 62723
F4E_CLK 3179 64 64 552 5069 2600 369365 148 104356
F4E_CLK 3061 64 64 549 4700 2668 303797 95 95508
F4E_CLK 5382 64 64 552 5857 5373 603928 147 90592
F4E_CLK 5431 64 64 551 5887 4969 602239 149 60580
F4E_CLK 2813 64 64 548 4488 2578 282806 97 146615
F4E_CLK 2633 64 64 551 4511 2556 258982 95 149943
F4E_CLK 2463 64 64 551 4457 2640 199072 102 141901
F4E_CLK 4957 64 64 551 5490 4345 516601 147 61423
F4E_CLK 2682 64 64 552 4486 2602 262341 151 104918
F4E_CLK 2996 31 31 550 4753 2544 116285 138 21941
F4E_CLK 2202 28 28 554 4462 2396 72694 151 26811
F4E_CLK 2145 16 16 551 4491 2220 41315 147 10583
F4E_CLK 4649 17 16 552 5466 3932 125811 153 7081
F4E_CLK 2738 64 64 549 4526 2564 272675 100 86530
F4E_CLK 2901 64 64 551 4560 2744 286976 148 145836
F4E_CLK 2863 36 30 551 4718 1795 122682 107 19437
F4E_CLK 2287 27 17 550 4505 2309 54805 135 8883
F4E_CLK 0 0 0 852 486 0 240 84 353
F4E_CLK 0 0 0 552 486 0 240 84 354
F4E_CLK 0 0 0 550 486 0 240 84 355
F4E_CLK 2743 63 63 551 4567 2570 271943 104 70436
F4E_CLK 2660 64 64 549 4475 2616 257755 130 137295
F4E_CLK 2801 26 26 551 4555 2536 90494 92 15149
F4E_CLK 2194 27 16 552 4540 2269 53640 140 8224
F4E_CLK 521 19 12 551 3211 984 23387 248 5371
F4E_CLK 261 4 1 550 2809 1237 3503 194 452
F4E_CLK 0 0 0 549 486 0 240 84 353
F4E_CLK 0 0 0 551 486 0 240 84 352
F4E_CLK 2677 19 19 552 4447 2626 78666 99 8396
F4E_CLK 2723 64 64 550 4454 2629 278737 149 77945
F4E_CLK 3066 61 61 551 4780 2433 250157 128 90301
F4E_CLK 2441 22 12 551 4530 2306 48807 147 6816
F4E_CLK 534 23 13 552 3277 789 28713 268 6539
F4E_CLK 534 36 13 552 3295 993 38947 265 6691
F4E_CLK 273 1 1 552 2798 869 1606 184 478
F4E_CLK 533 47 12 549 3275 977 48113 239 5927
F4E_CLK 0 0 0 551 486 0 240 84 351
F4E_CLK 0 0 0 551 486 0 240 84 353
F4E_CLK 0 0 0 552 486 0 240 84 351
F4E_CLK 2692 53 53 552 4548 2515 220308 103 46559
F4E_CLK 2641 64 64 551 4529 2594 255035 102 126739
F4E_CLK 2768 35 35 535 4775 2070 127182 89 26332
F4E_CLK 2392 29 17 537 4515 1951 57514 149 8183
F4E_CLK 547 9 9 537 3332 906 13967 239 3816
F4E_CLK 510 13 4 538 3238 929 13370 206 1249
F4E_CLK 546 35 13 539 3329 773 38357 257 7401
F4E_CLK 0 0 0 538 486 0 240 84 353
F4E_CLK 544 49 13 538 3449 958 48702 245 6987
F4E_CLK 0 0 0 538 486 0 240 84 353
F4E_CLK 0 0 0 849 486 0 240 84 354
F4E_CLK 0 0 0 536 486 0 240 84 353
F4E_CLK 2618 25 25 539 4551 2738 99187 95 12573
F4E_CLK 2646 64 64 537 4449 2617 255719 90 81565
F4E_CLK 2974 55 55 535 4539 2532 226690 146 69150
F4E_CLK 2671 28 18 537 4470 2579 72103 98 8248
F4E_CLK 544 11 7 535 3360 843 12841 241 2218
F4E_CLK 554 36 13 538 3236 887 38540 258 6859
F4E_CLK 547 7 7 535 3428 885 10663 261 2346
F4E_CLK 532 23 6 537 3149 818 22621 258 1688
F4E_CLK 547 21 13 538 3428 1020 26727 229 6593
F4E_CLK 0 0 0 538 486 0 240 84 352
F4E_CLK 543 23 13 538 3298 891 27866 245 6714
F4E_CLK 0 0 0 538 486 0 240 84 351
F4E_CLK 0 0 0 538 486 0 240 84 352
F4E_CLK 0 0 0 536 486 0 240 84 354
F4E_CLK 0 0 0 873 486 0 240 84 354
F4E_CLK 2614 51 51 540 4554 2623 203546 143 44031
F4E_CLK 2569 64 64 537 4554 2513 238651 88 116170
F4E_CLK 2794 36 36 535 4700 2418 130055 95 28790
F4E_CLK 2516 31 18 535 4584 2509 64874 136 9514
F4E_CLK 547 7 7 538 3210 1091 9469 247 2355
F4E_CLK 544 17 6 536 3410 929 18788 263 1555
F4E_CLK 549 33 13 537 3331 1119 37172 218 6885
F4E_CLK 0 0 0 850 486 0 240 84 351
F4E_CLK 545 47 13 537 3478 970 48386 260 6428
F4E_CLK 0 0 0 537 486 0 240 84 353
F4E_CLK 541 49 13 537 3264 1025 49480 234 7143
F4E_CLK 0 0 0 537 486 0 240 84 353
F4E_CLK 537 39 13 536 3296 861 41159 219 6739
F4E_CLK 0 0 0 537 486 0 240 84 354
F4E_CLK 0 0 0 536 486 0 240 84 353
F4E_CLK 0 0 0 847 486 0 240 84 352
F4E_CLK 0 0 0 538 486 0 240 84 354
F4E_CLK 2572 55 55 536 4488 2479 208618 98 53477
F4E_CLK 2518 64 64 537 4539 2582 225559 140 125961
F4E_CLK 2757 33 33 536 4534 2469 112387 80 22700
F4E_CLK 2363 29 17 536 4603 2242 56574 135 8188
F4E_CLK 546 11 11 535 3198 842 16605 241 5268
F4E_CLK 387 7 2 537 3015 1052 6934 203 729
F4E_CLK 543 37 13 537 3255 900 38943 236 7141
F4E_CLK 0 0 0 537 486 0 240 84 353
F4E_CLK 539 51 13 537 3280 936 51042 227 7012
F4E_CLK 0 0 0 536 486 0 240 84 353
F4E_CLK 535 53 13 535 3464 786 52758 224 6184
F4E_CLK 0 0 0 538 486 0 240 84 352
F4E_CLK 531 43 13 537 3258 965 43104 241 6862
F4E_CLK 0 0 0 535 486 0 240 84 353
F4E_CLK 527 21 13 538 3289 848 25527 231 7284
F4E_CLK 0 0 0 537 486 0 240 84 353
F4E_CLK 0 0 0 538 486 0 240 84 351
F4E_CLK 0 0 0 538 486 0 240 84 352
F4E_CLK 0 0 0 536 486 0 240 84 352
F4E_CLK 0 0 0 536 486 0 240 84 354
F4E_CLK 0 0 0 538 486 0 240 84 353
F4E_CLK 0 0 0 538 486 0 240 84 351
F4E_CLK 0 0 0 867 486 0 240 84 353
F4E_CLK 2461 6 6 552 4443 2371 19037 141 2191
F4E_CLK 3073 64 64 550 4960 2388 334372 152 42383
F4E_CLK 3237 64 64 551 5009 3116 384273 139 44898
F4E_CLK 3337 64 64 551 5022 2876 398511 96 48074
F4E_CLK 3340 64 64 554 4983 2884 394037 125 60026
F4E_CLK 3226 64 64 549 4974 3160 382365 144 104209
F4E_CLK 3094 64 64 551 5045 2867 352824 139 96847
F4E_CLK 5554 64 64 551 5897 5149 601716 131 87116
F4E_CLK 5604 64 64 549 5898 4607 607827 90 60440
F4E_CLK 2841 64 64 551 4566 2536 282393 104 148085
F4E_CLK 2653 64 64 552 4530 2494 253983 98 149252
F4E_CLK 2489 64 64 551 4495 2702 212163 94 139206
F4E_CLK 5122 64 64 550 5901 3444 550030 149 64479
F4E_CLK 2856 64 64 551 4574 2675 286068 140 103530
F4E_CLK 3203 32 32 554 4965 2878 151302 143 23967
F4E_CLK 2204 28 28 552 4480 2329 73144 151 26256
F4E_CLK 2148 16 16 551 4481 2246 43009 141 9473
F4E_CLK 4730 16 15 551 5489 4195 118762 102 6201
F4E_CLK 2923 64 64 551 4463 2833 286724 82 87117
F4E_CLK 2833 64 64 554 4640 2542 284395 138 147722
F4E_CLK 3064 36 30 551 4616 1875 125696 89 18614
F4E_CLK 2726 28 18 552 4579 2498 63168 132 9254
F4E_CLK 0 0 0 552 486 0 240 84 353
F4E_CLK 0 0 0 849 486 0 240 84 353
F4E_CLK 0 0 0 552 486 0 240 84 353
F4E_CLK 2914 62 62 552 4593 2566 286355 81 66481
F4E_CLK 2841 64 64 552 4548 2650 284200 103 138876
F4E_CLK 2995 27 27 552 4574 2503 100937 93 16095
F4E_CLK 2362 27 16 551 4569 2269 54181 137 8226
F4E_CLK 575 18 12 552 3212 1014 22993 259 5360
F4E_CLK 282 4 1 552 2809 1328 3507 156 467
F4E_CLK 0 0 0 847 486 0 240 84 354
F4E_CLK 0 0 0 553 486 0 240 84 351
F4E_CLK 2857 18 18 550 4593 2478 80016 86 8118
F4E_CLK 2905 64 64 551 4565 2465 292965 136 74821
F4E_CLK 3257 62 62 551 5005 2525 331464 141 94845
F4E_CLK 2298 21 11 550 4529 2312 41907 105 4822
F4E_CLK 589 24 14 549 3394 771 29323 222 7678
F4E_CLK 588 36 13 554 3294 1009 39507 246 6733
F4E_CLK 0 0 0 868 486 0 240 84 353
F4E_CLK 588 48 13 551 3337 986 49192 249 6605
F4E_CLK 0 0 0 550 486 0 240 84 352
F4E_CLK 0 0 0 549 486 0 240 84 351
F4E_CLK 0 0 0 550 486 0 240 84 355
F4E_CLK 2865 52 52 553 4599 2538 231535 96 44277
F4E_CLK 2823 64 64 551 4568 2574 283179 112 122873
F4E_CLK 2961 36 36 554 4715 2372 137380 92 27401
F4E_CLK 2601 29 17 549 4500 2601 60630 146 8995
F4E_CLK 598 8 8 552 3222 1031 12786 250 3314
F4E_CLK 577 14 5 550 3337 814 14745 258 1202
F4E_CLK 600 34 13 550 3448 829 37536 271 8233
F4E_CLK 0 0 0 551 486 0 240 84 353
F4E_CLK 598 48 13 552 3383 807 48958 253 6170
F4E_CLK 0 0 0 551 486 0 240 84 353
F4E_CLK 0 0 0 554 486 0 240 84 353
F4E_CLK 0 0 0 865 486 0 240 84 353
F4E_CLK 2793 24 24 549 4547 2522 104179 153 12592
F4E_CLK 2823 64 64 551 4578 2518 286841 101 79090
F4E_CLK 3183 56 56 551 4980 2841 256817 143 76326
F4E_CLK 2862 27 17 551 4561 2455 76988 79 8468
F4E_CLK 603 13 8 552 3398 892 17011 267 2459
F4E_CLK 608 36 13 550 3307 1109 39360 261 7134
F4E_CLK 596 6 6 552 3211 977 8730 247 1985
F4E_CLK 592 27 7 538 3203 851 27513 235 1959
F4E_CLK 601 20 13 538 3375 885 25558 260 6153
F4E_CLK 0 0 0 537 486 0 240 84 353
F4E_CLK 597 22 13 537 3252 867 27223 272 6298
F4E_CLK 0 0 0 536 486 0 240 84 353
F4E_CLK 0 0 0 536 486 0 240 84 351
F4E_CLK 0 0 0 535 486 0 240 84 352
F4E_CLK 0 0 0 537 486 0 240 84 354
F4E_CLK 2785 50 50 535 4495 2513 220762 145 41164
F4E_CLK 2746 64 64 537 4545 2518 269289 151 112701
F4E_CLK 2965 37 37 537 4576 2512 141209 134 30005
F4E_CLK 2718 31 18 536 4583 2189 67681 136 8288
F4E_CLK 595 6 6 538 3245 829 9108 270 1967
F4E_CLK 597 20 7 536 3290 840 21752 270 2351
F4E_CLK 603 32 13 536 3200 965 35669 270 6431
F4E_CLK 0 0 0 537 486 0 240 84 354
F4E_CLK 599 46 13 535 3340 945 46940 274 6431
F4E_CLK 0 0 0 537 486 0 240 84 352
F4E_CLK 595 48 13 536 3365 940 49282 265 7267
F4E_CLK 0 0 0 538 486 0 240 84 353
F4E_CLK 591 38 13 535 3349 802 40180 239 6458
F4E_CLK 0 0 0 535 486 0 240 84 353
F4E_CLK 0 0 0 536 486 0 240 84 353
F4E_CLK 0 0 0 539 486 0 240 84 351
F4E_CLK 0 0 0 849 486 0 240 84 351
F4E_CLK 2743 54 54 538 4521 2571 228743 96 51337
F4E_CLK 2684 64 64 535 4559 2649 263404 77 123669
F4E_CLK 2935 34 34 538 4697 2431 124438 92 25160
F4E_CLK 2547 29 17 538 4506 2563 60574 128 9273
F4E_CLK 600 10 10 537 3390 846 15038 241 4199
F4E_CLK 518 10 3 536 3204 851 10504 229 980
F4E_CLK 597 36 13 535 3387 866 39416 244 7418
F4E_CLK 0 0 0 830 486 0 240 84 351
F4E_CLK 593 50 13 539 3368 948 49715 228 7009
F4E_CLK 0 0 0 537 486 0 240 84 353
F4E_CLK 589 52 13 540 3296 990 52014 263 6438
F4E_CLK 0 0 0 535 486 0 240 84 353
F4E_CLK 585 42 13 536 3289 807 43157 236 7032
F4E_CLK 0 0 0 538 486 0 240 84 353
F4E_CLK 581 20 13 536 3180 993 26346 249 7299
F4E_CLK 0 0 0 829 486 0 240 84 353
F4E_CLK 0 0 0 537 486 0 240 84 353
F4E_CLK 0 0 0 536 486 0 240 84 351
F4E_CLK 0 0 0 538 486 0 240 84 353
F4E_CLK 2618 24 24 535 4438 2693 93518 142 12594
F4E_CLK 2647 64 64 535 4523 2721 252370 98 77115
F4E_CLK 2998 56 56 537 4844 2276 224964 80 71473
F4E_CLK 2770 27 17 539 4452 2674 72245 137 7874
F4E_CLK 583 13 8 535 3437 772 16371 255 2456
F4E_CLK 590 36 13 537 3399 964 38774 258 7027
F4E_CLK 586 6 6 538 3316 870 10630 247 1996
F4E_CLK 571 27 7 538 3324 905 26929 270 1655
F4E_CLK 583 20 13 537 3355 797 25673 251 6726
F4E_CLK 0 0 0 538 486 0 240 84 353
F4E_CLK 579 22 13 538 3181 793 26666 232 6318
F4E_CLK 0 0 0 533 486 0 240 84 354
F4E_CLK 575 12 12 538 3169 923 18113 259 6194
F4E_CLK 295 11 1 538 2838 1011 9084 149 497
F4E_CLK 0 0 0 537 486 0 240 84 353
F4E_CLK 571 54 13 538 3344 970 53185 252 6860
F4E_CLK 0 0 0 538 486 0 240 84 353
F4E_CLK 567 20 13 537 3162 891 24984 263 6696
F4E_CLK 0 0 0 535 486 0 240 84 354
F4E_CLK 550 40 40 535 3426 957 61012 241 57133
F4E_CLK 470 64 64 550 3300 1109 97227 207 146149
F4E_CLK 392 64 64 553 3171 1119 95313 198 139600
F4E_CLK 327 64 46 553 3196 754 82400 196 74375
F4E_CLK 275 64 35 552 3121 861 74857 159 42136
F4E_CLK 246 54 32 551 3010 1022 64039 155 35570
F4E_CLK 186 64 29 550 3051 993 74149 205 29827
F4E_CLK 124 32 3 552 2789 1035 27359 179 786
F4E_CLK 3226 57 57 550 4946 2987 339752 136 35438
F4E_CLK 3423 64 64 549 4970 2596 401089 148 58642
F4E_CLK 3541 64 64 552 5027 2918 407037 92 48643
F4E_CLK 3542 64 64 552 4959 3135 404768 92 55168
F4E_CLK 3456 64 64 552 4957 3198 401491 94 97826
F4E_CLK 3338 64 64 551 4970 2867 397085 94 108941
F4E_CLK 4570 64 64 552 5413 4252 516732 135 107973
F4E_CLK 5560 64 64 553 5904 5245 636852 141 68218
F4E_CLK 4423 64 64 554 5416 4258 511279 147 143136
F4E_CLK 2905 64 64 552 4599 2555 293504 97 144834
F4E_CLK 2727 64 64 551 4479 2522 269429 94 130481
F4E_CLK 6015 64 64 551 6000 4414 628293 145 61842
F4E_CLK 5618 64 64 552 5852 5329 645049 139 85726
F4E_CLK 6209 64 64 552 6368 5557 670831 92 105341
F4E_CLK 2350 64 64 550 4539 2350 166699 135 141645
F4E_CLK 2202 64 64 553 4523 2340 167200 143 147622
F4E_CLK 2032 64 64 552 4224 2207 154908 152 144565
F4E_CLK 5589 64 64 551 5903 4051 628202 141 65725
F4E_CLK 5416 64 64 549 5922 5071 645893 148 139101
F4E_CLK 5761 64 64 549 5788 4902 625638 133 107122
F4E_CLK 5583 64 64 551 5922 4724 618162 137 109915
F4E_CLK 1786 64 64 551 4577 1130 129788 629 140781
F4E_CLK 1700 64 64 549 4485 1175 126382 544 142634
F4E_CLK 1625 64 64 550 4465 1154 128355 536 141781
F4E_CLK 5762 64 64 552 5979 3888 620254 140 51397
F4E_CLK 5548 64 64 552 5892 5288 640856 142 120335
F4E_CLK 5270 64 64 552 5900 5311 635026 139 117843
F4E_CLK 5063 64 64 552 5469 4657 533049 84 106864
F4E_CLK 4375 64 64 551 5508 4285 524666 148 133409
F4E_CLK 4272 64 64 552 5421 4193 466925 92 143402
F4E_CLK 1506 64 64 552 4508 1260 130850 467 141944
F4E_CLK 1437 64 64 551 4472 1272 126785 491 142030
F4E_CLK 1360 64 64 550 4417 1216 124943 438 144702
F4E_CLK 5192 64 64 554 5847 5013 630098 141 69888
F4E_CLK 4925 64 64 553 5427 4404 541979 148 137574
F4E_CLK 4515 64 64 552 5498 4235 502474 93 123120
F4E_CLK 4275 64 64 551 5419 4282 508099 141 126450
F4E_CLK 3898 64 64 552 5118 3169 416902 145 107824
F4E_CLK 3401 64 64 551 4988 2891 406873 150 146190
F4E_CLK 3729 64 64 553 4993 3197 407864 93 121721
F4E_CLK 2471 64 64 552 4465 2521 211925 152 151025
F4E_CLK 2262 64 64 552 4555 2283 171724 149 142898
F4E_CLK 1132 64 64 551 4408 1061 118387 388 140762
F4E_CLK 4573 64 64 551 5699 2786 376539 138 69192
F4E_CLK 4566 64 64 552 5430 4330 529942 96 73140
F4E_CLK 4278 64 64 551 5345 4277 516930 145 108115
F4E_CLK 3908 64 64 551 5023 3516 417494 114 112330
F4E_CLK 3221 64 64 552 5012 2896 352666 152 150375
F4E_CLK 3259 64 64 552 4967 3129 350285 100 128542
F4E_CLK 2458 64 64 551 4451 2374 166053 102 135938
F4E_CLK 2783 64 64 551 4519 2494 192115 137 145484
F4E_CLK 2684 64 64 551 4559 1851 179388 132 109503
F4E_CLK 2274 64 64 552 4556 2313 158724 137 118020
F4E_CLK 1085 64 63 553 4358 1099 117596 409 141878
F4E_CLK 631 55 8 552 3466 689 52144 251 2212
F4E_CLK 478 19 2 553 3109 1170 16853 236 719
F4E_CLK 4043 40 40 551 5060 3011 272563 137 27931
F4E_CLK 3913 64 64 533 4954 3469 426619 90 96299
F4E_CLK 3624 64 64 533 5001 3082 401846 88 113680
F4E_CLK 3235 64 64 534 4962 3143 341199 149 101030
F4E_CLK 1165 64 64 533 4456 1095 118818 431 139232
F4E_CLK 2458 64 64 532 4538 2229 170999 130 143111
F4E_CLK 2365 64 64 532 4554 2210 158835 137 94387
F4E_CLK 1136 64 18 534 4483 960 81556 444 10842
F4E_CLK 2150 26 21 532 4460 2320 57958 129 15397
F4E_CLK 283 3 1 533 2814 764 3161 174 470
F4E_CLK 2128 18 18 535 4516 2224 44015 135 10228
F4E_CLK 806 38 2 543 3496 1137 33947 309 619
F4E_CLK 959 59 53 532 3927 1212 96844 318 94630
F4E_CLK 572 59 8 531 3268 859 54735 232 2061
F4E_CLK 496 23 3 533 3025 996 21011 210 852
F4E_CLK 3474 31 31 536 4971 2869 195518 147 17752
F4E_CLK 3419 64 64 532 4992 3141 403644 94 83647
F4E_CLK 3377 64 64 531 5037 3112 372873 95 111433
F4E_CLK 2926 64 64 533 4614 2579 244037 144 98895
F4E_CLK 1852 64 64 531 4543 1121 137104 609 138467
F4E_CLK 2196 64 64 533 4525 2215 158173 150 117743
F4E_CLK 2027 64 25 533 4392 1642 101633 123 13033
F4E_CLK 1719 48 23 534 4551 1153 73494 578 19780
F4E_CLK 1831 17 17 534 4464 1117 34885 644 11230
F4E_CLK 817 48 5 533 3675 1417 45528 314 1204
F4E_CLK 1833 9 9 532 4435 1178 18779 579 3518
F4E_CLK 1510 64 11 532 4724 1086 78989 474 5082
F4E_CLK 281 11 1 531 2792 893 9435 161 469
F4E_CLK 1833 48 19 532 4583 1271 70606 616 14103
F4E_CLK 881 7 7 535 3637 1170 12243 355 1686
F4E_CLK 818 64 48 530 3769 1084 96462 281 72997
F4E_CLK 588 50 7 531 3385 851 46207 229 2535
F4E_CLK 417 20 2 531 3055 811 17113 206 595
F4E_CLK 3193 43 43 532 4991 2822 252549 145 33485
F4E_CLK 3066 64 64 533 4590 2584 299603 96 102054
F4E_CLK 3003 64 64 533 4610 2507 259500 92 106321
F4E_CLK 2575 64 64 532 4573 2492 184411 141 79406
F4E_CLK 874 64 64 533 3775 904 105823 326 138516
F4E_CLK 1937 64 64 533 4170 1774 139063 130 140535
F4E_CLK 1703 61 25 532 4537 1132 89468 570 16510
F4E_CLK 351 39 11 534 3302 890 38252 188 4413
F4E_CLK 1698 29 21 533 4532 1161 51405 487 16980
F4E_CLK 176 5 1 534 2711 948 4448 154 457
F4E_CLK 1682 21 20 532 4442 1268 41288 553 13655
F4E_CLK 0 0 0 532 486 0 240 84 353
F4E_CLK 169 17 1 533 2731 869 13818 172 448
F4E_CLK 1677 60 19 531 4737 1076 82228 560 14362
F4E_CLK 190 3 1 534 2733 880 2797 194 442
F4E_CLK 1672 17 17 533 4507 1114 33265 589 9692
F4E_CLK 410 10 1 532 2905 781 8688 204 491
F4E_CLK 790 21 21 533 3552 1149 37010 298 15764
F4E_CLK 708 64 35 533 3499 1100 80947 278 37469
F4E_CLK 602 61 6 533 3249 921 54827 254 1995
F4E_CLK 434 30 2 531 3010 900 25300 197 740
F4E_CLK 2953 57 57 533 4561 2476 258892 97 53080
F4E_CLK 2658 64 64 534 4530 2596 260291 94 121411
F4E_CLK 2500 64 64 533 4563 2245 174658 101 112468
F4E_CLK 2144 64 64 533 4546 1826 154036 138 101068
F4E_CLK 1731 64 64 531 4598 1090 128708 555 97741
F4E_CLK 950 64 54 531 4052 892 95756 319 104604
F4E_CLK 1527 35 30 532 4481 1086 62620 470 31779
F4E_CLK 207 17 2 533 2715 1014 14425 194 544
F4E_CLK 1506 43 21 534 4537 1122 63825 501 14133
F4E_CLK 200 7 1 534 2713 996 6060 204 444
F4E_CLK 1520 35 20 535 4452 1408 54004 502 15289
F4E_CLK 211 1 1 553 2812 950 1307 177 444
F4E_CLK 1523 10 10 552 4446 1155 19731 475 4437
F4E_CLK 930 64 9 550 3895 1190 63301 341 3274
F4E_CLK 193 7 1 550 2744 1002 5870 204 440
F4E_CLK 1499 31 18 551 4451 1278 48072 446 11372
F4E_CLK 0 0 0 551 486 0 240 84 353
F4E_CLK 193 7 1 553 2732 987 5955 151 463
F4E_CLK 1465 33 17 551 4518 1109 50615 442 10978
F4E_CLK 0 0 0 807 486 0 240 84 353
F4E_CLK 799 17 17 551 3563 1235 28892 305 9927
F4E_CLK 738 64 38 552 3580 1242 82839 282 46526
F4E_CLK 628 60 7 560 3338 998 54448 255 2673
F4E_CLK 445 26 2 553 3025 969 22449 217 590
F4E_CLK 2702 53 53 549 4407 2553 218141 90 46030
F4E_CLK 2494 64 64 551 4498 2285 207979 142 121431
F4E_CLK 2280 64 64 552 4566 2302 158885 133 112046
F4E_CLK 1960 64 64 553 4278 1735 138310 130 90222
F4E_CLK 1546 64 64 551 4545 1027 124189 499 110245
F4E_CLK 1282 64 58 553 4506 1119 117421 416 114766
F4E_CLK 1394 31 30 551 4461 1157 56525 415 32878
F4E_CLK 238 15 2 553 2936 1153 13096 150 576
F4E_CLK 1372 39 21 551 4515 1041 58511 409 17088
F4E_CLK 208 7 1 551 2719 856 5977 170 450
F4E_CLK 1360 31 20 552 4573 1040 50235 454 15563
F4E_CLK 0 0 0 813 486 0 240 84 354
F4E_CLK 1328 25 7 551 4416 1028 32815 446 2147
F4E_CLK 1184 64 13 550 4918 1158 80599 448 5771
F4E_CLK 218 6 1 549 2753 989 5125 187 447
F4E_CLK 1347 27 18 550 4413 1144 44353 440 11766
F4E_CLK 0 0 0 551 486 0 240 84 353
F4E_CLK 202 6 1 550 2739 1003 5278 170 454
F4E_CLK 1308 29 17 551 4478 1085 45122 432 11799
F4E_CLK 0 0 0 826 486 0 240 84 352
F4E_CLK 205 2 1 551 2735 994 1907 173 449
F4E_CLK 1308 11 11 553 4405 1112 21054 437 5051
F4E_CLK 719 60 5 549 3778 1210 54188 306 1337
F4E_CLK 0 0 0 552 486 0 240 84 352
F4E_CLK 904 38 38 553 3820 1061 63769 358 4322
F4E_CLK 930 64 64 552 3888 908 106360 319 7050
F4E_CLK 930 64 64 550 4038 1090 108101 372 6997
F4E_CLK 2364 64 64 550 4573 1958 161018 134 8316
F4E_CLK 2658 64 64 551 4598 2556 255089 95 66706
F4E_CLK 2605 64 64 549 4563 2522 226627 97 102143
F4E_CLK 2324 64 64 550 4555 2352 160549 143 21347
F4E_CLK 2364 64 64 552 4567 2313 162067 148 18847
F4E_CLK 2274 64 64 553 4544 2285 159843 139 24814
F4E_CLK 1511 64 64 549 4563 1073 129375 507 19679
F4E_CLK 2216 64 64 549 4570 2275 158283 136 25510
F4E_CLK 1467 64 64 550 4523 1009 127675 504 25496
F4E_CLK 2175 64 64 553 4465 2264 157641 147 24548
F4E_CLK 1548 64 64 550 4549 1063 129035 497 17221
F4E_CLK 2235 64 64 551 4516 2283 158535 147 24823
F4E_CLK 1562 64 64 551 4520 1080 129460 474 10148
F4E_CLK 2300 64 64 552 4503 2251 157901 147 23148
F4E_CLK 1324 64 64 552 4438 1312 123055 423 16781
F4E_CLK 1557 64 64 549 4563 1077 128701 537 24533
F4E_CLK 2224 64 64 551 4471 2374 159059 148 29958
F4E_CLK 1334 64 64 550 4528 1315 121237 409 24025
F4E_CLK 1537 64 64 551 4510 1218 128716 482 9443
F4E_CLK 2205 64 64 552 4587 2232 160239 150 27736
F4E_CLK 1343 64 64 550 4532 1074 121244 433 16081
F4E_CLK 1577 64 64 552 4499 1149 126400 483 9613
F4E_CLK 2220 64 64 550 4525 2233 158832 144 17048
F4E_CLK 1354 64 64 551 4542 1186 122576 464 17881
F4E_CLK 1356 64 64 534 4470 1130 120203 439 14573
F4E_CLK 1477 64 64 531 4556 1044 129350 447 7103
F4E_CLK 2154 64 64 534 4532 2262 160141 151 23567
F4E_CLK 1363 64 64 532 4482 1114 124340 402 16409
F4E_CLK 1370 64 64 533 4472 1117 124573 416 11807
F4E_CLK 1470 64 64 533 4518 1071 124013 460 7087
F4E_CLK 2235 64 64 531 4506 2227 160384 148 19137
F4E_CLK 1626 64 64 534 4510 1058 125669 563 9978
F4E_CLK 1629 64 64 532 4558 1106 125886 557 11914
F4E_CLK 1546 22 22 532 4535 1115 42514 548 2714
F4_F2_ECHELON: 30225 x 842 words, 27225 pivots: upload 30.7 ms, device 119.3 ms, download 0.1 ms, 1.07e10 word XORs
K_0/2^13 m=2 x=1234 D=5 f5=true [cuda:NVIDIA GeForce RTX 4090 sm_89 x128 code=sm_89]: 30225 x 53871 (eliminated 30225 rows), rank 27250, refuted true, pinned 0; build 0.420 s, eliminate 0.150 s, total 0.570 s, 1.075e10 word XORs
Stage diagnostic only: one oracle matrix, not an ECDLP cost.
