F4E_CLK 695 64 64 1133 5437 696 97293 296 28995
F4E_CLK 1032 64 64 531 6273 1677 117554 427 33012
F4E_CLK 1236 64 64 532 6371 1350 120848 392 35884
F4E_CLK 1521 64 64 529 5228 1352 124352 491 27036
F4E_CLK 1431 64 64 530 5884 1161 125977 490 43521
F4E_CLK 2041 64 64 531 5301 1591 146593 145 29505
F4E_CLK 1994 64 64 531 5369 1816 140848 137 54648
F4E_CLK 2217 64 64 532 5488 2466 162334 144 47428
F4E_CLK 2280 64 64 530 4551 2310 166775 151 71744
F4E_CLK 2211 64 64 531 4548 2470 168071 149 72851
F4E_CLK 2058 64 64 531 4496 2296 167161 145 118160
F4E_CLK 2087 64 64 529 4630 2042 164820 137 103557
F4E_CLK 1995 64 64 531 4132 1857 149059 144 93147
F4E_CLK 1929 64 64 530 4195 1832 146047 80 106799
F4E_CLK 1766 64 64 531 4533 1121 134776 562 82190
F4E_CLK 2035 64 64 529 5337 2050 145619 123 44808
F4E_CLK 1039 64 64 531 6091 1128 118614 413 44677
F4E_CLK 1277 64 64 531 5585 1338 122716 423 39200
F4E_CLK 3149 64 64 530 6474 2484 344496 149 47122
F4E_CLK 1825 64 64 531 4535 1394 138236 582 122493
F4E_CLK 1783 64 64 530 4503 1195 132921 556 111499
F4E_CLK 1699 64 64 530 4523 1184 131875 567 146113
F4E_CLK 1651 64 64 532 4499 1173 135243 544 100933
F4E_CLK 1484 64 64 531 4538 1104 135495 462 145427
F4E_CLK 1532 64 64 532 4527 1109 127454 502 123292
F4E_CLK 1349 64 64 530 4508 1530 127525 413 138877
F4E_CLK 2830 64 64 530 4734 2344 271612 91 71783
F4E_CLK 1936 64 64 531 4167 1833 140004 138 68837
F4E_CLK 2064 64 64 531 4559 2240 164338 150 62162
F4E_CLK 2110 64 64 531 5121 2089 163261 146 73280
F4E_CLK 2117 64 64 529 4476 2321 166883 134 93702
F4E_CLK 2043 64 64 529 4258 1978 155037 133 109686
F4E_CLK 1958 64 64 531 4260 2351 146211 150 99394
F4E_CLK 2180 64 64 531 5461 2195 159921 146 53256
F4E_CLK 1583 64 64 530 5511 1131 126836 501 56760
F4E_CLK 1346 64 64 531 4490 1081 127257 423 138180
F4E_CLK 1282 64 64 530 4392 1241 124348 403 141929
F4E_CLK 1217 64 64 531 4441 1113 124735 406 142873
F4E_CLK 1152 64 64 530 4385 1356 125107 379 141482
F4E_CLK 1089 64 64 530 4392 1088 122927 423 144069
F4E_CLK 1025 64 64 530 4401 1019 119839 438 143607
F4E_CLK 961 64 64 531 4089 971 111039 330 142592
F4E_CLK 3137 64 64 529 5001 2305 353219 144 50024
F4E_CLK 2416 64 64 530 4519 2407 181054 136 69357
F4E_CLK 2543 64 64 533 4507 2340 233882 97 66313
F4E_CLK 2578 64 64 531 4485 2543 241056 94 68333
F4E_CLK 2492 64 64 532 4595 2476 219511 86 127995
F4E_CLK 2389 64 64 532 4619 2318 173662 94 116348
F4E_CLK 2291 64 64 533 4575 2352 168930 142 125808
F4E_CLK 2743 64 64 531 5149 2108 213540 96 64479
F4E_CLK 2851 64 64 531 4740 1804 275045 83 96026
F4E_CLK 2134 64 64 531 4553 2250 169665 129 138037
F4E_CLK 2024 64 64 530 4319 1996 162085 138 143454
F4E_CLK 2692 64 64 531 4550 2360 240686 93 75866
F4E_CLK 778 64 64 530 3754 1390 107004 292 82793
F4E_CLK 754 56 56 531 3870 1587 89835 258 73118
F4E_CLK 880 35 35 530 3678 1167 58767 289 43334
F4E_CLK 810 21 21 531 3704 1073 35922 307 14913
F4E_CLK 768 21 21 530 3413 893 35447 266 15089
F4E_CLK 726 26 26 529 3551 1018 42768 292 24444
F4E_CLK 674 16 16 531 3266 1184 26699 270 8031
F4E_CLK 642 22 22 532 3388 1124 35253 301 17356
F4E_CLK 598 15 15 531 3300 1015 24625 266 7491
F4E_CLK 2886 34 34 531 4637 1631 140599 80 13048
F4E_CLK 2590 64 64 559 4464 2427 243637 96 47396
F4E_CLK 2684 64 64 556 4472 2442 266635 145 50478
F4E_CLK 2769 64 64 558 4534 2372 283281 150 70284
F4E_CLK 2729 64 64 556 4572 2273 279374 98 100208
F4E_CLK 2614 64 64 558 4478 2652 253524 88 108864
F4E_CLK 2514 64 64 556 4499 2580 232312 99 94255
F4E_CLK 3143 64 64 558 5055 2832 329155 148 56001
F4E_CLK 3326 64 64 558 5069 2660 366009 141 61560
F4E_CLK 2294 64 64 557 4590 2344 171200 146 146098
F4E_CLK 2163 64 64 558 4525 2208 167515 145 142481
F4E_CLK 2903 64 64 556 4584 2379 277335 146 131771
F4E_CLK 1065 64 64 557 4505 1056 122037 396 106162
F4E_CLK 998 64 64 558 3918 993 113751 307 135779
F4E_CLK 2477 44 44 556 4842 1793 134262 98 40059
F4E_CLK 1942 31 31 556 3968 1927 69794 133 33091
F4E_CLK 1904 20 19 556 4588 1106 40430 605 13404
F4E_CLK 2916 50 42 557 4556 2353 185825 96 26869
F4E_CLK 1069 64 64 556 4435 1149 121155 421 89856
F4E_CLK 1028 57 57 557 4541 1079 106410 407 75089
F4E_CLK 984 56 35 558 4164 1087 80747 326 31678
F4E_CLK 89 15 11 558 3255 1348 19243 197 4375
F4E_CLK 0 0 0 558 486 0 240 84 354
F4E_CLK 0 0 0 557 486 0 240 84 355
F4E_CLK 0 0 0 558 486 0 240 84 353
F4E_CLK 0 0 0 556 486 0 240 84 355
F4E_CLK 0 0 0 556 486 0 240 84 355
F4E_CLK 0 0 0 557 486 0 240 84 352
F4E_CLK 0 0 0 558 486 0 240 84 351
F4E_CLK 2618 62 62 556 4548 2367 242333 92 38010
F4E_CLK 2771 64 64 556 4563 2353 284644 86 50870
F4E_CLK 2861 64 64 558 4529 2454 286426 89 48372
F4E_CLK 2855 64 64 558 4630 2267 284474 97 61421
F4E_CLK 2761 64 64 559 4581 2525 288823 146 99639
F4E_CLK 2637 64 64 557 4500 2320 256009 94 111738
F4E_CLK 3529 64 64 557 4979 2718 398209 90 114011
F4E_CLK 3532 64 64 558 5037 2438 378613 85 67950
F4E_CLK 2441 64 64 558 4603 2299 199103 90 147579
F4E_CLK 2253 64 64 556 4482 2404 169437 135 142618
F4E_CLK 2127 64 64 556 4558 2193 168388 144 138869
F4E_CLK 3345 64 64 558 5047 2630 367686 95 57816
F4E_CLK 1292 64 64 558 4478 1138 123258 424 85904
F4E_CLK 1283 40 40 558 4459 1045 76184 410 34434
F4E_CLK 1976 28 28 559 4258 1945 65978 137 26524
F4E_CLK 1948 15 15 557 3990 1907 32849 139 7705
F4E_CLK 1931 11 11 558 3914 2054 25806 139 4802
F4E_CLK 2288 61 61 555 4577 2330 152183 150 65736
F4E_CLK 1283 64 64 557 4454 1076 127192 426 136203
F4E_CLK 1242 37 37 557 4581 1160 69544 395 27301
F4E_CLK 1162 29 19 558 4447 1106 45528 418 10290
F4E_CLK 0 0 0 558 486 0 240 84 354
F4E_CLK 0 0 0 558 486 0 240 84 353
F4E_CLK 0 0 0 558 486 0 240 84 355
F4E_CLK 1328 54 54 558 4469 1194 104726 418 54332
F4E_CLK 1283 64 64 558 4465 1078 123148 386 127210
F4E_CLK 1222 34 34 558 4620 1217 63946 376 24070
F4E_CLK 1047 29 17 558 4406 1276 43996 394 9225
F4E_CLK 143 10 10 557 2809 1074 14442 178 4838
F4E_CLK 118 10 3 556 2666 1532 9511 145 795
F4E_CLK 0 0 0 560 486 0 240 84 352
F4E_CLK 0 0 0 560 486 0 240 84 352
F4E_CLK 0 0 0 559 486 0 240 84 353
F4E_CLK 0 0 0 557 486 0 240 84 353
F4E_CLK 0 0 0 559 486 0 240 84 354
F4E_CLK 0 0 0 559 486 0 240 84 351
F4E_CLK 0 0 0 941 486 0 240 84 353
F4E_CLK 2684 55 55 542 4566 2359 228531 104 33019
F4E_CLK 2864 64 64 545 4603 2390 282502 90 57971
F4E_CLK 2967 64 64 546 4533 2389 292290 82 50147
F4E_CLK 3011 64 64 545 4629 2473 298634 140 56003
F4E_CLK 2919 64 64 545 4616 2322 281948 82 98941
F4E_CLK 2797 64 64 543 4574 2319 287331 100 110211
F4E_CLK 2674 64 64 545 4485 2388 260995 89 120624
F4E_CLK 2612 64 64 543 4601 2292 224944 85 66155
F4E_CLK 3776 64 64 545 5164 3519 413693 101 138425
F4E_CLK 2396 64 64 543 4582 2351 174529 99 141173
F4E_CLK 2229 64 64 545 4472 2394 167761 145 131503
F4E_CLK 3706 64 64 544 4998 3290 397754 92 60600
F4E_CLK 1584 64 64 544 4525 1099 129439 532 81316
F4E_CLK 1625 47 47 543 4597 1092 93974 544 50836
F4E_CLK 2092 25 25 545 4582 2010 64939 129 20809
F4E_CLK 2065 15 15 545 4479 2146 39517 134 8819
F4E_CLK 2043 14 14 545 4104 2089 33593 145 6491
F4E_CLK 2628 54 54 542 4603 1967 200114 95 55002
F4E_CLK 1583 64 64 544 4497 1130 129473 555 129248
F4E_CLK 1517 42 42 545 4558 1073 81831 464 38544
F4E_CLK 1475 33 21 544 4508 1084 52425 474 9729
F4E_CLK 0 0 0 545 486 0 240 84 353
F4E_CLK 0 0 0 545 486 0 240 84 352
F4E_CLK 0 0 0 924 486 0 240 84 351
F4E_CLK 1611 47 47 543 4520 1158 93876 497 37098
F4E_CLK 1579 64 64 544 4572 1048 127269 480 115272
F4E_CLK 1539 40 40 544 4561 1163 78471 441 33765
F4E_CLK 1427 31 18 543 4429 1400 48453 457 9266
F4E_CLK 170 3 3 546 2800 852 4362 181 794
F4E_CLK 191 30 10 546 3018 1182 30009 162 4564
F4E_CLK 0 0 0 547 486 0 240 84 352
F4E_CLK 0 0 0 919 486 0 240 84 352
F4E_CLK 1318 3 3 545 4424 1340 5584 404 936
F4E_CLK 1625 64 64 545 4544 1079 129126 500 76905
F4E_CLK 1551 64 64 544 4518 1052 127321 544 137571
F4E_CLK 1540 22 22 546 4593 1054 41966 506 9667
F4E_CLK 1150 27 16 545 4405 1067 40406 404 7331
F4E_CLK 208 23 13 544 2932 789 29007 194 7218
F4E_CLK 0 0 0 545 486 0 240 84 353
F4E_CLK 208 48 13 545 2932 757 47748 152 6684
F4E_CLK 0 0 0 544 486 0 240 84 352
F4E_CLK 0 0 0 544 486 0 240 84 353
F4E_CLK 0 0 0 547 486 0 240 84 351
F4E_CLK 0 0 0 545 486 0 240 84 354
F4E_CLK 0 0 0 542 486 0 240 84 353
F4E_CLK 0 0 0 545 486 0 240 84 353
F4E_CLK 0 0 0 542 486 0 240 84 355
F4E_CLK 2560 18 18 545 4499 2572 65479 132 6466
F4E_CLK 2928 64 64 544 4611 2370 283604 147 45187
F4E_CLK 3083 64 64 543 5075 2440 344830 137 44339
F4E_CLK 3143 64 64 543 4984 2499 365847 145 55182
F4E_CLK 3105 64 64 544 5047 2392 355757 149 88392
F4E_CLK 2997 64 64 545 4701 2425 294078 92 118817
F4E_CLK 2883 64 64 546 4539 2645 281462 85 97005
F4E_CLK 4389 64 64 543 5581 4241 490978 99 62298
F4E_CLK 4509 64 64 545 5537 4126 504832 143 55185
F4E_CLK 2648 64 64 546 4516 2325 256744 91 151942
F4E_CLK 2440 64 64 544 4579 2461 196111 95 144081
F4E_CLK 2305 64 64 543 4549 2322 172628 146 139286
F4E_CLK 3973 64 64 544 5173 3173 405577 83 83800
F4E_CLK 1843 64 64 543 4553 1507 137553 660 124233
F4E_CLK 4088 29 29 543 5210 3126 155235 98 13523
F4E_CLK 2189 22 22 544 4508 2305 57069 150 18557
F4E_CLK 2154 14 14 547 4482 2315 36254 150 7192
F4E_CLK 3955 26 26 549 5072 3497 164318 92 12676
F4E_CLK 1905 64 64 547 4558 1137 137959 647 83544
F4E_CLK 1992 64 64 547 4529 1737 145154 139 101619
F4E_CLK 1590 36 21 548 4513 1079 57608 511 15400
F4E_CLK 249 24 15 546 2987 1246 29231 165 8691
F4E_CLK 0 0 0 548 486 0 240 84 355
F4E_CLK 0 0 0 550 486 0 240 84 352
F4E_CLK 1818 10 10 547 4508 1225 20768 646 2846
F4E_CLK 1904 64 64 549 4506 1202 134000 635 77308
F4E_CLK 2054 64 64 546 4514 2157 160474 136 120796
F4E_CLK 1771 19 16 549 4549 984 35044 590 5860
F4E_CLK 1047 25 15 549 4353 1095 38172 405 8173
F4E_CLK 260 30 13 546 3131 952 32509 189 6523
F4E_CLK 0 0 0 547 486 0 240 84 354
F4E_CLK 0 0 0 547 486 0 240 84 354
F4E_CLK 0 0 0 923 486 0 240 84 353
F4E_CLK 1876 30 30 547 4551 1288 62365 667 15324
F4E_CLK 1888 64 64 548 4616 1123 135522 599 84401
F4E_CLK 1908 50 50 547 4558 1203 104118 636 57278
F4E_CLK 1817 33 23 547 4522 1140 58043 634 9211
F4E_CLK 204 4 2 547 2840 878 4273 168 548
F4E_CLK 273 36 13 547 3023 1037 36953 198 6846
F4E_CLK 273 12 12 547 2918 1038 18046 180 5488
F4E_CLK 143 6 1 545 2708 1015 5211 189 440
F4E_CLK 0 0 0 547 486 0 240 84 353
F4E_CLK 0 0 0 548 486 0 240 84 352
F4E_CLK 0 0 0 547 486 0 240 84 352
F4E_CLK 1919 64 64 545 4516 1164 135026 606 66213
F4E_CLK 1838 64 64 547 4528 1227 135432 579 135003
F4E_CLK 1846 25 25 548 4506 1243 52138 636 12172
F4E_CLK 1433 27 16 547 4516 1084 41659 438 7683
F4E_CLK 286 20 13 547 3002 922 24610 166 5871
F4E_CLK 0 0 0 547 486 0 240 84 354
F4E_CLK 286 46 13 546 3041 925 47639 168 6414
F4E_CLK 0 0 0 547 486 0 240 84 352
F4E_CLK 285 60 13 546 3135 1025 56707 178 6679
F4E_CLK 0 0 0 546 486 0 240 84 354
F4E_CLK 0 0 0 549 486 0 240 84 354
F4E_CLK 0 0 0 546 486 0 240 84 356
F4E_CLK 0 0 0 920 486 0 240 84 353
F4E_CLK 0 0 0 545 486 0 240 84 355
F4E_CLK 0 0 0 545 486 0 240 84 354
F4E_CLK 0 0 0 545 486 0 240 84 355
F4E_CLK 2672 17 17 546 4553 2330 69673 104 6359
F4E_CLK 3058 64 64 547 4644 2357 309581 89 44770
F4E_CLK 3214 64 64 549 5119 2775 379620 144 44479
F4E_CLK 3266 64 64 546 5011 2760 390784 144 54072
F4E_CLK 3259 64 64 547 5071 2748 392793 153 89365
F4E_CLK 3142 64 64 546 5143 2566 368531 156 116043
F4E_CLK 3025 64 64 546 4638 2762 300839 137 96040
F4E_CLK 4812 64 64 548 5582 4110 514472 137 70739
F4E_CLK 4936 64 64 547 5624 4238 516190 92 55038
F4E_CLK 2769 64 64 549 4577 2392 282789 148 150528
F4E_CLK 2576 64 64 547 4535 2404 242544 135 143146
F4E_CLK 2413 64 64 550 4477 2665 179448 143 143474
F4E_CLK 4379 64 64 549 5503 3794 501167 90 79985
F4E_CLK 2162 64 64 547 4505 2189 166276 145 119550
F4E_CLK 4486 29 29 548 5428 4285 191805 147 13253
F4E_CLK 2194 22 22 547 4475 2360 57706 151 18831
F4E_CLK 2138 15 15 549 4512 2350 39566 144 7989
F4E_CLK 4271 25 25 548 5383 3960 189240 96 11181
F4E_CLK 2228 64 64 545 4515 2372 168093 141 81188
F4E_CLK 2387 64 64 547 4579 2358 166813 90 105415
F4E_CLK 2025 36 22 544 4311 1690 70926 135 13555
F4E_CLK 327 24 15 545 3083 876 29867 186 8703
F4E_CLK 0 0 0 545 486 0 240 84 354
F4E_CLK 0 0 0 542 486 0 240 84 354
F4E_CLK 2130 9 9 544 4490 2296 23334 149 2236
F4E_CLK 2220 64 64 545 4545 2310 165500 151 75075
F4E_CLK 2432 64 64 544 4650 2332 170380 129 123551
F4E_CLK 2133 19 17 545 4497 1540 45302 135 6661
F4E_CLK 1244 25 15 545 4413 1061 38210 428 8229
F4E_CLK 338 29 13 543 3262 961 32258 184 6431
F4E_CLK 0 0 0 545 486 0 240 84 353
F4E_CLK 0 0 0 545 486 0 240 84 352
F4E_CLK 0 0 0 544 486 0 240 84 354
F4E_CLK 2178 29 29 545 4507 2403 76054 152 15103
F4E_CLK 2195 64 64 543 4534 2280 166775 153 87858
F4E_CLK 2310 51 51 545 4603 2359 126624 147 55827
F4E_CLK 2169 32 22 544 4540 2309 66481 148 9391
F4E_CLK 296 5 3 544 2976 774 5536 193 667
F4E_CLK 351 36 13 543 3199 881 36510 192 6140
F4E_CLK 351 11 11 544 3073 1099 15673 180 5251
F4E_CLK 252 10 2 542 2876 865 9311 168 693
F4E_CLK 0 0 0 543 486 0 240 84 352
F4E_CLK 0 0 0 544 486 0 240 84 353
F4E_CLK 0 0 0 545 486 0 240 84 354
F4E_CLK 2225 63 63 545 4525 2549 163614 153 61627
F4E_CLK 2156 64 64 545 4515 2190 164442 146 129003
F4E_CLK 2200 26 26 544 4606 2316 64888 146 12993
F4E_CLK 1728 27 16 542 4491 1152 43439 623 7637
F4E_CLK 364 19 12 545 3109 805 23057 213 5336
F4E_CLK 175 4 1 544 2806 815 3781 168 455
F4E_CLK 364 45 13 544 3160 924 46461 199 5859
F4E_CLK 0 0 0 547 486 0 240 84 356
F4E_CLK 364 59 13 545 3129 799 55363 175 6860
F4E_CLK 0 0 0 545 486 0 240 84 353
F4E_CLK 0 0 0 546 486 0 240 84 353
F4E_CLK 0 0 0 545 486 0 240 84 353
F4E_CLK 2186 35 35 544 4518 2373 91411 142 20438
F4E_CLK 2190 64 64 545 4550 2506 167900 148 92587
F4E_CLK 2342 45 45 545 4602 2414 112641 143 41461
F4E_CLK 2221 38 23 545 4548 2310 76449 140 9494
F4E_CLK 280 4 2 546 2885 865 4268 168 577
F4E_CLK 377 36 13 544 3175 1051 36773 168 5879
F4E_CLK 377 17 12 544 3160 875 21763 186 5778
F4E_CLK 178 6 1 544 2737 882 5091 199 445
F4E_CLK 377 31 13 546 3166 962 33869 174 7267
F4E_CLK 0 0 0 545 486 0 240 84 351
F4E_CLK 377 33 13 545 3114 935 35774 182 6281
F4E_CLK 0 0 0 545 486 0 240 84 353
F4E_CLK 0 0 0 993 486 0 240 84 352
F4E_CLK 0 0 0 543 486 0 240 84 355
F4E_CLK 0 0 0 543 486 0 240 84 355
F4E_CLK 0 0 0 545 486 0 240 84 351
F4E_CLK 0 0 0 544 486 0 240 84 354
F4E_CLK 0 0 0 544 486 0 240 84 355
F4E_CLK 0 0 0 547 486 0 240 84 352
F4E_CLK 2931 42 42 545 4541 2391 185155 139 19930
F4E_CLK 3164 64 64 545 5000 2606 374033 145 49900
F4E_CLK 3261 64 64 545 5077 2684 386222 136 52959
F4E_CLK 3304 64 64 545 5076 2655 394697 137 57958
F4E_CLK 3228 64 64 544 4956 2785 386098 99 113677
F4E_CLK 3108 64 64 544 5145 2421 364516 131 92007
F4E_CLK 3003 64 64 545 4641 2558 294596 142 94224
F4E_CLK 4989 64 64 544 5393 3435 519504 149 47246
F4E_CLK 5189 64 64 543 5930 4991 597589 131 94505
F4E_CLK 2702 64 64 547 4577 2359 272241 90 141200
F4E_CLK 2513 64 64 549 4469 2406 228598 144 140479
F4E_CLK 4800 64 64 547 5495 3955 507170 95 78945
F4E_CLK 2507 64 64 546 4487 2395 225744 92 78022
F4E_CLK 2814 60 60 548 4624 2394 244518 149 88964
F4E_CLK 2200 21 21 547 4516 2322 54267 149 15542
F4E_CLK 2158 15 15 547 4545 2213 40060 146 8682
F4E_CLK 2128 16 16 548 4517 2254 40877 146 9475
F4E_CLK 4191 43 43 548 5540 3767 327820 149 31724
F4E_CLK 2497 64 64 548 4558 2389 222087 90 114951
F4E_CLK 2674 49 49 546 4569 2390 172924 94 55639
F4E_CLK 2572 42 27 546 4573 2388 99977 121 14600
F4E_CLK 0 0 0 546 486 0 240 84 355
F4E_CLK 0 0 0 547 486 0 240 84 354
F4E_CLK 0 0 0 549 486 0 240 84 352
F4E_CLK 2509 34 34 545 4538 2493 118958 93 21650
F4E_CLK 2514 64 64 548 4574 2323 228942 89 98115
F4E_CLK 2663 46 46 546 4527 2535 162418 147 49372
F4E_CLK 2515 37 23 547 4502 2347 84030 123 10868
F4E_CLK 309 4 2 548 2862 1063 4450 180 577
F4E_CLK 429 36 13 546 3074 789 38156 217 6436
F4E_CLK 0 0 0 547 486 0 240 84 354
F4E_CLK 0 0 0 547 486 0 240 84 354
F4E_CLK 0 0 0 548 486 0 240 84 354
F4E_CLK 2542 54 54 546 4535 2334 195339 85 49536
F4E_CLK 2498 64 64 546 4463 2496 220478 88 135912
F4E_CLK 2581 34 34 548 4586 2411 104627 146 24318
F4E_CLK 2220 29 17 549 4497 2425 57048 145 7913
F4E_CLK 442 10 10 547 3210 1008 14878 201 3923
F4E_CLK 386 10 3 546 2883 992 10323 203 834
F4E_CLK 442 36 13 549 3164 1073 37867 223 6833
F4E_CLK 0 0 0 546 486 0 240 84 354
F4E_CLK 0 0 0 971 486 0 240 84 354
F4E_CLK 0 0 0 548 486 0 240 84 352
F4E_CLK 2485 24 24 548 4512 2447 82475 97 11564
F4E_CLK 2514 64 64 548 4485 2454 228812 91 80839
F4E_CLK 2736 56 56 549 4525 2342 209587 150 75097
F4E_CLK 2442 27 17 549 4514 2442 59849 143 6243
F4E_CLK 448 13 8 548 3182 1054 16130 214 2456
F4E_CLK 455 36 13 548 3083 843 38129 236 6408
F4E_CLK 451 6 6 547 3063 829 8883 221 1967
F4E_CLK 444 27 7 548 3122 801 26558 221 2893
F4E_CLK 455 20 13 546 3150 813 25338 206 6443
F4E_CLK 0 0 0 547 486 0 240 84 353
F4E_CLK 0 0 0 547 486 0 240 84 353
F4E_CLK 0 0 0 547 486 0 240 84 351
F4E_CLK 0 0 0 549 486 0 240 84 352
F4E_CLK 2495 60 60 547 4504 2511 198777 74 59182
F4E_CLK 2426 64 64 546 4515 2331 180113 137 128749
F4E_CLK 2460 29 29 547 4492 2324 79239 137 17162
F4E_CLK 1922 27 16 548 4338 1684 46952 121 7814
F4E_CLK 468 16 12 549 3102 1012 21739 202 5791
F4E_CLK 234 4 1 547 2838 979 4029 169 467
F4E_CLK 468 42 13 548 3274 1012 42250 211 6995
F4E_CLK 0 0 0 547 486 0 240 84 354
F4E_CLK 468 56 13 548 3299 880 54171 229 6433
F4E_CLK 0 0 0 941 486 0 240 84 353
F4E_CLK 468 58 13 546 2996 1100 55998 194 7299
F4E_CLK 0 0 0 546 486 0 240 84 355
F4E_CLK 0 0 0 546 486 0 240 84 355
F4E_CLK 0 0 0 547 486 0 240 84 355
F4E_CLK 2403 22 22 548 4596 2418 62725 144 10617
F4E_CLK 2440 64 64 548 4535 2398 196815 89 80980
F4E_CLK 2727 58 58 549 4646 2052 208893 147 79316
F4E_CLK 2414 25 15 552 4590 2376 52472 140 4931
F4E_CLK 477 17 10 552 3271 895 21621 194 3943
F4E_CLK 481 36 13 550 3218 809 38229 232 7268
F4E_CLK 457 4 4 552 3086 827 6190 207 1089
F4E_CLK 476 38 9 552 2979 965 37114 208 3116
F4E_CLK 480 18 12 552 3185 980 22902 206 5376
F4E_CLK 236 8 1 553 2836 993 7172 168 459
F4E_CLK 477 20 13 553 3157 1088 24829 226 6712
F4E_CLK 0 0 0 895 486 0 240 84 352
F4E_CLK 471 10 10 552 3256 1058 13936 201 4496
F4E_CLK 408 22 3 552 3004 982 19216 205 839
F4E_CLK 0 0 0 554 486 0 240 84 352
F4E_CLK 0 0 0 550 486 0 240 84 351
F4E_CLK 0 0 0 550 486 0 240 84 353
F4E_CLK 0 0 0 552 486 0 240 84 353
F4E_CLK 0 0 0 551 486 0 240 84 355
F4E_CLK 0 0 0 873 486 0 240 84 354
F4E_CLK 0 0 0 550 486 0 240 84 352
F4E_CLK 2526 7 7 553 4588 2303 25503 135 1481
F4E_CLK 3080 64 64 553 5075 2411 339591 139 43228
F4E_CLK 3241 64 64 552 4974 3084 390021 144 44343
F4E_CLK 3302 64 64 551 4978 2665 398242 105 48940
F4E_CLK 3279 64 64 550 5024 2718 388003 100 62678
F4E_CLK 3179 64 64 551 4955 2699 372066 145 104370
F4E_CLK 3061 64 64 551 4826 2713 306643 95 95472
F4E_CLK 5382 64 64 552 5975 4980 611365 147 90600
F4E_CLK 5431 64 64 552 5871 4800 606915 149 60588
F4E_CLK 2813 64 64 552 4615 2441 287030 97 146679
F4E_CLK 2633 64 64 552 4562 2441 255489 94 150242
F4E_CLK 2463 64 64 552 4492 2594 202318 134 141119
F4E_CLK 4957 64 64 550 5736 4184 517476 101 61435
F4E_CLK 2682 64 64 551 4545 2413 263784 149 104668
F4E_CLK 2996 31 31 552 4974 2082 117509 135 21942
F4E_CLK 2202 28 28 552 4479 2375 72534 153 26810
F4E_CLK 2145 16 16 552 4479 2339 41554 141 10582
F4E_CLK 4649 17 16 551 5389 3870 123835 136 7085
F4E_CLK 2738 64 64 552 4589 2628 279932 103 85749
F4E_CLK 2901 64 64 551 4640 2624 276609 140 146905
F4E_CLK 2863 36 30 551 4804 1826 122002 75 19489
F4E_CLK 2287 27 17 552 4576 1957 55103 128 8885
F4E_CLK 0 0 0 875 486 0 240 84 353
F4E_CLK 0 0 0 552 486 0 240 84 353
F4E_CLK 0 0 0 553 486 0 240 84 355
F4E_CLK 2743 63 63 552 4534 2490 274910 99 70460
F4E_CLK 2660 64 64 551 4571 2363 256432 96 137322
F4E_CLK 2801 26 26 552 4595 2131 92014 145 14615
F4E_CLK 2194 27 16 550 4488 2332 53609 135 8227
F4E_CLK 521 19 12 551 3392 862 25201 246 5358
F4E_CLK 261 4 1 554 2795 1032 3615 190 467
F4E_CLK 0 0 0 550 486 0 240 84 356
F4E_CLK 0 0 0 551 486 0 240 84 354
F4E_CLK 2677 19 19 552 4497 2479 78397 91 8351
F4E_CLK 2723 64 64 549 4565 2404 276627 94 77681
F4E_CLK 3066 61 61 552 4820 2211 254259 148 89520
F4E_CLK 2441 22 12 552 4521 2390 49036 150 5735
F4E_CLK 534 23 13 552 3476 1186 28311 260 6553
F4E_CLK 534 36 13 550 3352 861 38507 268 6691
F4E_CLK 273 1 1 552 2805 762 1542 188 456
F4E_CLK 533 47 12 553 3316 968 46740 243 5925
F4E_CLK 0 0 0 552 486 0 240 84 353
F4E_CLK 0 0 0 553 486 0 240 84 352
F4E_CLK 0 0 0 549 486 0 240 84 355
F4E_CLK 2692 53 53 553 4538 2294 224836 147 46299
F4E_CLK 2641 64 64 552 4507 2392 253865 89 126766
F4E_CLK 2768 35 35 538 4754 2166 124307 93 26342
F4E_CLK 2392 29 17 538 4543 1975 57281 137 8186
F4E_CLK 547 9 9 536 3312 958 14383 236 3823
F4E_CLK 510 13 4 538 3176 892 13395 225 1232
F4E_CLK 546 35 13 535 3430 947 38263 239 7414
F4E_CLK 0 0 0 537 486 0 240 84 354
F4E_CLK 544 49 13 537 3237 1123 49200 239 6992
F4E_CLK 0 0 0 537 486 0 240 84 354
F4E_CLK 0 0 0 853 486 0 240 84 353
F4E_CLK 0 0 0 538 486 0 240 84 353
F4E_CLK 2618 25 25 539 4543 2385 98526 96 13120
F4E_CLK 2646 64 64 537 4512 2450 255607 93 81572
F4E_CLK 2974 55 55 538 4725 1873 220602 143 69165
F4E_CLK 2671 28 18 538 4578 2400 72426 132 7439
F4E_CLK 544 11 7 537 3291 755 14282 239 2221
F4E_CLK 554 36 13 538 3339 886 39481 250 6860
F4E_CLK 547 7 7 538 3349 796 10675 233 2358
F4E_CLK 532 23 6 537 3311 804 23073 254 1692
F4E_CLK 547 21 13 537 3275 945 26214 236 6590
F4E_CLK 0 0 0 538 486 0 240 84 354
F4E_CLK 543 23 13 537 3324 872 28746 251 6706
F4E_CLK 0 0 0 538 486 0 240 84 354
F4E_CLK 0 0 0 539 486 0 240 84 352
F4E_CLK 0 0 0 536 486 0 240 84 355
F4E_CLK 0 0 0 874 486 0 240 84 352
F4E_CLK 2614 51 51 538 4547 2717 199601 92 44033
F4E_CLK 2569 64 64 538 4512 2389 238207 106 117007
F4E_CLK 2794 36 36 538 4644 2330 129328 143 28539
F4E_CLK 2516 31 18 538 4736 2207 64204 114 9805
F4E_CLK 547 7 7 538 3246 793 10925 258 2343
F4E_CLK 544 17 6 539 3325 929 17735 233 1574
F4E_CLK 549 33 13 537 3325 1238 36008 258 6836
F4E_CLK 0 0 0 869 486 0 240 84 354
F4E_CLK 545 47 13 538 3327 857 48513 261 6429
F4E_CLK 0 0 0 537 486 0 240 84 353
F4E_CLK 541 49 13 538 3353 1161 49995 247 7133
F4E_CLK 0 0 0 536 486 0 240 84 353
F4E_CLK 537 39 13 536 3287 975 41390 253 6712
F4E_CLK 0 0 0 536 486 0 240 84 353
F4E_CLK 0 0 0 538 486 0 240 84 353
F4E_CLK 0 0 0 856 486 0 240 84 352
F4E_CLK 0 0 0 537 486 0 240 84 352
F4E_CLK 2572 55 55 536 4514 2385 208066 92 53489
F4E_CLK 2518 64 64 536 4514 2412 224814 89 127093
F4E_CLK 2757 33 33 537 4575 1994 114910 87 22680
F4E_CLK 2363 29 17 535 4567 2335 57444 146 8186
F4E_CLK 546 11 11 538 3253 1116 17012 236 5270
F4E_CLK 387 7 2 537 3007 844 6644 237 703
F4E_CLK 543 37 13 536 3310 950 38909 259 7119
F4E_CLK 0 0 0 538 486 0 240 84 353
F4E_CLK 539 51 13 537 3327 933 52143 255 6998
F4E_CLK 0 0 0 536 486 0 240 84 355
F4E_CLK 535 53 13 538 3199 989 54360 230 6170
F4E_CLK 0 0 0 537 486 0 240 84 353
F4E_CLK 531 43 13 539 3325 794 45089 229 6864
F4E_CLK 0 0 0 539 486 0 240 84 352
F4E_CLK 527 21 13 540 3274 852 25692 260 7252
F4E_CLK 0 0 0 536 486 0 240 84 355
F4E_CLK 0 0 0 537 486 0 240 84 353
F4E_CLK 0 0 0 537 486 0 240 84 356
F4E_CLK 0 0 0 535 486 0 240 84 354
F4E_CLK 0 0 0 536 486 0 240 84 355
F4E_CLK 0 0 0 537 486 0 240 84 353
F4E_CLK 0 0 0 535 486 0 240 84 355
F4E_CLK 0 0 0 875 486 0 240 84 355
F4E_CLK 2461 6 6 550 4606 2300 19166 94 1434
F4E_CLK 3073 64 64 550 5050 2166 339055 142 42391
F4E_CLK 3237 64 64 552 5006 2736 386541 143 44890
F4E_CLK 3337 64 64 552 5013 2697 398169 144 48082
F4E_CLK 3340 64 64 552 5032 2725 396555 97 60043
F4E_CLK 3226 64 64 549 4987 2716 382337 96 104238
F4E_CLK 3094 64 64 552 5038 2637 349751 146 96863
F4E_CLK 5554 64 64 552 5878 5102 597940 130 87131
F4E_CLK 5604 64 64 551 5888 5044 615277 90 60459
F4E_CLK 2841 64 64 550 4575 2582 293700 84 148905
F4E_CLK 2653 64 64 552 4519 2467 255268 79 149262
F4E_CLK 2489 64 64 550 4574 2910 213153 123 138418
F4E_CLK 5122 64 64 552 6020 3996 568060 146 64491
F4E_CLK 2856 64 64 552 4649 2616 295285 91 103579
F4E_CLK 3203 32 32 552 5053 2663 153994 145 23965
F4E_CLK 2204 28 28 550 4520 2372 75375 151 26248
F4E_CLK 2148 16 16 550 4514 2330 43064 150 9473
F4E_CLK 4730 16 15 553 5587 3596 118532 100 6150
F4E_CLK 2923 64 64 551 4584 2343 282134 140 87140
F4E_CLK 2833 64 64 552 4589 2302 286751 93 147725
F4E_CLK 3064 36 30 552 4915 2324 122506 122 18645
F4E_CLK 2726 28 18 553 4529 2454 64381 136 9261
F4E_CLK 0 0 0 549 486 0 240 84 353
F4E_CLK 0 0 0 891 486 0 240 84 355
F4E_CLK 0 0 0 550 486 0 240 84 355
F4E_CLK 2914 62 62 554 4614 2601 269242 99 66463
F4E_CLK 2841 64 64 552 4627 2369 287308 91 138613
F4E_CLK 2995 27 27 552 4607 2418 99755 93 16646
F4E_CLK 2362 27 16 551 4515 2003 53260 137 8225
F4E_CLK 575 18 12 553 3332 990 23424 258 5362
F4E_CLK 282 4 1 553 2795 915 3586 185 482
F4E_CLK 0 0 0 873 486 0 240 84 352
F4E_CLK 0 0 0 550 486 0 240 84 356
F4E_CLK 2857 18 18 550 4563 2302 78403 90 8117
F4E_CLK 2905 64 64 550 4576 2428 279825 141 76153
F4E_CLK 3257 62 62 552 5063 2661 320977 95 94858
F4E_CLK 2298 21 11 552 4491 2319 42391 150 4801
F4E_CLK 589 24 14 551 3379 889 30916 258 7676
F4E_CLK 588 36 13 551 3390 957 39977 263 6738
F4E_CLK 0 0 0 894 486 0 240 84 352
F4E_CLK 588 48 13 552 3212 818 49625 248 6590
F4E_CLK 0 0 0 550 486 0 240 84 353
F4E_CLK 0 0 0 551 486 0 240 84 353
F4E_CLK 0 0 0 551 486 0 240 84 352
F4E_CLK 2865 52 52 551 4538 2399 220349 94 44542
F4E_CLK 2823 64 64 552 4596 2336 287001 92 122584
F4E_CLK 2961 36 36 552 4587 2377 138494 100 27143
F4E_CLK 2601 29 17 550 4589 1699 62088 144 8999
F4E_CLK 598 8 8 554 3172 1041 12988 231 3320
F4E_CLK 577 14 5 551 3379 794 14868 228 1207
F4E_CLK 600 34 13 551 3197 1157 37225 252 8273
F4E_CLK 0 0 0 553 486 0 240 84 352
F4E_CLK 598 48 13 552 3522 900 48859 269 6159
F4E_CLK 0 0 0 554 486 0 240 84 351
F4E_CLK 0 0 0 553 486 0 240 84 353
F4E_CLK 0 0 0 877 486 0 240 84 353
F4E_CLK 2793 24 24 551 4610 2246 106675 102 12331
F4E_CLK 2823 64 64 552 4599 2543 289172 80 79079
F4E_CLK 3183 56 56 552 5044 2729 267735 137 76337
F4E_CLK 2862 27 17 552 4595 2282 75151 142 7881
F4E_CLK 603 13 8 554 3200 982 16132 244 2489
F4E_CLK 608 36 13 550 3263 1010 38938 230 7165
F4E_CLK 596 6 6 551 3427 947 9202 234 1998
F4E_CLK 592 27 7 539 3234 815 27345 268 1949
F4E_CLK 601 20 13 538 3242 830 26318 278 6152
F4E_CLK 0 0 0 536 486 0 240 84 355
F4E_CLK 597 22 13 536 3182 1058 27861 252 6313
F4E_CLK 0 0 0 538 486 0 240 84 352
F4E_CLK 0 0 0 536 486 0 240 84 353
F4E_CLK 0 0 0 538 486 0 240 84 351
F4E_CLK 0 0 0 535 486 0 240 84 356
F4E_CLK 2785 50 50 538 4633 2238 224451 90 41422
F4E_CLK 2746 64 64 537 4503 2389 273282 89 112180
F4E_CLK 2965 37 37 537 4778 2234 141570 113 30276
F4E_CLK 2718 31 18 537 4504 2296 68241 142 9649
F4E_CLK 595 6 6 536 3271 820 8918 220 2019
F4E_CLK 597 20 7 538 3181 893 21182 238 2373
F4E_CLK 603 32 13 537 3412 980 36016 267 6440
F4E_CLK 0 0 0 537 486 0 240 84 353
F4E_CLK 599 46 13 536 3324 801 46297 267 6443
F4E_CLK 0 0 0 539 486 0 240 84 352
F4E_CLK 595 48 13 538 3326 857 48734 239 7300
F4E_CLK 0 0 0 537 486 0 240 84 353
F4E_CLK 591 38 13 538 3331 981 40620 269 6426
F4E_CLK 0 0 0 538 486 0 240 84 354
F4E_CLK 0 0 0 537 486 0 240 84 353
F4E_CLK 0 0 0 537 486 0 240 84 354
F4E_CLK 0 0 0 870 486 0 240 84 355
F4E_CLK 2743 54 54 538 4531 2447 235947 79 51808
F4E_CLK 2684 64 64 535 4536 2553 259172 90 124469
F4E_CLK 2935 34 34 538 4951 2245 126388 97 25121
F4E_CLK 2547 29 17 538 4564 1902 61210 136 8187
F4E_CLK 600 10 10 538 3344 798 15539 268 4186
F4E_CLK 518 10 3 539 3223 829 10075 270 955
F4E_CLK 597 36 13 537 3355 861 39331 270 7407
F4E_CLK 0 0 0 872 486 0 240 84 355
F4E_CLK 593 50 13 536 3317 942 51661 235 7015
F4E_CLK 0 0 0 536 486 0 240 84 354
F4E_CLK 589 52 13 538 3341 1035 52114 245 6473
F4E_CLK 0 0 0 537 486 0 240 84 353
F4E_CLK 585 42 13 537 3281 947 43592 255 6992
F4E_CLK 0 0 0 536 486 0 240 84 353
F4E_CLK 581 20 13 539 3356 966 25981 234 7296
F4E_CLK 0 0 0 875 486 0 240 84 351
F4E_CLK 0 0 0 536 486 0 240 84 353
F4E_CLK 0 0 0 538 486 0 240 84 353
F4E_CLK 0 0 0 537 486 0 240 84 354
F4E_CLK 2618 24 24 535 4513 2380 92125 95 12330
F4E_CLK 2647 64 64 536 4568 2336 249067 90 77132
F4E_CLK 2998 56 56 536 4756 2325 226428 142 71477
F4E_CLK 2770 27 17 538 4584 2575 72352 130 7865
F4E_CLK 583 13 8 537 3424 907 17554 269 2463
F4E_CLK 590 36 13 538 3355 922 38924 261 6992
F4E_CLK 586 6 6 539 3275 809 9595 239 1991
F4E_CLK 571 27 7 536 3339 928 27004 239 1685
F4E_CLK 583 20 13 537 3347 787 26131 235 6747
F4E_CLK 0 0 0 537 486 0 240 84 353
F4E_CLK 579 22 13 538 3352 802 27015 272 6300
F4E_CLK 0 0 0 538 486 0 240 84 354
F4E_CLK 575 12 12 540 3158 979 17716 259 6192
F4E_CLK 295 11 1 537 2838 832 9072 175 471
F4E_CLK 0 0 0 539 486 0 240 84 353
F4E_CLK 571 54 13 536 3304 974 54014 247 6880
F4E_CLK 0 0 0 537 486 0 240 84 355
F4E_CLK 567 20 13 537 3318 1001 25318 210 6767
F4E_CLK 0 0 0 537 486 0 240 84 353
F4E_CLK 550 40 40 537 3346 983 61907 262 57123
F4E_CLK 470 64 64 552 3178 882 95446 203 146155
F4E_CLK 392 64 64 555 3228 852 93393 178 139627
F4E_CLK 327 64 46 552 3192 854 81710 179 74383
F4E_CLK 275 64 35 551 3105 1100 73803 193 42117
F4E_CLK 246 54 32 554 3070 1152 65157 158 35569
F4E_CLK 186 64 29 552 3054 1212 68661 183 29844
F4E_CLK 124 32 3 554 2780 1216 26826 145 793
F4E_CLK 3226 57 57 552 4982 2706 335475 146 35972
F4E_CLK 3423 64 64 551 5031 2665 400228 153 58654
F4E_CLK 3541 64 64 552 5073 2878 411949 95 48642
F4E_CLK 3542 64 64 552 4993 2707 411823 92 55166
F4E_CLK 3456 64 64 552 5023 3017 400013 91 97843
F4E_CLK 3338 64 64 552 5085 2668 392687 90 108945
F4E_CLK 4570 64 64 552 5540 4136 515898 145 107987
F4E_CLK 5560 64 64 549 6022 5166 637926 137 68238
F4E_CLK 4423 64 64 552 5438 4212 508187 150 143141
F4E_CLK 2905 64 64 552 4560 2454 276192 92 144803
F4E_CLK 2727 64 64 552 4535 2358 276355 85 130494
F4E_CLK 6015 64 64 549 5969 4272 625925 146 61842
F4E_CLK 5618 64 64 552 5994 5150 645449 130 85742
F4E_CLK 6209 64 64 555 6319 5471 676745 142 105332
F4E_CLK 2350 64 64 552 4511 2425 167524 130 141645
F4E_CLK 2202 64 64 554 4489 2382 166284 136 147614
F4E_CLK 2032 64 64 553 4369 1943 154794 137 144564
F4E_CLK 5589 64 64 551 5971 4337 628460 131 65739
F4E_CLK 5416 64 64 553 5944 5298 649388 142 139121
F4E_CLK 5761 64 64 554 5991 4877 623895 83 107137
F4E_CLK 5583 64 64 553 5888 5094 614956 91 109927
F4E_CLK 1786 64 64 552 4466 1333 131441 625 140767
F4E_CLK 1700 64 64 553 4532 1128 128705 589 142593
F4E_CLK 1625 64 64 555 4508 1109 130786 549 141788
F4E_CLK 5762 64 64 553 5916 3886 615211 154 51415
F4E_CLK 5548 64 64 552 5822 5327 638425 138 120344
F4E_CLK 5270 64 64 553 5939 4967 632615 153 117860
F4E_CLK 5063 64 64 551 5671 4259 532552 149 106874
F4E_CLK 4375 64 64 553 5460 4294 524937 83 133463
F4E_CLK 4272 64 64 552 5428 4317 472549 142 143419
F4E_CLK 1506 64 64 553 4500 1217 129635 510 141906
F4E_CLK 1437 64 64 553 4484 1107 123851 490 142064
F4E_CLK 1360 64 64 551 4487 1110 121806 431 144690
F4E_CLK 5192 64 64 554 5968 4730 632443 142 69900
F4E_CLK 4925 64 64 551 5511 4274 540681 78 137584
F4E_CLK 4515 64 64 552 5515 4195 510105 143 123123
F4E_CLK 4275 64 64 553 5466 3600 511889 147 126478
F4E_CLK 3898 64 64 552 5172 3216 421065 94 107837
F4E_CLK 3401 64 64 553 5003 2701 406409 142 146196
F4E_CLK 3729 64 64 553 5005 3235 411643 92 121463
F4E_CLK 2471 64 64 553 4545 2523 209311 131 149188
F4E_CLK 2262 64 64 551 4526 2298 167309 149 142900
F4E_CLK 1132 64 64 552 4389 1126 118306 395 140770
F4E_CLK 4573 64 64 551 5621 2904 378174 99 69203
F4E_CLK 4566 64 64 551 5419 4289 531739 143 73090
F4E_CLK 4278 64 64 553 5491 4216 501227 157 108401
F4E_CLK 3908 64 64 552 5150 3181 420327 88 112289
F4E_CLK 3221 64 64 552 5058 2694 350016 153 150644
F4E_CLK 3259 64 64 554 5087 2311 351734 144 128286
F4E_CLK 2458 64 64 551 4569 2313 162006 99 133835
F4E_CLK 2783 64 64 551 4535 2317 192788 136 146023
F4E_CLK 2684 64 64 552 4567 1976 181414 148 110047
F4E_CLK 2274 64 64 553 4549 2369 156539 150 118021
F4E_CLK 1085 64 63 552 4405 1050 117455 397 141906
F4E_CLK 631 55 8 554 3473 654 51519 227 2221
F4E_CLK 478 19 2 553 3082 1248 16660 221 730
F4E_CLK 4043 40 40 553 5090 3593 272252 90 27933
F4E_CLK 3913 64 64 533 5108 3221 427301 119 96311
F4E_CLK 3624 64 64 534 5120 2668 401951 99 113414
F4E_CLK 3235 64 64 531 5080 2807 328368 101 101033
F4E_CLK 1165 64 64 533 4477 1039 120546 413 139246
F4E_CLK 2458 64 64 532 4646 2148 168765 142 141485
F4E_CLK 2365 64 64 536 4553 1970 159852 126 94389
F4E_CLK 1136 64 18 533 4459 1106 81808 392 10875
F4E_CLK 2150 26 21 532 4473 2322 58009 144 15398
F4E_CLK 283 3 1 533 2790 889 2963 177 482
F4E_CLK 2128 18 18 533 4451 2240 44142 141 10232
F4E_CLK 806 38 2 535 3564 911 33900 313 636
F4E_CLK 959 59 53 535 3860 995 95428 272 94682
F4E_CLK 572 59 8 532 3280 789 54720 260 2047
F4E_CLK 496 23 3 534 3248 842 21031 219 852
F4E_CLK 3474 31 31 533 5131 2606 200136 107 17760
F4E_CLK 3419 64 64 534 5030 2696 402191 91 83653
F4E_CLK 3377 64 64 533 5066 2701 372138 101 111456
F4E_CLK 2926 64 64 534 4656 2268 255135 144 98120
F4E_CLK 1852 64 64 535 4578 1253 133471 556 138520
F4E_CLK 2196 64 64 533 4560 2460 160374 150 117737
F4E_CLK 2027 64 25 534 4686 1274 100632 130 13027
F4E_CLK 1719 48 23 536 4529 1140 73963 585 19770
F4E_CLK 1831 17 17 533 4540 1118 35935 595 11259
F4E_CLK 817 48 5 535 3649 993 45841 307 1221
F4E_CLK 1833 9 9 536 4501 1133 18988 642 3474
F4E_CLK 1510 64 11 532 4729 1088 78923 425 5123
F4E_CLK 281 11 1 535 2805 870 9330 176 475
F4E_CLK 1833 48 19 535 4507 1164 70659 553 14112
F4E_CLK 881 7 7 533 3639 930 12653 294 1717
F4E_CLK 818 64 48 534 3709 900 95044 319 72967
F4E_CLK 588 50 7 535 3380 823 45917 264 2495
F4E_CLK 417 20 2 533 2974 864 17816 217 581
F4E_CLK 3193 43 43 533 5039 2585 252273 146 33491
F4E_CLK 3066 64 64 533 4647 2799 302505 98 102055
F4E_CLK 3003 64 64 535 4639 2350 255967 98 106331
F4E_CLK 2575 64 64 531 4517 2402 181475 153 80456
F4E_CLK 874 64 64 536 3759 912 106197 294 138556
F4E_CLK 1937 64 64 531 4323 1634 140372 139 140541
F4E_CLK 1703 61 25 532 4496 1038 89422 546 16530
F4E_CLK 351 39 11 531 3254 823 38163 178 4423
F4E_CLK 1698 29 21 536 4571 1213 50061 607 16883
F4E_CLK 176 5 1 534 2712 1081 4329 170 444
F4E_CLK 1682 21 20 535 4537 1118 40017 516 13662
F4E_CLK 0 0 0 533 486 0 240 84 354
F4E_CLK 169 17 1 535 2731 872 13963 193 443
F4E_CLK 1677 60 19 535 4566 1316 83005 591 14328
F4E_CLK 190 3 1 536 2796 815 2741 165 446
F4E_CLK 1672 17 17 534 4497 1108 32799 573 9688
F4E_CLK 410 10 1 535 2903 967 8527 214 480
F4E_CLK 790 21 21 533 3545 1083 35661 328 15720
F4E_CLK 708 64 35 545 3483 1292 81890 249 37476
F4E_CLK 602 61 6 535 3352 858 55310 256 1997
F4E_CLK 434 30 2 534 2958 857 25506 200 731
F4E_CLK 2953 57 57 532 4625 2282 255763 85 53114
F4E_CLK 2658 64 64 533 4493 2420 255712 145 120640
F4E_CLK 2500 64 64 534 4522 2379 175605 145 112708
F4E_CLK 2144 64 64 532 4438 1630 155272 135 101064
F4E_CLK 1731 64 64 532 4587 1134 128887 532 97755
F4E_CLK 950 64 54 533 4000 947 97961 321 104626
F4E_CLK 1527 35 30 534 4472 1034 63266 477 31741
F4E_CLK 207 17 2 533 2846 902 14785 204 544
F4E_CLK 1506 43 21 534 4413 1188 64075 492 14151
F4E_CLK 200 7 1 532 2734 984 6034 152 459
F4E_CLK 1520 35 20 534 4475 1270 54589 496 15293
F4E_CLK 211 1 1 552 2740 889 1292 168 459
F4E_CLK 1523 10 10 550 4479 1144 19423 487 4427
F4E_CLK 930 64 9 554 4015 1178 61880 359 3279
F4E_CLK 193 7 1 550 2733 1008 5931 173 464
F4E_CLK 1499 31 18 551 4529 1070 48247 413 11355
F4E_CLK 0 0 0 552 486 0 240 84 353
F4E_CLK 193 7 1 552 2724 999 5957 153 460
F4E_CLK 1465 33 17 551 4640 1043 49971 472 10963
F4E_CLK 0 0 0 951 486 0 240 84 352
F4E_CLK 799 17 17 553 3508 1116 28562 316 9923
F4E_CLK 738 64 38 551 3508 1095 83661 283 46526
F4E_CLK 628 60 7 552 3503 776 55026 254 2666
F4E_CLK 445 26 2 552 3043 944 22248 209 602
F4E_CLK 2702 53 53 550 4556 2322 222581 83 46039
F4E_CLK 2494 64 64 553 4596 1949 209952 155 119860
F4E_CLK 2280 64 64 550 4579 2379 157862 148 112048
F4E_CLK 1960 64 64 553 4407 1639 142754 111 90247
F4E_CLK 1546 64 64 552 4574 1001 125313 510 110228
F4E_CLK 1282 64 58 552 4524 1143 119548 433 114755
F4E_CLK 1394 31 30 555 4405 1172 57097 441 32865
F4E_CLK 238 15 2 551 2938 1029 12787 145 582
F4E_CLK 1372 39 21 551 4606 1091 58996 458 17054
F4E_CLK 208 7 1 552 2743 879 6006 164 456
F4E_CLK 1360 31 20 550 4457 1309 50531 429 15581
F4E_CLK 0 0 0 849 486 0 240 84 353
F4E_CLK 1328 25 7 553 4480 986 32655 424 2173
F4E_CLK 1184 64 13 551 4476 1230 77793 408 5797
F4E_CLK 218 6 1 554 2752 1006 5352 161 457
F4E_CLK 1347 27 18 553 4426 1175 43444 434 11750
F4E_CLK 0 0 0 552 486 0 240 84 354
F4E_CLK 202 6 1 552 2717 996 5307 168 463
F4E_CLK 1308 29 17 554 4495 1130 45357 411 11799
F4E_CLK 0 0 0 830 486 0 240 84 353
F4E_CLK 205 2 1 555 2737 869 2143 175 446
F4E_CLK 1308 11 11 551 4380 1061 21066 424 5061
F4E_CLK 719 60 5 550 3571 1087 54112 292 1334
F4E_CLK 0 0 0 552 486 0 240 84 354
F4E_CLK 904 38 38 554 3931 864 66348 367 4304
F4E_CLK 930 64 64 552 4178 873 107164 366 7006
F4E_CLK 930 64 64 554 4062 891 111207 289 7057
F4E_CLK 2364 64 64 551 4514 2309 162980 143 8317
F4E_CLK 2658 64 64 552 4681 2274 255905 92 66977
F4E_CLK 2605 64 64 552 4489 2437 225301 95 102146
F4E_CLK 2324 64 64 552 4539 2408 158311 138 21355
F4E_CLK 2364 64 64 555 4531 2346 162480 143 18847
F4E_CLK 2274 64 64 554 4538 2313 161069 136 24808
F4E_CLK 1511 64 64 551 4516 1136 129234 472 19732
F4E_CLK 2216 64 64 554 4474 2350 157607 134 25514
F4E_CLK 1467 64 64 553 4514 1112 126272 492 25501
F4E_CLK 2175 64 64 554 4569 2184 158205 133 24548
F4E_CLK 1548 64 64 552 4536 1086 130674 553 17181
F4E_CLK 2235 64 64 552 4510 2235 159899 132 24820
F4E_CLK 1562 64 64 550 4552 1049 129777 536 10096
F4E_CLK 2300 64 64 555 4546 2280 159078 143 23150
F4E_CLK 1324 64 64 552 4500 1112 124169 426 16776
F4E_CLK 1557 64 64 552 4465 1159 128105 506 24576
F4E_CLK 2224 64 64 552 4520 2339 159832 144 29958
F4E_CLK 1334 64 64 551 4550 1108 123054 438 23996
F4E_CLK 1537 64 64 550 4492 1143 129144 499 9429
F4E_CLK 2205 64 64 552 4505 1975 159780 151 27733
F4E_CLK 1343 64 64 551 4449 1177 120782 425 16083
F4E_CLK 1577 64 64 554 4528 1066 127090 450 9620
F4E_CLK 2220 64 64 553 4586 2323 157918 149 17047
F4E_CLK 1354 64 64 549 4532 1103 122197 443 17893
F4E_CLK 1356 64 64 536 4503 1126 121668 399 14603
F4E_CLK 1477 64 64 532 4544 1049 127140 450 7097
F4E_CLK 2154 64 64 533 4562 2184 158239 141 23577
F4E_CLK 1363 64 64 532 4534 1091 122360 419 16393
F4E_CLK 1370 64 64 536 4480 1108 122315 424 11825
F4E_CLK 1470 64 64 533 4516 1063 126092 467 7085
F4E_CLK 2235 64 64 534 4511 2297 158171 152 19137
F4E_CLK 1626 64 64 534 4621 1077 127865 535 10007
F4E_CLK 1629 64 64 533 4540 1086 127771 559 11904
F4E_CLK 1546 22 22 535 4548 1214 43662 476 2793
F4_F2_ECHELON: 30225 x 842 words, 27225 pivots: upload 31.4 ms, device 125.0 ms, download 0.3 ms, 1.07e10 word XORs
K_0/2^13 m=2 x=1234 D=5 f5=true [cuda:NVIDIA GeForce RTX 4090 sm_89 x128 code=sm_89]: 30225 x 53871 (eliminated 30225 rows), rank 27250, refuted true, pinned 0; build 0.434 s, eliminate 0.157 s, total 0.592 s, 1.075e10 word XORs
Stage diagnostic only: one oracle matrix, not an ECDLP cost.
