F4E_CLK 595 64 64 1128 5433 860 96254 222 33020
F4E_CLK 819 64 64 528 5195 902 102310 304 43447
F4E_CLK 865 64 64 528 5778 828 103862 292 41386
F4E_CLK 1026 64 64 529 5485 967 121174 407 50912
F4E_CLK 919 64 64 528 4005 1002 110752 313 86672
F4E_CLK 891 64 64 529 3816 1352 108827 296 73625
F4E_CLK 1133 64 64 529 5546 1289 117625 389 49719
F4E_CLK 856 64 64 528 5037 910 106775 291 49991
F4E_CLK 1548 64 64 528 5225 1063 126667 552 60124
F4E_CLK 743 64 64 528 3633 1397 102504 290 116104
F4E_CLK 676 64 64 528 3482 969 103940 247 80526
F4E_CLK 1405 64 64 527 4592 1044 123235 415 82850
F4E_CLK 1155 64 64 529 4794 1162 123159 379 79325
F4E_CLK 1203 64 64 529 4950 1151 120864 398 52916
F4E_CLK 1108 64 64 528 4508 1186 122157 388 105418
F4E_CLK 1290 64 64 529 5023 1590 122514 397 54606
F4E_CLK 823 64 64 527 4089 866 108283 315 103336
F4E_CLK 512 64 64 528 3387 1080 97062 209 139329
F4E_CLK 444 64 64 528 3181 1100 95668 212 142210
F4E_CLK 1620 64 64 527 4574 1126 129612 509 53950
F4E_CLK 1418 64 64 530 4553 1116 124344 477 71822
F4E_CLK 1373 64 64 527 4466 1098 125102 420 65186
F4E_CLK 1253 64 64 526 4496 1126 123168 406 117838
F4E_CLK 1651 64 64 529 4992 1109 126898 531 53792
F4E_CLK 1135 64 64 528 4359 1100 123118 356 140603
F4E_CLK 1502 64 64 528 4530 1190 123966 486 91018
F4E_CLK 516 64 64 530 3371 1195 101482 259 100084
F4E_CLK 804 29 29 527 3970 1151 45110 267 10722
F4E_CLK 351 29 29 528 2971 1041 42962 167 27192
F4E_CLK 322 29 29 529 3195 1057 43196 186 28299
F4E_CLK 1575 43 43 526 4524 1066 85325 543 18698
F4E_CLK 1493 64 64 529 4541 1113 126534 454 57415
F4E_CLK 1476 64 64 528 4545 1524 126978 465 54903
F4E_CLK 1356 64 64 528 4466 1104 125727 419 93112
F4E_CLK 1834 64 64 530 4648 1362 133942 624 51262
F4E_CLK 1720 64 64 528 4642 1096 133474 520 119958
F4E_CLK 1593 64 64 527 4496 1100 128277 506 128027
F4E_CLK 694 64 64 527 3727 1024 108077 307 89854
F4E_CLK 1638 44 44 526 4559 1376 87718 530 27877
F4E_CLK 989 53 38 530 4083 922 79957 346 51513
F4E_CLK 1628 60 54 530 4802 1067 113184 537 41646
F4E_CLK 712 64 61 527 3699 1016 99661 265 87052
F4E_CLK 616 55 38 528 3532 1360 73344 261 25779
F4E_CLK 0 0 0 527 486 0 240 84 321
F4E_CLK 0 0 0 527 486 0 240 84 321
F4E_CLK 0 0 0 527 486 0 240 84 321
F4E_CLK 1418 48 48 526 4521 1131 96570 468 24081
F4E_CLK 1528 64 64 529 4510 1063 128680 479 40604
F4E_CLK 1465 64 64 528 4479 1139 124067 483 84895
F4E_CLK 1331 64 64 529 4433 1317 124675 447 110601
F4E_CLK 2023 64 64 528 4467 1792 145518 135 53910
F4E_CLK 1172 64 64 528 4501 1342 124440 404 141449
F4E_CLK 1830 64 64 527 4619 1152 137685 607 61422
F4E_CLK 854 64 64 526 3889 1250 107481 302 102385
F4E_CLK 1058 29 29 528 4431 950 54702 417 17904
F4E_CLK 951 23 15 528 3905 1000 33241 334 9597
F4E_CLK 1317 64 64 526 4526 1164 122846 440 86277
F4E_CLK 778 51 49 528 3757 1157 79488 287 58179
F4E_CLK 715 26 18 529 3702 824 34393 277 7924
F4E_CLK 0 0 0 526 486 0 240 84 320
F4E_CLK 824 34 34 530 3607 1097 56005 297 22195
F4E_CLK 895 64 64 527 3960 939 106990 291 102123
F4E_CLK 754 36 22 526 3683 1005 45186 280 8331
F4E_CLK 103 18 11 528 3045 843 22058 197 4760
F4E_CLK 47 4 1 527 2765 1286 3373 155 414
F4E_CLK 0 0 0 528 486 0 240 84 320
F4E_CLK 0 0 0 527 486 0 240 84 320
F4E_CLK 1384 32 32 528 4432 1128 61563 462 11767
F4E_CLK 1593 64 64 526 4495 1132 130465 522 44203
F4E_CLK 1531 64 64 527 4631 1050 128791 527 57237
F4E_CLK 1411 64 64 528 4472 1607 127877 457 90741
F4E_CLK 2225 64 64 528 4576 1996 159861 144 49745
F4E_CLK 1270 64 64 528 4423 1128 125589 414 138835
F4E_CLK 2016 64 64 528 4392 1475 140653 144 105065
F4E_CLK 991 64 64 528 3967 987 112811 344 90568
F4E_CLK 1895 29 29 528 4785 1439 62016 625 11619
F4E_CLK 999 39 24 527 4022 1116 54845 363 19240
F4E_CLK 1937 55 55 525 4246 1394 119806 132 46059
F4E_CLK 1052 63 53 529 4480 1247 109035 400 66212
F4E_CLK 904 50 30 527 3900 1084 66479 346 18011
F4E_CLK 0 0 0 526 486 0 240 84 320
F4E_CLK 949 18 18 529 3869 1057 31829 323 6136
F4E_CLK 959 64 64 528 3968 1436 109132 323 109752
F4E_CLK 902 42 28 528 4090 1131 57308 318 14515
F4E_CLK 136 19 11 527 3039 864 22070 183 5175
F4E_CLK 136 30 11 526 2920 879 30876 169 4213
F4E_CLK 0 0 0 526 486 0 240 84 321
F4E_CLK 983 42 42 528 4069 1067 73451 340 32885
F4E_CLK 1063 64 58 527 4578 1157 113277 398 78276
F4E_CLK 896 37 21 526 3851 1413 47961 336 8783
F4E_CLK 143 24 11 529 2929 868 26031 163 4345
F4E_CLK 142 13 10 526 2921 1000 15984 176 4381
F4E_CLK 71 6 1 526 2747 1059 4917 192 410
F4E_CLK 0 0 0 526 486 0 240 84 319
F4E_CLK 0 0 0 529 486 0 240 84 321
F4E_CLK 1350 19 19 528 4428 1153 36298 442 5432
F4E_CLK 1595 64 64 528 4441 1141 131459 531 55586
F4E_CLK 1620 64 64 528 4564 996 131702 530 44479
F4E_CLK 1506 64 64 528 4510 1058 135161 459 95924
F4E_CLK 2428 64 64 527 4617 2312 163185 145 54037
F4E_CLK 2373 64 64 528 4574 2272 164074 127 104643
F4E_CLK 1160 64 64 529 4424 1348 122657 433 143916
F4E_CLK 1896 64 64 528 4593 1029 142948 596 74939
F4E_CLK 1195 38 38 528 4554 1108 72953 387 30835
F4E_CLK 1023 34 28 528 4001 1023 53829 335 28552
F4E_CLK 2126 42 42 528 4564 1875 104333 142 24451
F4E_CLK 1279 64 64 529 4587 1092 120300 409 101875
F4E_CLK 1069 49 31 527 4419 1000 75370 418 18666
F4E_CLK 82 2 1 528 2752 1166 1878 173 409
F4E_CLK 1016 5 5 528 4015 851 8602 337 1059
F4E_CLK 1129 64 64 526 4370 1072 121753 364 90572
F4E_CLK 1089 46 38 529 4459 1026 78824 404 32044
F4E_CLK 832 23 14 529 3658 1102 29689 308 5852
F4E_CLK 175 30 11 528 3132 934 30813 147 4229
F4E_CLK 0 0 0 528 486 0 240 84 321
F4E_CLK 1131 29 29 528 4366 1128 54541 390 16136
F4E_CLK 1276 64 64 526 4477 1200 123245 413 111451
F4E_CLK 1082 36 26 526 4471 961 57421 382 10275
F4E_CLK 185 15 12 528 2842 1067 20489 158 4041
F4E_CLK 88 4 1 528 2758 1078 3518 148 421
F4E_CLK 182 40 11 525 2944 1142 38244 168 4206
F4E_CLK 0 0 0 526 486 0 240 84 320
F4E_CLK 1121 32 32 529 4375 1147 61305 381 18244
F4E_CLK 1281 64 64 530 4592 1146 122421 459 96403
F4E_CLK 1030 36 23 527 4346 952 55710 428 7147
F4E_CLK 191 18 12 530 2941 1057 21719 180 4171
F4E_CLK 175 7 4 527 2910 1066 8020 198 719
F4E_CLK 181 32 8 528 2796 864 30580 163 2794
F4E_CLK 187 46 11 525 2992 1159 42792 183 4342
F4E_CLK 0 0 0 525 486 0 240 84 320
F4E_CLK 0 0 0 524 486 0 240 84 320
F4E_CLK 0 0 0 525 486 0 240 84 320
F4E_CLK 1555 42 42 522 4487 1187 83830 508 17930
F4E_CLK 1689 64 64 525 4483 1217 136847 529 43931
F4E_CLK 1645 64 64 525 4582 1202 132948 567 70568
F4E_CLK 1514 64 64 525 4578 1062 132167 432 101074
F4E_CLK 2641 64 64 525 4623 1577 187666 104 51429
F4E_CLK 1338 64 64 525 4462 1701 129280 442 137986
F4E_CLK 2430 64 64 523 4591 1881 161219 137 75180
F4E_CLK 1302 64 64 523 4489 1422 132374 406 105070
F4E_CLK 2344 29 29 524 4705 2492 71969 136 11603
F4E_CLK 1047 29 21 524 4387 1100 47759 424 16799
F4E_CLK 1836 58 58 525 4497 1082 123434 629 58847
F4E_CLK 1395 56 49 526 4506 1330 101705 472 56696
F4E_CLK 1247 38 24 524 4427 1226 59098 420 11647
F4E_CLK 0 0 0 524 486 0 240 84 321
F4E_CLK 1286 28 28 525 4441 1271 57806 442 15232
F4E_CLK 1451 64 64 525 4522 1093 124687 462 111464
F4E_CLK 1198 36 27 524 4413 975 58845 403 11240
F4E_CLK 223 14 12 524 3048 1120 19199 160 5286
F4E_CLK 105 4 1 523 2750 932 3501 179 409
F4E_CLK 0 0 0 524 486 0 240 84 321
F4E_CLK 1303 52 52 524 4479 1141 103446 376 44090
F4E_CLK 1416 60 48 524 4481 1586 107465 440 51477
F4E_CLK 1198 37 21 525 4478 1087 56993 434 8779
F4E_CLK 228 30 11 523 2947 908 30518 176 4910
F4E_CLK 226 23 11 522 2930 1079 26504 176 4494
F4E_CLK 0 0 0 525 486 0 240 84 321
F4E_CLK 0 0 0 525 486 0 240 84 320
F4E_CLK 1287 55 55 525 4507 1223 110803 407 50215
F4E_CLK 1391 58 45 525 4591 1219 98225 460 46680
F4E_CLK 1203 40 21 523 4490 1080 59072 394 8681
F4E_CLK 234 30 11 524 2956 1184 30196 181 5187
F4E_CLK 233 26 11 524 2933 1058 28098 193 4901
F4E_CLK 226 5 5 524 2928 761 6497 144 1427
F4E_CLK 223 29 6 522 2902 1114 26789 159 1763
F4E_CLK 0 0 0 523 486 0 240 84 321
F4E_CLK 1258 27 27 525 4427 1162 53246 396 13891
F4E_CLK 1379 64 64 523 4440 1137 125094 463 118673
F4E_CLK 1220 36 28 525 4460 1094 60432 376 12179
F4E_CLK 241 13 11 524 2987 1003 16474 162 4374
F4E_CLK 174 7 2 523 2741 1194 6662 170 533
F4E_CLK 238 40 11 524 2988 1239 38869 167 5063
F4E_CLK 237 41 11 525 3019 1394 39007 163 5201
F4E_CLK 235 10 10 524 2952 771 13801 174 4124
F4E_CLK 102 10 1 527 2746 1079 8173 145 416
F4E_CLK 0 0 0 523 486 0 240 84 321
F4E_CLK 0 0 0 525 486 0 240 84 321
F4E_CLK 0 0 0 525 486 0 240 84 321
F4E_CLK 1678 60 60 525 4619 1108 124418 541 38804
F4E_CLK 1746 64 64 522 4464 1210 137952 598 46545
F4E_CLK 1654 64 64 524 4511 1317 136429 539 101046
F4E_CLK 2837 64 64 524 4617 2730 229728 95 78709
F4E_CLK 2805 64 64 524 4777 2157 224248 90 64612
F4E_CLK 1331 64 64 524 4428 1563 125669 420 144529
F4E_CLK 2615 64 64 524 4564 1928 170916 141 54318
F4E_CLK 1686 61 61 524 4706 1524 128789 567 76827
F4E_CLK 1108 21 21 524 4401 1092 39041 402 13493
F4E_CLK 2510 33 26 526 4557 2303 77871 143 13662
F4E_CLK 1463 64 64 525 4431 1485 132954 504 103645
F4E_CLK 1511 49 40 526 4508 1208 86829 484 39267
F4E_CLK 1142 23 15 525 4391 1070 35567 436 7191
F4E_CLK 0 0 0 527 486 0 240 84 319
F4E_CLK 1467 46 46 525 4502 1068 94702 512 40669
F4E_CLK 1674 64 54 524 4563 1234 119691 586 70650
F4E_CLK 1371 37 21 526 4479 1088 56677 389 8562
F4E_CLK 269 28 11 526 2948 1043 29529 176 5202
F4E_CLK 0 0 0 527 486 0 240 84 319
F4E_CLK 1378 6 6 525 4468 1646 11681 468 1180
F4E_CLK 1459 64 64 526 4536 1395 130407 461 81298
F4E_CLK 1454 45 37 525 4495 1073 80806 410 27725
F4E_CLK 1104 23 14 528 4366 1082 35134 370 5863
F4E_CLK 277 30 11 525 2909 1005 30325 193 4640
F4E_CLK 275 40 11 526 3028 911 39362 158 4243
F4E_CLK 0 0 0 528 486 0 240 84 320
F4E_CLK 1379 9 9 524 4418 1243 17599 425 2081
F4E_CLK 1427 64 64 525 4497 1431 129781 489 87106
F4E_CLK 1404 43 35 526 4535 1057 73989 440 23467
F4E_CLK 828 22 13 526 3758 1098 27325 308 5751
F4E_CLK 283 30 11 527 2912 1437 30935 164 4656
F4E_CLK 282 40 11 525 3059 1186 38856 167 4374
F4E_CLK 281 23 11 526 2938 868 25953 165 4363
F4E_CLK 0 0 0 524 486 0 240 84 322
F4E_CLK 0 0 0 524 486 0 240 84 322
F4E_CLK 1427 45 45 526 4461 1135 90751 478 38621
F4E_CLK 1653 64 55 528 4615 1055 121379 502 72902
F4E_CLK 1389 37 21 524 4545 1046 56415 418 8862
F4E_CLK 288 27 11 527 2996 1103 27984 201 5329
F4E_CLK 287 16 10 525 2955 882 18292 207 3842
F4E_CLK 144 6 1 525 2714 1023 5070 166 424
F4E_CLK 286 50 11 526 2906 922 47045 172 5062
F4E_CLK 285 28 11 525 2910 811 29213 195 4769
F4E_CLK 0 0 0 524 486 0 240 84 320
F4E_CLK 0 0 0 525 486 0 240 84 321
F4E_CLK 1401 40 40 524 4413 1211 79842 419 28447
F4E_CLK 1632 64 60 526 4571 1216 126012 514 80220
F4E_CLK 1398 37 21 526 4503 1247 57335 464 8274
F4E_CLK 292 22 11 525 3009 1003 23953 173 4931
F4E_CLK 291 11 10 525 2887 890 15117 197 4678
F4E_CLK 153 6 1 525 2730 969 5203 158 413
F4E_CLK 290 50 11 526 2925 899 45714 207 5179
F4E_CLK 289 23 11 525 3034 759 24947 210 4758
F4E_CLK 0 0 0 524 486 0 240 84 321
F4E_CLK 288 46 11 525 2896 800 43095 163 4380
F4E_CLK 276 40 40 524 3014 1432 59054 198 61928
F4E_CLK 236 64 64 526 3059 1042 97775 159 148720
F4E_CLK 172 64 47 528 3422 1018 82082 197 77198
F4E_CLK 1673 49 26 528 4696 1084 79230 553 7283
F4E_CLK 1899 64 64 527 4573 1078 137049 645 54047
F4E_CLK 1897 64 64 526 4606 1008 137096 693 49010
F4E_CLK 1784 64 64 528 4459 1357 132144 581 91578
F4E_CLK 3256 64 64 526 5034 3110 358348 148 53882
F4E_CLK 3084 64 64 525 5040 2988 286369 143 116326
F4E_CLK 2259 64 64 526 4533 1909 158327 149 139118
F4E_CLK 3064 64 64 527 4627 2666 321892 86 84325
F4E_CLK 3268 64 64 526 5119 3158 324922 101 111009
F4E_CLK 1245 64 64 525 4384 1179 120330 427 142553
F4E_CLK 3078 64 64 526 5094 2329 297573 134 55041
F4E_CLK 3269 64 64 525 5037 3172 375435 142 103648
F4E_CLK 3050 64 64 525 4726 2620 305912 133 91043
F4E_CLK 1235 64 64 527 4462 1011 123105 434 140485
F4E_CLK 2975 64 64 525 4858 1332 178953 103 114242
F4E_CLK 3040 64 64 527 4631 2733 316205 148 89636
F4E_CLK 2818 64 64 526 4605 2481 288361 100 118278
F4E_CLK 2640 64 64 525 4541 2318 242427 100 133573
F4E_CLK 2418 64 64 526 4563 2245 170709 99 136507
F4E_CLK 905 64 64 525 4042 890 107665 347 143913
F4E_CLK 2855 64 64 523 4573 1888 228860 95 66438
F4E_CLK 2777 64 64 522 4552 2362 287418 92 107574
F4E_CLK 2523 64 64 522 4534 2310 195792 94 93310
F4E_CLK 2229 64 64 524 4602 2201 160915 154 111876
F4E_CLK 2003 64 64 524 4231 1786 147409 149 142024
F4E_CLK 2088 64 64 525 4510 2043 160727 146 138282
F4E_CLK 1554 64 64 524 4520 1080 124948 504 143031
F4E_CLK 2479 64 64 526 4538 2263 171376 98 81113
F4E_CLK 2427 64 64 523 4512 2325 178989 131 96415
F4E_CLK 2192 64 64 524 4502 1955 161768 145 103822
F4E_CLK 1767 64 64 526 4545 1117 133176 598 138275
F4E_CLK 1625 64 64 524 4575 1109 128612 520 141890
F4E_CLK 1529 64 64 524 4580 1065 124633 496 132318
F4E_CLK 1400 64 64 526 4421 1112 124461 466 110621
F4E_CLK 677 64 64 525 3493 852 100260 276 74545
F4E_CLK 497 64 36 524 3350 779 75490 221 44873
F4E_CLK 1963 44 37 524 4040 1514 92993 139 23943
F4E_CLK 2090 64 64 525 4582 2022 160190 136 77688
F4E_CLK 1703 64 64 525 4571 1074 130474 588 93669
F4E_CLK 1335 64 64 525 4535 1084 119025 439 96431
F4E_CLK 1172 64 62 524 4487 1041 118764 462 122151
F4E_CLK 1043 48 23 523 4379 1356 70237 433 17274
F4E_CLK 1084 40 17 525 4414 1060 55229 404 11011
F4E_CLK 221 10 1 523 2754 890 8517 193 429
F4E_CLK 1069 63 16 524 4292 1117 78942 435 8229
F4E_CLK 586 52 38 524 3410 951 71585 251 50106
F4E_CLK 434 48 5 525 3158 1023 42341 195 1573
F4E_CLK 1818 60 60 524 4513 1202 125420 586 59360
F4E_CLK 1722 64 64 523 4574 1115 130660 529 110940
F4E_CLK 1434 64 64 523 4499 1092 120372 422 110404
F4E_CLK 1083 64 64 523 4422 1036 117399 395 106243
F4E_CLK 1008 64 40 524 4518 1000 85076 327 41878
F4E_CLK 139 10 1 525 2704 1001 8449 179 413
F4E_CLK 983 60 17 525 4138 1281 65599 315 9810
F4E_CLK 970 33 17 522 4099 819 42864 318 9932
F4E_CLK 140 1 1 524 2708 1006 1541 184 410
F4E_CLK 951 31 15 525 3858 1372 38330 323 9451
F4E_CLK 556 4 4 523 3223 888 6169 252 1043
F4E_CLK 571 64 37 524 3294 775 79201 256 47894
F4E_CLK 1532 35 14 526 4494 1057 50720 439 4003
F4E_CLK 1603 64 64 526 4547 1089 128613 504 82120
F4E_CLK 1396 64 64 523 4532 1033 122107 441 114371
F4E_CLK 1145 64 64 523 4537 1035 118617 364 138101
F4E_CLK 945 64 63 523 4038 924 102225 298 127872
F4E_CLK 874 43 25 526 3959 1006 53660 280 19492
F4E_CLK 860 26 16 526 3829 847 34589 324 9675
F4E_CLK 385 28 3 526 2990 844 24008 214 656
F4E_CLK 857 39 16 525 3767 1092 45383 325 8278
F4E_CLK 133 7 1 525 2694 871 5912 172 411
F4E_CLK 845 47 15 526 4091 1002 51820 288 8333
F4E_CLK 128 5 1 524 2749 937 4276 196 408
F4E_CLK 839 37 14 526 3763 899 42273 273 7270
F4E_CLK 0 0 0 523 486 0 240 84 319
F4E_CLK 616 59 39 524 3316 841 79602 211 50334
F4E_CLK 1181 44 7 525 4389 1040 53096 427 1417
F4E_CLK 1491 64 64 525 4480 1146 126209 455 63816
F4E_CLK 1365 64 64 526 4424 1128 121063 453 100760
F4E_CLK 1229 64 64 524 4488 1009 118676 402 124510
F4E_CLK 1135 64 64 523 4457 1114 118234 379 123356
F4E_CLK 1079 64 64 525 4391 1029 115921 435 101777
F4E_CLK 1006 64 21 526 4135 938 73899 336 8676
F4E_CLK 663 54 11 525 3326 1384 53829 277 3852
F4E_CLK 984 30 16 524 4054 1202 39207 349 9685
F4E_CLK 209 5 1 524 2847 1456 4252 190 411
F4E_CLK 977 38 15 526 4100 1427 46491 353 7223
F4E_CLK 207 1 1 525 2750 1177 1174 148 442
F4E_CLK 975 29 14 526 3937 1052 37048 342 6841
F4E_CLK 0 0 0 525 486 0 240 84 322
F4E_CLK 947 15 6 525 3881 853 18200 343 1568
F4E_CLK 853 57 8 527 3603 1343 55205 320 2736
F4E_CLK 0 0 0 525 486 0 240 84 321
F4E_CLK 929 35 12 526 3857 947 40527 299 5116
F4E_CLK 0 0 0 523 486 0 240 84 320
F4E_CLK 0 0 0 526 486 0 240 84 320
F4_F2_ECHELON: 14861 x 332 words, 12091 pivots: upload 5.3 ms, device 45.5 ms, download 0.0 ms, 9.86e8 word XORs
K_1/2^11 m=2 x=301 D=5 f5=true [cuda:NVIDIA GeForce RTX 4090 sm_89 x128 code=sm_89]: 14861 x 21196 (eliminated 14861 rows), rank 12091, refuted false, pinned 0; build 0.259 s, eliminate 0.051 s, total 0.310 s, 9.864e8 word XORs
Stage diagnostic only: one oracle matrix, not an ECDLP cost.
