F4E_CLK 869 64 64 1143 5883 1158 104632 304 30118
F4E_CLK 1217 64 64 548 6451 1160 119181 366 37941
F4E_CLK 1299 64 64 546 6895 1562 120794 407 35315
F4E_CLK 1701 64 64 545 6167 1149 129781 627 41231
F4E_CLK 1732 64 64 547 5123 1157 136318 559 76858
F4E_CLK 1766 64 64 547 4897 1764 135582 601 85750
F4E_CLK 1760 64 64 547 4821 1493 133772 562 98693
F4E_CLK 1803 64 64 547 5434 1403 133270 617 91989
F4E_CLK 1264 64 64 546 5939 997 119858 442 36652
F4E_CLK 1912 64 64 547 5653 1395 135836 639 53096
F4E_CLK 2214 64 64 546 6011 2216 161539 146 56829
F4E_CLK 3039 64 64 546 5389 2768 315821 98 95837
F4E_CLK 1557 64 64 548 4580 1379 133251 524 126329
F4E_CLK 1492 64 64 547 4595 1090 126547 523 104183
F4E_CLK 1342 64 64 548 4510 1078 128436 440 122556
F4E_CLK 3617 64 64 545 5248 2890 418247 149 53603
F4E_CLK 3000 64 64 546 5311 2581 319500 90 68244
F4E_CLK 3126 64 64 546 5732 2976 389354 147 72108
F4E_CLK 3377 64 64 545 5181 3306 416591 132 52482
F4E_CLK 3269 64 64 545 5095 3240 414764 147 73356
F4E_CLK 3137 64 64 544 5048 3140 391246 141 69427
F4E_CLK 3448 64 64 544 5411 3024 371888 145 62807
F4E_CLK 1219 64 64 547 5735 1168 122842 423 72377
F4E_CLK 2563 64 64 546 5435 2198 228341 99 58650
F4E_CLK 1317 64 64 545 4602 1098 126623 424 114504
F4E_CLK 1241 64 64 545 4441 1334 127058 416 71141
F4E_CLK 1138 64 64 546 4355 1410 127055 393 141694
F4E_CLK 4386 64 64 545 5481 3774 515434 150 52628
F4E_CLK 3780 64 64 544 5031 3303 428149 93 59564
F4E_CLK 3993 64 64 550 5222 3206 442095 131 53321
F4E_CLK 4143 64 64 545 5525 3507 537135 136 62628
F4E_CLK 4053 64 64 546 5181 3147 445112 86 90181
F4E_CLK 3902 64 64 547 5013 3210 437907 144 88192
F4E_CLK 3678 64 64 544 5076 3311 419392 144 136142
F4E_CLK 4411 64 64 547 6276 3866 512974 142 53319
F4E_CLK 5806 64 64 547 6984 4005 610080 136 63039
F4E_CLK 3732 64 64 550 5049 3123 430112 130 133500
F4E_CLK 3579 64 64 547 4966 3362 420815 92 118216
F4E_CLK 3423 64 64 544 5067 3206 422396 94 141977
F4E_CLK 5575 64 64 550 5950 4702 622888 145 54015
F4E_CLK 2501 64 64 544 5063 2133 230239 140 86693
F4E_CLK 2449 64 64 548 4502 2359 206939 144 94442
F4E_CLK 2433 64 64 544 4696 2353 193031 153 107129
F4E_CLK 1505 64 64 544 5535 1107 124819 470 50196
F4E_CLK 1062 64 64 547 4452 1253 124017 394 148374
F4E_CLK 996 64 64 548 4150 1257 117930 327 141871
F4E_CLK 927 64 64 544 4094 894 113873 317 144222
F4E_CLK 4790 64 64 547 5550 3891 513260 148 60412
F4E_CLK 4364 64 64 545 5483 4040 548054 147 50679
F4E_CLK 4548 64 64 548 5444 3950 547548 144 47759
F4E_CLK 4648 64 64 545 5545 3955 548521 144 63742
F4E_CLK 4610 64 64 546 5494 4210 549682 132 103339
F4E_CLK 4466 64 64 544 5430 4032 547137 139 100284
F4E_CLK 4235 64 64 545 5455 4001 548762 145 120710
F4E_CLK 6731 64 64 546 6354 6086 729650 143 43989
F4E_CLK 3175 64 64 546 5049 3440 406277 138 75709
F4E_CLK 5655 64 64 547 5883 4792 645465 135 124470
F4E_CLK 4053 64 64 547 5050 3232 444187 134 136286
F4E_CLK 3903 64 64 546 5002 3230 437827 136 143647
F4E_CLK 7062 64 64 546 6466 5345 736755 141 52765
F4E_CLK 3484 64 64 547 5028 3225 420248 100 86805
F4E_CLK 3468 64 64 547 4999 3273 422939 92 81108
F4E_CLK 3269 64 64 547 4985 3265 418473 99 135867
F4E_CLK 7126 64 64 548 7066 5430 650135 139 56787
F4E_CLK 3767 64 64 539 5110 3276 428639 149 136279
F4E_CLK 3611 64 64 537 5088 3254 423000 132 149073
F4E_CLK 3503 64 64 540 4914 3329 420974 91 152812
F4E_CLK 6148 64 64 539 6404 5389 720199 132 69710
F4E_CLK 3662 64 64 539 5109 3261 423882 133 85140
F4E_CLK 3564 64 64 542 5136 3325 417257 94 118073
F4E_CLK 4068 64 64 539 5125 3465 431434 95 89166
F4E_CLK 4126 64 64 539 5540 2903 469446 145 65401
F4E_CLK 3179 64 64 539 5017 3108 404946 150 138786
F4E_CLK 3923 64 64 538 5083 3414 400660 133 69013
F4E_CLK 912 59 59 540 3932 1418 102750 370 76962
F4E_CLK 838 35 35 539 3886 1037 60374 274 40796
F4E_CLK 803 35 35 539 3733 1047 59710 308 42178
F4E_CLK 768 35 35 538 3650 1152 56393 286 43701
F4E_CLK 4691 30 30 537 5445 3995 233324 137 19469
F4E_CLK 4614 64 64 540 5390 4420 549759 138 40804
F4E_CLK 4851 64 64 539 5451 4245 554426 138 46517
F4E_CLK 4786 64 64 540 5468 4312 549136 156 51500
F4E_CLK 4997 64 64 539 5416 3822 559529 155 77073
F4E_CLK 4848 64 64 537 5491 4306 552815 135 103337
F4E_CLK 4713 64 64 539 5469 4278 551696 150 104309
F4E_CLK 8135 64 64 537 6675 6445 823444 145 45251
F4E_CLK 4249 64 64 540 5457 4216 549444 151 56641
F4E_CLK 8465 64 64 537 7185 7237 909931 148 72501
F4E_CLK 4382 64 64 539 5432 3966 547577 137 119187
F4E_CLK 4221 64 64 542 5364 3989 546467 141 121970
F4E_CLK 8227 64 64 537 7284 7020 905524 133 61797
F4E_CLK 4532 64 64 539 5441 4277 546365 146 82642
F4E_CLK 4538 64 64 539 5448 4000 546867 144 57057
F4E_CLK 4360 64 64 537 5509 3977 547016 146 101678
F4E_CLK 5154 64 64 539 5893 4768 554700 146 55254
F4E_CLK 4762 64 64 538 5534 3997 547446 131 135870
F4E_CLK 3858 64 64 540 5084 3158 433569 146 145032
F4E_CLK 3763 64 64 538 4987 3331 426507 93 146286
F4E_CLK 8260 64 64 539 7266 7089 907430 144 47207
F4E_CLK 4705 64 64 538 5490 4309 548595 139 69014
F4E_CLK 4592 64 64 537 5420 4220 551225 131 86669
F4E_CLK 4350 64 64 537 5472 4042 548373 134 131141
F4E_CLK 5507 64 64 537 5915 4709 607529 140 61653
F4E_CLK 4145 64 64 537 5533 3765 534846 150 149076
F4E_CLK 5259 64 64 539 5868 4742 618829 100 74155
F4E_CLK 1286 64 64 541 4517 1131 123866 426 110900
F4E_CLK 4626 49 49 539 5556 3811 376189 137 52345
F4E_CLK 3539 44 44 538 5034 3282 287872 89 71505
F4E_CLK 3489 44 44 542 4858 3323 289235 139 74662
F4E_CLK 8040 49 49 539 6930 6169 630809 109 25549
F4E_CLK 4791 64 64 539 5451 4467 551026 147 61924
F4E_CLK 4729 64 64 539 5430 4305 549888 142 68179
F4E_CLK 4461 64 64 539 5489 4326 543015 91 108961
F4E_CLK 5670 64 64 538 5884 4640 601264 92 58031
F4E_CLK 4182 64 64 541 5504 3600 551080 143 146006
F4E_CLK 5325 64 64 537 5930 4781 620320 148 104187
F4E_CLK 1458 64 64 539 4583 1068 126238 481 110610
F4E_CLK 5241 54 54 539 5985 4387 481540 149 47540
F4E_CLK 3829 49 44 539 5020 3249 307483 133 72018
F4E_CLK 5223 59 59 540 5926 4649 547338 152 66078
F4E_CLK 1466 63 58 537 4625 1060 123234 490 81939
F4E_CLK 1384 53 39 539 4656 1126 89963 439 27763
F4E_CLK 0 0 0 540 486 0 240 84 324
F4E_CLK 0 0 0 537 486 0 240 84 328
F4E_CLK 0 0 0 539 486 0 240 84 326
F4E_CLK 4212 15 15 539 5443 3935 127353 137 4555
F4E_CLK 4881 64 64 537 5490 4398 553769 145 40249
F4E_CLK 5077 64 64 539 5609 4557 549244 131 39708
F4E_CLK 4976 64 64 563 5526 4252 555838 141 55386
F4E_CLK 5120 64 64 563 5650 4369 559728 129 88611
F4E_CLK 4956 64 64 561 5489 4093 555168 138 107510
F4E_CLK 4893 64 64 563 5474 3866 553561 143 106940
F4E_CLK 9263 64 64 562 7711 6991 984775 134 40940
F4E_CLK 5335 64 64 563 5827 4880 647232 140 59017
F4E_CLK 9595 64 64 563 7775 8248 994320 141 87628
F4E_CLK 4570 64 64 563 5451 4103 546689 160 123635
F4E_CLK 4388 64 64 563 5443 4003 545448 149 119880
F4E_CLK 9351 64 64 562 7636 7604 967123 99 54157
F4E_CLK 5658 64 64 560 5920 4909 649314 139 73329
F4E_CLK 5619 64 64 564 6006 4775 646932 140 56921
F4E_CLK 5415 64 64 562 5880 4639 650265 150 106401
F4E_CLK 10562 64 64 563 8198 7994 994987 147 51640
F4E_CLK 4182 64 64 563 5494 3831 545284 143 147792
F4E_CLK 3890 64 64 562 5033 3166 434846 140 146286
F4E_CLK 3801 64 64 562 5049 3274 429841 97 144792
F4E_CLK 9427 64 64 563 7732 7311 1011599 145 55684
F4E_CLK 5793 64 64 561 5903 4632 655259 142 78429
F4E_CLK 5621 64 64 561 5928 4694 651697 141 97642
F4E_CLK 6599 64 64 562 6321 5892 747624 153 127393
F4E_CLK 7078 64 64 561 6648 4993 706598 148 63587
F4E_CLK 5083 64 64 562 5515 4398 554899 148 141427
F4E_CLK 6614 64 64 564 6326 5663 716216 91 69428
F4E_CLK 1979 64 64 562 4274 1985 147134 135 102007
F4E_CLK 3829 29 29 562 5177 2166 173653 133 22267
F4E_CLK 3666 29 29 562 5034 3257 190517 98 30651
F4E_CLK 3629 26 26 562 4985 3266 173102 136 26987
F4E_CLK 9208 46 46 562 7313 6835 660223 139 20942
F4E_CLK 5794 64 64 561 5979 4612 651490 147 52468
F4E_CLK 5687 64 64 563 5874 4598 650972 142 71946
F4E_CLK 5394 64 64 561 5946 4660 647762 147 110296
F4E_CLK 7149 64 64 563 6602 5701 703889 132 53873
F4E_CLK 4992 64 64 563 5475 4328 560004 144 149067
F4E_CLK 6770 64 64 563 6463 5270 721065 134 87364
F4E_CLK 2011 64 64 560 4120 1944 147033 130 107712
F4E_CLK 6645 44 44 560 6411 5242 464690 113 35767
F4E_CLK 4671 38 34 563 5279 4386 308270 132 42477
F4E_CLK 6224 58 58 561 6423 6004 578452 145 68201
F4E_CLK 1959 58 54 563 4101 2068 127838 147 70839
F4E_CLK 1893 44 30 562 4549 1446 79039 626 16021
F4E_CLK 0 0 0 563 486 0 240 84 326
F4E_CLK 0 0 0 561 486 0 240 84 327
F4E_CLK 0 0 0 565 486 0 240 84 326
F4E_CLK 5742 63 63 560 5810 4630 642214 153 47825
F4E_CLK 5751 64 64 563 5877 4580 650600 150 54438
F4E_CLK 5590 64 64 561 5856 4913 647580 141 109871
F4E_CLK 7319 64 64 561 6845 6643 806762 97 77498
F4E_CLK 7250 64 64 563 6912 5183 777155 130 67482
F4E_CLK 4722 64 64 563 5506 4165 554206 141 148792
F4E_CLK 6746 64 64 563 6218 5764 711520 142 59977
F4E_CLK 2292 58 58 563 4564 2347 147810 135 75693
F4E_CLK 4523 21 21 561 5519 4338 179273 141 15944
F4E_CLK 6611 36 29 561 6349 5596 359097 142 13386
F4E_CLK 2134 64 64 562 4573 2236 165420 146 122302
F4E_CLK 2078 49 37 560 4535 2057 108008 96 27043
F4E_CLK 1571 23 15 563 4594 1191 38324 529 5579
F4E_CLK 0 0 0 563 486 0 240 84 327
F4E_CLK 2118 49 49 562 4507 2307 127770 143 52406
F4E_CLK 2205 62 51 562 4584 2340 147265 144 58719
F4E_CLK 2060 37 21 562 4636 2069 71341 105 9007
F4E_CLK 197 30 11 560 3034 971 31471 180 4766
F4E_CLK 0 0 0 565 486 0 240 84 325
F4E_CLK 0 0 0 564 486 0 240 84 325
F4E_CLK 0 0 0 834 486 0 240 84 325
F4E_CLK 4059 5 5 554 5119 3197 33704 102 1625
F4E_CLK 5059 64 64 552 5570 4206 550959 132 40252
F4E_CLK 5330 64 64 551 5888 4786 644717 139 45956
F4E_CLK 5220 64 64 553 5929 4629 642827 145 48725
F4E_CLK 5527 64 64 553 5886 4906 645099 143 66652
F4E_CLK 5341 64 64 552 5923 4729 652748 154 94722
F4E_CLK 5178 64 64 552 5902 4437 647132 134 86245
F4E_CLK 10697 64 64 554 8208 8737 1087308 130 48872
F4E_CLK 6426 64 64 552 6345 6253 752588 145 55391
F4E_CLK 11256 64 64 552 8316 8685 1098332 150 63595
F4E_CLK 4887 64 64 551 5489 4324 554554 131 118730
F4E_CLK 4692 64 64 551 5428 3999 550732 145 91110
F4E_CLK 10671 64 64 552 8077 8212 1080346 145 67362
F4E_CLK 6760 64 64 552 6179 5888 759542 107 82650
F4E_CLK 6801 64 64 552 6411 5744 760876 136 57480
F4E_CLK 6594 64 64 551 6354 5737 764170 140 104459
F4E_CLK 8618 64 64 553 7237 7150 866308 92 55257
F4E_CLK 6688 64 64 551 6481 5449 739133 145 124469
F4E_CLK 4201 64 64 554 5504 3935 547072 132 146011
F4E_CLK 3980 64 64 550 5115 3346 439802 148 150450
F4E_CLK 10611 64 64 550 8161 8519 1088867 137 51648
F4E_CLK 6894 64 64 552 6343 5779 762738 131 74674
F4E_CLK 6841 64 64 551 6568 5620 763700 120 74020
F4E_CLK 6541 64 64 552 6344 5670 749450 145 128084
F4E_CLK 8938 64 64 551 7299 7312 883237 147 56924
F4E_CLK 6266 64 64 550 6282 5894 755245 141 143228
F4E_CLK 8414 64 64 553 7376 7413 911277 97 82771
F4E_CLK 2592 64 64 551 4632 2554 261860 128 109954
F4E_CLK 6363 29 29 553 6344 5973 285848 154 13103
F4E_CLK 3797 29 29 554 5062 3365 193001 138 33947
F4E_CLK 3761 29 29 551 5019 3163 192750 130 31585
F4E_CLK 10445 43 43 552 8243 8311 734653 146 19846
F4E_CLK 6905 64 64 554 6396 5845 763488 147 55659
F4E_CLK 6835 64 64 553 6456 5647 760252 133 59419
F4E_CLK 6525 64 64 553 6321 6238 755518 151 101529
F4E_CLK 8361 64 64 552 7272 7481 879807 92 61089
F4E_CLK 6167 64 64 556 6347 5760 752276 145 146292
F4E_CLK 8220 64 64 552 7321 7014 914496 136 117523
F4E_CLK 2754 64 64 551 4595 2377 306520 108 103920
F4E_CLK 8258 44 44 552 7057 6840 550329 145 26856
F4E_CLK 5484 48 34 552 5895 4741 403935 151 44271
F4E_CLK 8132 63 58 551 6909 6541 755102 94 58967
F4E_CLK 2908 64 56 553 4673 2628 265276 138 77234
F4E_CLK 2661 55 38 551 4749 2371 165297 138 28440
F4E_CLK 0 0 0 551 486 0 240 84 326
F4E_CLK 0 0 0 552 486 0 240 84 326
F4E_CLK 0 0 0 552 486 0 240 84 327
F4E_CLK 6902 53 53 554 6353 5842 629818 129 33256
F4E_CLK 6965 64 64 552 6399 5562 763315 131 52983
F4E_CLK 6900 64 64 552 6415 5544 759294 146 94721
F4E_CLK 9050 64 64 553 7005 7294 911604 88 103782
F4E_CLK 8999 64 64 552 7347 6399 890298 142 62336
F4E_CLK 5775 64 64 555 5806 5027 649635 133 146148
F4E_CLK 8407 64 64 553 7182 7480 892560 91 63455
F4E_CLK 3153 64 64 553 5056 3077 376359 146 94285
F4E_CLK 5717 25 25 549 5927 2779 240287 82 17921
F4E_CLK 8030 26 19 552 6974 6714 290331 135 9229
F4E_CLK 2870 64 64 552 4505 2513 311348 98 106287
F4E_CLK 2713 49 45 551 4584 2350 190933 100 52228
F4E_CLK 2500 25 17 553 4585 2364 57842 136 8357
F4E_CLK 0 0 0 550 486 0 240 84 326
F4E_CLK 2832 39 39 552 4546 2387 184246 91 31150
F4E_CLK 3052 64 61 551 5052 2524 281580 136 96509
F4E_CLK 2687 37 21 566 4491 2470 92286 148 9558
F4E_CLK 287 21 11 564 3090 1141 24310 192 4369
F4E_CLK 0 0 0 562 486 0 240 84 326
F4E_CLK 0 0 0 560 486 0 240 84 326
F4E_CLK 0 0 0 565 486 0 240 84 326
F4E_CLK 6799 37 37 561 6303 5634 437170 139 17607
F4E_CLK 6966 64 64 560 6434 5722 761431 138 47606
F4E_CLK 6888 64 64 561 6382 5828 763701 147 65255
F4E_CLK 6531 64 64 561 6280 5977 753058 140 95841
F4E_CLK 9170 64 64 563 7414 6862 890945 96 51641
F4E_CLK 6044 64 64 561 5953 4596 661155 140 142672
F4E_CLK 8551 64 64 563 7311 7309 910426 92 91804
F4E_CLK 3056 64 64 563 4660 2752 324347 92 102519
F4E_CLK 8425 29 29 563 7318 6666 349462 144 12418
F4E_CLK 5428 34 22 560 5912 4758 271934 150 17981
F4E_CLK 8258 57 57 562 7264 7067 749529 148 56147
F4E_CLK 3119 60 49 562 5022 3006 275074 146 59675
F4E_CLK 2869 48 29 563 4743 2388 137172 106 17718
F4E_CLK 0 0 0 564 486 0 240 84 325
F4E_CLK 2947 23 23 563 4553 2724 114267 91 11124
F4E_CLK 2943 64 64 561 4719 2404 317719 140 124913
F4E_CLK 2884 37 28 562 4738 2165 118294 144 15077
F4E_CLK 327 14 11 560 2944 1028 18335 196 3263
F4E_CLK 311 17 6 563 2942 1447 18237 179 1794
F4E_CLK 0 0 0 877 486 0 240 84 327
F4E_CLK 2964 47 47 564 4593 2779 234396 94 51505
F4E_CLK 3182 63 53 563 5112 3069 308295 98 76356
F4E_CLK 2876 37 21 564 4796 2256 96917 135 8013
F4E_CLK 328 29 11 560 2941 1092 31705 188 5634
F4E_CLK 327 18 11 563 3055 998 22331 173 4821
F4E_CLK 0 0 0 563 486 0 240 84 326
F4E_CLK 0 0 0 561 486 0 240 84 326
F4E_CLK 0 0 0 876 486 0 240 84 325
F4E_CLK 0 0 0 562 486 0 240 84 325
F4E_CLK 5200 46 46 560 5880 4607 462711 132 20535
F4E_CLK 5505 64 64 558 5875 4862 640322 151 34414
F4E_CLK 5610 64 64 561 5717 5160 642409 126 37051
F4E_CLK 5824 64 64 561 5950 4845 646527 136 41501
F4E_CLK 5719 64 64 566 5902 4692 652578 90 84579
F4E_CLK 5534 64 64 562 5919 4729 649355 150 68727
F4E_CLK 11962 64 64 561 8622 9339 1164879 129 91539
F4E_CLK 7441 64 64 562 6707 6968 848826 139 53445
F4E_CLK 12805 64 64 562 8979 10215 1273286 154 50537
F4E_CLK 5243 64 64 563 5891 4834 646552 149 112097
F4E_CLK 5028 64 64 563 5487 4119 558137 98 92950
F4E_CLK 4696 64 64 563 5513 4229 546120 92 145305
F4E_CLK 7956 64 64 563 6902 6530 858499 87 72393
F4E_CLK 8039 64 64 563 6874 6561 858233 92 66805
F4E_CLK 7938 64 64 562 6779 6708 860955 136 106668
F4E_CLK 10769 64 64 563 8087 9065 1097143 142 74160
F4E_CLK 7982 64 64 563 6791 5940 809755 144 66932
F4E_CLK 4570 64 64 562 5348 4546 551676 137 147403
F4E_CLK 4291 64 64 562 5434 3991 542232 149 144205
F4E_CLK 12001 64 64 563 8597 7805 1174763 131 89312
F4E_CLK 8100 64 64 563 6878 6570 862702 142 84998
F4E_CLK 8145 64 64 564 6677 6874 864689 134 52060
F4E_CLK 7858 64 64 562 6788 6566 856870 90 111876
F4E_CLK 10807 64 64 560 8202 8877 1062568 83 58018
F4E_CLK 10845 64 64 560 7920 8337 1091864 136 102095
F4E_CLK 6999 64 64 562 6402 5554 763950 132 144762
F4E_CLK 9932 64 64 564 7709 8101 966944 150 83621
F4E_CLK 3693 40 40 562 5126 3268 234262 84 37009
F4E_CLK 4054 35 35 562 5038 3315 243491 144 47162
F4E_CLK 3987 21 21 562 5082 3170 143462 164 17052
F4E_CLK 11534 34 34 553 8585 8471 592701 145 30261
F4E_CLK 8170 64 64 552 6941 6759 858008 95 51633
F4E_CLK 8158 64 64 553 7002 6540 862293 134 51931
F4E_CLK 7928 64 64 552 6841 6610 861348 137 112789
F4E_CLK 11076 64 64 551 8295 7626 1082228 146 68738
F4E_CLK 10928 64 64 551 8147 7678 1079921 152 76370
F4E_CLK 6689 64 64 551 6433 5640 758411 131 148782
F4E_CLK 10185 64 64 552 7844 7832 985041 136 64295
F4E_CLK 3932 51 51 555 5157 3179 320043 103 63972
F4E_CLK 6475 57 42 553 6382 6051 583187 143 65450
F4E_CLK 9934 49 43 551 7638 8159 709320 93 27763
F4E_CLK 3580 64 64 550 5007 3247 420843 142 129878
F4E_CLK 3628 54 43 554 5068 3246 269066 149 36688
F4E_CLK 381 13 10 553 3170 1157 16499 193 4429
F4E_CLK 0 0 0 551 486 0 240 84 326
F4E_CLK 0 0 0 554 486 0 240 84 325
F4E_CLK 7974 30 30 551 6881 6477 402829 133 12388
F4E_CLK 8173 64 64 550 6980 6433 864623 96 52052
F4E_CLK 8057 64 64 552 6729 6762 857930 135 60250
F4E_CLK 7744 64 64 552 6807 6589 855471 150 92088
F4E_CLK 10679 64 64 552 8245 7999 1055347 92 54988
F4E_CLK 7206 64 64 552 6775 6458 846894 128 140308
F4E_CLK 10131 64 64 552 7630 7494 1001313 135 115721
F4E_CLK 3784 64 64 550 4980 3304 431746 138 95977
F4E_CLK 8464 29 29 552 7279 7120 362893 146 16301
F4E_CLK 6129 41 26 553 5983 4863 338086 143 26154
F4E_CLK 9830 53 53 550 7682 7737 785080 93 52850
F4E_CLK 4067 64 55 553 5377 3131 365628 139 77894
F4E_CLK 3608 50 30 552 5036 3214 192414 129 20704
F4E_CLK 0 0 0 553 486 0 240 84 325
F4E_CLK 3658 16 16 551 5018 3277 105414 133 6570
F4E_CLK 3678 64 64 551 5024 3215 421947 91 116677
F4E_CLK 3617 43 29 552 5050 3270 189653 152 19358
F4E_CLK 418 20 12 551 3300 964 24644 226 5318
F4E_CLK 417 30 11 554 3190 937 30973 219 5507
F4E_CLK 0 0 0 553 486 0 240 84 326
F4E_CLK 0 0 0 551 486 0 240 84 326
F4E_CLK 7747 14 14 553 6805 6631 184457 141 4308
F4E_CLK 8078 64 64 552 6881 6768 851836 149 56082
F4E_CLK 8090 64 64 552 6877 6448 860638 129 46633
F4E_CLK 7818 64 64 552 6703 6723 851629 139 115022
F4E_CLK 11261 64 64 552 8261 8714 1077167 94 61223
F4E_CLK 11088 64 64 551 8240 7999 1085297 87 91665
F4E_CLK 6451 64 64 552 6352 5734 757295 147 146011
F4E_CLK 10102 64 64 552 7753 7989 977141 145 68310
F4E_CLK 4190 43 43 553 5476 3885 325177 153 42904
F4E_CLK 6174 29 28 552 6386 5766 334861 103 30122
F4E_CLK 9997 37 37 550 7660 7680 551953 145 21478
F4E_CLK 4240 64 64 554 5449 4065 524839 139 117237
F4E_CLK 3792 49 34 553 5137 2269 212704 144 19030
F4E_CLK 378 5 3 550 3000 1234 5724 179 811
F4E_CLK 0 0 0 553 486 0 240 84 328
F4E_CLK 3841 64 64 554 5012 3227 432255 140 93475
F4E_CLK 3808 50 43 551 5084 3198 269886 94 42618
F4E_CLK 2929 23 14 550 4644 2769 53450 147 7081
F4E_CLK 451 30 11 552 3266 1053 33665 223 4960
F4E_CLK 0 0 0 856 486 0 240 84 327
F4E_CLK 3791 24 24 550 5089 3286 160446 141 11647
F4E_CLK 3776 64 64 551 5063 3210 421042 96 123075
F4E_CLK 3802 36 28 551 5067 3390 155153 86 12330
F4E_CLK 463 13 11 551 3170 1203 18685 206 3166
F4E_CLK 443 14 5 551 3074 785 14352 221 1696
F4E_CLK 457 40 11 552 3178 1148 38848 229 4115
F4E_CLK 0 0 0 551 486 0 240 84 326
F4E_CLK 0 0 0 875 486 0 240 84 326
F4E_CLK 3674 1 1 552 4994 3316 5431 113 460
F4E_CLK 8053 64 64 552 6918 6554 856012 94 46401
F4E_CLK 8091 64 64 552 6893 6616 853409 135 49148
F4E_CLK 7921 64 64 552 6888 6580 851589 133 108898
F4E_CLK 11452 64 64 552 8722 9430 1148594 143 70411
F4E_CLK 11289 64 64 550 8830 7666 1109982 144 66659
F4E_CLK 6681 64 64 552 6345 5724 756788 133 141147
F4E_CLK 10323 64 64 552 8105 8531 1002965 93 61367
F4E_CLK 4502 56 56 553 5463 3987 446951 94 74187
F4E_CLK 6227 21 21 552 6336 6011 247479 146 17749
F4E_CLK 10107 38 31 551 7675 7724 539516 105 15147
F4E_CLK 3984 64 64 553 5059 3220 440135 131 114874
F4E_CLK 3978 49 37 552 5034 3237 253945 135 30790
F4E_CLK 486 20 13 552 3233 1039 25082 206 6986
F4E_CLK 0 0 0 552 486 0 240 84 327
F4E_CLK 3953 51 51 551 4976 3327 352547 140 50868
F4E_CLK 4263 61 49 550 5464 3995 388520 137 60156
F4E_CLK 3751 37 21 552 5162 3284 130722 134 8882
F4E_CLK 491 30 11 552 3343 1098 32606 221 4686
F4E_CLK 0 0 0 552 486 0 240 84 326
F4E_CLK 3889 11 11 549 5069 3287 74023 146 4159
F4E_CLK 3937 64 64 550 5037 3336 436785 97 111951
F4E_CLK 3779 43 33 551 5139 3189 212993 136 24588
F4E_CLK 2108 22 13 552 4513 1993 43054 106 4996
F4E_CLK 498 30 11 549 3155 975 31949 212 4978
F4E_CLK 496 40 11 552 3177 1116 40796 221 3730
F4E_CLK 0 0 0 551 486 0 240 84 327
F4E_CLK 3858 14 14 551 4996 3243 94617 150 5417
F4E_CLK 3879 64 64 549 5124 3461 434612 135 116959
F4E_CLK 3782 43 30 552 5067 3247 197674 132 20014
F4E_CLK 2117 22 13 552 4539 2385 42758 97 5432
F4E_CLK 504 30 11 551 3295 851 31536 212 4563
F4E_CLK 502 40 11 551 3321 958 39821 216 4280
F4E_CLK 502 28 11 553 3142 982 31069 210 4705
F4E_CLK 0 0 0 554 486 0 240 84 324
F4E_CLK 0 0 0 551 486 0 240 84 326
F4E_CLK 0 0 0 551 486 0 240 84 328
F4E_CLK 0 0 0 552 486 0 240 84 325
F4E_CLK 5466 46 46 552 5905 4289 461990 145 20528
F4E_CLK 5786 64 64 553 5904 4730 643607 138 34421
F4E_CLK 5923 64 64 555 5916 4660 645026 79 34417
F4E_CLK 6050 64 64 551 5961 5350 648251 149 41780
F4E_CLK 5940 64 64 552 5974 4740 654425 141 86663
F4E_CLK 5787 64 64 553 5959 4839 648292 142 68595
F4E_CLK 13286 64 64 553 9180 10213 1253259 91 91532
F4E_CLK 8645 64 64 550 7148 7436 946311 144 53446
F4E_CLK 14312 64 64 553 9619 10348 1362236 145 49970
F4E_CLK 5519 64 64 551 5866 4798 649527 91 108618
F4E_CLK 5299 64 64 552 5891 4786 648315 136 93475
F4E_CLK 4943 64 64 551 5516 4188 553737 149 148239
F4E_CLK 9163 64 64 552 7369 7233 959060 132 71800
F4E_CLK 9228 64 64 550 7459 7920 1043198 140 66114
F4E_CLK 9143 64 64 551 7438 7245 959291 122 106401
F4E_CLK 12997 64 64 551 9185 9314 1251926 140 73889
F4E_CLK 9096 64 64 552 7346 6729 901331 132 69368
F4E_CLK 4763 64 64 552 5470 4045 553546 153 143785
F4E_CLK 4510 64 64 552 5430 4087 547267 148 144608
F4E_CLK 13473 64 64 553 9627 8982 1311330 99 85982
F4E_CLK 9350 64 64 550 7717 7960 1046756 153 87773
F4E_CLK 9389 64 64 552 7650 8183 1045086 149 54704
F4E_CLK 9111 64 64 553 7318 7529 960140 129 113764
F4E_CLK 13044 64 64 553 8955 10219 1239835 93 58231
F4E_CLK 13095 64 64 550 9193 8864 1270647 97 102087
F4E_CLK 8163 64 64 538 7114 6789 869031 132 145593
F4E_CLK 11990 64 64 539 8571 9208 1124165 90 84017
F4E_CLK 4857 40 40 538 5507 4209 313354 93 37735
F4E_CLK 4284 35 35 538 5500 3989 298119 141 43972
F4E_CLK 4242 21 21 539 5483 3995 178009 143 18306
F4E_CLK 12931 34 34 538 9033 9890 652400 89 29974
F4E_CLK 9417 64 64 536 7802 8128 1045293 151 52484
F4E_CLK 9443 64 64 537 7763 8035 1042994 143 53184
F4E_CLK 9199 64 64 538 7428 7549 960723 141 116544
F4E_CLK 13288 64 64 536 9264 8513 1247058 99 70963
F4E_CLK 13144 64 64 538 9083 8415 1270795 139 76657
F4E_CLK 7805 64 64 536 7007 6642 856294 132 148792
F4E_CLK 12328 64 64 538 8907 9739 1185975 141 62623
F4E_CLK 5159 51 51 535 5971 4532 473602 107 63656
F4E_CLK 7571 57 42 538 6590 6953 656806 140 65327
F4E_CLK 12007 49 43 539 8727 9104 830819 93 30118
F4E_CLK 4628 64 64 535 5376 4102 545781 140 127100
F4E_CLK 4770 54 43 537 5532 4206 374491 89 34420
F4E_CLK 556 13 10 537 3133 1274 18564 244 4449
F4E_CLK 0 0 0 536 486 0 240 84 328
F4E_CLK 0 0 0 539 486 0 240 84 325
F4E_CLK 9251 30 30 538 7745 7818 485254 143 12386
F4E_CLK 9453 64 64 535 7481 8460 1043291 150 52191
F4E_CLK 9390 64 64 538 7607 8226 1040350 147 57892
F4E_CLK 9003 64 64 535 7300 7315 950894 153 90696
F4E_CLK 12840 64 64 538 9025 9442 1198739 95 55379
F4E_CLK 8437 64 64 538 7167 7568 945953 149 146286
F4E_CLK 11992 64 64 538 8678 9066 1189630 91 110014
F4E_CLK 4838 64 64 538 5508 4463 556839 147 97507
F4E_CLK 10384 29 29 536 8155 8534 426446 153 15754
F4E_CLK 7106 41 26 537 6418 5579 392308 143 27547
F4E_CLK 11850 53 53 538 8556 8755 933161 147 49662
F4E_CLK 5262 64 55 538 5923 4657 548024 151 80297
F4E_CLK 4713 50 30 538 5457 4176 282085 106 20721
F4E_CLK 0 0 0 538 486 0 240 84 324
F4E_CLK 4716 16 16 538 5395 4213 136298 147 6568
F4E_CLK 4736 64 64 535 5435 4284 549633 143 116962
F4E_CLK 4721 43 29 536 5490 4143 268070 134 18804
F4E_CLK 594 20 12 536 3193 1125 25110 253 5355
F4E_CLK 591 30 11 539 3508 1080 32689 258 4983
F4E_CLK 0 0 0 852 486 0 240 84 325
F4E_CLK 0 0 0 538 486 0 240 84 326
F4E_CLK 8968 14 14 538 7334 7593 207312 146 4307
F4E_CLK 9311 64 64 538 7750 8146 1044873 145 56089
F4E_CLK 9311 64 64 538 7736 7835 1040788 147 44971
F4E_CLK 9056 64 64 538 7414 7196 950913 147 111965
F4E_CLK 13460 64 64 537 9457 10045 1283100 144 59838
F4E_CLK 13235 64 64 538 9106 8448 1261608 93 93050
F4E_CLK 7461 64 64 537 6875 6627 851522 83 145924
F4E_CLK 12110 64 64 536 8839 7992 1135652 148 68738
F4E_CLK 5397 43 43 536 5924 4787 402740 92 42629
F4E_CLK 7162 29 28 538 6542 6180 337073 135 30093
F4E_CLK 12001 37 37 538 8618 8749 660209 130 21766
F4E_CLK 5422 64 64 537 5971 4743 636088 140 115010
F4E_CLK 4712 49 34 538 5417 2224 297726 139 20379
F4E_CLK 544 5 3 536 3136 1107 5865 235 821
F4E_CLK 0 0 0 870 486 0 240 84 326
F4E_CLK 4864 64 64 540 5481 4218 554935 148 78728
F4E_CLK 4838 50 43 538 5545 4414 361764 88 45690
F4E_CLK 3589 23 14 537 4933 3290 70165 140 6169
F4E_CLK 625 30 11 537 3209 1388 32823 248 4314
F4E_CLK 0 0 0 536 486 0 240 84 326
F4E_CLK 4805 24 24 537 5515 4215 207054 132 11651
F4E_CLK 4787 64 64 538 5520 4171 548585 131 123364
F4E_CLK 4654 36 28 550 5513 4206 220989 131 12723
F4E_CLK 637 13 11 552 3350 1124 18888 259 2640
F4E_CLK 602 14 5 551 3165 983 15111 261 1164
F4E_CLK 632 40 11 550 3357 951 41740 232 5696
F4E_CLK 0 0 0 552 486 0 240 84 325
F4E_CLK 0 0 0 552 486 0 240 84 326
F4E_CLK 4112 1 1 554 5486 3374 6537 145 677
F4E_CLK 9263 64 64 552 7566 7842 1041907 143 46359
F4E_CLK 9299 64 64 552 7807 8000 1036141 146 45809
F4E_CLK 9104 64 64 553 7351 7481 957991 129 107932
F4E_CLK 13606 64 64 552 9478 10103 1311169 93 72953
F4E_CLK 13401 64 64 552 9575 9359 1316551 144 68189
F4E_CLK 7697 64 64 551 6785 6677 842240 81 142250
F4E_CLK 12291 64 64 550 8967 9019 1203093 133 65125
F4E_CLK 5722 56 56 553 5931 4747 534379 103 72298
F4E_CLK 7146 21 21 552 6471 5861 249690 148 17470
F4E_CLK 12109 38 31 551 8723 9422 633583 86 14976
F4E_CLK 5003 64 64 553 5499 4426 556436 146 114603
F4E_CLK 5060 49 37 552 5454 4468 340917 134 33025
F4E_CLK 661 20 13 553 3472 1101 27204 292 6970
F4E_CLK 0 0 0 552 486 0 240 84 328
F4E_CLK 4975 51 51 551 5493 4469 443130 97 51421
F4E_CLK 5403 61 49 553 5865 4706 496183 137 59423
F4E_CLK 4804 37 21 552 5435 4366 197784 137 10106
F4E_CLK 666 30 11 552 3387 804 33737 272 4700
F4E_CLK 0 0 0 552 486 0 240 84 326
F4E_CLK 4911 11 11 553 5536 4152 92860 133 4164
F4E_CLK 4950 64 64 552 5480 4180 551369 94 107638
F4E_CLK 4837 43 33 552 5522 4312 284672 128 25149
F4E_CLK 2737 22 13 551 4601 2368 46720 122 6430
F4E_CLK 673 30 11 552 3304 1059 33105 276 4168
F4E_CLK 672 40 11 550 3516 960 40949 289 4411
F4E_CLK 0 0 0 878 486 0 240 84 325
F4E_CLK 4832 14 14 554 5498 4338 120258 146 5420
F4E_CLK 4858 64 64 552 5427 4243 551145 132 110288
F4E_CLK 4840 43 30 551 5467 4251 270456 133 19599
F4E_CLK 2736 22 13 552 4729 2075 45745 114 6164
F4E_CLK 679 30 11 552 3246 1237 32817 266 4285
F4E_CLK 677 40 11 554 3459 1001 41609 257 4170
F4E_CLK 676 28 11 551 3374 902 30268 311 4136
F4E_CLK 0 0 0 871 486 0 240 84 326
F4E_CLK 0 0 0 552 486 0 240 84 325
F4E_CLK 0 0 0 552 486 0 240 84 327
F4E_CLK 8934 24 24 551 7416 7399 357976 152 9019
F4E_CLK 9137 64 64 552 7229 7504 952091 146 55946
F4E_CLK 9101 64 64 551 7333 7568 957101 150 59974
F4E_CLK 8715 64 64 552 7158 7363 948432 148 96254
F4E_CLK 13207 64 64 552 9159 9439 1236921 96 54696
F4E_CLK 12943 64 64 552 8973 8465 1249412 92 118906
F4E_CLK 11719 64 64 550 8564 8397 1181042 145 136284
F4E_CLK 5223 64 64 549 5855 4600 650213 149 90281
F4E_CLK 5600 33 33 551 5912 4709 302087 96 24861
F4E_CLK 7200 39 28 549 6815 6456 425579 110 30823
F4E_CLK 12280 47 47 551 8910 8903 847890 110 35396
F4E_CLK 5764 64 61 550 5931 4553 588433 147 92232
F4E_CLK 4998 50 30 552 5650 4179 298017 101 19338
F4E_CLK 0 0 0 877 486 0 240 84 326
F4E_CLK 5029 10 10 554 5481 4449 86085 137 3364
F4E_CLK 5073 64 64 552 5278 4378 552435 155 106263
F4E_CLK 5014 43 34 550 5706 4184 291212 119 24408
F4E_CLK 2798 22 13 553 4621 2579 47340 136 5534
F4E_CLK 710 30 11 552 3394 804 34046 262 4837
F4E_CLK 0 0 0 552 486 0 240 84 326
F4E_CLK 5052 34 34 551 5575 4063 293962 139 24287
F4E_CLK 5723 64 64 539 5936 4590 620872 132 103909
F4E_CLK 5000 36 22 540 5712 2492 207662 135 9240
F4E_CLK 718 18 11 537 3417 999 23421 253 4311
F4E_CLK 704 9 6 536 3321 986 11771 300 1532
F4E_CLK 695 23 6 539 3326 1010 23780 286 1983
F4E_CLK 0 0 0 538 486 0 240 84 327
F4E_CLK 4974 37 37 537 5383 4332 317180 134 29131
F4E_CLK 5639 64 63 536 5965 4826 605088 80 92622
F4E_CLK 5003 37 21 538 5555 4083 203447 130 9139
F4E_CLK 724 19 11 538 3568 942 23949 293 3585
F4E_CLK 722 8 8 537 3473 1230 12090 284 2458
F4E_CLK 620 11 3 538 3231 1062 10575 267 828
F4E_CLK 722 50 11 538 3454 1207 50325 282 4846
F4E_CLK 0 0 0 539 486 0 240 84 325
F4E_CLK 4880 9 9 539 5480 4230 76846 136 2707
F4E_CLK 4922 64 64 536 5451 4254 554745 137 106259
F4E_CLK 5037 43 35 539 5541 4230 297315 90 27882
F4E_CLK 2859 22 13 538 4659 1945 48391 118 5810
F4E_CLK 729 30 11 536 3528 964 33164 277 4445
F4E_CLK 728 40 11 535 3431 1005 40918 276 4987
F4E_CLK 726 23 11 535 3354 1339 26986 290 4411
F4E_CLK 0 0 0 537 486 0 240 84 326
F4E_CLK 726 56 11 536 3472 1105 56038 268 4865
F4E_CLK 714 60 60 538 3470 1077 98258 235 121440
F4E_CLK 654 64 64 535 3477 1267 101115 251 146169
F4E_CLK 590 64 64 539 3386 1126 101559 244 146136
F4E_CLK 526 64 53 538 3434 951 93487 243 102326
F4E_CLK 6361 64 64 539 6361 6041 752373 149 37196
F4E_CLK 6575 64 64 538 6391 5743 735358 135 47628
F4E_CLK 6588 64 64 539 6367 5710 734085 87 45528
F4E_CLK 6784 64 64 538 6409 5791 751760 85 55109
F4E_CLK 6616 64 64 538 6376 6105 751529 134 90825
F4E_CLK 6499 64 64 539 6234 6117 745216 147 77756
F4E_CLK 15790 64 64 536 10377 11865 1550417 91 53870
F4E_CLK 15078 64 64 536 10043 11642 1512369 139 54151
F4E_CLK 16107 64 64 538 10430 12572 1549437 147 64293
F4E_CLK 6235 64 64 536 6299 5975 732910 145 120292
F4E_CLK 6028 64 64 536 5897 4813 645624 86 84724
F4E_CLK 15993 64 64 536 10428 11596 1517624 132 86957
F4E_CLK 15353 64 64 538 10137 11672 1525618 83 83520
F4E_CLK 15457 64 64 538 10345 12295 1612848 138 57073
F4E_CLK 15236 64 64 537 9951 11983 1526826 99 109600
F4E_CLK 20445 64 64 538 12121 14692 1942442 100 58735
F4E_CLK 19747 64 64 538 12319 15255 1778514 95 107511
F4E_CLK 5454 64 64 536 5883 5009 639263 143 143501
F4E_CLK 5201 64 64 538 5980 4455 633918 139 146425
F4E_CLK 16346 64 64 537 10551 11218 1543862 146 58040
F4E_CLK 15665 64 64 538 10442 12309 1607452 150 75966
F4E_CLK 15532 64 64 536 10302 12648 1611742 138 69290
F4E_CLK 15108 64 64 538 9903 11646 1524965 93 122011
F4E_CLK 20764 64 64 537 12717 15727 2021160 152 57892
F4E_CLK 14699 64 64 538 10052 11598 1519387 133 144752
F4E_CLK 20393 64 64 537 12291 14984 1943606 149 95141
F4E_CLK 14673 64 64 537 10122 11498 1517178 102 104308
F4E_CLK 19913 64 64 538 12230 14946 1708022 90 74335
F4E_CLK 4949 64 64 536 5339 4312 559786 149 146569
F4E_CLK 4871 64 64 536 5485 4244 556801 139 149067
F4E_CLK 16089 64 64 537 10479 11064 1511595 143 67362
F4E_CLK 16345 64 64 536 10531 12548 1613165 142 61499
F4E_CLK 16194 64 64 536 10555 12187 1613562 123 59005
F4E_CLK 15710 64 64 537 10404 12540 1602334 109 97246
F4E_CLK 21398 64 64 536 12779 15192 2034280 147 55385
F4E_CLK 20685 64 64 536 12706 15832 2009291 90 124043
F4E_CLK 20031 64 64 537 12459 14915 1962542 136 132114
F4E_CLK 14922 64 64 552 9937 11846 1521376 143 94026
F4E_CLK 21053 64 64 551 12527 15282 1966150 146 77914
F4E_CLK 13680 64 64 551 9498 10876 1413726 132 135581
F4E_CLK 20549 64 64 550 12522 15478 2048665 137 53865
F4E_CLK 19799 64 64 552 12284 15189 1947032 100 101540
F4E_CLK 19147 64 64 552 11735 13769 1775749 93 84167
F4E_CLK 4726 64 64 551 5483 4317 551122 147 150321
F4E_CLK 4627 64 64 551 5557 4416 551674 82 143801
F4E_CLK 4518 64 64 554 5467 4360 540977 147 146010
F4E_CLK 20857 64 64 552 12681 12751 1981384 151 36913
F4E_CLK 20859 64 64 552 12803 15834 2081455 95 43772
F4E_CLK 20590 64 64 552 12688 15957 2087612 137 85550
F4E_CLK 19884 64 64 552 12287 15078 1988086 79 111581
F4E_CLK 21764 64 64 551 13123 16697 2168831 149 56492
F4E_CLK 19009 64 64 553 12014 14249 1902087 139 146839
F4E_CLK 21123 64 64 552 12762 15400 2062393 137 66514
F4E_CLK 19694 64 64 550 12328 15189 1996890 149 109595
F4E_CLK 18537 64 64 550 11788 12270 1821504 149 65535
F4E_CLK 17523 64 64 553 11427 13655 1777335 137 120989
F4E_CLK 20222 64 64 552 12306 15251 1991548 94 85887
F4E_CLK 18580 64 64 551 11723 14675 1827037 91 99451
F4E_CLK 18284 64 64 551 11517 13809 1702376 90 90265
F4E_CLK 16237 64 64 553 10311 12607 1639806 144 140870
F4E_CLK 19438 64 64 552 12078 13853 1882850 134 58448
F4E_CLK 19062 64 64 551 11675 14809 1867205 98 111004
F4E_CLK 18016 64 64 551 11478 10493 1713867 95 87130
F4E_CLK 16716 64 64 552 10816 10222 1619168 96 97645
F4E_CLK 9503 64 64 553 7653 7053 920202 149 83883
F4E_CLK 4057 64 64 552 5090 3198 443541 94 144900
F4E_CLK 3985 64 64 553 5028 3195 441110 134 146279
F4E_CLK 19751 64 64 552 12275 11734 1749953 147 63189
F4E_CLK 20019 64 64 554 12188 15492 1992206 78 52402
F4E_CLK 19753 64 64 552 12152 15157 1993879 149 61642
F4E_CLK 19243 64 64 553 12048 14307 1904547 92 98513
F4E_CLK 20875 64 64 552 12865 15313 2063437 89 53574
F4E_CLK 19688 64 64 550 12210 15287 1964449 97 131421
F4E_CLK 20024 64 64 552 12325 14940 1946000 134 127111
F4E_CLK 19136 64 64 552 11851 14736 1905742 151 91115
F4E_CLK 18477 64 64 552 11719 14279 1780025 96 104873
F4E_CLK 16533 64 64 552 10801 12880 1700302 151 139486
F4E_CLK 19823 64 64 550 12158 14421 1977362 152 59574
F4E_CLK 19390 64 64 552 11904 14626 1896269 93 105836
F4E_CLK 18315 64 64 553 11536 13400 1785331 85 97927
F4E_CLK 16212 64 64 552 10462 12237 1636464 88 139384
F4E_CLK 19350 64 64 553 11935 14082 1873789 102 102140
F4E_CLK 19343 64 64 553 11899 14719 1898581 114 107545
F4E_CLK 18012 64 64 553 11320 13956 1795955 142 117659
F4E_CLK 17243 64 64 551 10938 13035 1703236 134 136148
F4E_CLK 16351 64 64 551 10377 12432 1595882 146 136140
F4E_CLK 15638 64 64 551 10457 12323 1622920 104 143786
F4E_CLK 19192 64 64 550 11833 12552 1833346 143 59705
F4E_CLK 18335 64 64 552 11420 13717 1787268 89 107657
F4E_CLK 16980 64 64 553 10963 13265 1700842 134 98620
F4E_CLK 15193 64 64 553 10143 11674 1513911 141 108764
F4E_CLK 14406 64 64 553 9895 11495 1506872 143 152402
F4E_CLK 14815 64 64 551 9929 11689 1487895 147 146148
F4E_CLK 3851 64 64 552 5044 3218 432919 146 144890
F4E_CLK 3772 64 64 549 5023 3235 428441 93 144058
F4E_CLK 3675 64 64 551 5073 3265 416719 78 141607
F4E_CLK 18519 64 64 553 11756 10687 1882823 148 44142
F4E_CLK 18474 64 64 553 11710 14375 1875142 131 49145
F4E_CLK 18186 64 64 550 11283 14114 1814369 89 109857
F4E_CLK 20122 64 64 550 12271 15121 1962576 133 77771
F4E_CLK 19877 64 64 550 12139 15248 1970473 152 66227
F4E_CLK 16164 64 64 532 10542 12330 1600139 98 144194
F4E_CLK 19125 64 64 535 11683 13763 1879734 97 60530
F4E_CLK 18685 64 64 531 11856 14392 1869921 146 101400
F4E_CLK 14588 64 64 531 9948 11412 1497046 144 104185
F4E_CLK 18603 64 64 532 11721 13068 1784742 141 79308
F4E_CLK 18004 64 64 534 11285 13693 1790617 144 107231
F4E_CLK 17224 64 64 535 11019 12993 1664546 151 114734
F4E_CLK 15793 64 64 533 10236 12678 1602300 137 145315
F4E_CLK 13625 64 64 532 9633 10925 1434905 150 144887
F4E_CLK 18065 64 64 534 11246 12743 1770121 85 56504
F4E_CLK 17482 64 64 534 11414 13850 1748967 142 116266
F4E_CLK 16344 64 64 534 10454 12055 1572976 146 113777
F4E_CLK 14429 64 64 532 9784 11363 1492503 127 114473
F4E_CLK 13384 64 64 533 9396 11193 1435643 144 145454
F4E_CLK 16832 64 64 532 10887 12251 1625495 124 133924
F4E_CLK 17837 64 64 536 11304 13757 1785272 96 86379
F4E_CLK 16280 64 64 534 10481 12298 1604507 84 115436
F4E_CLK 15760 64 64 534 10317 11593 1553980 134 130593
F4E_CLK 14130 64 64 535 9432 10958 1431650 145 137956
F4E_CLK 14006 64 64 532 9734 10982 1430865 132 123495
F4E_CLK 13040 64 64 535 9056 10450 1350038 130 141271
F4E_CLK 12893 64 64 534 8994 10292 1338519 94 147960
F4E_CLK 17431 64 64 533 11238 12226 1769672 146 69850
F4E_CLK 16319 64 64 533 10400 12734 1575747 93 119871
F4E_CLK 15340 64 64 535 9945 11670 1493836 88 122801
F4E_CLK 12548 64 64 535 9115 10161 1314446 149 132668
F4E_CLK 12209 64 64 532 8661 9484 1229858 130 127937
F4E_CLK 10122 64 64 535 7498 8516 1047708 132 144340
F4E_CLK 11465 64 64 535 8605 9466 1209124 144 148929
F4E_CLK 9962 64 64 531 7812 8187 1046711 134 150728
F4E_CLK 9340 64 64 536 7755 7762 1035228 139 147121
F4E_CLK 8154 64 64 535 6906 6693 872178 146 146141
F4E_CLK 15569 64 64 531 10523 11246 1582266 142 37894
F4E_CLK 15535 64 64 534 10308 12465 1605704 142 50394
F4E_CLK 15363 64 64 534 10428 12157 1607739 142 92638
F4E_CLK 17860 64 64 533 11311 13730 1765348 97 105565
F4E_CLK 18964 64 64 533 11665 14660 1881213 141 57887
F4E_CLK 13552 64 64 532 9462 10994 1403420 148 144754
F4E_CLK 18287 64 64 534 11529 12632 1768178 146 65677
F4E_CLK 17485 64 64 533 11352 13699 1784982 139 104180
F4E_CLK 14738 64 64 532 9864 11575 1467447 95 66791
F4E_CLK 14427 64 64 534 10029 10674 1431684 149 110708
F4E_CLK 17143 64 64 533 10762 13370 1705544 139 86947
F4E_CLK 16043 64 64 535 10563 12259 1579298 146 109313
F4E_CLK 15091 64 64 535 9916 11104 1462021 91 128931
F4E_CLK 8931 64 64 533 7342 7349 964885 87 146840
F4E_CLK 16823 64 64 532 10952 12606 1670931 144 55385
F4E_CLK 16360 64 64 535 10525 12161 1592970 90 98115
F4E_CLK 14626 64 64 534 9852 11398 1487215 149 90426
F4E_CLK 11482 64 64 534 8595 9296 1211352 146 115303
F4E_CLK 10608 64 64 534 8133 8854 1141382 148 149455
F4E_CLK 9350 64 64 533 7686 8038 1046017 144 142116
F4E_CLK 16522 64 64 533 10863 11982 1680623 152 56363
F4E_CLK 15558 64 64 531 10556 12248 1539495 137 124039
F4E_CLK 14287 64 64 531 9680 10150 1395895 138 123781
F4E_CLK 11042 64 64 531 8182 8284 1128503 83 123692
F4E_CLK 10969 64 64 534 8095 8410 1128583 148 115431
F4E_CLK 8953 64 64 533 7369 7122 953058 97 148958
F4E_CLK 8512 64 64 533 7208 7404 955002 133 146705
F4E_CLK 15988 64 64 531 10556 11700 1583039 138 52205
F4E_CLK 15378 64 64 533 10407 11793 1518074 145 114872
F4E_CLK 13115 64 64 533 9120 9737 1273133 143 112788
F4E_CLK 10165 64 64 533 7702 7625 1026186 84 114872
F4E_CLK 10044 64 64 533 7876 7542 1017053 151 112227
F4E_CLK 7961 64 64 553 6802 6584 852622 137 146703
F4E_CLK 9920 64 64 552 7711 7570 1022715 88 142152
F4E_CLK 7499 64 64 550 6821 6631 864141 136 143228
F4E_CLK 7429 64 64 551 6807 6753 849819 146 146982
F4E_CLK 14548 64 64 551 10012 11524 1512510 154 77911
F4E_CLK 13222 64 64 552 9094 10411 1285867 91 108336
F4E_CLK 11788 64 64 550 8649 9010 1185445 146 124611
F4E_CLK 9632 64 64 554 7605 7866 1009789 150 133463
F4E_CLK 9575 64 64 553 7731 8026 1010625 112 117545
F4E_CLK 9342 64 64 554 7662 7581 978287 147 129891
F4E_CLK 8960 64 64 553 7392 7483 938277 141 149342
F4E_CLK 9230 64 64 553 7752 7136 962760 143 124188
F4E_CLK 8132 64 53 554 6938 6436 773105 155 65212
F4E_CLK 8033 64 64 553 6686 6708 854631 142 153654
F4E_CLK 7160 64 64 553 6521 5721 766974 145 151426
F4E_CLK 6927 64 44 553 6416 5565 592402 109 70644
F4E_CLK 15339 62 62 552 10066 11832 1473943 135 43544
F4E_CLK 15285 64 64 553 9984 11742 1518560 141 49008
F4E_CLK 14977 64 64 552 10060 11545 1527995 116 106133
F4E_CLK 17288 64 64 552 10982 12987 1678279 149 75419
F4E_CLK 17022 64 64 552 10821 13043 1689435 141 67620
F4E_CLK 13057 64 64 552 9093 10139 1320326 144 149621
F4E_CLK 16419 64 64 553 11007 11854 1620639 132 59007
F4E_CLK 15085 64 64 553 9966 12040 1512035 87 96868
F4E_CLK 11389 64 64 551 8706 9315 1222381 149 101539
F4E_CLK 15930 64 64 551 10428 11246 1520449 135 77226
F4E_CLK 14331 64 64 551 9627 10934 1433876 139 110567
F4E_CLK 13658 64 64 551 9497 10991 1383519 149 110433
F4E_CLK 12527 64 64 553 9128 9432 1268637 151 139620
F4E_CLK 8579 64 64 550 7166 7672 955666 144 146143
F4E_CLK 14473 64 64 550 9960 10994 1480949 146 54695
F4E_CLK 13893 64 64 554 9357 11050 1394755 145 117934
F4E_CLK 12209 64 64 550 8768 9247 1201601 143 110712
F4E_CLK 10298 64 64 551 8157 8115 1108387 145 116965
F4E_CLK 9055 64 64 552 7362 7609 945603 142 146293
F4E_CLK 12819 64 64 551 8994 9246 1246178 138 135731
F4E_CLK 14097 64 64 551 9533 10728 1414081 95 80122
F4E_CLK 12541 64 64 550 9121 9777 1284762 144 110579
F4E_CLK 11448 64 64 553 8662 8992 1190893 154 132533
F4E_CLK 9872 64 64 552 7845 7758 1027135 100 131927
F4E_CLK 9843 64 64 552 7825 7532 1026813 139 125028
F4E_CLK 8212 64 64 551 7320 7083 944961 141 144760
F4E_CLK 8134 64 64 553 6840 6780 862462 124 150595
F4E_CLK 13568 64 64 553 9481 9326 1414138 148 67074
F4E_CLK 12513 64 64 550 9080 10286 1254597 149 117245
F4E_CLK 11534 64 64 552 8572 9186 1159428 93 119041
F4E_CLK 9374 64 64 550 7718 7591 1006302 153 129334
F4E_CLK 9330 64 64 555 7838 7555 1004964 149 117242
F4E_CLK 7808 64 64 553 6638 6835 854811 90 145725
F4E_CLK 9185 64 64 550 7315 7662 904970 97 125352
F4E_CLK 7650 64 64 552 6806 6629 802328 151 147537
F4E_CLK 13012 64 53 555 9179 9170 1107763 143 63276
F4E_CLK 12961 64 64 552 9071 10105 1315012 144 94304
F4E_CLK 11273 64 64 553 8550 9356 1163649 137 119189
F4E_CLK 10065 64 64 550 7799 7517 1004327 93 138833
F4E_CLK 8867 64 64 550 7218 6742 896372 153 138217
F4E_CLK 8870 64 64 551 7304 6055 874401 91 130301
F4E_CLK 8779 64 64 553 7226 5765 874852 97 110010
F4E_CLK 6162 64 64 552 6394 5373 680245 146 141007
F4E_CLK 8492 64 58 553 7187 6883 808126 111 97260
F4E_CLK 7013 28 28 552 6484 5677 318143 94 29950
F4E_CLK 3766 63 14 551 5105 3226 194675 142 8465
F4E_CLK 12600 44 37 553 9086 8884 833848 89 26489
F4E_CLK 12388 64 64 553 9068 9944 1286141 148 97790
F4E_CLK 10702 64 64 533 8067 7172 1059896 145 94733
F4E_CLK 8354 64 64 533 7231 6965 859878 141 95829
F4E_CLK 7983 64 64 533 6934 6132 673436 142 142110
F4E_CLK 8067 48 23 532 6875 6602 399614 148 19478
F4E_CLK 8249 40 17 534 7262 7154 371360 126 11949
F4E_CLK 579 10 1 532 3257 809 9037 274 463
F4E_CLK 8246 63 16 532 7237 7076 539390 129 10314
F4E_CLK 8174 17 8 532 6871 4313 165077 140 3020
F4E_CLK 7070 64 8 532 6680 5891 397166 137 3017
F4E_CLK 8662 44 44 531 7211 7442 650331 142 76182
F4E_CLK 8071 64 64 534 6977 6562 843994 143 150048
F4E_CLK 7669 64 63 533 6806 6757 763152 126 114242
F4E_CLK 14075 61 32 532 9362 7148 996598 136 11166
F4E_CLK 14402 64 64 534 10059 11561 1500856 145 51784
F4E_CLK 14203 64 64 531 9544 11005 1425592 143 61929
F4E_CLK 13772 64 64 534 9551 10801 1416315 150 96944
F4E_CLK 16120 64 64 533 10357 12535 1590341 144 52749
F4E_CLK 14567 64 64 534 10009 11768 1501986 147 133631
F4E_CLK 15486 64 64 533 10450 12229 1542573 144 126413
F4E_CLK 15810 64 64 534 10347 12344 1619734 151 88060
F4E_CLK 15380 64 64 536 10447 12123 1541550 137 108483
F4E_CLK 10488 64 64 533 8026 8961 1147630 138 146705
F4E_CLK 15588 64 64 534 10476 11946 1580817 97 54149
F4E_CLK 15151 64 64 533 10031 11646 1510185 97 109460
F4E_CLK 14200 64 64 533 9560 10493 1397738 145 94446
F4E_CLK 9559 64 64 535 7650 8176 1026235 149 144169
F4E_CLK 15111 64 64 533 9959 9867 1442625 134 105710
F4E_CLK 15130 64 64 532 10043 11597 1511795 93 95978
F4E_CLK 13752 64 64 533 9623 10784 1403785 137 120583
F4E_CLK 12936 64 64 533 9131 10414 1309601 149 138057
F4E_CLK 12499 64 64 531 9101 9994 1281357 91 144938
F4E_CLK 8411 64 64 533 7255 7426 952735 144 147264
F4E_CLK 15053 64 64 532 10038 10415 1471550 147 58591
F4E_CLK 14373 64 64 533 9922 11306 1483618 129 96404
F4E_CLK 12888 64 64 531 9095 10117 1307923 144 89871
F4E_CLK 12259 64 64 532 8705 9164 1208772 84 111472
F4E_CLK 9864 64 64 533 7777 7991 1047798 100 146002
F4E_CLK 12117 64 64 531 8564 9451 1201321 94 148560
F4E_CLK 9090 64 64 533 7286 7257 958277 137 142398
F4E_CLK 14568 64 64 532 9789 10848 1441705 144 70416
F4E_CLK 13873 64 64 533 9504 11032 1395953 146 103900
F4E_CLK 12680 64 64 534 9120 9431 1289500 91 98548
F4E_CLK 11886 64 64 533 8576 9145 1192796 102 124487
F4E_CLK 11034 64 64 535 8229 8840 1115925 90 153557
F4E_CLK 11590 64 64 534 8582 9118 1181593 138 141014
F4E_CLK 11413 64 64 533 8550 8885 1160417 100 115711
F4E_CLK 8299 64 64 532 7365 7192 937775 144 125020
F4E_CLK 7280 64 64 533 6832 6155 819192 140 142819
F4E_CLK 14124 64 53 533 9573 8455 1260152 94 37572
F4E_CLK 13345 64 64 535 9528 10324 1362685 148 90701
F4E_CLK 11820 64 64 533 8664 8804 1197833 93 103908
F4E_CLK 11034 64 64 531 8313 8579 1099972 92 93894
F4E_CLK 10933 64 64 534 8065 8136 1043510 146 123359
F4E_CLK 8735 64 64 534 7280 7362 877503 84 140590
F4E_CLK 10735 64 64 535 8181 7812 1034673 139 102650
F4E_CLK 9941 64 64 533 7610 7196 907906 129 134622
F4E_CLK 10115 64 64 533 7782 7851 946029 91 144805
F4E_CLK 7930 64 64 533 6818 5701 801683 94 123962
F4E_CLK 4269 64 20 535 5468 3426 206778 135 12787
F4E_CLK 13638 64 64 534 9569 10549 1411422 135 74440
F4E_CLK 12222 64 64 534 8791 9328 1202276 89 110983
F4E_CLK 11184 64 64 533 8172 7983 1090175 89 123641
F4E_CLK 10427 64 64 534 8238 6899 1024338 126 115437
F4E_CLK 10422 64 64 533 8071 8101 991330 146 98760
F4E_CLK 10005 64 53 516 7712 6608 839895 140 85235
F4E_CLK 9617 64 63 515 7766 7564 885784 126 140518
F4E_CLK 10216 55 19 518 7976 6342 573516 145 12018
F4E_CLK 2051 3 1 515 4470 1985 4625 119 446
F4E_CLK 10163 35 15 517 7743 8221 386550 129 8846
F4E_CLK 7748 8 8 514 6897 6749 107342 131 3571
F4E_CLK 6987 64 33 516 6477 5554 547497 108 39471
F4E_CLK 13112 39 18 515 9086 7881 583341 134 6778
F4E_CLK 12844 64 64 516 9035 10336 1308020 138 87909
F4E_CLK 11325 64 64 516 8611 8906 1166931 133 120580
F4E_CLK 10396 64 64 516 7942 7723 1010786 146 147817
F4E_CLK 10177 64 64 517 7625 6066 965890 99 141012
F4E_CLK 10049 64 63 518 7813 6395 882641 116 112335
F4E_CLK 10030 45 19 514 7803 6265 492050 122 13265
F4E_CLK 1914 7 1 517 4500 1344 8403 582 606
F4E_CLK 10028 43 16 516 7695 7970 456070 139 9342
F4E_CLK 1874 8 1 515 4449 1263 9296 643 549
F4E_CLK 10011 51 15 516 7809 7864 514802 138 9682
F4E_CLK 1882 7 1 516 4501 1261 8254 569 594
F4E_CLK 9990 41 14 516 7715 7989 427608 143 7357
F4E_CLK 0 0 0 517 486 0 240 84 326
F4E_CLK 7747 63 51 515 6833 6629 705028 133 90762
F4E_CLK 12349 38 10 515 9113 8616 480127 141 2808
F4E_CLK 12875 64 64 517 9052 10075 1309043 145 75260
F4E_CLK 11728 64 64 515 8479 9481 1164989 96 111126
F4E_CLK 11273 64 64 516 8564 7377 1047397 99 133808
F4E_CLK 11033 64 64 515 7889 7274 1019328 97 130430
F4E_CLK 11010 64 64 516 8267 7648 1034356 151 105701
F4E_CLK 10916 64 54 515 8182 5913 936847 108 71153
F4E_CLK 5856 48 7 516 5909 4383 251729 138 2106
F4E_CLK 10865 34 16 517 8237 8643 415751 137 10455
F4E_CLK 1981 6 1 516 3983 2058 7440 134 423
F4E_CLK 10821 42 15 517 7884 8925 480856 142 8150
F4E_CLK 1991 3 1 517 4004 2129 4008 94 454
F4E_CLK 10835 32 14 518 8171 9001 382904 137 8049
F4E_CLK 0 0 0 515 486 0 240 84 326
F4E_CLK 10814 19 10 516 8140 7595 253956 94 3908
F4E_CLK 3930 51 4 516 5044 3149 110127 134 1382
F4E_CLK 2202 1 1 516 4505 2221 2487 151 424
F4E_CLK 10676 29 11 516 8105 8714 339072 146 5689
F4E_CLK 0 0 0 873 486 0 240 84 326
F4E_CLK 0 0 0 516 486 0 240 84 326
F4_F2_ECHELON_PROFILE f4e_gather: 938 launches, 20.7 ms
F4_F2_ECHELON_PROFILE f4e_low: 1 launches, 0.1 ms
F4_F2_ECHELON_PROFILE f4e_materialise: 938 launches, 46.0 ms
F4_F2_ECHELON_PROFILE f4e_panel_block: 938 launches, 360.5 ms
F4_F2_ECHELON_PROFILE f4e_update: 938 launches, 87.3 ms
K_1/2^11 m=2 x=301 D=6 f5=true [cuda:NVIDIA GeForce RTX 4090 sm_89 x128 code=sm_89]: 68156 x 60040 (eliminated 68156 rows), rank 46747, refuted false, pinned 0; build 0.640 s, eliminate 0.603 s, total 1.243 s, 5.797e10 word XORs
Stage diagnostic only: one oracle matrix, not an ECDLP cost.
