{"curves": 0, "seconds": 4.0}
{"curves": 200, "seconds": 498.8}
------------------------------------------------------------------------
0   signals.cpython-314-darwin.so       0x0000000109e32618 PyInit_signals + 23196
1   signals.cpython-314-darwin.so       0x0000000109e32560 PyInit_signals + 23012
2   libsystem_platform.dylib            0x000000018cf09744 _sigtramp + 56
3   libf83.dylib                        0x000000010935acbc f83_image + 1084
4   libffi.dylib                        0x00000001a16c7050 ffi_call_SYSV + 80
5   libffi.dylib                        0x00000001a16d05b8 ffi_call_int + 1220
6   _ctypes.cpython-314-darwin.so       0x00000001093209bc PyInit__ctypes + 44148
7   _ctypes.cpython-314-darwin.so       0x000000010931d284 PyInit__ctypes + 30012
8   python3.14                          0x00000001040ae088 _PyObject_MakeTpCall + 304
9   python3.14                          0x00000001041eddbc _PyEval_EvalFrameDefault + 17660
10  python3.14                          0x00000001041e93ac PyEval_EvalCode + 416
11  python3.14                          0x0000000104266920 PyRun_InteractiveLoop + 1104
12  python3.14                          0x000000010426395c PyErr_Print + 1492
13  python3.14                          0x0000000104263318 _PyThreadState_PopFrame + 404
14  python3.14                          0x000000010428e3e4 Py_BytesMain + 1092
15  python3.14                          0x000000010428dcb0 Py_RunMain + 1572
16  python3.14                          0x000000010428df28 Py_Main + 368
17  python3.14                          0x000000010428dfc8 Py_BytesMain + 40
18  dyld                                0x000000018cb344e4 start + 6992
------------------------------------------------------------------------
Unhandled SIGBUS: A bus error occurred.
This probably occurred because a *compiled* module has a bug
in it and is not properly wrapped with sig_on(), sig_off().
Python will now terminate.
------------------------------------------------------------------------
/usr/local/bin/sage: line 39: 25696 Bus error: 10           /usr/bin/env PYTHONUSERBASE="$USERBASE" SSL_CERT_FILE="$SSL_CERT_FILE" "$SYMLINK"/venv/bin/sage "$@"
{"curves": 0, "seconds": 0.0}
{"curves": 200, "seconds": 0.0}
------------------------------------------------------------------------
0   signals.cpython-314-darwin.so       0x0000000109c9e618 PyInit_signals + 23196
1   signals.cpython-314-darwin.so       0x0000000109c9e560 PyInit_signals + 23012
2   libsystem_platform.dylib            0x000000018cf09744 _sigtramp + 56
3   libf83.dylib                        0x0000000109c0acc8 f83_image + 1096
4   libffi.dylib                        0x00000001a16c7050 ffi_call_SYSV + 80
5   libffi.dylib                        0x00000001a16d05b8 ffi_call_int + 1220
6   _ctypes.cpython-314-darwin.so       0x0000000109c409bc PyInit__ctypes + 44148
7   _ctypes.cpython-314-darwin.so       0x0000000109c3d284 PyInit__ctypes + 30012
8   python3.14                          0x000000010497e088 _PyObject_MakeTpCall + 304
9   python3.14                          0x0000000104abddbc _PyEval_EvalFrameDefault + 17660
10  python3.14                          0x0000000104ab93ac PyEval_EvalCode + 416
11  python3.14                          0x0000000104b36920 PyRun_InteractiveLoop + 1104
12  python3.14                          0x0000000104b3395c PyErr_Print + 1492
13  python3.14                          0x0000000104b33318 _PyThreadState_PopFrame + 404
14  python3.14                          0x0000000104b5e3e4 Py_BytesMain + 1092
15  python3.14                          0x0000000104b5dcb0 Py_RunMain + 1572
16  python3.14                          0x0000000104b5df28 Py_Main + 368
17  python3.14                          0x0000000104b5dfc8 Py_BytesMain + 40
18  dyld                                0x000000018cb344e4 start + 6992
------------------------------------------------------------------------
Unhandled SIGBUS: A bus error occurred.
This probably occurred because a *compiled* module has a bug
in it and is not properly wrapped with sig_on(), sig_off().
Python will now terminate.
------------------------------------------------------------------------
/usr/local/bin/sage: line 39: 54494 Bus error: 10           /usr/bin/env PYTHONUSERBASE="$USERBASE" SSL_CERT_FILE="$SSL_CERT_FILE" "$SYMLINK"/venv/bin/sage "$@"
{"curves": 0, "seconds": 0.0}
{"curves": 200, "seconds": 0.0}
{"curves": 400, "seconds": 276.0}
{"curves": 600, "seconds": 1758.1}
{"curves": 0, "seconds": 0.0}
{"curves": 200, "seconds": 0.0}
{"curves": 400, "seconds": 0.0}
{"curves": 600, "seconds": 17.7}
{"curves": 800, "seconds": 188.9}
{"curves": 1000, "seconds": 309.7}
{"curves": 1200, "seconds": 416.4}
{"curves": 1400, "seconds": 522.7}
{"curves": 1600, "seconds": 594.6}
{"done": 1618, "seconds": 600.6}
