{"curves": 0, "seconds": 4.2}
------------------------------------------------------------------------
0   signals.cpython-314-darwin.so       0x0000000109c96618 PyInit_signals + 23196
1   signals.cpython-314-darwin.so       0x0000000109c96560 PyInit_signals + 23012
2   libsystem_platform.dylib            0x000000018cf09744 _sigtramp + 56
3   libf83.dylib                        0x0000000109c02cbc f83_image + 1084
4   libffi.dylib                        0x00000001a16c7050 ffi_call_SYSV + 80
5   libffi.dylib                        0x00000001a16d05b8 ffi_call_int + 1220
6   _ctypes.cpython-314-darwin.so       0x0000000109c389bc PyInit__ctypes + 44148
7   _ctypes.cpython-314-darwin.so       0x0000000109c35284 PyInit__ctypes + 30012
8   python3.14                          0x000000010494e088 _PyObject_MakeTpCall + 304
9   python3.14                          0x0000000104a8ddbc _PyEval_EvalFrameDefault + 17660
10  python3.14                          0x0000000104a893ac PyEval_EvalCode + 416
11  python3.14                          0x0000000104b06920 PyRun_InteractiveLoop + 1104
12  python3.14                          0x0000000104b0395c PyErr_Print + 1492
13  python3.14                          0x0000000104b03318 _PyThreadState_PopFrame + 404
14  python3.14                          0x0000000104b2e3e4 Py_BytesMain + 1092
15  python3.14                          0x0000000104b2dcb0 Py_RunMain + 1572
16  python3.14                          0x0000000104b2df28 Py_Main + 368
17  python3.14                          0x0000000104b2dfc8 Py_BytesMain + 40
18  dyld                                0x000000018cb344e4 start + 6992
------------------------------------------------------------------------
Unhandled SIGBUS: A bus error occurred.
This probably occurred because a *compiled* module has a bug
in it and is not properly wrapped with sig_on(), sig_off().
Python will now terminate.
------------------------------------------------------------------------
/usr/local/bin/sage: line 39: 25713 Bus error: 10           /usr/bin/env PYTHONUSERBASE="$USERBASE" SSL_CERT_FILE="$SSL_CERT_FILE" "$SYMLINK"/venv/bin/sage "$@"
{"curves": 0, "seconds": 0.0}
------------------------------------------------------------------------
0   signals.cpython-314-darwin.so       0x000000010ab52618 PyInit_signals + 23196
1   signals.cpython-314-darwin.so       0x000000010ab52560 PyInit_signals + 23012
2   libsystem_platform.dylib            0x000000018cf09744 _sigtramp + 56
3   libf83.dylib                        0x000000010a07acc8 f83_image + 1096
4   libffi.dylib                        0x00000001a16c7050 ffi_call_SYSV + 80
5   libffi.dylib                        0x00000001a16d05b8 ffi_call_int + 1220
6   _ctypes.cpython-314-darwin.so       0x000000010a0409bc PyInit__ctypes + 44148
7   _ctypes.cpython-314-darwin.so       0x000000010a03d284 PyInit__ctypes + 30012
8   python3.14                          0x0000000104da6088 _PyObject_MakeTpCall + 304
9   python3.14                          0x0000000104ee5dbc _PyEval_EvalFrameDefault + 17660
10  python3.14                          0x0000000104ee13ac PyEval_EvalCode + 416
11  python3.14                          0x0000000104f5e920 PyRun_InteractiveLoop + 1104
12  python3.14                          0x0000000104f5b95c PyErr_Print + 1492
13  python3.14                          0x0000000104f5b318 _PyThreadState_PopFrame + 404
14  python3.14                          0x0000000104f863e4 Py_BytesMain + 1092
15  python3.14                          0x0000000104f85cb0 Py_RunMain + 1572
16  python3.14                          0x0000000104f85f28 Py_Main + 368
17  python3.14                          0x0000000104f85fc8 Py_BytesMain + 40
18  dyld                                0x000000018cb344e4 start + 6992
------------------------------------------------------------------------
Unhandled SIGBUS: A bus error occurred.
This probably occurred because a *compiled* module has a bug
in it and is not properly wrapped with sig_on(), sig_off().
Python will now terminate.
------------------------------------------------------------------------
/usr/local/bin/sage: line 39: 54493 Bus error: 10           /usr/bin/env PYTHONUSERBASE="$USERBASE" SSL_CERT_FILE="$SSL_CERT_FILE" "$SYMLINK"/venv/bin/sage "$@"
{"curves": 0, "seconds": 0.0}
{"curves": 200, "seconds": 218.4}
{"curves": 400, "seconds": 1685.8}
{"curves": 0, "seconds": 0.0}
{"curves": 200, "seconds": 0.0}
{"curves": 400, "seconds": 0.0}
{"curves": 600, "seconds": 171.8}
{"curves": 800, "seconds": 293.7}
{"curves": 1000, "seconds": 404.2}
{"curves": 1200, "seconds": 513.4}
{"curves": 1400, "seconds": 591.3}
{"curves": 1600, "seconds": 650.8}
{"done": 1619, "seconds": 655.6}
