{"curves": 0, "seconds": 5.4}
------------------------------------------------------------------------
0   signals.cpython-314-darwin.so       0x0000000107736618 PyInit_signals + 23196
1   signals.cpython-314-darwin.so       0x0000000107736560 PyInit_signals + 23012
2   libsystem_platform.dylib            0x000000018cf09744 _sigtramp + 56
3   libf83.dylib                        0x0000000102cf6cbc f83_image + 1084
4   libffi.dylib                        0x00000001a16c7050 ffi_call_SYSV + 80
5   libffi.dylib                        0x00000001a16d05b8 ffi_call_int + 1220
6   _ctypes.cpython-314-darwin.so       0x0000000102d2c9bc PyInit__ctypes + 44148
7   _ctypes.cpython-314-darwin.so       0x0000000102d29284 PyInit__ctypes + 30012
8   python3.14                          0x0000000102476088 _PyObject_MakeTpCall + 304
9   python3.14                          0x00000001025b5dbc _PyEval_EvalFrameDefault + 17660
10  python3.14                          0x00000001025b13ac PyEval_EvalCode + 416
11  python3.14                          0x000000010262e920 PyRun_InteractiveLoop + 1104
12  python3.14                          0x000000010262b95c PyErr_Print + 1492
13  python3.14                          0x000000010262b318 _PyThreadState_PopFrame + 404
14  python3.14                          0x00000001026563e4 Py_BytesMain + 1092
15  python3.14                          0x0000000102655cb0 Py_RunMain + 1572
16  python3.14                          0x0000000102655f28 Py_Main + 368
17  python3.14                          0x0000000102655fc8 Py_BytesMain + 40
18  dyld                                0x000000018cb344e4 start + 6992
------------------------------------------------------------------------
Unhandled SIGBUS: A bus error occurred.
This probably occurred because a *compiled* module has a bug
in it and is not properly wrapped with sig_on(), sig_off().
Python will now terminate.
------------------------------------------------------------------------
/usr/local/bin/sage: line 39: 25718 Bus error: 10           /usr/bin/env PYTHONUSERBASE="$USERBASE" SSL_CERT_FILE="$SSL_CERT_FILE" "$SYMLINK"/venv/bin/sage "$@"
{"curves": 0, "seconds": 0.0}
------------------------------------------------------------------------
0   signals.cpython-314-darwin.so       0x000000010a322618 PyInit_signals + 23196
1   signals.cpython-314-darwin.so       0x000000010a322560 PyInit_signals + 23012
2   libsystem_platform.dylib            0x000000018cf09744 _sigtramp + 56
3   libf83.dylib                        0x0000000105856cc8 f83_image + 1096
4   libffi.dylib                        0x00000001a16c7050 ffi_call_SYSV + 80
5   libffi.dylib                        0x00000001a16d05b8 ffi_call_int + 1220
6   _ctypes.cpython-314-darwin.so       0x000000010588c9bc PyInit__ctypes + 44148
7   _ctypes.cpython-314-darwin.so       0x0000000105889284 PyInit__ctypes + 30012
8   python3.14                          0x0000000104fd6088 _PyObject_MakeTpCall + 304
9   python3.14                          0x0000000105115dbc _PyEval_EvalFrameDefault + 17660
10  python3.14                          0x00000001051113ac PyEval_EvalCode + 416
11  python3.14                          0x000000010518e920 PyRun_InteractiveLoop + 1104
12  python3.14                          0x000000010518b95c PyErr_Print + 1492
13  python3.14                          0x000000010518b318 _PyThreadState_PopFrame + 404
14  python3.14                          0x00000001051b63e4 Py_BytesMain + 1092
15  python3.14                          0x00000001051b5cb0 Py_RunMain + 1572
16  python3.14                          0x00000001051b5f28 Py_Main + 368
17  python3.14                          0x00000001051b5fc8 Py_BytesMain + 40
18  dyld                                0x000000018cb344e4 start + 6992
------------------------------------------------------------------------
Unhandled SIGBUS: A bus error occurred.
This probably occurred because a *compiled* module has a bug
in it and is not properly wrapped with sig_on(), sig_off().
Python will now terminate.
------------------------------------------------------------------------
/usr/local/bin/sage: line 39: 54492 Bus error: 10           /usr/bin/env PYTHONUSERBASE="$USERBASE" SSL_CERT_FILE="$SSL_CERT_FILE" "$SYMLINK"/venv/bin/sage "$@"
{"curves": 0, "seconds": 0.0}
{"curves": 200, "seconds": 416.9}
{"curves": 0, "seconds": 0.0}
{"curves": 200, "seconds": 0.0}
{"curves": 400, "seconds": 41.4}
{"curves": 600, "seconds": 198.2}
{"curves": 800, "seconds": 323.8}
{"curves": 1000, "seconds": 431.0}
{"curves": 1200, "seconds": 533.9}
{"curves": 1400, "seconds": 604.2}
{"curves": 1600, "seconds": 658.4}
{"done": 1619, "seconds": 662.2}
