{"curves": 0, "seconds": 7.2}
------------------------------------------------------------------------
0   signals.cpython-314-darwin.so       0x0000000105b22618 PyInit_signals + 23196
1   signals.cpython-314-darwin.so       0x0000000105b22560 PyInit_signals + 23012
2   libsystem_platform.dylib            0x000000018cf09744 _sigtramp + 56
3   libf83.dylib                        0x0000000105a8ecbc f83_image + 1084
4   libffi.dylib                        0x00000001a16c7050 ffi_call_SYSV + 80
5   libffi.dylib                        0x00000001a16d05b8 ffi_call_int + 1220
6   _ctypes.cpython-314-darwin.so       0x0000000105ac49bc PyInit__ctypes + 44148
7   _ctypes.cpython-314-darwin.so       0x0000000105ac1284 PyInit__ctypes + 30012
8   python3.14                          0x00000001008be088 _PyObject_MakeTpCall + 304
9   python3.14                          0x00000001009fddbc _PyEval_EvalFrameDefault + 17660
10  python3.14                          0x00000001009f93ac PyEval_EvalCode + 416
11  python3.14                          0x0000000100a76920 PyRun_InteractiveLoop + 1104
12  python3.14                          0x0000000100a7395c PyErr_Print + 1492
13  python3.14                          0x0000000100a73318 _PyThreadState_PopFrame + 404
14  python3.14                          0x0000000100a9e3e4 Py_BytesMain + 1092
15  python3.14                          0x0000000100a9dcb0 Py_RunMain + 1572
16  python3.14                          0x0000000100a9df28 Py_Main + 368
17  python3.14                          0x0000000100a9dfc8 Py_BytesMain + 40
18  dyld                                0x000000018cb344e4 start + 6992
------------------------------------------------------------------------
Unhandled SIGBUS: A bus error occurred.
This probably occurred because a *compiled* module has a bug
in it and is not properly wrapped with sig_on(), sig_off().
Python will now terminate.
------------------------------------------------------------------------
/usr/local/bin/sage: line 39: 25701 Bus error: 10           /usr/bin/env PYTHONUSERBASE="$USERBASE" SSL_CERT_FILE="$SSL_CERT_FILE" "$SYMLINK"/venv/bin/sage "$@"
{"curves": 0, "seconds": 0.0}
------------------------------------------------------------------------
0   signals.cpython-314-darwin.so       0x000000010a75e618 PyInit_signals + 23196
1   signals.cpython-314-darwin.so       0x000000010a75e560 PyInit_signals + 23012
2   libsystem_platform.dylib            0x000000018cf09744 _sigtramp + 56
3   libf83.dylib                        0x0000000109c3ecc8 f83_image + 1096
4   libffi.dylib                        0x00000001a16c7050 ffi_call_SYSV + 80
5   libffi.dylib                        0x00000001a16d05b8 ffi_call_int + 1220
6   _ctypes.cpython-314-darwin.so       0x0000000109c749bc PyInit__ctypes + 44148
7   _ctypes.cpython-314-darwin.so       0x0000000109c71284 PyInit__ctypes + 30012
8   python3.14                          0x000000010496a088 _PyObject_MakeTpCall + 304
9   python3.14                          0x0000000104aa9dbc _PyEval_EvalFrameDefault + 17660
10  python3.14                          0x0000000104aa53ac PyEval_EvalCode + 416
11  python3.14                          0x0000000104b22920 PyRun_InteractiveLoop + 1104
12  python3.14                          0x0000000104b1f95c PyErr_Print + 1492
13  python3.14                          0x0000000104b1f318 _PyThreadState_PopFrame + 404
14  python3.14                          0x0000000104b4a3e4 Py_BytesMain + 1092
15  python3.14                          0x0000000104b49cb0 Py_RunMain + 1572
16  python3.14                          0x0000000104b49f28 Py_Main + 368
17  python3.14                          0x0000000104b49fc8 Py_BytesMain + 40
18  dyld                                0x000000018cb344e4 start + 6992
------------------------------------------------------------------------
Unhandled SIGBUS: A bus error occurred.
This probably occurred because a *compiled* module has a bug
in it and is not properly wrapped with sig_on(), sig_off().
Python will now terminate.
------------------------------------------------------------------------
/usr/local/bin/sage: line 39: 54491 Bus error: 10           /usr/bin/env PYTHONUSERBASE="$USERBASE" SSL_CERT_FILE="$SSL_CERT_FILE" "$SYMLINK"/venv/bin/sage "$@"
{"curves": 0, "seconds": 0.0}
{"curves": 200, "seconds": 813.5}
{"curves": 0, "seconds": 0.0}
{"curves": 200, "seconds": 0.0}
{"curves": 400, "seconds": 86.7}
{"curves": 600, "seconds": 231.3}
{"curves": 800, "seconds": 348.2}
{"curves": 1000, "seconds": 456.8}
{"curves": 1200, "seconds": 553.6}
{"curves": 1400, "seconds": 618.9}
{"curves": 1600, "seconds": 669.4}
{"done": 1619, "seconds": 673.6}
