n19m2l7-geometric-s3-ht-walk-w1    complete               queries=  7392 total=51203030331 wall=11.0s
n19m2l7-geometric-s3-ht-walk-w2    complete               queries=  8400 total=57932045023 wall=10.7s
n19m2l7-geometric-s3-ht-walk-w3    complete               queries=  8982 total=60913567508 wall=11.8s
n19m2l6-geomtraceu-s4-ht-walk-w1   complete               queries=  6048 total=29165181744 wall=5.7s
n19m2l6-geomtraceu-s4-ht-walk-w2   complete               queries=  6261 total=29921399276 wall=6.4s
n19m2l6-geomtraceu-s4-ht-walk-w3   complete               queries=  9829 total=45796383345 wall=7.8s
n19m2l5-kertrace-s2-ht-walk-w1     complete               queries= 17589 total=102110314836 wall=4.8s
n19m2l5-kertrace-s2-ht-walk-w2     complete               queries= 34658 total=203313249357 wall=7.5s
n19m2l5-kertrace-s2-ht-walk-w3     complete               queries= 16042 total=93956594272 wall=4.9s
n19m2l7-prefix-s1-ht-walk-w1       complete               queries=  8655 total=56715435660 wall=11.1s
n19m2l7-prefix-s1-ht-walk-w2       complete               queries=  7058 total=47029116695 wall=10.7s
n19m2l7-prefix-s1-ht-walk-w3       complete               queries=  9218 total=60132598627 wall=11.2s
n19m2l9-random-s3-ht-walk-w1       complete               queries=  2488 total=791130434772 wall=32.4s
n19m2l9-random-s3-ht-walk-w2       complete               queries=  3850 total=1140595234555 wall=38.1s
n19m2l9-random-s3-ht-walk-w3       complete               queries=  3000 total=923334821448 wall=34.4s
n23m2l9-geometric-s2-ht-walk-w1    complete               queries= 65118 total=1155047579800 wall=68.4s
n23m2l9-geometric-s2-ht-walk-w2    complete               queries= 57610 total=1043710033630 wall=66.6s
n23m2l9-geometric-s2-ht-walk-w3    complete               queries= 47334 total=887882649526 wall=64.7s
n23m2l8-geomtraceu-s2-ht-walk-w1   complete               queries= 29745 total=258471173272 wall=29.4s
n23m2l8-geomtraceu-s2-ht-walk-w2   complete               queries= 61221 total=516262370470 wall=34.6s
n23m2l8-geomtraceu-s2-ht-walk-w3   complete               queries= 43845 total=374996202776 wall=32.7s
n23m2l11-kertrace-s4-ht-walk-w1    complete               queries=  7286 total=17808241208302 wall=378.7s
n23m2l11-kertrace-s4-ht-walk-w2    complete               queries=  7368 total=17995426309372 wall=403.1s
n23m2l11-kertrace-s4-ht-walk-w3    complete               queries= 11957 total=28778739014964 wall=546.9s
n23m2l8-prefix-s1-ht-walk-w1       complete               queries= 63904 total=465461246478 wall=34.2s
n23m2l8-prefix-s1-ht-walk-w2       complete               queries= 61774 total=450982756268 wall=33.6s
n23m2l8-prefix-s1-ht-walk-w3       complete               queries= 71234 total=516844772970 wall=34.1s
n23m2l11-random-s3-ht-walk-w1      complete               queries= 13427 total=24757591905156 wall=463.8s
n23m2l11-random-s3-ht-walk-w2      complete               queries= 12328 total=23463374214290 wall=437.3s
n23m2l11-random-s3-ht-walk-w3      complete               queries= 15795 total=27543655499634 wall=488.2s
30 runs in 1020s; 30 complete verified DLPs
