n19m2l7-geometric-s6-mxl-w1        complete               queries= 14696 total=718955306438 wall=20.0s
n19m2l7-geometric-s6-mxl-w2        complete               queries=  9765 total=470078732282 wall=16.1s
n19m2l7-geometric-s6-mxl-w3        complete               queries= 13915 total=673182963150 wall=18.4s
n19m2l6-geomtraceu-s4-mxl-w1       complete               queries=  6048 total=169041279446 wall=8.3s
n19m2l6-geomtraceu-s4-mxl-w2       complete               queries=  6261 total=173467564449 wall=8.7s
n19m2l6-geomtraceu-s4-mxl-w3       complete               queries=  9829 total=270163985814 wall=11.4s
n19m2l7-kertrace-s4-mxl-w1         complete               queries=  3491 total=574711267589 wall=10.5s
n19m2l7-kertrace-s4-mxl-w2         complete               queries=  7915 total=1265888772784 wall=13.9s
n19m2l7-kertrace-s4-mxl-w3         complete               queries=  8349 total=1346863793411 wall=15.1s
n19m2l7-prefix-s1-mxl-w1           complete               queries=  8655 total=374032932183 wall=14.5s
n19m2l7-prefix-s1-mxl-w2           complete               queries=  7058 total=311328532293 wall=13.3s
n19m2l7-prefix-s1-mxl-w3           complete               queries=  9218 total=403370317769 wall=14.8s
n19m2l7-random-s1-mxl-w1           complete               queries= 10541 total=1719580455809 wall=20.9s
n19m2l7-random-s1-mxl-w2           complete               queries=  6788 total=1120737445126 wall=17.1s
n19m2l7-random-s1-mxl-w3           complete               queries=  7066 total=1145417439192 wall=18.0s
n23m2l8-geometric-s6-mxl-w1        complete               queries= 81498 total=4887663641045 wall=83.9s
n23m2l8-geometric-s6-mxl-w2        complete               queries= 79613 total=4829560382047 wall=81.8s
n23m2l8-geometric-s6-mxl-w3        complete               queries= 99500 total=5967658541015 wall=96.7s
n23m2l8-geomtraceu-s5-mxl-w1       complete               queries= 40190 total=4033665800331 wall=55.9s
n23m2l8-geomtraceu-s5-mxl-w2       complete               queries= 35263 total=3573261037814 wall=51.7s
n23m2l8-geomtraceu-s5-mxl-w3       complete               queries= 30969 total=3112054342614 wall=49.0s
n23m2l6-kertrace-s5-mxl-w1         complete               queries=163580 total=5199805388514 wall=127.2s
n23m2l6-kertrace-s5-mxl-w2         complete               queries=151517 total=4973466205613 wall=126.3s
n23m2l6-kertrace-s5-mxl-w3         complete               queries=133391 total=4278089544066 wall=109.5s
n23m2l8-prefix-s1-mxl-w1           complete               queries= 63904 total=3626869803135 wall=71.2s
n23m2l8-prefix-s1-mxl-w2           complete               queries= 61774 total=3507654996567 wall=72.0s
n23m2l8-prefix-s1-mxl-w3           complete               queries= 71234 total=4059275281342 wall=79.0s
n23m2l8-random-s3-mxl-w1           complete               queries=102572 total=55439425053615 wall=196.8s
n23m2l8-random-s3-mxl-w2           complete               queries= 73310 total=39740493173997 wall=149.5s
n23m2l8-random-s3-mxl-w3           complete               queries= 89554 total=48580738792901 wall=175.1s
30 runs in 500s; 30 complete verified DLPs
