n19m2l5-geometric-s10-mxl-w1       complete               queries= 14373 total=315774160953 wall=10.9s
n19m2l5-geometric-s10-mxl-w2       complete               queries=  7627 total=179702002700 wall=7.6s
n19m2l5-geometric-s10-mxl-w3       complete               queries=  9678 total=208357857197 wall=8.6s
n19m2l5-geometric-s36-mxl-w1       complete               queries= 54403 total=1124930600680 wall=30.0s
n19m2l5-geometric-s36-mxl-w2       complete               queries= 24466 total=589686880792 wall=16.7s
n19m2l5-geometric-s36-mxl-w3       complete               queries= 21665 total=457156660258 wall=14.3s
n19m2l5-geometric-s26-mxl-w1       complete               queries= 42048 total=1138201915212 wall=27.0s
n19m2l5-geometric-s26-mxl-w2       complete               queries= 27979 total=703564475874 wall=17.4s
n19m2l5-geometric-s26-mxl-w3       complete               queries= 44034 total=1229472473242 wall=28.8s
n19m2l5-geomtraceu-s10-mxl-w1      complete               queries= 14257 total=316270463737 wall=10.9s
n19m2l5-geomtraceu-s10-mxl-w2      complete               queries=  6299 total=139620602626 wall=7.2s
n19m2l5-geomtraceu-s10-mxl-w3      complete               queries=  7878 total=166680209360 wall=7.5s
n19m2l5-geomtraceu-s46-mxl-w1      complete               queries= 27807 total=577334898878 wall=16.7s
n19m2l5-geomtraceu-s46-mxl-w2      complete               queries= 13683 total=315819427919 wall=10.1s
n19m2l5-geomtraceu-s46-mxl-w3      complete               queries= 15102 total=340754448695 wall=11.0s
n19m2l5-geomtraceu-s34-mxl-w1      complete               queries= 14178 total=354338732972 wall=10.5s
n19m2l5-geomtraceu-s34-mxl-w2      complete               queries= 26072 total=575367852002 wall=16.0s
n19m2l5-geomtraceu-s34-mxl-w3      complete               queries= 32350 total=665715367765 wall=18.7s
n19m2l5-kertrace-s25-mxl-w1        complete               queries= 10093 total=226218396942 wall=9.3s
n19m2l5-kertrace-s25-mxl-w2        complete               queries= 13457 total=279661223354 wall=10.6s
n19m2l5-kertrace-s25-mxl-w3        complete               queries=  5607 total=139158647333 wall=6.6s
n19m2l5-kertrace-s17-mxl-w1        complete               queries= 11350 total=245332525594 wall=9.2s
n19m2l5-kertrace-s17-mxl-w2        complete               queries= 34750 total=743222000158 wall=22.8s
n19m2l5-kertrace-s17-mxl-w3        complete               queries=  9559 total=224002606550 wall=8.2s
n19m2l5-kertrace-s13-mxl-w1        complete               queries=  9980 total=218067932050 wall=7.8s
n19m2l5-kertrace-s13-mxl-w2        complete               queries= 30936 total=803630411233 wall=23.5s
n19m2l5-kertrace-s13-mxl-w3        complete               queries= 21418 total=548666740677 wall=16.6s
n19m2l5-prefix-s1-mxl-w1           complete               queries= 42748 total=927786611097 wall=23.7s
n19m2l5-prefix-s1-mxl-w2           complete               queries= 38004 total=811217442772 wall=21.1s
n19m2l5-prefix-s1-mxl-w3           complete               queries= 36133 total=807334830830 wall=20.9s
n19m2l5-random-s36-mxl-w1          complete               queries= 25916 total=543747175364 wall=18.0s
n19m2l5-random-s36-mxl-w2          complete               queries= 15817 total=377221153002 wall=13.0s
n19m2l5-random-s36-mxl-w3          complete               queries= 16522 total=388701833160 wall=13.4s
n19m2l5-random-s44-mxl-w1          complete               queries= 59549 total=1264907669210 wall=37.2s
n19m2l5-random-s44-mxl-w2          complete               queries= 34181 total=776834971852 wall=23.3s
n19m2l5-random-s44-mxl-w3          complete               queries= 27837 total=717978168064 wall=21.3s
n19m2l5-random-s13-mxl-w1          complete               queries= 55986 total=1247868036388 wall=35.4s
n19m2l5-random-s13-mxl-w2          complete               queries= 68099 total=1400695158239 wall=41.3s
n19m2l5-random-s13-mxl-w3          complete               queries= 88536 total=1887748582377 wall=55.6s
n19m2l6-geometric-s12-mxl-w1       complete               queries= 16535 total=458473560251 wall=15.0s
n19m2l6-geometric-s12-mxl-w2       complete               queries=  8335 total=237294547257 wall=10.7s
n19m2l6-geometric-s12-mxl-w3       complete               queries= 13226 total=376428909509 wall=13.9s
n19m2l6-geometric-s42-mxl-w1       complete               queries= 20193 total=580426585916 wall=16.8s
n19m2l6-geometric-s42-mxl-w2       complete               queries= 19594 total=561204933407 wall=16.5s
n19m2l6-geometric-s42-mxl-w3       complete               queries= 14528 total=421033660571 wall=14.0s
n19m2l6-geometric-s6-mxl-w1        complete               queries= 76121 total=2125853735207 wall=46.8s
n19m2l6-geometric-s6-mxl-w2        complete               queries= 14362 total=429153361178 wall=12.4s
n19m2l6-geometric-s6-mxl-w3        complete               queries= 17491 total=496233085845 wall=13.4s
n19m2l6-geomtraceu-s4-mxl-w1       complete               queries=  6048 total=172660608449 wall=7.8s
n19m2l6-geomtraceu-s4-mxl-w2       complete               queries=  6261 total=174534810969 wall=8.7s
n19m2l6-geomtraceu-s4-mxl-w3       complete               queries=  9829 total=270062972773 wall=10.8s
n19m2l6-geomtraceu-s30-mxl-w1      complete               queries= 10767 total=312233350795 wall=10.3s
n19m2l6-geomtraceu-s30-mxl-w2      complete               queries=  7928 total=217685740227 wall=8.8s
n19m2l6-geomtraceu-s30-mxl-w3      complete               queries=  5983 total=175422857524 wall=7.3s
n19m2l6-geomtraceu-s11-mxl-w1      complete               queries=  8058 total=234963157334 wall=7.8s
n19m2l6-geomtraceu-s11-mxl-w2      complete               queries= 15716 total=449042567293 wall=12.5s
n19m2l6-geomtraceu-s11-mxl-w3      complete               queries=  6016 total=192574760043 wall=7.6s
n19m2l6-kertrace-s31-mxl-w1        complete               queries=  9392 total=309738115190 wall=11.8s
n19m2l6-kertrace-s31-mxl-w2        complete               queries=  9132 total=295233881270 wall=11.3s
n19m2l6-kertrace-s31-mxl-w3        complete               queries=  8290 total=268431258324 wall=11.0s
n19m2l6-kertrace-s30-mxl-w1        complete               queries=  8122 total=253894506820 wall=10.2s
n19m2l6-kertrace-s30-mxl-w2        complete               queries=  6908 total=238468491522 wall=9.2s
n19m2l6-kertrace-s30-mxl-w3        complete               queries=  9882 total=306735249064 wall=11.7s
n19m2l6-kertrace-s37-mxl-w1        complete               queries=  8791 total=286295565243 wall=10.2s
n19m2l6-kertrace-s37-mxl-w2        complete               queries= 13401 total=427316522248 wall=13.1s
n19m2l6-kertrace-s37-mxl-w3        complete               queries= 19004 total=600493350658 wall=16.5s
n19m2l6-prefix-s1-mxl-w1           complete               queries= 38284 total=1078536713072 wall=26.2s
n19m2l6-prefix-s1-mxl-w2           complete               queries= 18442 total=513790858213 wall=14.7s
n19m2l6-prefix-s1-mxl-w3           complete               queries= 21980 total=631004665115 wall=17.2s
n19m2l6-random-s29-mxl-w1          complete               queries=  8439 total=283003643820 wall=10.6s
n19m2l6-random-s29-mxl-w2          complete               queries=  9336 total=295115601327 wall=10.5s
n19m2l6-random-s29-mxl-w3          complete               queries= 11845 total=375228892717 wall=12.5s
n19m2l6-random-s17-mxl-w1          complete               queries= 34768 total=1130605969920 wall=28.8s
n19m2l6-random-s17-mxl-w2          complete               queries= 27844 total=897890283523 wall=24.6s
n19m2l6-random-s17-mxl-w3          complete               queries= 24207 total=792841179218 wall=21.6s
n19m2l6-random-s28-mxl-w1          complete               queries=139163 total=4221442294403 wall=99.1s
n19m2l6-random-s28-mxl-w2          complete               queries= 22887 total=773391131778 wall=20.0s
n19m2l6-random-s28-mxl-w3          complete               queries= 63558 total=2007934735328 wall=48.6s
n19m2l7-geometric-s11-mxl-w1       complete               queries= 11260 total=484922155409 wall=18.1s
n19m2l7-geometric-s11-mxl-w2       complete               queries=  8376 total=348183702119 wall=15.9s
n19m2l7-geometric-s11-mxl-w3       complete               queries=  7154 total=305764165651 wall=13.0s
n19m2l7-geometric-s35-mxl-w1       complete               queries=  7924 total=347604397427 wall=14.3s
n19m2l7-geometric-s35-mxl-w2       complete               queries= 11045 total=453604709406 wall=17.0s
n19m2l7-geometric-s35-mxl-w3       complete               queries= 10806 total=426782118237 wall=16.5s
n19m2l7-geometric-s34-mxl-w1       complete               queries=  9289 total=376592425495 wall=13.3s
n19m2l7-geometric-s34-mxl-w2       complete               queries= 29411 total=1139147802951 wall=27.9s
n19m2l7-geometric-s34-mxl-w3       complete               queries=  9851 total=402248604394 wall=14.9s
n19m2l7-geomtraceu-s3-mxl-w1       complete               queries=  6040 total=300295858937 wall=10.9s
n19m2l7-geomtraceu-s3-mxl-w2       complete               queries=  7204 total=340162544267 wall=12.4s
n19m2l7-geomtraceu-s3-mxl-w3       complete               queries=  5124 total=245922522232 wall=10.5s
n19m2l7-geomtraceu-s37-mxl-w1      complete               queries=  5723 total=283453447319 wall=9.9s
n19m2l7-geomtraceu-s37-mxl-w2      complete               queries=  5794 total=274514380910 wall=11.8s
n19m2l7-geomtraceu-s37-mxl-w3      complete               queries=  9214 total=414683327984 wall=13.0s
n19m2l7-geomtraceu-s9-mxl-w1       complete               queries=  4821 total=255491974613 wall=10.1s
n19m2l7-geomtraceu-s9-mxl-w2       complete               queries=  4531 total=228948791037 wall=10.1s
n19m2l7-geomtraceu-s9-mxl-w3       complete               queries=  6105 total=306685242149 wall=11.1s
n19m2l7-kertrace-s22-mxl-w1        complete               queries=  3579 total=283063621453 wall=10.3s
n19m2l7-kertrace-s22-mxl-w2        complete               queries=  5058 total=400968379458 wall=11.8s
n19m2l7-kertrace-s22-mxl-w3        complete               queries=  3682 total=301324371866 wall=10.1s
n19m2l7-kertrace-s21-mxl-w1        complete               queries=  4565 total=375367794894 wall=11.2s
n19m2l7-kertrace-s21-mxl-w2        complete               queries=  4042 total=307564249875 wall=10.2s
n19m2l7-kertrace-s21-mxl-w3        complete               queries=  3010 total=263045362128 wall=8.7s
n19m2l7-kertrace-s15-mxl-w1        complete               queries= 12189 total=960826163317 wall=17.2s
n19m2l7-kertrace-s15-mxl-w2        complete               queries=  8034 total=629211801415 wall=12.9s
n19m2l7-kertrace-s15-mxl-w3        complete               queries=  4502 total=365730076733 wall=10.8s
n19m2l7-prefix-s1-mxl-w1           complete               queries=  8655 total=358204248005 wall=14.6s
n19m2l7-prefix-s1-mxl-w2           complete               queries=  7058 total=295188974728 wall=13.7s
n19m2l7-prefix-s1-mxl-w3           complete               queries=  9218 total=380269580214 wall=15.0s
n19m2l7-random-s47-mxl-w1          complete               queries=  3325 total=265631297739 wall=8.9s
n19m2l7-random-s47-mxl-w2          complete               queries=  4301 total=337541743904 wall=9.8s
n19m2l7-random-s47-mxl-w3          complete               queries=  9551 total=724474118766 wall=15.2s
n19m2l7-random-s8-mxl-w1           complete               queries=  9319 total=709465239429 wall=16.8s
n19m2l7-random-s8-mxl-w2           complete               queries= 12577 total=978443941160 wall=20.4s
n19m2l7-random-s8-mxl-w3           complete               queries=  9115 total=719110331142 wall=17.2s
n19m2l7-random-s41-mxl-w1          complete               queries= 17002 total=1314392419714 wall=24.5s
n19m2l7-random-s41-mxl-w2          complete               queries= 11501 total=915190256463 wall=18.5s
n19m2l7-random-s41-mxl-w3          complete               queries= 22162 total=1698892757566 wall=29.9s
117 runs in 506s; 117 complete verified DLPs
