| n | l | family | log2 |F| | dim span(F+F) | dim span(F) | dim span(F)^(2) | d_lin | progression | excess |
|---|---|---|---|---|---|---|---|---|---|
| 23 | 8 | progression | 8.0 | 8 | 8 | 15 | 0 | 0 | 0 |
| 23 | 8 | cube | 8.0 | 21 | 21 | 23 | 20 | 0 | 20 |
| 23 | 8 | fifth | 8.0 | 23 | 23 | 23 | 22 | 0 | 22 |
| 23 | 8 | union | 7.994 | 14 | 14 | 23 | 13 | 0 | 13 |
| 23 | 8 | random | 8.0 | 23 | 23 | 23 | 22 | 0 | 22 |
| 23 | 10 | progression | 10.0 | 10 | 10 | 19 | 5 | 5 | 0 |
| 23 | 10 | cube | 10.0 | 23 | 23 | 23 | 22 | 5 | 17 |
| 23 | 10 | fifth | 10.0 | 23 | 23 | 23 | 22 | 5 | 17 |
| 23 | 10 | union | 9.999 | 18 | 18 | 23 | 17 | 5 | 12 |
| 23 | 10 | random | 10.0 | 23 | 23 | 23 | 22 | 5 | 17 |
| 23 | 12 | progression | 12.0 | 12 | 12 | 23 | 11 | 11 | 0 |
| 23 | 12 | cube | 12.0 | 23 | 23 | 23 | 22 | 11 | 11 |
| 23 | 12 | fifth | 12.0 | 23 | 23 | 23 | 22 | 11 | 11 |
| 23 | 12 | union | 11.999 | 21 | 21 | 23 | 20 | 11 | 9 |
| 23 | 12 | random | 12.0 | 23 | 23 | 23 | 22 | 11 | 11 |
| 41 | 14 | progression | 14.0 | 14 | 14 | 27 | 0 | 0 | 0 |
| 41 | 14 | cube | 14.0 | 39 | 39 | 41 | 38 | 0 | 38 |
| 41 | 14 | fifth | 14.0 | 41 | 41 | 41 | 40 | 0 | 40 |
| 41 | 14 | union | 14.0 | 26 | 26 | 41 | 25 | 0 | 25 |
| 41 | 14 | random | 14.0 | 41 | 41 | 41 | 40 | 0 | 40 |
| 41 | 16 | progression | 16.0 | 16 | 16 | 31 | 5 | 5 | 0 |
| 41 | 16 | cube | 16.0 | 41 | 41 | 41 | 40 | 5 | 35 |
| 41 | 16 | fifth | 16.0 | 41 | 41 | 41 | 40 | 5 | 35 |
| 41 | 16 | union | 16.0 | 30 | 30 | 41 | 29 | 5 | 24 |
| 41 | 16 | random | 16.0 | 41 | 41 | 41 | 40 | 5 | 35 |
| 41 | 18 | progression | 18.0 | 18 | 18 | 35 | 11 | 11 | 0 |
| 41 | 18 | cube | 18.0 | 41 | 41 | 41 | 40 | 11 | 29 |
| 41 | 18 | fifth | 18.0 | 41 | 41 | 41 | 40 | 11 | 29 |
| 41 | 18 | union | 18.0 | 34 | 34 | 41 | 33 | 11 | 22 |
| 41 | 18 | random | 18.0 | 41 | 41 | 41 | 40 | 11 | 29 |
