n19 l4 prefix     s1    B= 14 C=  7/7 p=0.00032 Q=    50266 ±  19977 ops=7.504e+11
n19 l4 geometric  s1    B= 20 C= 10/9 p=0.00057 Q=    86802 ±  63112 ops=1.296e+12
n19 l4 geometric  s2    B= 18 C=  9/8 p=0.00037 Q=    47491 ±  17171 ops=7.090e+11
n19 l4 geometric  s3    B= 16 C=  8/7 p=0.00024 Q=    73205 ±  29397 ops=1.093e+12
n19 l4 geometric  s4    B= 12 C=  6/5 p=0.00015 Q=   111301 ±  69669 ops=1.661e+12
n19 l4 geometric  s5    B= 18 C=  9/8 p=0.00034 Q=    86751 ±  55987 ops=1.295e+12
n19 l4 geometric  s6    B= 12 C=  6/5 p=0.00014 Q=   109412 ±  57070 ops=1.633e+12
n19 l4 geometric  s7    B= 20 C= 10/9 p=0.00061 Q=    43687 ±  18321 ops=6.523e+11
n19 l4 geometric  s8    B= 16 C=  8/7 p=0.00038 Q=    86961 ±  55934 ops=1.298e+12
n19 l4 geometric  s9    B= 18 C=  9/8 p=0.00046 Q=    44851 ±  18003 ops=6.696e+11
n19 l4 geometric  s10   B= 18 C=  9/8 p=0.00037 Q=    66400 ±  31860 ops=9.912e+11
n19 l4 geometric  s11   B= 16 C=  8/7 p=0.00043 Q=    90129 ±  67555 ops=1.345e+12
n19 l4 geometric  s12   B= 20 C= 10/9 p=0.00038 Q=    56135 ±  20635 ops=8.379e+11
n19 l4 geometric  s13   B= 16 C=  8/7 p=0.00029 Q=    75196 ±  35054 ops=1.123e+12
n19 l4 geometric  s14   B= 18 C=  9/8 p=0.00032 Q=    60653 ±  22895 ops=9.053e+11
n19 l4 geometric  s15   B= 12 C=  6/5 p=0.00014 Q=    94297 ±  38965 ops=1.407e+12
n19 l4 geometric  s16   B= 12 C=  6/5 p=0.00021 Q=   115946 ±  69709 ops=1.730e+12
n19 l4 geometric  s17   B= 12 C=  6/5 p=0.00015 Q=   109476 ±  64085 ops=1.634e+12
n19 l4 geometric  s18   B= 14 C=  7/6 p=0.00021 Q=    64973 ±  25492 ops=9.699e+11
n19 l4 geometric  s19   B= 12 C=  6/5 p=0.00018 Q=    72666 ±  35871 ops=1.085e+12
n19 l4 geometric  s20   B= 10 C=  5/4 p=0.00011 Q=    93682 ±  42282 ops=1.398e+12
n19 l4 geometric  s21   B= 14 C=  7/6 p=0.00018 Q=    80936 ±  30715 ops=1.208e+12
n19 l4 geometric  s22   B= 22 C= 11/10 p=0.00055 Q=    79330 ±  58653 ops=1.184e+12
n19 l4 geometric  s23   B= 12 C=  6/6 p=0.00032 Q=    42901 ±  16991 ops=6.403e+11
n19 l4 geometric  s24   B= 18 C=  9/8 p=0.00032 Q=    62633 ±  26631 ops=9.349e+11
n19 l4 geometric  s25   B= 20 C= 10/9 p=0.00038 Q=    55566 ±  20619 ops=8.295e+11
n19 l4 geometric  s26   B= 16 C=  8/7 p=0.00034 Q=    48124 ±  20730 ops=7.184e+11
n19 l4 geometric  s27   B= 16 C=  8/7 p=0.00034 Q=    49715 ±  20469 ops=7.421e+11
n19 l4 geometric  s28   B= 16 C=  8/7 p=0.00024 Q=    72468 ±  33585 ops=1.082e+12
n19 l4 geometric  s29   B= 12 C=  6/5 p=0.00014 Q=   105512 ±  55117 ops=1.575e+12
n19 l4 geometric  s30   B= 14 C=  7/6 p=0.00024 Q=    55056 ±  20519 ops=8.218e+11
n19 l4 geometric  s31   B= 18 C=  9/8 p=0.00032 Q=    64987 ±  28918 ops=9.701e+11
n19 l4 geometric  s32   B= 16 C=  8/7 p=0.00034 Q=    48266 ±  19284 ops=7.205e+11
n19 l4 geometric  s33   B= 14 C=  7/6 p=0.00021 Q=    77374 ±  36983 ops=1.155e+12
n19 l4 geometric  s34   B= 20 C= 10/9 p=0.00040 Q=    59062 ±  28019 ops=8.817e+11
n19 l4 geometric  s35   B= 18 C=  9/8 p=0.00034 Q=    81527 ±  55786 ops=1.217e+12
n19 l4 geometric  s36   B= 18 C=  9/8 p=0.00034 Q=    65801 ±  29064 ops=9.822e+11
n19 l4 geometric  s37   B= 16 C=  8/7 p=0.00028 Q=    90490 ±  59474 ops=1.351e+12
n19 l4 geometric  s38   B= 20 C= 10/9 p=0.00038 Q=    55829 ±  21228 ops=8.335e+11
n19 l4 geometric  s39   B= 12 C=  6/5 p=0.00018 Q=    95448 ±  64000 ops=1.425e+12
n19 l4 geometric  s40   B= 14 C=  7/6 p=0.00024 Q=    88285 ±  59844 ops=1.318e+12
n19 l4 geometric  s41   B= 12 C=  6/5 p=0.00015 Q=   107215 ±  62033 ops=1.600e+12
n19 l4 geometric  s42   B= 12 C=  6/5 p=0.00032 Q=    72728 ±  55737 ops=1.086e+12
n19 l4 geometric  s43   B= 12 C=  6/5 p=0.00021 Q=   110800 ±  64120 ops=1.654e+12
n19 l4 geometric  s44   B= 16 C=  8/7 p=0.00034 Q=    48889 ±  19255 ops=7.299e+11
n19 l4 geometric  s45   B= 16 C=  8/7 p=0.00024 Q=    70501 ±  28798 ops=1.052e+12
n19 l4 geometric  s46   B= 16 C=  8/7 p=0.00024 Q=    71016 ±  30602 ops=1.060e+12
n19 l4 geometric  s47   B= 16 C=  8/7 p=0.00024 Q=    72451 ±  31677 ops=1.081e+12
n19 l4 geometric  s48   B= 20 C= 10/9 p=0.00040 Q=    60034 ±  25921 ops=8.962e+11
n19 l4 geomtraceu s1    B= 14 C=  7/7 p=0.00043 Q=    33387 ±  12518 ops=4.985e+11
n19 l4 geomtraceu s2    B=  6 C=  3/3 p=0.00011 Q=   101183 ±  63588 ops=1.510e+12
n19 l4 geomtraceu s3    B= 14 C=  7/7 p=0.00044 Q=    37236 ±  15502 ops=5.559e+11
n19 l4 geomtraceu s4    B= 10 C=  5/5 p=0.00032 Q=    73653 ±  59668 ops=1.099e+12
n19 l4 geomtraceu s5    B= 20 C= 10/10 p=0.00116 Q=    40395 ±  25821 ops=6.042e+11
n19 l4 geomtraceu s6    B= 16 C=  8/8 p=0.00070 Q=    40491 ±  23258 ops=6.045e+11
n19 l4 geomtraceu s7    B= 16 C=  8/8 p=0.00087 Q=    71961 ±  63810 ops=1.074e+12
n19 l4 geomtraceu s8    B= 18 C=  9/9 p=0.00069 Q=    27679 ±   9594 ops=4.133e+11
n19 l4 geomtraceu s9    B= 20 C= 10/10 p=0.00089 Q=    25190 ±   9725 ops=3.763e+11
n19 l4 geomtraceu s10   B= 14 C=  7/7 p=0.00052 Q=    45611 ±  26208 ops=6.809e+11
n19 l4 geomtraceu s11   B= 10 C=  5/5 p=0.00024 Q=    54151 ±  26085 ops=8.083e+11
n19 l4 geomtraceu s12   B= 12 C=  6/6 p=0.00041 Q=    45620 ±  28201 ops=6.816e+11
n19 l4 geomtraceu s13   B= 16 C=  8/8 p=0.00060 Q=    34215 ±  16346 ops=5.109e+11
n19 l4 geomtraceu s14   B= 18 C=  9/9 p=0.00078 Q=    32658 ±  15061 ops=4.877e+11
n19 l4 geomtraceu s15   B= 24 C= 12/12 p=0.00142 Q=    24731 ±  12783 ops=3.694e+11
n19 l4 geomtraceu s16   B= 20 C= 10/10 p=0.00086 Q=    24622 ±   9151 ops=3.678e+11
n19 l4 geomtraceu s17   B= 22 C= 11/11 p=0.00102 Q=    22457 ±   8250 ops=3.355e+11
n19 l4 geomtraceu s18   B= 16 C=  8/8 p=0.00064 Q=    33631 ±  17123 ops=5.021e+11
n19 l4 geomtraceu s19   B= 24 C= 12/12 p=0.00119 Q=    21234 ±   7416 ops=3.173e+11
n19 l4 geomtraceu s20   B= 16 C=  8/8 p=0.00057 Q=    31386 ±  13338 ops=4.686e+11
n19 l4 geomtraceu s21   B= 18 C=  9/9 p=0.00073 Q=    28020 ±  11794 ops=4.184e+11
n19 l4 geomtraceu s22   B= 22 C= 11/11 p=0.00110 Q=    25384 ±  10161 ops=3.792e+11
n19 l4 geomtraceu s23   B= 10 C=  5/5 p=0.00023 Q=    49528 ±  20772 ops=7.392e+11
n19 l4 geomtraceu s24   B= 14 C=  7/7 p=0.00043 Q=    35797 ±  14536 ops=5.344e+11
n19 l4 geomtraceu s25   B= 18 C=  9/9 p=0.00069 Q=    26609 ±   8874 ops=3.974e+11
n19 l4 geomtraceu s26   B= 18 C=  9/9 p=0.00069 Q=    27023 ±   9856 ops=4.036e+11
n19 l4 geomtraceu s27   B= 18 C=  9/9 p=0.00069 Q=    27220 ±  10359 ops=4.065e+11
n19 l4 geomtraceu s28   B= 14 C=  7/7 p=0.00043 Q=    34633 ±  13304 ops=5.171e+11
n19 l4 geomtraceu s29   B= 18 C=  9/9 p=0.00070 Q=    28382 ±  10650 ops=4.247e+11
n19 l4 geomtraceu s30   B= 16 C=  8/8 p=0.00064 Q=    32961 ±  17162 ops=4.922e+11
n19 l4 geomtraceu s31   B= 10 C=  5/5 p=0.00038 Q=    25659 ±   9702 ops=3.831e+11
n19 l4 geomtraceu s32   B= 12 C=  6/6 p=0.00032 Q=    40950 ±  16517 ops=6.124e+11
n19 l4 geomtraceu s33   B= 18 C=  9/9 p=0.00070 Q=    28387 ±  10530 ops=4.239e+11
n19 l4 geomtraceu s34   B= 14 C=  7/7 p=0.00044 Q=    38001 ±  15142 ops=5.673e+11
n19 l4 geomtraceu s35   B= 18 C=  9/9 p=0.00069 Q=    27263 ±   9470 ops=4.071e+11
n19 l4 geomtraceu s36   B= 12 C=  6/6 p=0.00034 Q=    41565 ±  19547 ops=6.205e+11
n19 l4 geomtraceu s37   B= 16 C=  8/8 p=0.00078 Q=    40003 ±  31404 ops=5.972e+11
n19 l4 geomtraceu s38   B= 12 C=  6/6 p=0.00047 Q=    79614 ±  71734 ops=1.188e+12
n19 l4 geomtraceu s39   B= 14 C=  7/7 p=0.00044 Q=    36945 ±  14872 ops=5.515e+11
n19 l4 geomtraceu s40   B= 14 C=  7/7 p=0.00052 Q=    44959 ±  24534 ops=6.722e+11
n19 l4 geomtraceu s41   B= 22 C= 11/11 p=0.00101 Q=    23194 ±   8288 ops=3.470e+11
n19 l4 geomtraceu s42   B= 16 C=  8/8 p=0.00057 Q=    31110 ±  12004 ops=4.645e+11
n19 l4 geomtraceu s43   B=  8 C=  4/4 p=0.00020 Q=    81375 ±  59139 ops=1.214e+12
n19 l4 geomtraceu s44   B= 26 C= 13/13 p=0.00154 Q=    21118 ±   8171 ops=3.155e+11
n19 l4 geomtraceu s45   B= 18 C=  9/9 p=0.00073 Q=    28572 ±  11201 ops=4.266e+11
n19 l4 geomtraceu s46   B= 14 C=  7/7 p=0.00044 Q=    37199 ±  14617 ops=5.553e+11
n19 l4 geomtraceu s47   B= 22 C= 11/11 p=0.00102 Q=    22939 ±   8175 ops=3.427e+11
n19 l4 geomtraceu s48   B= 20 C= 10/10 p=0.00116 Q=    40254 ±  25121 ops=6.019e+11
n19 l4 geomtrace  s1    B= 22 C= 11/11 p=0.00102 Q=    23040 ±   7876 ops=3.443e+11
n19 l4 geomtrace  s2    B= 12 C=  6/6 p=0.00034 Q=    40387 ±  17627 ops=6.030e+11
n19 l4 geomtrace  s3    B= 14 C=  7/7 p=0.00047 Q=    34670 ±  15329 ops=5.176e+11
n19 l4 geomtrace  s4    B= 20 C= 10/10 p=0.00084 Q=    25313 ±   8735 ops=3.781e+11
n19 l4 geomtrace  s5    B= 14 C=  7/7 p=0.00044 Q=    35727 ±  14837 ops=5.334e+11
n19 l4 geomtrace  s6    B= 16 C=  8/8 p=0.00070 Q=    41184 ±  25548 ops=6.149e+11
n19 l4 geomtrace  s7    B= 18 C=  9/9 p=0.00069 Q=    27940 ±  10244 ops=4.174e+11
n19 l4 geomtrace  s8    B= 22 C= 11/11 p=0.00102 Q=    22763 ±   9037 ops=3.401e+11
n19 l4 geomtrace  s9    B= 12 C=  6/6 p=0.00047 Q=    73958 ±  65899 ops=1.104e+12
n19 l4 geomtrace  s10   B= 16 C=  8/8 p=0.00050 Q=    30848 ±  11326 ops=4.606e+11
n19 l4 geomtrace  s11   B= 14 C=  7/7 p=0.00044 Q=    36991 ±  15567 ops=5.523e+11
n19 l4 geomtrace  s12   B= 12 C=  6/6 p=0.00041 Q=    44383 ±  28336 ops=6.627e+11
n19 l4 geomtrace  s13   B= 14 C=  7/7 p=0.00058 Q=    42374 ±  29118 ops=6.326e+11
n19 l4 geomtrace  s14   B= 18 C=  9/9 p=0.00069 Q=    27206 ±  10149 ops=4.063e+11
n19 l4 geomtrace  s15   B= 16 C=  8/8 p=0.00057 Q=    31196 ±  12291 ops=4.659e+11
n19 l4 geomtrace  s16   B= 12 C=  6/6 p=0.00037 Q=    48591 ±  28832 ops=7.253e+11
n19 l4 geomtrace  s17   B= 14 C=  7/7 p=0.00044 Q=    37337 ±  15436 ops=5.574e+11
n19 l4 geomtrace  s18   B= 14 C=  7/7 p=0.00043 Q=    34616 ±  13414 ops=5.169e+11
n19 l4 geomtrace  s19   B= 16 C=  8/8 p=0.00087 Q=    73417 ±  67613 ops=1.096e+12
n19 l4 geomtrace  s20   B= 20 C= 10/10 p=0.00107 Q=    30009 ±  16878 ops=4.481e+11
n19 l4 geomtrace  s21   B= 12 C=  6/6 p=0.00034 Q=    39620 ±  17426 ops=5.915e+11
n19 l4 geomtrace  s22   B=  8 C=  4/4 p=0.00015 Q=    65430 ±  28670 ops=9.768e+11
n19 l4 geomtrace  s23   B=  8 C=  4/4 p=0.00015 Q=    66221 ±  28460 ops=9.886e+11
n19 l4 geomtrace  s24   B= 12 C=  6/6 p=0.00047 Q=    82452 ±  70478 ops=1.231e+12
n19 l4 geomtrace  s25   B= 12 C=  6/6 p=0.00047 Q=    70493 ±  58844 ops=1.052e+12
n19 l4 geomtrace  s26   B= 16 C=  8/8 p=0.00055 Q=    30388 ±  10756 ops=4.546e+11
n19 l4 geomtrace  s27   B= 10 C=  5/5 p=0.00024 Q=    55604 ±  26347 ops=8.301e+11
n19 l4 geomtrace  s28   B= 18 C=  9/9 p=0.00084 Q=    31922 ±  18198 ops=4.767e+11
n19 l4 geomtrace  s29   B= 12 C=  6/6 p=0.00032 Q=    42664 ±  18407 ops=6.370e+11
n19 l4 geomtrace  s30   B= 16 C=  8/8 p=0.00057 Q=    31709 ±  13630 ops=4.735e+11
n19 l4 geomtrace  s31   B= 16 C=  8/8 p=0.00070 Q=    43656 ±  26104 ops=6.517e+11
n19 l4 geomtrace  s32   B= 10 C=  5/5 p=0.00038 Q=    26107 ±  10256 ops=3.898e+11
n19 l4 geomtrace  s33   B= 16 C=  8/8 p=0.00060 Q=    33994 ±  14707 ops=5.076e+11
n19 l4 geomtrace  s34   B= 14 C=  7/7 p=0.00044 Q=    37399 ±  15482 ops=5.584e+11
n19 l4 geomtrace  s35   B= 12 C=  6/6 p=0.00041 Q=    45606 ±  31012 ops=6.807e+11
n19 l4 geomtrace  s36   B= 18 C=  9/9 p=0.00092 Q=    43105 ±  26801 ops=6.436e+11
n19 l4 geomtrace  s37   B= 16 C=  8/8 p=0.00057 Q=    30235 ±  12207 ops=4.515e+11
n19 l4 geomtrace  s38   B= 20 C= 10/10 p=0.00084 Q=    25297 ±   8508 ops=3.786e+11
n19 l4 geomtrace  s39   B= 18 C=  9/9 p=0.00073 Q=    28564 ±  11734 ops=4.265e+11
n19 l4 geomtrace  s40   B= 14 C=  7/7 p=0.00044 Q=    36630 ±  15660 ops=5.470e+11
n19 l4 geomtrace  s41   B=  8 C=  4/4 p=0.00015 Q=    63891 ±  28144 ops=9.537e+11
n19 l4 geomtrace  s42   B= 20 C= 10/10 p=0.00089 Q=    26199 ±  10545 ops=3.915e+11
n19 l4 geomtrace  s43   B= 16 C=  8/8 p=0.00087 Q=    71871 ±  70086 ops=1.073e+12
n19 l4 geomtrace  s44   B= 16 C=  8/8 p=0.00055 Q=    31731 ±  12961 ops=4.739e+11
n19 l4 geomtrace  s45   B= 14 C=  7/7 p=0.00043 Q=    35061 ±  13387 ops=5.235e+11
n19 l4 geomtrace  s46   B=  8 C=  4/4 p=0.00017 Q=    59089 ±  28210 ops=8.820e+11
n19 l4 geomtrace  s47   B= 12 C=  6/6 p=0.00032 Q=    41575 ±  16900 ops=6.216e+11
n19 l4 geomtrace  s48   B= 16 C=  8/8 p=0.00060 Q=    34964 ±  15700 ops=5.228e+11
n19 l4 kertrace   s1    B= 12 C=  6/6 p=0.00047 Q=    74089 ±  61587 ops=1.107e+12
n19 l4 kertrace   s2    B= 12 C=  6/6 p=0.00032 Q=    42776 ±  17106 ops=6.395e+11
n19 l4 kertrace   s3    B= 18 C=  9/9 p=0.00070 Q=    28688 ±  10173 ops=4.290e+11
n19 l4 kertrace   s4    B= 14 C=  7/7 p=0.00043 Q=    35076 ±  13452 ops=5.243e+11
n19 l4 kertrace   s5    B= 22 C= 11/11 p=0.00110 Q=    25881 ±  11514 ops=3.871e+11
n19 l4 kertrace   s6    B= 10 C=  5/5 p=0.00023 Q=    49753 ±  19845 ops=7.437e+11
n19 l4 kertrace   s7    B= 12 C=  6/6 p=0.00041 Q=    43377 ±  29333 ops=6.484e+11
n19 l4 kertrace   s8    B=  8 C=  4/4 p=0.00017 Q=    61644 ±  29771 ops=9.211e+11
n19 l4 kertrace   s9    B= 14 C=  7/7 p=0.00044 Q=    37160 ±  15053 ops=5.555e+11
n19 l4 kertrace   s10   B= 16 C=  8/8 p=0.00057 Q=    30347 ±  11405 ops=4.537e+11
n19 l4 kertrace   s11   B= 12 C=  6/6 p=0.00032 Q=    40067 ±  15600 ops=5.989e+11
n19 l4 kertrace   s12   B= 12 C=  6/6 p=0.00034 Q=    42034 ±  18094 ops=6.281e+11
n19 l4 kertrace   s13   B= 12 C=  6/6 p=0.00032 Q=    41533 ±  16393 ops=6.208e+11
n19 l4 kertrace   s14   B= 10 C=  5/5 p=0.00032 Q=    79991 ±  70201 ops=1.195e+12
n19 l4 kertrace   s15   B= 22 C= 11/11 p=0.00116 Q=    26445 ±  12838 ops=3.954e+11
n19 l4 kertrace   s16   B= 12 C=  6/6 p=0.00047 Q=    75880 ±  63593 ops=1.134e+12
n19 l4 kertrace   s17   B= 16 C=  8/8 p=0.00087 Q=    73579 ±  66385 ops=1.100e+12
n19 l4 kertrace   s18   B= 16 C=  8/8 p=0.00060 Q=    34514 ±  16183 ops=5.160e+11
