residual-n23.jsonl         n=23 l= 9 mxl              rows= 36 targets= 20 PS1N23Ckb1fb504PDP2hthd18f7629b0fc W705b1070a327
residual-n23.jsonl         n=23 l=10 mxl              rows= 39 targets= 20 PS1N23Ckb1fb1074PDP2hthef5c705eed18 W95f7ead1817f
residual-n23.jsonl         n=23 l=11 mxl              rows= 40 targets= 20 PS1N23Ckb1fb2078PDP2hth6ca69790752c W0079d154b9a5
residual-n23.jsonl         n=23 l=12 mxl              rows= 24 targets= 12 PS1N23Ckb1fb4130PDP2hthf333eddc0748 Wfb5b2059c91b
residual-n23.jsonl         n=23 l=13 mxl              rows= 24 targets= 12 PS1N23Ckb1fb8182PDP2hthbe7b1d77c21d W714ffffa75e5
certificate-n41.jsonl      n=41 l=15 plain-t-macaulay rows=  4 targets=  3 PS1N41Ckb1fb32692PDP2hth9d14580caa32 Wd68960d13097
residual-n41.jsonl         n=41 l=15 mxl              rows= 40 targets= 20 PS1N41Ckb1fb32692PDP2hth4667a0968cd2 W4324f35e3cff
certificate-n41.jsonl      n=41 l=16 plain-t-macaulay rows= 12 targets=  3 PS1N41Ckb1fb65818PDP2hth595840c4084b W00e6c5560569
residual-n41.jsonl         n=41 l=16 mxl              rows= 38 targets= 20 PS1N41Ckb1fb65818PDP2hth4fff117d10b8 Wf80aba75c38f
certificate-n41.jsonl      n=41 l=17 plain-t-macaulay rows= 18 targets=  3 PS1N41Ckb1fb131098PDP2hth9cbd148c34f8 Wcfbe8d331d15
cms-scan.jsonl             n=41 l=17 cms              rows=  8 targets=  8 PS1N41Ckb1fb131098PDP2hthb978c5a6089d W34df95b0f352
enum-scan.jsonl            n=41 l=17 ht-c             rows=  8 targets=  8 PS1N41Ckb1fb131098PDP2hthdbb7b90edab4 W34df95b0f352
residual-n41.jsonl         n=41 l=17 mxl              rows= 40 targets= 20 PS1N41Ckb1fb131098PDP2hth94c3195ad62e W9112ff664a1f
residual-tmxl.jsonl        n=41 l=17 tmxl             rows=  6 targets=  3 PS1N41Ckb1fb131098PDP2htha0ff06c1638c Wc4afa7744e72
certificate-n41.jsonl      n=41 l=18 plain-t-macaulay rows= 18 targets=  3 PS1N41Ckb1fb261930PDP2hth454e894c9f32 W3d3733bb301b
cms-scan.jsonl             n=41 l=18 cms              rows=  8 targets=  8 PS1N41Ckb1fb261930PDP2hth6f1efef4e9f3 Wb1f5a3fe35c8
enum-scan.jsonl            n=41 l=18 ht-c             rows=  8 targets=  8 PS1N41Ckb1fb261930PDP2hth67fbf747eb24 Wb1f5a3fe35c8
residual-smxl-n41.jsonl    n=41 l=18 smxl             rows=  6 targets=  3 PS1N41Ckb1fb261930PDP2hth5f6ea9e4e45c W723548f7a4a9
residual-tmxl.jsonl        n=41 l=18 tmxl             rows=  6 targets=  3 PS1N41Ckb1fb261930PDP2htheee44d24f593 W723548f7a4a9
certificate-n41.jsonl      n=41 l=19 plain-t-macaulay rows=  4 targets=  1 PS1N41Ckb1fb524160PDP2hth5ac3eab1f475 W37375c8bef23
cms-scan.jsonl             n=41 l=19 cms              rows=  8 targets=  8 PS1N41Ckb1fb524160PDP2hthe08aa31b8205 W0b6c54923a24
enum-scan.jsonl            n=41 l=19 ht-c             rows=  8 targets=  8 PS1N41Ckb1fb524160PDP2hthd3d96555be3c W0b6c54923a24
residual-smxl-n41.jsonl    n=41 l=19 smxl             rows=  4 targets=  2 PS1N41Ckb1fb524160PDP2hthe22ae21401eb Wb8c2d9956a58
residual-tmxl.jsonl        n=41 l=19 tmxl             rows=  6 targets=  3 PS1N41Ckb1fb524160PDP2hth1513b985e407 W5dfabfe177c9
cms-scan.jsonl             n=41 l=20 cms              rows=  8 targets=  8 PS1N41Ckb1fb1048072PDP2hthd70d24b24a36 W8ab1c66f139d
enum-scan.jsonl            n=41 l=20 ht-c             rows=  8 targets=  8 PS1N41Ckb1fb1048072PDP2hth068d28d8c351 W8ab1c66f139d
residual-smxl-n41.jsonl    n=41 l=20 smxl             rows=  3 targets=  3 PS1N41Ckb1fb1048072PDP2hthd97762c5468c W14fe9b6e2e33
residual-tmxl.jsonl        n=41 l=20 tmxl             rows=  4 targets=  3 PS1N41Ckb1fb1048072PDP2hth55152fd852cf W14fe9b6e2e33
cms-scan.jsonl             n=47 l=23 cms              rows=  1 targets=  1 PS1N47Ckb1fb8388932PDP2hth8251ea10efc4 W9d285b2ffa37
enum-scan.jsonl            n=47 l=23 ht-c             rows=  8 targets=  8 PS1N47Ckb1fb8388932PDP2hth944e158f5112 Wcff31b74ecee
residual-tmxl-deg5.jsonl   n=47 l=23 tmxl             rows=  2 targets=  1 PS1N47Ckb1fb8388932PDP2hthd88b05fd83a5 W8be3584bd6f0
residual-tmxl.jsonl        n=47 l=23 tmxl             rows=  2 targets=  1 PS1N47Ckb1fb8388932PDP2hthd88b05fd83a5 W8be3584bd6f0
residual-tmxl.jsonl        n=53 l=26 tmxl             rows=  6 targets=  3 (label null) W8e8dce397653
cms-scan.jsonl             n=59 l=26 cms              rows=  6 targets=  6 (label null) W07021cb6fff8
enum-scan.jsonl            n=59 l=26 ht-c             rows=  8 targets=  8 (label null) W8631a57c4bda
cms-scan.jsonl             n=59 l=27 cms              rows=  6 targets=  6 (label null) W8043a91ad6be
enum-scan.jsonl            n=59 l=27 ht-c             rows=  8 targets=  8 (label null) Wbf3229ebef01
enum-scan.jsonl            n=59 l=28 ht-c             rows=  8 targets=  8 (label null) W7f2cc97718ba
enum-scan.jsonl            n=59 l=29 ht-c             rows=  2 targets=  2 (label null) W307bfcd1d999
residual-tmxl.jsonl        n=59 l=29 tmxl             rows=  3 targets=  2 (label null) Waa0f21e6d72c

real	5m33.131s
user	5m30.165s
sys	0m3.278s
