   Compiling autocfg v1.5.1
   Compiling serde_core v1.0.229
   Compiling zmij v1.0.23
   Compiling serde_json v1.0.151
    Checking memchr v2.8.3
    Checking itoa v1.0.18
    Checking subtle v2.6.1
    Checking hex v0.4.3
error[E0463]: can't find crate for `std`
  |
  = note: the `x86_64-unknown-linux-gnu` target may not be installed
  = help: consider downloading the target with `rustup target add x86_64-unknown-linux-gnu`

error[E0463]: can't find crate for `core`
  |
  = note: the `x86_64-unknown-linux-gnu` target may not be installed
  = help: consider downloading the target with `rustup target add x86_64-unknown-linux-gnu`

For more information about this error, try `rustc --explain E0463`.
error: could not compile `itoa` (lib) due to 1 previous error
warning: build failed, waiting for other jobs to finish...
error: could not compile `subtle` (lib) due to 1 previous error
error: could not compile `hex` (lib) due to 1 previous error
error: could not compile `memchr` (lib) due to 1 previous error
