reduction step: 26
after reduce: 26
end of reduction!
n: 9
p: 2
m: 26
Initialization done!
signature: 4467*e_24
signature: 10526*e_25
signature: 19301*e_15
/usr/include/c++/13/bits/stl_vector.h:1128: std::vector<_Tp, _Alloc>::reference std::vector<_Tp, _Alloc>::operator[](size_type) [with _Tp = std::pair<std::vector<int>, std::vector<long int> >; _Alloc = std::allocator<std::pair<std::vector<int>, std::vector<long int> > >; reference = std::pair<std::vector<int>, std::vector<long int> >&; size_type = long unsigned int]: Assertion '__n < this->size()' failed.
reduction step: 26
after reduce: 26
end of reduction!
n: 9
p: 2
m: 26
Initialization done!
signature: 4467*e_24
signature: 22566*e_21
/usr/include/c++/13/bits/stl_vector.h:1128: std::vector<_Tp, _Alloc>::reference std::vector<_Tp, _Alloc>::operator[](size_type) [with _Tp = std::pair<std::vector<int>, std::vector<long int> >; _Alloc = std::allocator<std::pair<std::vector<int>, std::vector<long int> > >; reference = std::pair<std::vector<int>, std::vector<long int> >&; size_type = long unsigned int]: Assertion '__n < this->size()' failed.
reduction step: 26
after reduce: 26
end of reduction!
n: 9
p: 2
m: 26
Initialization done!
signature: 6737*e_13
signature: 15619*e_25
signature: 19948*e_23
/usr/include/c++/13/bits/stl_vector.h:1128: std::vector<_Tp, _Alloc>::reference std::vector<_Tp, _Alloc>::operator[](size_type) [with _Tp = std::pair<std::vector<int>, std::vector<long int> >; _Alloc = std::allocator<std::pair<std::vector<int>, std::vector<long int> > >; reference = std::pair<std::vector<int>, std::vector<long int> >&; size_type = long unsigned int]: Assertion '__n < this->size()' failed.
