random-8-budget-control {'baseline': 'inconclusive', 'frontier': 'inconclusive', 'cached': 'inconclusive', 'cached_indexed': 'inconclusive'}
planted-dense-mq-12 {'baseline': 'inconclusive', 'frontier': 'inconclusive', 'cached': 'inconclusive', 'cached_indexed': 'inconclusive'}
planted-dense-mq-16 {'baseline': 'inconclusive', 'frontier': 'inconclusive', 'cached': 'inconclusive', 'cached_indexed': 'inconclusive'}
planted-dense-mq-21 {'baseline': 'inconclusive', 'frontier': 'inconclusive', 'cached': 'inconclusive', 'cached_indexed': 'inconclusive'}
pair-products-21 {'baseline': 'gb', 'frontier': 'gb', 'cached': 'gb', 'cached_indexed': 'gb'}
pair-products-32 {'baseline': 'gb', 'frontier': 'gb', 'cached': 'gb', 'cached_indexed': 'gb'}
pair-products-64 {'baseline': 'gb', 'frontier': 'gb', 'cached': 'gb', 'cached_indexed': 'gb'}
free-variables-64 {'baseline': 'gb', 'frontier': 'gb', 'cached': 'gb', 'cached_indexed': 'gb'}
pdp-6-seed-1 {'baseline': 'solved', 'frontier': 'solved', 'cached': 'solved', 'cached_indexed': 'solved', 'evaluation': 'solved'}
pdp-6-seed-2 {'baseline': 'solved', 'frontier': 'solved', 'cached': 'solved', 'cached_indexed': 'solved', 'evaluation': 'solved'}
pdp-6-seed-3 {'baseline': 'solved', 'frontier': 'solved', 'cached': 'solved', 'cached_indexed': 'solved', 'evaluation': 'solved'}
pdp-6-seed-4 {'baseline': 'solved', 'frontier': 'solved', 'cached': 'solved', 'cached_indexed': 'solved', 'evaluation': 'solved'}
pdp-6-seed-5 {'baseline': 'solved', 'frontier': 'solved', 'cached': 'solved', 'cached_indexed': 'solved', 'evaluation': 'solved'}
pdp-9-seed-1 {'baseline': 'inconclusive', 'frontier': 'inconclusive', 'cached': 'inconclusive', 'cached_indexed': 'inconclusive', 'evaluation': 'solved'}
pdp-9-seed-2 {'baseline': 'inconclusive', 'frontier': 'inconclusive', 'cached': 'inconclusive', 'cached_indexed': 'inconclusive', 'evaluation': 'solved'}
pdp-9-seed-3 {'baseline': 'inconclusive', 'frontier': 'inconclusive', 'cached': 'inconclusive', 'cached_indexed': 'inconclusive', 'evaluation': 'solved'}
pdp-9-seed-4 {'baseline': 'inconclusive', 'frontier': 'inconclusive', 'cached': 'inconclusive', 'cached_indexed': 'inconclusive', 'evaluation': 'solved'}
pdp-9-seed-5 {'baseline': 'inconclusive', 'frontier': 'inconclusive', 'cached': 'inconclusive', 'cached_indexed': 'inconclusive', 'evaluation': 'solved'}
pdp-12-seed-1 {'baseline': 'inconclusive', 'frontier': 'inconclusive', 'cached': 'inconclusive', 'cached_indexed': 'inconclusive', 'evaluation': 'solved'}
pdp-12-seed-2 {'baseline': 'inconclusive', 'frontier': 'inconclusive', 'cached': 'inconclusive', 'cached_indexed': 'inconclusive', 'evaluation': 'solved'}
pdp-12-seed-3 {'baseline': 'inconclusive', 'frontier': 'inconclusive', 'cached': 'inconclusive', 'cached_indexed': 'inconclusive', 'evaluation': 'solved'}
pdp-12-seed-4 {'baseline': 'inconclusive', 'frontier': 'inconclusive', 'cached': 'inconclusive', 'cached_indexed': 'inconclusive', 'evaluation': 'solved'}
pdp-12-seed-5 {'baseline': 'inconclusive', 'frontier': 'inconclusive', 'cached': 'inconclusive', 'cached_indexed': 'inconclusive', 'evaluation': 'solved'}
