   Compiling autocfg v1.5.1
   Compiling zmij v1.0.23
   Compiling serde_core v1.0.229
   Compiling serde_json v1.0.151
    Checking itoa v1.0.18
    Checking memchr v2.8.3
    Checking subtle v2.6.1
    Checking hex v0.4.3
   Compiling num-traits v0.2.19
    Checking num-integer v0.1.47
    Checking num-bigint v0.4.8
    Checking prime-j0-secp256k1-native-replay v0.1.0 (/private/tmp/prime-j0-certified-voronoi-20261010/experiments/prime-j0-secp256k1-native)
warning: associated functions `cswap` and `mul_wide` are never used
   --> src/bin/../../../../suite/src/ct_bignum.rs:141:12
    |
 54 | impl<const LIMBS: usize> Uint<LIMBS> {
    | ------------------------------------ associated functions in this implementation
...
141 |     pub fn cswap(a: &mut Self, b: &mut Self, choice: Choice) {
    |            ^^^^^
...
221 |     pub fn mul_wide(a: &Self, b: &Self) -> (Self, Self) {
    |            ^^^^^^^^
    |
    = note: `#[warn(dead_code)]` (part of `#[warn(unused)]`) on by default

warning: associated function `from_bytes_be` is never used
   --> src/bin/../../../../suite/src/ct_bignum.rs:400:12
    |
387 | impl Uint<4> {
    | ------------ associated function in this implementation
...
400 |     pub fn from_bytes_be(bytes: &[u8; 32]) -> Self {
    |            ^^^^^^^^^^^^^

warning: field `r_mod_n` is never read
   --> src/bin/../../../../suite/src/ct_bignum.rs:445:9
    |
435 | pub struct MontgomeryContext<const LIMBS: usize> {
    |            ----------------- field in this struct
...
445 |     pub r_mod_n: Uint<LIMBS>,
    |         ^^^^^^^
    |
    = note: `MontgomeryContext` has derived impls for the traits `Debug` and `Clone`, but these are intentionally ignored during dead code analysis

warning: function `mont_pow_ct` is never used
   --> src/bin/../../../../suite/src/ct_bignum.rs:525:8
    |
525 | pub fn mont_pow_ct<const LIMBS: usize>(
    |        ^^^^^^^^^^^

warning: `prime-j0-secp256k1-native-replay` (bin "eisenstein_fixed") generated 4 warnings
    Finished `release` profile [optimized] target(s) in 10.95s
