{"submitted": 4, "seconds_per_worker": 82800, "rollout": "5d81e8da68f44e7e9303bcbfa648b838", "call_ids": ["fc-01M325PG7VEE870MX9VDJ40DS3", "fc-01M325PGBGQWPW6WGRS985M0HP", "fc-01M325PGFH6NV33MS74YSSWWY1", "fc-01M325PGK2MPZ0Q9V0D78S4DXK"]}
{"network": {"managed": true, "ip": "35.185.85.244", "created_rules": ["sgr-08a56ccef78bd48d9"]}}
{"network": {"managed": true, "ip": "34.138.28.44", "created_rules": ["sgr-088b59ced2521b303"]}}
{"network": {"managed": true, "ip": "18.101.190.157", "created_rules": ["sgr-0a705fe03085a9202"]}}{"network": {"managed": true, "ip": "18.101.190.157", "existing_rule": true}}

2026-09-21T14:25:22Z claimed slot 0 (run id 10000)
2026-09-21T14:25:23Z claimed slot 1 (run id 10001)
2026-09-21T14:25:24Z starting: /opt/ecc2k130/ecc2k130 --curve 131 --steps 1024 --launches 0 --run-id 10001 --dp-file /workspace/ecc2k130/gpu0/dp.bin --checkpoint /workspace/ecc2k130/gpu0/walk.ck --checkpoint-every 60 --verify 0 --packed --device 0 --threads 120320 --dp-weight 34 --max-iters 1073741824 --load-max 2000000 --dp-cap 65536
2026-09-21T14:25:26Z downloaded checkpoint at iteration 2954240
2026-09-21T14:25:26Z local checkpoint at iteration 2954240
2026-09-21T14:25:26Z starting: /opt/ecc2k130/ecc2k130 --curve 131 --steps 1024 --launches 0 --run-id 10000 --dp-file /workspace/ecc2k130/gpu0/dp.bin --checkpoint /workspace/ecc2k130/gpu0/walk.ck --checkpoint-every 60 --verify 0 --packed --device 0 --threads 120320 --dp-weight 34 --max-iters 1073741824 --load-max 2000000 --dp-cap 65536
2026-09-21T14:25:29Z client: packed L2 persist window: 83886080 of 98181120 field bytes, cap 83886080
2026-09-21T14:25:29Z client: packed kernel: 94 registers/thread, 0 local bytes/thread, 12800 shared bytes/block, single-product multiplier
2026-09-21T14:25:29Z client: packed driver reserved shared bytes/block: 1024, device 0
2026-09-21T14:25:29Z client: packed denominator cache: 1
2026-09-21T14:25:29Z client: packed multiply by value: 1
2026-09-21T14:25:29Z client: packed Frobenius network: 3
2026-09-21T14:25:29Z client: packed polynomial chain: 1
2026-09-21T14:25:29Z client: packed polynomial state: 1
2026-09-21T14:25:29Z client: packed unrolled inversion: 1
2026-09-21T14:25:29Z client: packed paired products: 1
2026-09-21T14:25:29Z client: packed pair ilp: 0
2026-09-21T14:25:29Z client: packed pair clmul: 0
2026-09-21T14:25:29Z client: packed clmul flat: 0
2026-09-21T14:25:29Z client: packed top hoist: 0
2026-09-21T14:25:29Z client: packed onb inv: 0
2026-09-21T14:25:29Z client: packed from reduced: 1
2026-09-21T14:25:29Z client: packed slot unroll: 1
2026-09-21T14:25:29Z client: packed slot prefetch: 0
2026-09-21T14:25:29Z client: packed slot pipeline: 0
2026-09-21T14:25:29Z client: packed L2 persist: 1
2026-09-21T14:25:29Z client: packed direct reduction: 1
2026-09-21T14:25:29Z client: packed generated product: 1
2026-09-21T14:25:29Z client: packed native carryless multiply: 1
2026-09-21T14:25:29Z client: packed native carryless square: 0
2026-09-21T14:25:29Z client: packed three-limb Karatsuba: 0
2026-09-21T14:25:29Z client: packed weighted prefix: 2
2026-09-21T14:25:29Z client: packed compact state: 1
2026-09-21T14:25:29Z client: packed shared sigma: 1
2026-09-21T14:25:29Z client: packed top clmad: 0
2026-09-21T14:25:29Z client: packed state tile: 256
2026-09-21T14:25:29Z client: packed add combine: 0
2026-09-21T14:25:29Z client: packed alu square: 1
2026-09-21T14:25:29Z client: packed alu onb square: 0
2026-09-21T14:25:29Z client: packed profile ranges: 0
2026-09-21T14:25:29Z client: packed table pivot bytes: 1, table shared bytes 48732
2026-09-21T14:25:29Z client: packed table global: 0
2026-09-21T14:25:29Z client: packed table addend global: 0
2026-09-21T14:25:29Z client: packed table walk: 1 (8 branches, 48732 shared bytes)
2026-09-21T14:25:29Z client: backend cuda-packed131: 120320 threads x 16 slots x 1 lanes = 1925120 walks, dp weight 34, 1024 steps per launch
2026-09-21T14:25:29Z client: no checkpoint at /workspace/ecc2k130/gpu0/walk.ck, starting fresh
2026-09-21T14:25:30Z claimed slot 2 (run id 10002)
2026-09-21T14:25:31Z client: packed L2 persist window: 83886080 of 98181120 field bytes, cap 83886080
2026-09-21T14:25:31Z client: packed kernel: 94 registers/thread, 0 local bytes/thread, 12800 shared bytes/block, single-product multiplier
2026-09-21T14:25:31Z client: packed driver reserved shared bytes/block: 1024, device 0
2026-09-21T14:25:31Z client: packed denominator cache: 1
2026-09-21T14:25:31Z client: packed multiply by value: 1
2026-09-21T14:25:31Z client: packed Frobenius network: 3
2026-09-21T14:25:31Z client: packed polynomial chain: 1
2026-09-21T14:25:31Z client: packed polynomial state: 1
2026-09-21T14:25:31Z client: packed unrolled inversion: 1
2026-09-21T14:25:31Z client: packed paired products: 1
2026-09-21T14:25:31Z client: packed pair ilp: 0
2026-09-21T14:25:31Z client: packed pair clmul: 0
2026-09-21T14:25:31Z client: packed clmul flat: 0
2026-09-21T14:25:31Z client: packed top hoist: 0
2026-09-21T14:25:31Z client: packed onb inv: 0
2026-09-21T14:25:31Z client: packed from reduced: 1
2026-09-21T14:25:31Z client: packed slot unroll: 1
2026-09-21T14:25:31Z client: packed slot prefetch: 0
2026-09-21T14:25:31Z client: packed slot pipeline: 0
2026-09-21T14:25:31Z client: packed L2 persist: 1
2026-09-21T14:25:31Z client: packed direct reduction: 1
2026-09-21T14:25:31Z client: packed generated product: 1
2026-09-21T14:25:31Z client: packed native carryless multiply: 1
2026-09-21T14:25:31Z client: packed native carryless square: 0
2026-09-21T14:25:31Z client: packed three-limb Karatsuba: 0
2026-09-21T14:25:31Z client: packed weighted prefix: 2
2026-09-21T14:25:31Z client: packed compact state: 1
2026-09-21T14:25:31Z client: packed shared sigma: 1
2026-09-21T14:25:31Z client: packed top clmad: 0
2026-09-21T14:25:31Z client: packed state tile: 256
2026-09-21T14:25:31Z client: packed add combine: 0
2026-09-21T14:25:31Z client: packed alu square: 1
2026-09-21T14:25:31Z client: packed alu onb square: 0
2026-09-21T14:25:31Z client: packed profile ranges: 0
2026-09-21T14:25:31Z client: packed table pivot bytes: 1, table shared bytes 48732
2026-09-21T14:25:31Z client: packed table global: 0
2026-09-21T14:25:31Z client: packed table addend global: 0
2026-09-21T14:25:31Z client: packed table walk: 1 (8 branches, 48732 shared bytes)
2026-09-21T14:25:31Z client: backend cuda-packed131: 120320 threads x 16 slots x 1 lanes = 1925120 walks, dp weight 34, 1024 steps per launch
2026-09-21T14:25:31Z client: resumed from /workspace/ecc2k130/gpu0/walk.ck at iteration 2954240
2026-09-21T14:25:32Z starting: /opt/ecc2k130/ecc2k130 --curve 131 --steps 1024 --launches 0 --run-id 10002 --dp-file /workspace/ecc2k130/gpu0/dp.bin --checkpoint /workspace/ecc2k130/gpu0/walk.ck --checkpoint-every 60 --verify 0 --packed --device 0 --threads 120320 --dp-weight 34 --max-iters 1073741824 --load-max 2000000 --dp-cap 65536
2026-09-21T14:25:32Z claimed slot 3 (run id 10003)
2026-09-21T14:25:33Z starting: /opt/ecc2k130/ecc2k130 --curve 131 --steps 1024 --launches 0 --run-id 10003 --dp-file /workspace/ecc2k130/gpu0/dp.bin --checkpoint /workspace/ecc2k130/gpu0/walk.ck --checkpoint-every 60 --verify 0 --packed --device 0 --threads 120320 --dp-weight 34 --max-iters 1073741824 --load-max 2000000 --dp-cap 65536
2026-09-21T14:25:39Z client: packed L2 persist window: 83886080 of 98181120 field bytes, cap 83886080
2026-09-21T14:25:39Z client: packed kernel: 94 registers/thread, 0 local bytes/thread, 12800 shared bytes/block, single-product multiplier
2026-09-21T14:25:39Z client: packed driver reserved shared bytes/block: 1024, device 0
2026-09-21T14:25:39Z client: packed denominator cache: 1
2026-09-21T14:25:39Z client: packed multiply by value: 1
2026-09-21T14:25:39Z client: packed Frobenius network: 3
2026-09-21T14:25:39Z client: packed polynomial chain: 1
2026-09-21T14:25:39Z client: packed polynomial state: 1
2026-09-21T14:25:39Z client: packed unrolled inversion: 1
2026-09-21T14:25:39Z client: packed paired products: 1
2026-09-21T14:25:39Z client: packed pair ilp: 0
2026-09-21T14:25:39Z client: packed pair clmul: 0
2026-09-21T14:25:39Z client: packed clmul flat: 0
2026-09-21T14:25:39Z client: packed top hoist: 0
2026-09-21T14:25:39Z client: packed onb inv: 0
2026-09-21T14:25:39Z client: packed from reduced: 1
2026-09-21T14:25:39Z client: packed slot unroll: 1
2026-09-21T14:25:39Z client: packed slot prefetch: 0
2026-09-21T14:25:39Z client: packed slot pipeline: 0
2026-09-21T14:25:39Z client: packed L2 persist: 1
2026-09-21T14:25:39Z client: packed direct reduction: 1
2026-09-21T14:25:39Z client: packed generated product: 1
2026-09-21T14:25:39Z client: packed native carryless multiply: 1
2026-09-21T14:25:39Z client: packed native carryless square: 0
2026-09-21T14:25:39Z client: packed three-limb Karatsuba: 0
2026-09-21T14:25:39Z client: packed weighted prefix: 2
2026-09-21T14:25:39Z client: packed compact state: 1
2026-09-21T14:25:39Z client: packed shared sigma: 1
2026-09-21T14:25:39Z client: packed top clmad: 0
2026-09-21T14:25:39Z client: packed state tile: 256
2026-09-21T14:25:39Z client: packed add combine: 0
2026-09-21T14:25:39Z client: packed alu square: 1
2026-09-21T14:25:39Z client: packed alu onb square: 0
2026-09-21T14:25:39Z client: packed profile ranges: 0
2026-09-21T14:25:39Z client: packed table pivot bytes: 1, table shared bytes 48732
2026-09-21T14:25:39Z client: packed table global: 0
2026-09-21T14:25:39Z client: packed table addend global: 0
2026-09-21T14:25:39Z client: packed table walk: 1 (8 branches, 48732 shared bytes)
2026-09-21T14:25:39Z client: backend cuda-packed131: 120320 threads x 16 slots x 1 lanes = 1925120 walks, dp weight 34, 1024 steps per launch
2026-09-21T14:25:39Z client: no checkpoint at /workspace/ecc2k130/gpu0/walk.ck, starting fresh
2026-09-21T14:25:40Z client: packed L2 persist window: 83886080 of 98181120 field bytes, cap 83886080
2026-09-21T14:25:40Z client: packed kernel: 94 registers/thread, 0 local bytes/thread, 12800 shared bytes/block, single-product multiplier
2026-09-21T14:25:40Z client: packed driver reserved shared bytes/block: 1024, device 0
2026-09-21T14:25:40Z client: packed denominator cache: 1
2026-09-21T14:25:40Z client: packed multiply by value: 1
2026-09-21T14:25:40Z client: packed Frobenius network: 3
2026-09-21T14:25:40Z client: packed polynomial chain: 1
2026-09-21T14:25:40Z client: packed polynomial state: 1
2026-09-21T14:25:40Z client: packed unrolled inversion: 1
2026-09-21T14:25:40Z client: packed paired products: 1
2026-09-21T14:25:40Z client: packed pair ilp: 0
2026-09-21T14:25:40Z client: packed pair clmul: 0
2026-09-21T14:25:40Z client: packed clmul flat: 0
2026-09-21T14:25:40Z client: packed top hoist: 0
2026-09-21T14:25:40Z client: packed onb inv: 0
2026-09-21T14:25:40Z client: packed from reduced: 1
2026-09-21T14:25:40Z client: packed slot unroll: 1
2026-09-21T14:25:40Z client: packed slot prefetch: 0
2026-09-21T14:25:40Z client: packed slot pipeline: 0
2026-09-21T14:25:40Z client: packed L2 persist: 1
2026-09-21T14:25:40Z client: packed direct reduction: 1
2026-09-21T14:25:40Z client: packed generated product: 1
2026-09-21T14:25:40Z client: packed native carryless multiply: 1
2026-09-21T14:25:40Z client: packed native carryless square: 0
2026-09-21T14:25:40Z client: packed three-limb Karatsuba: 0
2026-09-21T14:25:40Z client: packed weighted prefix: 2
2026-09-21T14:25:40Z client: packed compact state: 1
2026-09-21T14:25:40Z client: packed shared sigma: 1
2026-09-21T14:25:40Z client: packed top clmad: 0
2026-09-21T14:25:40Z client: packed state tile: 256
2026-09-21T14:25:40Z client: packed add combine: 0
2026-09-21T14:25:40Z client: packed alu square: 1
2026-09-21T14:25:40Z client: packed alu onb square: 0
2026-09-21T14:25:40Z client: packed profile ranges: 0
2026-09-21T14:25:40Z client: packed table pivot bytes: 1, table shared bytes 48732
2026-09-21T14:25:40Z client: packed table global: 0
2026-09-21T14:25:40Z client: packed table addend global: 0
2026-09-21T14:25:40Z client: packed table walk: 1 (8 branches, 48732 shared bytes)
2026-09-21T14:25:40Z client: backend cuda-packed131: 120320 threads x 16 slots x 1 lanes = 1925120 walks, dp weight 34, 1024 steps per launch
2026-09-21T14:25:40Z client: no checkpoint at /workspace/ecc2k130/gpu0/walk.ck, starting fresh
2026-09-21T14:27:03Z rds: reported 31684 dp (31684 new, 0 collisions) including starting seeds
2026-09-21T14:27:03Z rds: reported 31822 dp (31822 new, 0 collisions) including starting seeds
2026-09-21T14:27:12Z 21.466 B it/s, 2168455168000 iterations this run, 53315 dp, 31684 uploaded, checkpoint at 671744
2026-09-21T14:27:13Z 21.458 B it/s, 2127057387520 iterations this run, 51839 dp, 31822 uploaded, checkpoint at 2954240
2026-09-21T14:27:28Z rds: reported 31714 dp (31714 new, 0 collisions) including starting seeds
2026-09-21T14:27:29Z rds: reported 31463 dp (31463 new, 0 collisions) including starting seeds
2026-09-21T14:27:41Z 21.056 B it/s, 2554834452480 iterations this run, 63154 dp, 31714 uploaded, checkpoint at 660480
2026-09-21T14:27:41Z 21.135 B it/s, 2513436672000 iterations this run, 62131 dp, 31463 uploaded, checkpoint at 662528
2026-09-21T14:28:12Z 21.434 B it/s, 3426159165440 iterations this run, 84258 dp, 31684 uploaded, checkpoint at 671744
2026-09-21T14:28:14Z 21.403 B it/s, 3428130488320 iterations this run, 83496 dp, 31822 uploaded, checkpoint at 2954240
2026-09-21T14:28:41Z 21.031 B it/s, 3810567127040 iterations this run, 93966 dp, 31714 uploaded, checkpoint at 660480
2026-09-21T14:28:41Z 21.095 B it/s, 3769169346560 iterations this run, 93102 dp, 31463 uploaded, checkpoint at 662528
2026-09-21T14:30:01Z rds: reported 55179 dp (55179 new, 0 collisions) including starting seeds
2026-09-21T14:30:03Z rds: reported 56490 dp (56490 new, 0 collisions) including starting seeds
2026-09-21T14:30:11Z 21.365 B it/s, 5943538483200 iterations this run, 145094 dp, 87001 uploaded, checkpoint at 4291584
2026-09-21T14:30:12Z 21.414 B it/s, 6028305367040 iterations this run, 147951 dp, 88174 uploaded, checkpoint at 1338368
2026-09-21T14:31:11Z 21.359 B it/s, 7201242480640 iterations this run, 175628 dp, 87001 uploaded, checkpoint at 4291584
2026-09-21T14:31:13Z 21.409 B it/s, 7286009364480 iterations this run, 178891 dp, 88174 uploaded, checkpoint at 1338368
2026-09-21T14:31:56Z rds: reported 66746 dp (66746 new, 0 collisions) including starting seeds
2026-09-21T14:31:56Z rds: reported 66895 dp (66895 new, 0 collisions) including starting seeds
2026-09-21T14:32:09Z 21.057 B it/s, 8141563494400 iterations this run, 200243 dp, 98209 uploaded, checkpoint at 1974272
2026-09-21T14:32:11Z 20.970 B it/s, 8184932597760 iterations this run, 200974 dp, 98609 uploaded, checkpoint at 1969152
