{
 "orbits": 78,
 "k10_union_range": [
  44661,
  45123
 ],
 "k10_union_over_largest_range": [
  76.85102739726027,
  80.12142857142857
 ],
 "k10_overlap_excess_total": 73,
 "k5_cross_chart_overlap_total": 8,
 "k5_within_chart_excess_total": 0,
 "coverage_gain_range": [
  8.906455638756524,
  41.74025974025974
 ],
 "total_solver_work_range": [
  136.54283343704626,
  512.8947203415079
 ],
 "gain_per_chart_solve_range": [
  0.1073066944428497,
  0.5028946956657799
 ],
 "common_basis_identical_all": true
}
