n31-m3-ell6-seed101 {'python': 'solved', 'native-dict': 'solved', 'native-packed': 'solved'}
n31-m3-ell6-seed102 {'python': 'solved', 'native-dict': 'solved', 'native-packed': 'solved'}
n31-m3-ell6-seed103 {'python': 'solved', 'native-dict': 'solved', 'native-packed': 'solved'}
n31-m3-ell6-seed104 {'python': 'solved', 'native-dict': 'solved', 'native-packed': 'solved'}
n31-m3-ell6-seed105 {'python': 'solved', 'native-dict': 'solved', 'native-packed': 'solved'}
n31-m3-ell6-seed106 {'python': 'solved', 'native-dict': 'solved', 'native-packed': 'solved'}
n31-m3-ell3-seed101 {'python': 'solved', 'native-dict': 'solved', 'native-packed': 'solved'}
Traceback (most recent call last):
  File "/private/tmp/cryptanalysis-native-descent/experiments/groebner-perf-20260924/round14/benchmark.py", line 121, in <module>
    main()
    ~~~~^^
  File "/private/tmp/cryptanalysis-native-descent/experiments/groebner-perf-20260924/round14/benchmark.py", line 109, in main
    report['rows'].append(row); save()
                                ~~~~^^
  File "/private/tmp/cryptanalysis-native-descent/experiments/groebner-perf-20260924/round14/benchmark.py", line 61, in save
    args.output.write_bytes(gzip.compress(json.dumps(report, separators=(',', ':')).encode(), mtime=0))
    ~~~~~~~~~~~~~~~~~~~~~~~^^^^^^^^^^^^^^^^^^^^^^^^^^^^^^^^^^^^^^^^^^^^^^^^^^^^^^^^^^^^^^^^^^^^^^^^^^^^
  File "/Library/Frameworks/Python.framework/Versions/3.13/lib/python3.13/pathlib/_abc.py", line 641, in write_bytes
    with self.open(mode='wb') as f:
         ~~~~~~~~~^^^^^^^^^^^
  File "/Library/Frameworks/Python.framework/Versions/3.13/lib/python3.13/pathlib/_local.py", line 537, in open
    return io.open(self, mode, buffering, encoding, errors, newline)
           ~~~~~~~^^^^^^^^^^^^^^^^^^^^^^^^^^^^^^^^^^^^^^^^^^^^^^^^^^
OSError: [Errno 28] No space left on device: 'experiments/groebner-perf-20260924/round14/results/confirmation.json.gz'
