random-8-budget-control {'cli-python': 'inconclusive', 'packed-python': 'inconclusive', 'packed-native': 'inconclusive'}
planted-dense-mq-12 {'cli-python': 'inconclusive', 'packed-python': 'inconclusive', 'packed-native': 'inconclusive'}
planted-dense-mq-16 {'cli-python': 'inconclusive', 'packed-python': 'inconclusive', 'packed-native': 'inconclusive'}
planted-dense-mq-21 {'cli-python': 'inconclusive', 'packed-python': 'inconclusive', 'packed-native': 'inconclusive'}
pair-products-21 {'cli-python': 'gb', 'packed-python': 'gb', 'packed-native': 'gb'}
pair-products-32 {'cli-python': 'gb', 'packed-python': 'gb', 'packed-native': 'gb'}
pair-products-64 {'cli-python': 'gb', 'packed-python': 'gb', 'packed-native': 'gb'}
free-variables-64 {'cli-python': 'gb', 'packed-python': 'gb', 'packed-native': 'gb'}
pdp-6-seed-1 {'cli-python': 'solved', 'packed-python': 'solved', 'packed-native': 'solved', 'evaluation': 'solved'}
pdp-6-seed-2 {'cli-python': 'solved', 'packed-python': 'solved', 'packed-native': 'solved', 'evaluation': 'solved'}
pdp-6-seed-3 {'cli-python': 'solved', 'packed-python': 'solved', 'packed-native': 'solved', 'evaluation': 'solved'}
pdp-6-seed-4 {'cli-python': 'solved', 'packed-python': 'solved', 'packed-native': 'solved', 'evaluation': 'solved'}
pdp-6-seed-5 {'cli-python': 'solved', 'packed-python': 'solved', 'packed-native': 'solved', 'evaluation': 'solved'}
pdp-9-seed-1 {'cli-python': 'inconclusive', 'packed-python': 'inconclusive', 'packed-native': 'inconclusive', 'evaluation': 'solved'}
pdp-9-seed-2 {'cli-python': 'inconclusive', 'packed-python': 'inconclusive', 'packed-native': 'inconclusive', 'evaluation': 'solved'}
pdp-9-seed-3 {'cli-python': 'inconclusive', 'packed-python': 'inconclusive', 'packed-native': 'inconclusive', 'evaluation': 'solved'}
pdp-9-seed-4 {'cli-python': 'inconclusive', 'packed-python': 'inconclusive', 'packed-native': 'inconclusive', 'evaluation': 'solved'}
pdp-9-seed-5 {'cli-python': 'inconclusive', 'packed-python': 'inconclusive', 'packed-native': 'inconclusive', 'evaluation': 'solved'}
pdp-12-seed-1 {'cli-python': 'inconclusive', 'packed-python': 'inconclusive', 'packed-native': 'inconclusive', 'evaluation': 'solved'}
pdp-12-seed-2 {'cli-python': 'inconclusive', 'packed-python': 'inconclusive', 'packed-native': 'inconclusive', 'evaluation': 'solved'}
pdp-12-seed-3 {'cli-python': 'inconclusive', 'packed-python': 'inconclusive', 'packed-native': 'inconclusive', 'evaluation': 'solved'}
pdp-12-seed-4 {'cli-python': 'inconclusive', 'packed-python': 'inconclusive', 'packed-native': 'inconclusive', 'evaluation': 'solved'}
pdp-12-seed-5 {'cli-python': 'inconclusive', 'packed-python': 'inconclusive', 'packed-native': 'inconclusive', 'evaluation': 'solved'}
