   Compiling prime-j0-secp256k1-native-replay v0.1.0 (/private/tmp/prime-j0-frontier16-beta-solinas-20261010/experiments/prime-j0-secp256k1-native)
warning: associated function `cswap` is never used
   --> src/bin/../../../../suite/src/ct_bignum.rs:141:12
    |
 54 | impl<const LIMBS: usize> Uint<LIMBS> {
    | ------------------------------------ associated function in this implementation
...
141 |     pub fn cswap(a: &mut Self, b: &mut Self, choice: Choice) {
    |            ^^^^^
    |
    = note: `#[warn(dead_code)]` (part of `#[warn(unused)]`) on by default

warning: associated function `from_bytes_be` is never used
   --> src/bin/../../../../suite/src/ct_bignum.rs:400:12
    |
387 | impl Uint<4> {
    | ------------ associated function in this implementation
...
400 |     pub fn from_bytes_be(bytes: &[u8; 32]) -> Self {
    |            ^^^^^^^^^^^^^

warning: function `mont_pow_ct` is never used
   --> src/bin/../../../../suite/src/ct_bignum.rs:525:8
    |
525 | pub fn mont_pow_ct<const LIMBS: usize>(
    |        ^^^^^^^^^^^

warning: function `u256_sector_choices` is never used
    --> src/bin/eisenstein_fixed/unit_orbit_windows.rs:2629:4
     |
2629 | fn u256_sector_choices(
     |    ^^^^^^^^^^^^^^^^^^^

warning: `prime-j0-secp256k1-native-replay` (bin "eisenstein_fixed") generated 4 warnings
    Finished `release` profile [optimized] target(s) in 7.48s
