ninja: Entering directory `third_party/sage-binary/build/sage-distro'
[0/1] Regenerating build files
The Meson build system
Version: 1.12.0
Source dir: /Volumes/SSD990/cryptanalysis/third_party/sage-binary
Build dir: /Volumes/SSD990/cryptanalysis/third_party/sage-binary/build/sage-distro
Build type: native build
Project name: SageMath
Project version: 10.10.rc0
C compiler for the host machine: gcc (clang 17.0.0 "Apple clang version 17.0.0 (clang-1700.0.13.5)")
C linker for the host machine: gcc ld64 1167.5
C++ compiler for the host machine: g++ -std=gnu++11 (clang 17.0.0 "Apple clang version 17.0.0 (clang-1700.0.13.5)")
C++ linker for the host machine: g++ -std=gnu++11 ld64 1167.5
Cython compiler for the host machine: cython (cython 3.2.4)
Host machine cpu family: aarch64
Host machine cpu: aarch64
Program python found: YES (/Volumes/SSD990/cryptanalysis/third_party/sage-binary/local/var/lib/sage/venv-python3.14/bin/python3)
Program python (pytest) found: YES (/Volumes/SSD990/cryptanalysis/third_party/sage-binary/local/var/lib/sage/venv-python3.14/bin/python3) modules: pytest
Dependency numpy for host machine found: YES 2.4.4 (cached)
Dependency gmp for host machine found: YES 6.3.0 (cached)
Library pari found: YES
Checking if "pari version" with dependency -lpari runs: YES
Dependency mpfr for host machine found: YES 4.2.2 (cached)
Dependency flint for host machine found: YES 3.5.0 (cached)
Dependency accelerate for host machine found: YES 42.0 (cached)
Dependency gsl for host machine found: YES 2.7.1 (cached)
Dependency gdlib for host machine found: YES 2.3.3 (cached)
Library m found: YES
Dependency m4ri for host machine found: YES 20260122 (cached)
Dependency m4rie for host machine found: YES 20250128 (cached)
Found pkg-config: YES (/opt/homebrew/bin/pkg-config) 3.0.4
Found CMake: /opt/homebrew/bin/cmake (4.2.1)
Run-time dependency libmtx found: NO  (tried pkg-config, framework and cmake)
Has header "meataxe.h" : NO (cached)
Dependency libpng for host machine found: YES 1.6.58 (cached)
Dependency zlib for host machine found: YES 1.2.12 (cached)
Dependency eclib for host machine found: YES 20250627 (cached)
Library ecm found: YES
Dependency gmpxx for host machine found: YES 6.3.0 (cached)
Dependency fflas-ffpack for host machine found: YES 2.5.0 (cached)
Dependency givaro for host machine found: YES 4.2.1 (cached)
Dependency linbox for host machine found: YES 1.7.1 (cached)
Library mpc found: YES
Library mpfi found: YES
Dependency libgap for host machine found: YES 4.15.1 (cached)
Dependency Singular for host machine found: YES 4.4.1 (cached)
Library ntl found: YES
Run-time dependency Boost (found: graph) for cpp found: YES 1.89.0 (/Volumes/SSD990/cryptanalysis/third_party/sage-binary/build-deps/boost)
Message: Warning: The specified datadir does not contain the necessary Cremona database. Either specify a different datadir or specify the correct path via the environment variable SAGE_SHARE during runtime.
Dependency openmp for host machine found: YES 5.1 (cached)
Program gap found: NO

../../src/sage/meson.build:43:10: ERROR: Program 'gap' not found or not executable

A full log can be found at /Volumes/SSD990/cryptanalysis/third_party/sage-binary/build/sage-distro/meson-logs/meson-log.txt
FAILED: [code=1] build.ninja 
/Volumes/SSD990/cryptanalysis/third_party/sage-binary/local/var/lib/sage/venv-python3.14/bin/meson --internal regenerate /Volumes/SSD990/cryptanalysis/third_party/sage-binary .
ninja: error: rebuilding 'build.ninja': subcommand failed
