ninja: Entering directory `/Volumes/SSD990/cryptanalysis/third_party/sage-binary/build/sage-distro'
[0/1] Regenerating build files
Cleaning... 0 files.
The Meson build system
Version: 1.12.0
Source dir: /Volumes/SSD990/cryptanalysis/third_party/sage-binary
Build dir: /Volumes/SSD990/cryptanalysis/third_party/sage-binary/build/sage-distro
Build type: native build
Project name: SageMath
Project version: 10.10.rc0
C compiler for the host machine: gcc (clang 17.0.0 "Apple clang version 17.0.0 (clang-1700.0.13.5)")
C linker for the host machine: gcc ld64 1167.5
C++ compiler for the host machine: g++ -std=gnu++11 (clang 17.0.0 "Apple clang version 17.0.0 (clang-1700.0.13.5)")
C++ linker for the host machine: g++ -std=gnu++11 ld64 1167.5
Cython compiler for the host machine: cython (cython 3.2.4)
Host machine cpu family: aarch64
Host machine cpu: aarch64
Program python found: YES (/Volumes/SSD990/cryptanalysis/third_party/sage-binary/local/var/lib/sage/venv-python3.14/bin/python3)
Program python (pytest) found: YES (/Volumes/SSD990/cryptanalysis/third_party/sage-binary/local/var/lib/sage/venv-python3.14/bin/python3) modules: pytest
Dependency numpy for host machine found: YES 2.4.4 (cached)
Dependency gmp for host machine found: YES 6.3.0 (cached)
Library pari found: YES
Checking if "pari version" with dependency -lpari runs: YES
Dependency mpfr for host machine found: YES 4.2.2 (cached)
Dependency flint for host machine found: YES 3.5.0 (cached)
Dependency accelerate for host machine found: YES 42.0 (cached)
Dependency gsl for host machine found: YES 2.7.1 (cached)
Dependency gdlib for host machine found: YES 2.3.3 (cached)
Library m found: YES
Dependency m4ri for host machine found: YES 20260122 (cached)
Dependency m4rie for host machine found: YES 20250128 (cached)
Found pkg-config: YES (/opt/homebrew/bin/pkg-config) 3.0.4
Found CMake: /opt/homebrew/bin/cmake (4.2.1)
Run-time dependency libmtx found: NO  (tried pkg-config, framework and cmake)
Has header "meataxe.h" : NO (cached)
Dependency libpng for host machine found: YES 1.6.58 (cached)
Dependency zlib for host machine found: YES 1.2.12 (cached)
Dependency eclib for host machine found: YES 20250627 (cached)
Library ecm found: YES
Dependency gmpxx for host machine found: YES 6.3.0 (cached)
Dependency fflas-ffpack for host machine found: YES 2.5.0 (cached)
Dependency givaro for host machine found: YES 4.2.1 (cached)
Dependency linbox for host machine found: YES 1.7.1 (cached)
Library mpc found: YES
Library mpfi found: YES
Dependency libgap for host machine found: YES 4.15.1 (cached)
Dependency Singular for host machine found: YES 4.4.1 (cached)
Library ntl found: YES
Run-time dependency Boost (found: graph) for cpp found: YES 1.89.0 (/Volumes/SSD990/cryptanalysis/third_party/sage-binary/build-deps/boost)
Message: Warning: The specified datadir does not contain the necessary Cremona database. Either specify a different datadir or specify the correct path via the environment variable SAGE_SHARE during runtime.
Dependency openmp for host machine found: YES 5.1 (cached)
Program gap found: YES (/Volumes/SSD990/cryptanalysis/third_party/sage-binary/local/bin/gap)
Program ecm found: YES (/Volumes/SSD990/cryptanalysis/third_party/sage-binary/local/bin/ecm)
Program directg found: YES (/Volumes/SSD990/cryptanalysis/third_party/sage-binary/local/bin/directg)
Program gentourng found: YES (/Volumes/SSD990/cryptanalysis/third_party/sage-binary/local/bin/gentourng)
Program geng found: YES (/Volumes/SSD990/cryptanalysis/third_party/sage-binary/local/bin/geng)
Program genbg found: YES (/Volumes/SSD990/cryptanalysis/third_party/sage-binary/local/bin/genbg)
Program gentreeg found: YES (/Volumes/SSD990/cryptanalysis/third_party/sage-binary/local/bin/gentreeg)
Program genktreeg found: YES (/Volumes/SSD990/cryptanalysis/third_party/sage-binary/local/bin/genktreeg)
Program genposetg found: YES (/Volumes/SSD990/cryptanalysis/third_party/sage-binary/local/bin/genposetg)
Run-time dependency libsirocco found: NO  (tried pkg-config, framework and cmake)
Library sirocco found: NO
Program ecl found: YES 26.5.5 26.5.5 (/Volumes/SSD990/cryptanalysis/third_party/sage-binary/local/bin/ecl)
Program /Volumes/SSD990/cryptanalysis/third_party/sage-binary/local/bin/ecl-config found: YES (/Volumes/SSD990/cryptanalysis/third_party/sage-binary/local/bin/ecl-config)
Program maxima found: YES (/Volumes/SSD990/cryptanalysis/third_party/sage-binary/local/bin/maxima)
Dependency libbraiding for host machine found: YES 1.3.2 (cached)
Dependency highs for host machine found: YES 1.14.0 (cached)
Has header "interfaces/highs_c_api.h" with dependency highs: YES (cached)
Dependency bdw-gc-threaded for host machine found: YES 8.2.12 (cached)
Dependency libhomfly for host machine found: YES 1.04 (cached)
Library coxeter3 found: NO
Dependency lcalc for host machine found: YES 2.1.0 (cached)
Dependency symmetrica for host machine found: YES 3.1.0 (cached)
Library bliss found: NO
Run-time dependency mcqd found: NO  (tried cmake)
Has header "mcqd.h" : NO (cached)
Dependency libcliquer for host machine found: YES 1.23 (cached)
Dependency libplanarity for host machine found: YES 4.0.0.0 (cached)
Has header "planarity/graphLib.h" with dependency libplanarity: YES (cached)
Has header "treedec/combinations.hpp" : NO (cached)
Library rw found: YES
Library iml found: YES
Library glpk found: YES
Dependency brial for host machine found: YES 1.2.15 (cached)
Library brial_groebner found: YES
Dependency threads for host machine found: YES unknown (cached)
../../src/sage/schemes/elliptic_curves/meson.build:88: WARNING: add_languages is missing native:, assuming languages are wanted for both host and build.
Objective-C++ compiler for the host machine: clang++ (clang 17.0.0)
Objective-C++ linker for the host machine: clang++ ld64 1167.5
Dependency appleframeworks (modules: Foundation, Metal) for host machine found: YES unknown (cached)
Configuring kernel.json using configuration
Configuring config.py using configuration
../../src/doc/meson.build:5: WARNING: Documentation building enabled, generating targets may be slow. To disable this, pass -Dbuild-docs=false.
Program python (sphinx) found: YES (/Volumes/SSD990/cryptanalysis/third_party/sage-binary/local/var/lib/sage/venv-python3.14/bin/python3) modules: sphinx
Build targets in project: 1696

SageMath 10.10.rc0

  User defined options
    Native files        : /Volumes/SSD990/cryptanalysis/third_party/sage-binary/build/platform/meson/sage-configure-native-file.ini
                          /Volumes/SSD990/cryptanalysis/third_party/sage-binary/build/sage-distro/meson-python-native-file.ini
    SAGE_LOCAL          : /Volumes/SSD990/cryptanalysis/third_party/sage-binary/local
    b_ndebug            : if-release
    b_vscrt             : md
    build-docs          : True
    buildtype           : release
    default_library     : static
    defer_feature_checks: true

Found ninja-1.13.2 at /opt/homebrew/bin/ninja
[1/4] Compiling Cython source /Volumes/SSD990/cryptanalysis/third_party/sage-binary/src/sage/schemes/elliptic_curves/binary_batch_ntl.pyx
[2/4] Compiling C++ object src/sage/schemes/elliptic_curves/binary_batch_ntl.cpython-314-darwin.so.p/meson-generated_binary_batch_ntl.pyx.cpp.o
[3/4] Linking target src/sage/schemes/elliptic_curves/binary_batch_ntl.cpython-314-darwin.so
