primary GF(2^19) 64 pairs: 1.483x
primary GF(2^19) 64 cartesian: 1.697x
primary GF(2^19) 1024 pairs: 1.650x
primary GF(2^19) 1024 cartesian: 1.332x
primary GF(2^19) 4096 pairs: 1.416x
primary GF(2^19) 4096 cartesian: 1.579x
primary GF(2^67) 64 pairs: 1.435x
primary GF(2^67) 64 cartesian: 1.595x
primary GF(2^67) 1024 pairs: 1.332x
primary GF(2^67) 1024 cartesian: 1.968x
primary GF(2^67) 4096 pairs: 1.645x
primary GF(2^67) 4096 cartesian: 2.172x
primary GF(2^131) 64 pairs: 1.445x
primary GF(2^131) 64 cartesian: 1.737x
primary GF(2^131) 1024 pairs: 1.682x
primary GF(2^131) 1024 cartesian: 1.743x
primary GF(2^131) 4096 pairs: 1.299x
primary GF(2^131) 4096 cartesian: 2.062x
confirmation GF(2^31) 256 pairs: 1.252x
confirmation GF(2^31) 256 cartesian: 1.576x
confirmation GF(2^31) 2304 pairs: 1.191x
confirmation GF(2^31) 2304 cartesian: 1.824x
confirmation GF(2^131) 256 pairs: 1.407x
confirmation GF(2^131) 256 cartesian: 1.543x
confirmation GF(2^131) 2304 pairs: 1.667x
confirmation GF(2^131) 2304 cartesian: 1.950x
{
  "primary": {
    "geomean_speedup": 1.6084696699147145,
    "bootstrap_95": [
      1.5146296950782945,
      1.7057763952425504
    ],
    "pass_gate": true
  },
  "confirmation": {
    "geomean_speedup": 1.5266479068139849,
    "bootstrap_95": [
      1.3729129033671084,
      1.6866117655948427
    ],
    "pass_gate": true
  },
  "per_cell_gate": true,
  "cpu_gate": true,
  "rss_bytes": {
    "pairs": {
      "incumbent": 278986752,
      "candidate": 276971520
    },
    "cartesian": {
      "incumbent": 275578880,
      "candidate": 276004864
    }
  },
  "rss_gate": true,
  "decision": "PASS_LOCAL"
}
