F4E_CLK 869 64 64 0 1133 6187 127628 581 30099
F4E_CLK 1217 64 64 0 140057 6082 138462 5258 39136
F4E_CLK 1299 64 64 0 141359 6195 138699 5979 36974
F4E_CLK 1701 64 64 0 141993 6016 137230 9791 41313
F4E_CLK 1732 64 64 0 143067 4552 139484 10304 76631
F4E_CLK 1766 64 64 0 139275 7558 139805 10080 85596
F4E_CLK 1760 64 64 0 140881 6441 139529 10193 98491
F4E_CLK 1803 64 64 0 141454 6528 140030 11218 94079
F4E_CLK 1264 64 64 0 139850 6830 138883 5311 36717
F4E_CLK 1912 64 64 0 140720 7068 137179 11852 52887
F4E_CLK 2214 64 64 0 143629 5466 137274 18269 58599
F4E_CLK 3039 64 64 0 147510 4630 140369 25607 92579
F4E_CLK 1557 64 64 0 141983 4468 140192 8878 127186
F4E_CLK 1492 64 64 0 140209 5545 137374 7494 104230
F4E_CLK 1342 64 64 0 140212 4592 141220 6245 122844
F4E_CLK 3617 70 64 0 148332 6790 147255 32439 53973
F4E_CLK 3000 64 64 0 145786 5573 138971 25643 66365
F4E_CLK 3126 64 64 0 147092 6044 139550 30390 69112
F4E_CLK 3377 64 64 0 147326 6612 140348 31275 50566
F4E_CLK 3269 64 64 0 147728 5583 138362 30868 73520
F4E_CLK 3137 64 64 0 147880 4785 139236 30327 65373
F4E_CLK 3448 64 64 0 149445 5724 140366 31062 63478
F4E_CLK 1219 64 64 0 140058 6320 140994 5029 72633
F4E_CLK 2563 64 64 0 144336 6647 137486 21598 54100
F4E_CLK 1317 64 64 0 139555 5880 140840 6597 114297
F4E_CLK 1241 64 64 0 139156 5192 141900 5465 71225
F4E_CLK 1138 64 64 0 139813 4371 140250 4993 142061
F4E_CLK 4386 94 64 0 151351 7590 177634 38283 52911
F4E_CLK 3780 64 64 0 149658 4727 138043 35391 58744
F4E_CLK 3993 64 64 0 151528 4979 140176 37658 53527
F4E_CLK 4143 64 64 0 152380 5186 140561 42203 62822
F4E_CLK 4053 64 64 0 149336 7595 140527 38537 90332
F4E_CLK 3902 64 64 0 151230 4791 141614 36262 89086
F4E_CLK 3678 64 64 0 149618 6024 140387 33851 136343
F4E_CLK 4411 64 64 0 153312 5754 139292 43591 53562
F4E_CLK 5806 64 64 0 159226 6073 141357 59209 63232
F4E_CLK 3732 64 64 0 149115 6441 141116 35214 132617
F4E_CLK 3579 64 64 0 149253 5087 138844 32626 118830
F4E_CLK 3423 64 64 0 148153 5729 140173 31724 142145
F4E_CLK 5575 64 64 0 158147 5936 139324 57367 54198
F4E_CLK 2501 64 64 0 145726 4536 139476 20485 82613
F4E_CLK 2449 64 64 0 144504 5798 141070 20162 91436
F4E_CLK 2433 64 64 0 145532 4472 140193 19926 105369
F4E_CLK 1505 64 64 0 141639 4585 136353 7481 51380
F4E_CLK 1062 64 64 0 139562 4586 139919 4514 148725
F4E_CLK 996 64 64 0 517 3993 146926 545 141676
F4E_CLK 927 64 64 0 515 3822 135141 605 144168
F4E_CLK 4790 101 64 0 152213 7378 184652 40348 60750
F4E_CLK 4364 64 64 0 150237 8176 141915 43520 50855
F4E_CLK 4548 64 64 0 152596 6670 139646 44842 47955
F4E_CLK 4648 64 64 0 153215 6733 140097 45888 63929
F4E_CLK 4610 64 64 0 150706 7624 140591 45962 103500
F4E_CLK 4466 64 64 0 149599 8957 140870 43596 100504
F4E_CLK 4235 64 64 0 149035 8287 141741 43098 120873
F4E_CLK 6731 64 64 0 159130 10328 141096 70655 44168
F4E_CLK 3175 64 64 0 148084 4691 139599 30480 73000
F4E_CLK 5655 64 64 0 154549 9551 142429 58526 124649
F4E_CLK 4053 64 64 0 147891 8686 139462 37607 135492
F4E_CLK 3903 64 64 0 144963 10299 139539 36729 142755
F4E_CLK 7062 64 64 0 163828 7009 136104 74648 52927
F4E_CLK 3484 64 64 0 149100 5698 139501 32731 85670
F4E_CLK 3468 64 64 0 149652 4716 140976 33050 81286
F4E_CLK 3269 64 64 0 147481 6508 140442 31242 132882
F4E_CLK 7126 64 64 0 163004 7889 138090 73853 57021
F4E_CLK 3767 64 64 0 147196 9597 139782 35235 137021
F4E_CLK 3611 64 64 0 145265 9716 138461 33703 148182
F4E_CLK 3503 64 64 0 144694 9712 140896 32605 152162
F4E_CLK 6148 64 64 0 159231 8338 139769 67142 69906
F4E_CLK 3662 64 64 0 150637 4629 139174 33708 85321
F4E_CLK 3564 64 64 0 149908 4850 140905 32677 118328
F4E_CLK 4068 64 64 0 152079 5635 140271 37724 89352
F4E_CLK 4126 64 64 0 152132 5202 139409 42422 64544
F4E_CLK 3179 64 64 0 148291 5443 139576 30235 136676
F4E_CLK 3923 64 64 0 150472 6390 139246 36163 68341
F4E_CLK 912 59 59 0 516 4022 120850 581 76970
F4E_CLK 838 35 35 0 518 3608 72539 630 40781
F4E_CLK 803 35 35 0 521 3531 72969 507 42155
F4E_CLK 768 35 35 0 518 3436 70479 521 43641
F4E_CLK 4691 51 30 0 150584 8286 92510 19179 19616
F4E_CLK 4614 64 64 0 150943 8019 139293 46045 41385
F4E_CLK 4851 64 64 0 154092 5789 138666 47155 46745
F4E_CLK 4786 64 64 0 152975 7721 137340 47163 51946
F4E_CLK 4997 64 64 0 152097 8697 141142 50240 77260
F4E_CLK 4848 64 64 0 150176 10012 139311 47526 102456
F4E_CLK 4713 64 64 0 149300 10082 139662 45992 104473
F4E_CLK 8135 82 64 0 163791 11450 166747 81963 45423
F4E_CLK 4249 64 64 0 152127 6491 142162 43091 57190
F4E_CLK 8465 64 64 0 167768 9633 140055 93202 72669
F4E_CLK 4382 64 64 0 150284 7914 139810 44293 119335
F4E_CLK 4221 64 64 0 149887 7748 140324 42302 122276
F4E_CLK 8227 101 64 0 165329 10337 190906 84870 61978
F4E_CLK 4532 64 64 0 151143 7591 139726 45010 82818
F4E_CLK 4538 64 64 0 151775 7855 138847 45209 57221
F4E_CLK 4360 64 64 0 152017 6779 140771 44156 101849
F4E_CLK 5154 64 64 0 154182 7668 138745 54359 55442
F4E_CLK 4762 64 64 0 151275 8860 140597 47339 136031
F4E_CLK 3858 64 64 0 150494 5526 140612 36687 145211
F4E_CLK 3763 64 64 0 149876 6592 140652 35298 146458
F4E_CLK 8260 84 64 0 165553 11253 167297 87691 47600
F4E_CLK 4705 64 64 0 152759 7544 140269 46113 69566
F4E_CLK 4592 64 64 0 152642 6813 141731 44834 85937
F4E_CLK 4350 64 64 0 152133 6305 139247 43201 130255
F4E_CLK 5507 64 64 0 157140 6690 138662 57023 61826
F4E_CLK 4145 64 64 0 148271 9780 138992 42483 148196
F4E_CLK 5259 64 64 0 156750 6065 139845 55126 74322
F4E_CLK 1286 64 64 0 140243 5227 140020 6437 111983
F4E_CLK 4626 49 49 0 154172 5217 106212 35818 52454
F4E_CLK 3539 44 44 0 144477 10534 98024 23132 71807
F4E_CLK 3489 44 44 0 146211 8902 96169 23320 73957
F4E_CLK 8040 65 49 0 166125 9158 128218 63345 25840
F4E_CLK 4791 64 64 0 153330 6968 136779 47501 62643
F4E_CLK 4729 64 64 0 152085 8672 139919 46096 68348
F4E_CLK 4461 64 64 0 153353 6191 139400 43758 109068
F4E_CLK 5670 64 64 0 156992 7744 137970 57925 57485
F4E_CLK 4182 64 64 0 147990 9895 141159 42383 146404
F4E_CLK 5325 64 64 0 157677 5549 138097 54829 104485
F4E_CLK 1458 64 64 0 140045 6090 137763 7303 110966
F4E_CLK 5241 54 54 0 157554 5623 117932 46970 48035
F4E_CLK 3829 64 44 0 150938 6283 131512 7910 72165
F4E_CLK 5223 59 59 0 157572 5661 128691 50385 66387
F4E_CLK 1466 68 58 0 140925 4885 135317 1676 82939
F4E_CLK 1384 67 39 0 140741 5119 107086 560 27639
F4E_CLK 0 0 0 0 517 223 163 49 398
F4E_CLK 0 0 0 0 533 234 187 34 371
F4E_CLK 0 0 0 0 533 236 189 35 366
F4E_CLK 4212 15 15 0 151171 5979 32580 12719 4778
F4E_CLK 4881 64 64 0 154402 5333 139754 48512 40430
F4E_CLK 5077 65 64 0 153879 7735 148617 41657 40226
F4E_CLK 4976 64 64 0 153332 7593 135729 48735 55759
F4E_CLK 5120 66 64 0 150776 10286 142965 49658 88797
F4E_CLK 4956 64 64 0 149498 11688 139134 48673 107740
F4E_CLK 4893 64 64 0 151849 9049 137678 48882 107116
F4E_CLK 9263 77 64 0 172251 8697 157663 99453 42078
F4E_CLK 5335 64 64 0 157542 5588 141223 55308 59797
F4E_CLK 9595 64 64 0 168165 14802 139158 104995 88096
F4E_CLK 4570 64 64 0 149227 10342 141094 44848 123935
F4E_CLK 4388 64 64 0 151185 6882 141050 44167 120076
F4E_CLK 9351 95 64 0 170288 11473 180357 98379 54337
F4E_CLK 5658 64 64 0 158228 6349 137322 58503 74242
F4E_CLK 5619 64 64 0 155924 8441 139589 57120 57249
F4E_CLK 5415 64 64 0 155819 6801 139079 56355 106568
F4E_CLK 10562 64 64 0 178301 8227 137451 116381 51994
F4E_CLK 4182 64 64 0 149810 8619 142374 42705 148275
F4E_CLK 3890 64 64 0 145188 11718 139649 36711 145395
F4E_CLK 3801 64 64 0 147148 9067 140807 34810 145344
F4E_CLK 9427 78 64 0 172929 9739 157487 101623 55966
F4E_CLK 5793 64 64 0 159045 6175 136163 60194 78914
F4E_CLK 5621 64 64 0 156606 8408 140760 57360 98148
F4E_CLK 6599 64 64 0 160884 7692 137560 69165 127543
F4E_CLK 7078 64 64 0 164102 7346 139027 74317 64090
F4E_CLK 5083 64 64 0 153477 8788 139931 50200 142086
F4E_CLK 6614 64 64 0 161738 6556 139933 69156 69609
F4E_CLK 1979 64 64 0 142214 6923 139671 13005 104326
F4E_CLK 3829 29 29 0 150591 6398 62877 17802 22292
F4E_CLK 3666 29 29 0 147228 8422 63524 17025 30942
F4E_CLK 3629 26 26 0 147708 8512 56560 15678 27004
F4E_CLK 9208 53 46 0 171218 9491 111392 71432 21191
F4E_CLK 5794 64 64 0 157043 7874 138368 59623 53715
F4E_CLK 5687 64 64 0 156328 7773 140506 58640 72116
F4E_CLK 5394 64 64 0 156760 7655 140106 56656 110452
F4E_CLK 7149 64 64 0 164381 6618 139063 74189 54322
F4E_CLK 4992 64 64 0 156503 5227 139171 49023 149430
F4E_CLK 6770 64 64 0 162528 6655 139588 70082 87577
F4E_CLK 2011 64 64 0 138945 9562 137320 13333 107996
F4E_CLK 6645 44 44 0 162293 6085 95753 48614 35932
F4E_CLK 4671 54 34 0 154552 5114 112385 10685 42882
F4E_CLK 6224 58 58 0 160461 7311 123292 60760 68754
F4E_CLK 1959 62 54 0 144146 4044 132834 2658 72194
F4E_CLK 1893 58 30 0 144093 4021 90007 643 15992
F4E_CLK 0 0 0 0 515 220 165 51 395
F4E_CLK 0 0 0 0 529 236 189 35 369
F4E_CLK 0 0 0 0 531 234 187 34 371
F4E_CLK 5742 63 63 0 156329 8065 133781 57891 48157
F4E_CLK 5751 64 64 0 157532 8255 134912 58217 54832
F4E_CLK 5590 64 64 0 155930 9668 137729 57051 110325
F4E_CLK 7319 76 64 0 166025 6436 157082 70376 77673
F4E_CLK 7250 64 64 0 164855 6665 138878 79197 67649
F4E_CLK 4722 64 64 0 154651 6043 140376 46386 148942
F4E_CLK 6746 64 64 0 163199 6115 138034 70183 60255
F4E_CLK 2292 58 58 0 143957 5595 126900 17029 77748
F4E_CLK 4523 21 21 0 153560 5762 46595 17228 15980
F4E_CLK 6611 78 29 0 162212 6414 130394 20086 13460
F4E_CLK 2134 64 64 0 144974 4258 140215 17851 122213
F4E_CLK 2078 73 37 0 144747 4335 115448 918 26975
F4E_CLK 1571 31 15 0 142472 4478 44365 604 5541
F4E_CLK 0 0 0 0 520 221 165 51 396
F4E_CLK 2118 49 49 0 144082 4691 104952 14297 53398
F4E_CLK 2205 84 51 0 143289 5946 144479 850 60259
F4E_CLK 2060 69 21 0 143986 4444 82001 1036 8986
F4E_CLK 197 30 11 0 518 3068 35178 240 4801
F4E_CLK 0 0 0 0 518 223 163 49 397
F4E_CLK 0 0 0 0 536 234 187 34 372
F4E_CLK 0 0 0 0 864 236 189 35 364
F4E_CLK 4059 5 5 0 149366 8240 12260 5616 1664
F4E_CLK 5059 64 64 0 152583 9455 138170 50349 40682
F4E_CLK 5330 65 64 0 153720 8718 152720 44519 46234
F4E_CLK 5220 64 64 0 153609 8829 137686 54820 48901
F4E_CLK 5527 67 64 0 155147 8889 146735 54686 66826
F4E_CLK 5341 64 64 0 154616 7951 139398 55153 95005
F4E_CLK 5178 64 64 0 152634 9902 141111 54746 86465
F4E_CLK 10697 92 64 0 177728 9510 187893 107142 49048
F4E_CLK 6426 64 64 0 162498 6053 139905 68143 55915
F4E_CLK 11256 65 64 0 179469 9952 145281 119285 63764
F4E_CLK 4887 64 64 0 149347 11233 141054 48861 118841
F4E_CLK 4692 64 64 0 150139 9057 139376 46293 91320
F4E_CLK 10671 105 64 0 176956 10478 189031 110010 67966
F4E_CLK 6760 64 64 0 163638 6122 137756 70149 82840
F4E_CLK 6801 64 64 0 162123 7546 140278 71720 57978
F4E_CLK 6594 64 64 0 161895 6985 138346 69532 104937
F4E_CLK 8618 64 64 0 170872 7213 139770 93038 55831
F4E_CLK 6688 64 64 0 163201 6020 138607 70223 124977
F4E_CLK 4201 64 64 0 151597 7514 140694 42472 146398
F4E_CLK 3980 64 64 0 148766 8445 142118 38149 149634
F4E_CLK 10611 112 64 0 178216 8935 205748 108158 51976
F4E_CLK 6894 64 64 0 162808 7383 137644 71546 75529
F4E_CLK 6841 64 64 0 162786 7465 139343 72028 74183
F4E_CLK 6541 64 64 0 161214 8035 139427 69321 128248
F4E_CLK 8938 64 64 0 170040 9004 139333 96192 57099
F4E_CLK 6266 64 64 0 158491 9018 140621 67263 143069
F4E_CLK 8414 64 64 0 169541 7755 137317 91172 83089
F4E_CLK 2592 64 64 0 144863 6831 139863 21674 108192
F4E_CLK 6363 29 29 0 160565 6778 61652 32861 13159
F4E_CLK 3797 29 29 0 151584 5071 63475 17843 33962
F4E_CLK 3761 29 29 0 152243 4708 64002 17278 31596
F4E_CLK 10445 71 43 0 177607 8443 132361 75306 20260
F4E_CLK 6905 64 64 0 163179 7690 136123 72052 56122
F4E_CLK 6835 64 64 0 163005 7560 138707 71956 59602
F4E_CLK 6525 64 64 0 160677 7542 137494 68398 101809
F4E_CLK 8361 64 64 0 167652 8690 139482 91359 61558
F4E_CLK 6167 64 64 0 159794 7464 139324 67127 146450
F4E_CLK 8220 64 64 0 168978 6952 135406 90999 117703
F4E_CLK 2754 64 64 0 146645 5146 139573 23169 99844
F4E_CLK 8258 44 44 0 169576 6941 97350 63670 26952
F4E_CLK 5484 118 34 0 156465 7777 190634 5256 44820
F4E_CLK 8132 98 58 0 168743 7738 186132 63281 58914
F4E_CLK 2908 80 56 0 145746 7211 157406 1418 78055
F4E_CLK 2661 89 38 0 146398 5403 133033 1039 28250
F4E_CLK 0 0 0 0 518 221 165 51 395
F4E_CLK 0 0 0 0 533 236 189 35 366
F4E_CLK 0 0 0 0 533 234 187 34 371
F4E_CLK 6902 53 53 0 162996 6458 114829 60200 33689
F4E_CLK 6965 72 64 0 163049 7704 156559 61737 53194
F4E_CLK 6900 72 64 0 163352 6750 159157 61267 95062
F4E_CLK 9050 98 64 0 172893 6987 188643 86479 104021
F4E_CLK 8999 64 64 0 172400 6978 138391 97217 63222
F4E_CLK 5775 64 64 0 158674 5708 140175 59875 146661
F4E_CLK 8407 64 64 0 168708 8856 137147 91368 63687
F4E_CLK 3153 64 64 0 144611 9525 140081 30104 94004
F4E_CLK 5717 25 25 0 158390 7658 56193 25103 18412
F4E_CLK 8030 75 19 0 167431 8064 123239 12022 9261
F4E_CLK 2870 64 64 0 145756 6659 138775 24275 103561
F4E_CLK 2713 57 45 0 145106 6528 121617 1059 50482
F4E_CLK 2500 41 17 0 145632 5350 59059 906 8593
F4E_CLK 0 0 0 0 519 221 165 51 396
F4E_CLK 2832 39 39 0 146186 6593 83329 15863 30374
F4E_CLK 3052 70 61 0 145843 8420 163854 1135 97936
F4E_CLK 2687 69 21 0 147006 5045 86906 1051 9108
F4E_CLK 287 21 11 0 517 2940 27383 251 4383
F4E_CLK 0 0 0 0 521 221 165 49 398
F4E_CLK 0 0 0 0 532 234 187 34 373
F4E_CLK 0 0 0 0 533 236 189 35 366
F4E_CLK 6799 37 37 0 162321 7268 81112 43363 17664
F4E_CLK 6966 68 64 0 163030 7048 149373 64849 48157
F4E_CLK 6888 70 64 0 162557 7854 150894 68203 65731
F4E_CLK 6531 64 64 0 161399 6254 137749 69202 96004
F4E_CLK 9170 75 64 0 172694 7073 151683 96325 51989
F4E_CLK 6044 64 64 0 160156 6715 139495 62537 142835
F4E_CLK 8551 64 64 0 168706 9679 135285 92178 92128
F4E_CLK 3056 64 64 0 147378 6583 138367 25854 102965
F4E_CLK 8425 29 29 0 170553 7195 62740 44357 12443
F4E_CLK 5428 94 22 0 157435 6349 139892 6789 18033
F4E_CLK 8258 57 57 0 169259 8044 120778 81657 56290
F4E_CLK 3119 93 49 0 148109 5155 156022 2901 60504
F4E_CLK 2869 86 29 0 147518 5195 116382 1009 17911
F4E_CLK 0 0 0 0 520 223 163 49 397
F4E_CLK 2947 23 23 0 146850 6170 50701 10325 9855
F4E_CLK 2943 64 64 0 147866 5654 138309 24436 124445
F4E_CLK 2884 55 28 0 147919 4933 89104 3364 15254
F4E_CLK 327 14 11 0 521 2872 23234 440 3348
F4E_CLK 311 17 6 0 518 2960 19730 253 1792
F4E_CLK 0 0 0 0 825 223 163 49 398
F4E_CLK 2964 47 47 0 146770 5979 103018 19156 49802
F4E_CLK 3182 93 53 0 148060 6746 164391 1523 77134
F4E_CLK 2876 69 21 0 147812 5281 88650 976 9579
F4E_CLK 328 29 11 0 520 2957 33442 259 5623
F4E_CLK 327 18 11 0 519 3018 25909 425 4888
F4E_CLK 0 0 0 0 517 223 163 49 400
F4E_CLK 0 0 0 0 532 234 187 34 371
F4E_CLK 0 0 0 0 840 236 189 35 366
F4E_CLK 0 0 0 0 534 238 187 37 367
F4E_CLK 5200 46 46 0 154451 6863 100779 40250 20666
F4E_CLK 5505 64 64 0 156214 7334 137909 57277 34613
F4E_CLK 5610 64 64 0 157228 5736 139099 57278 37247
F4E_CLK 5824 68 64 0 158333 6646 150533 52767 41694
F4E_CLK 5719 64 64 0 157889 6270 139181 58267 84756
F4E_CLK 5534 64 64 0 156794 7348 141073 57334 68892
F4E_CLK 11962 95 64 0 182312 10777 192292 113014 91718
F4E_CLK 7441 64 64 0 166262 6497 139952 80669 53924
F4E_CLK 12805 65 64 0 187461 9331 148445 135175 50705
F4E_CLK 5243 64 64 0 155076 7598 139740 55133 112567
F4E_CLK 5028 64 64 0 155271 5369 140101 50220 93074
F4E_CLK 4696 64 64 0 154634 5139 140466 46186 144431
F4E_CLK 7956 64 64 0 168676 6540 140131 85418 72529
F4E_CLK 8039 64 64 0 167035 8196 138408 85463 67119
F4E_CLK 7938 64 64 0 168403 6557 138289 85817 106843
F4E_CLK 10769 64 64 0 180022 7916 139903 119283 74338
F4E_CLK 7982 64 64 0 168685 6608 137642 85068 67098
F4E_CLK 4570 64 64 0 154101 5677 139093 45328 147547
F4E_CLK 4291 64 64 0 153020 5354 140040 43360 144362
F4E_CLK 12001 158 64 0 183343 9756 269211 115995 89502
F4E_CLK 8100 64 64 0 168920 6706 137839 87279 85480
F4E_CLK 8145 64 64 0 167791 7866 137427 87309 52232
F4E_CLK 7858 64 64 0 165907 8192 139323 84345 111987
F4E_CLK 10807 64 64 0 177823 9922 136131 118794 58207
F4E_CLK 10845 64 64 0 179063 8854 137893 119219 102325
F4E_CLK 6999 64 64 0 163259 7785 141025 73470 144935
F4E_CLK 9932 64 64 0 176954 7490 138030 107922 83940
F4E_CLK 3693 40 40 0 148493 7416 86817 22154 37809
F4E_CLK 4054 35 35 0 152003 4866 78058 22314 47197
F4E_CLK 3987 21 21 0 151472 4782 46651 14113 17072
F4E_CLK 11534 90 34 0 181785 9345 151962 61832 30375
F4E_CLK 8170 65 64 0 168825 7076 147857 78085 51850
F4E_CLK 8158 64 64 0 169681 6655 134674 87419 52108
F4E_CLK 7928 64 64 0 166883 7971 136621 84169 113008
F4E_CLK 11076 87 64 0 181237 7922 173580 113742 68926
F4E_CLK 10928 67 64 0 179885 9028 153831 108906 76774
F4E_CLK 6689 64 64 0 162162 7095 138193 70541 148947
F4E_CLK 10185 64 64 0 174280 10395 137326 110634 64579
F4E_CLK 3932 51 51 0 149765 7348 110128 29631 64619
F4E_CLK 6475 147 42 0 162131 7462 240499 10171 66184
F4E_CLK 9934 103 43 0 175478 9323 193311 42313 27836
F4E_CLK 3580 64 64 0 149134 6783 139568 32620 130099
F4E_CLK 3628 87 43 0 151948 4885 151539 3696 37137
F4E_CLK 381 13 10 0 514 2994 21608 252 4409
F4E_CLK 0 0 0 0 518 223 163 49 400
F4E_CLK 0 0 0 0 534 238 187 37 369
F4E_CLK 7974 30 30 0 166793 8026 66489 42504 12403
F4E_CLK 8173 68 64 0 167356 8707 149304 77055 52458
F4E_CLK 8057 70 64 0 168209 7798 149776 80675 60611
F4E_CLK 7744 76 64 0 167049 6921 159737 74275 92242
F4E_CLK 10679 79 64 0 179128 8640 158971 113765 55252
F4E_CLK 7206 64 64 0 165537 6498 139828 79432 140486
F4E_CLK 10131 65 64 0 175650 8588 146869 100657 115894
F4E_CLK 3784 64 64 0 149348 7319 141396 35469 96142
F4E_CLK 8464 29 29 0 171105 7034 62089 44349 16330
F4E_CLK 6129 116 26 0 160685 6450 177845 4216 26540
F4E_CLK 9830 53 53 0 175698 8510 114911 89116 53438
F4E_CLK 4067 91 55 0 149352 8941 178399 2347 78348
F4E_CLK 3608 110 30 0 150280 5672 146626 2350 20718
F4E_CLK 0 0 0 0 518 221 165 51 398
F4E_CLK 3658 16 16 0 149032 7192 36469 10413 6674
F4E_CLK 3678 64 64 0 148774 7745 138397 33816 116915
F4E_CLK 3617 85 29 0 149832 6224 119412 3059 19834
F4E_CLK 418 20 12 0 518 3233 27970 244 5309
F4E_CLK 417 30 11 0 518 3184 36198 259 5485
F4E_CLK 0 0 0 0 518 221 165 51 395
F4E_CLK 0 0 0 0 532 236 189 35 366
F4E_CLK 7747 14 14 0 166368 6847 31554 22472 4501
F4E_CLK 8078 66 64 0 168397 7097 150719 75938 56262
F4E_CLK 8090 72 64 0 168246 7792 156240 79041 46823
F4E_CLK 7818 76 64 0 166227 7941 162099 72590 115183
F4E_CLK 11261 100 64 0 181820 8091 197334 110417 61631
F4E_CLK 11088 79 64 0 179919 8884 166029 110349 91961
F4E_CLK 6451 64 64 0 162295 6018 141098 68579 145111
F4E_CLK 10102 64 64 0 176436 8566 137180 109194 68753
F4E_CLK 4190 43 43 0 152270 6409 91986 29533 43220
F4E_CLK 6174 35 28 0 161930 6066 98635 5264 30099
F4E_CLK 9997 37 37 0 176399 7445 79862 65290 21133
F4E_CLK 4240 64 64 0 151850 6793 137571 42848 117410
F4E_CLK 3792 94 34 0 151321 4906 144858 1810 20174
F4E_CLK 378 5 3 0 521 3021 7346 257 793
F4E_CLK 0 0 0 0 518 221 165 51 395
F4E_CLK 3841 64 64 0 151315 5684 138620 36704 92605
F4E_CLK 3808 71 43 0 151925 4816 134492 6168 43002
F4E_CLK 2929 41 14 0 148191 4404 57089 1093 7710
F4E_CLK 451 30 11 0 518 3167 34873 262 4946
F4E_CLK 0 0 0 0 815 223 163 49 400
F4E_CLK 3791 24 24 0 151879 4760 52830 14639 11668
F4E_CLK 3776 64 64 0 151822 4998 137325 35145 122525
F4E_CLK 3802 60 28 0 153056 4797 98497 5725 12932
F4E_CLK 463 13 11 0 518 3193 22334 466 3133
F4E_CLK 443 14 5 0 519 3117 16696 199 1723
F4E_CLK 457 40 11 0 518 3282 43291 273 4137
F4E_CLK 0 0 0 0 519 221 165 51 395
F4E_CLK 0 0 0 0 865 236 189 35 367
F4E_CLK 3674 1 1 0 149488 5942 2734 3543 759
F4E_CLK 8053 65 64 0 168702 6534 149536 75638 46536
F4E_CLK 8091 73 64 0 168109 6834 158748 77111 49337
F4E_CLK 7921 67 64 0 167105 7877 152248 72309 109311
F4E_CLK 11452 96 64 0 181988 8259 178467 119609 70591
F4E_CLK 11289 66 64 0 181710 8272 152260 115989 66830
F4E_CLK 6681 64 64 0 163967 6007 138819 70581 141305
F4E_CLK 10323 64 64 0 178550 7848 137203 115347 61722
F4E_CLK 4502 56 56 0 154710 5274 119823 39355 74361
F4E_CLK 6227 21 21 0 161218 6131 47000 24773 17996
F4E_CLK 10107 101 31 0 177458 7401 168563 33025 15132
F4E_CLK 3984 64 64 0 152598 5277 139059 38193 115035
F4E_CLK 3978 85 37 0 153660 4843 142887 3980 30941
F4E_CLK 486 20 13 0 529 3084 30566 280 6932
F4E_CLK 0 0 0 0 525 221 165 51 398
F4E_CLK 3953 51 51 0 152569 4808 112282 29860 50970
F4E_CLK 4263 109 49 0 153796 5438 179886 3229 60513
F4E_CLK 3751 85 21 0 152275 4793 110506 2122 9444
F4E_CLK 491 30 11 0 529 3129 35309 246 4649
F4E_CLK 0 0 0 0 530 223 163 49 398
F4E_CLK 3889 11 11 0 152360 4856 25005 7781 5488
F4E_CLK 3937 64 64 0 152916 4785 138646 36719 112123
F4E_CLK 3779 73 33 0 151824 5159 122691 2402 24905
F4E_CLK 2108 40 13 0 143996 4483 49589 1007 4993
F4E_CLK 498 30 11 0 529 3124 35290 300 4932
F4E_CLK 496 40 11 0 525 3090 42987 259 3676
F4E_CLK 0 0 0 0 526 221 165 51 397
F4E_CLK 3858 14 14 0 152855 4800 31423 9927 5745
F4E_CLK 3879 64 64 0 152890 4775 137302 36609 117148
F4E_CLK 3782 82 30 0 151182 5542 122716 2371 20385
F4E_CLK 2117 40 13 0 143288 6109 49460 1000 5407
F4E_CLK 504 30 11 0 530 3184 35329 261 4543
F4E_CLK 502 40 11 0 526 3145 41926 256 4252
F4E_CLK 502 28 11 0 526 2967 33861 275 4651
F4E_CLK 0 0 0 0 527 221 165 51 396
F4E_CLK 0 0 0 0 541 236 189 35 366
F4E_CLK 0 0 0 0 542 234 187 34 373
F4E_CLK 0 0 0 0 540 236 189 35 368
F4E_CLK 5466 46 46 0 156800 5688 99136 41205 20838
F4E_CLK 5786 64 64 0 158539 5886 138059 59734 34608
F4E_CLK 5923 64 64 0 158805 6562 138445 61247 34603
F4E_CLK 6050 68 64 0 159196 6194 151794 55915 41965
F4E_CLK 5940 64 64 0 158511 6710 141176 61020 86848
F4E_CLK 5787 64 64 0 158113 6666 139665 59564 68752
F4E_CLK 13286 95 64 0 188054 10247 193551 128549 91725
F4E_CLK 8645 64 64 0 170794 6988 139945 94137 53613
F4E_CLK 14312 65 64 0 194109 9344 147715 151906 50153
F4E_CLK 5519 64 64 0 155863 8396 141517 57540 109127
F4E_CLK 5299 64 64 0 155328 6563 139447 55234 93661
F4E_CLK 4943 64 64 0 155464 5771 139792 48753 148648
F4E_CLK 9163 64 64 0 173277 7070 140655 98918 72224
F4E_CLK 9228 64 64 0 173819 7402 138177 104046 66308
F4E_CLK 9143 64 64 0 173640 7135 140138 99854 106566
F4E_CLK 12997 64 64 0 188988 8748 138959 144630 74073
F4E_CLK 9096 64 64 0 173302 7067 136774 98657 69170
F4E_CLK 4763 64 64 0 156430 5173 140885 47319 143931
F4E_CLK 4510 64 64 0 154161 5300 140858 45063 144782
F4E_CLK 13473 158 64 0 189602 9576 267791 135771 86344
F4E_CLK 9350 64 64 0 173558 7419 138946 104426 87940
F4E_CLK 9389 64 64 0 173829 8705 139880 104557 55068
F4E_CLK 9111 64 64 0 171950 7572 137425 99346 113931
F4E_CLK 13044 64 64 0 186846 10573 135373 144467 58805
F4E_CLK 13095 64 64 0 189613 8789 136601 146387 102266
F4E_CLK 8163 64 64 0 169805 6655 141367 87100 146077
F4E_CLK 11990 64 64 0 184588 8342 137298 132207 84209
F4E_CLK 4857 40 40 0 156643 5217 86172 30736 37808
F4E_CLK 4284 35 35 0 154042 5094 78511 25386 43908
F4E_CLK 4242 21 21 0 153176 5086 48236 16363 18331
F4E_CLK 12931 90 34 0 186582 10287 154533 69409 30018
F4E_CLK 9417 65 64 0 173508 7684 147537 95396 52660
F4E_CLK 9443 74 64 0 174256 7365 155513 95427 53368
F4E_CLK 9199 64 64 0 172851 8391 135096 99271 117049
F4E_CLK 13288 91 64 0 190061 8957 178694 139406 71385
F4E_CLK 13144 67 64 0 189140 8805 148779 134700 76819
F4E_CLK 7805 64 64 0 167759 6510 140023 83158 148942
F4E_CLK 12328 64 64 0 184465 10786 140641 139565 62826
F4E_CLK 5159 51 51 0 156430 6290 110287 44426 63961
F4E_CLK 7571 162 42 0 166889 6489 264915 12145 66094
F4E_CLK 12007 119 43 0 183900 9173 218548 50902 30350
F4E_CLK 4628 64 64 0 155415 5249 137875 46208 126229
F4E_CLK 4770 98 43 0 156428 5191 182070 5504 34974
F4E_CLK 556 13 10 0 499 3315 22399 264 4422
F4E_CLK 0 0 0 0 506 242 169 50 385
F4E_CLK 0 0 0 0 522 241 185 35 364
F4E_CLK 9251 30 30 0 172900 8263 67118 51864 12413
F4E_CLK 9453 70 64 0 173445 9431 167679 84947 52724
F4E_CLK 9390 73 64 0 172795 9311 161098 95166 58062
F4E_CLK 9003 86 64 0 171721 7856 174032 86133 90846
F4E_CLK 12840 80 64 0 188850 8720 157480 139299 55560
F4E_CLK 8437 73 64 0 170436 7149 159437 80211 146473
F4E_CLK 11992 112 64 0 184945 8404 201546 122036 110215
F4E_CLK 4838 64 64 0 154615 7251 139034 47500 97671
F4E_CLK 10384 29 29 0 178822 7934 61775 55718 15769
F4E_CLK 7106 131 26 0 165309 6169 202177 4812 28397
F4E_CLK 11850 53 53 0 184087 8235 114732 109634 49795
F4E_CLK 5262 109 55 0 157057 6825 219786 4213 80491
F4E_CLK 4713 130 30 0 155486 5676 191518 3030 21624
F4E_CLK 0 0 0 0 500 225 167 51 395
F4E_CLK 4716 16 16 0 154973 5957 34983 13656 6940
F4E_CLK 4736 64 64 0 155680 5298 136841 46159 117116
F4E_CLK 4721 99 29 0 155677 5162 149178 4070 19025
F4E_CLK 594 20 12 0 502 3301 28775 261 5350
F4E_CLK 591 30 11 0 505 3248 35817 272 4958
F4E_CLK 0 0 0 0 847 221 164 51 397
F4E_CLK 0 0 0 0 507 243 167 38 395
F4E_CLK 8968 14 14 0 170364 9748 32074 25717 4773
F4E_CLK 9311 66 64 0 174103 7393 150171 92772 56594
F4E_CLK 9311 74 64 0 172826 8936 167190 88577 45157
F4E_CLK 9056 83 64 0 170605 9398 171948 86802 112127
F4E_CLK 13460 100 64 0 190542 9166 196419 139825 60006
F4E_CLK 13235 79 64 0 189586 8844 163891 135842 93379
F4E_CLK 7461 64 64 0 167191 6420 139481 80764 146036
F4E_CLK 12110 71 64 0 185444 8360 147291 132151 68924
F4E_CLK 5397 43 43 0 157531 6558 91530 38830 42699
F4E_CLK 7162 35 28 0 165235 6292 102815 5519 30206
F4E_CLK 12001 37 37 0 185176 8367 80770 79243 21822
F4E_CLK 5422 64 64 0 158026 5937 136854 56043 115182
F4E_CLK 4712 109 34 0 154920 5341 175015 3361 20782
F4E_CLK 544 5 3 0 509 3117 7541 304 798
F4E_CLK 0 0 0 0 850 221 164 51 396
F4E_CLK 4864 64 64 0 156713 5167 136628 47299 79095
F4E_CLK 4838 78 43 0 155838 5616 153342 8518 45753
F4E_CLK 3589 50 14 0 150945 5229 68909 2200 7279
F4E_CLK 625 30 11 0 507 3211 36255 287 4248
F4E_CLK 0 0 0 0 511 219 164 52 392
F4E_CLK 4805 24 24 0 156456 5260 52673 19213 11729
F4E_CLK 4787 64 64 0 156418 5234 135292 47218 123601
F4E_CLK 4654 68 28 0 156091 5210 115469 7938 12763
F4E_CLK 637 13 11 0 527 3298 22198 483 2651
F4E_CLK 602 14 5 0 522 3057 16582 232 1215
F4E_CLK 632 40 11 0 527 3185 43519 304 5640
F4E_CLK 0 0 0 0 527 221 164 51 397
F4E_CLK 0 0 0 0 541 236 189 35 366
F4E_CLK 4112 1 1 0 151846 6030 2754 4342 714
F4E_CLK 9263 65 64 0 173405 7376 150623 93958 46631
F4E_CLK 9299 73 64 0 172209 8513 159069 93808 46544
F4E_CLK 9104 72 64 0 171740 7862 159719 88387 108087
F4E_CLK 13606 118 64 0 191457 9230 220925 136113 73082
F4E_CLK 13401 66 64 0 190140 9687 152458 140212 68464
F4E_CLK 7697 64 64 0 167555 6523 137900 82749 142422
F4E_CLK 12291 82 64 0 186037 8734 162762 135832 65294
F4E_CLK 5722 56 56 0 160193 5703 120059 51107 72438
F4E_CLK 7146 21 21 0 164936 6199 46664 26884 17484
F4E_CLK 12109 115 31 0 186124 8440 190382 40646 15591
F4E_CLK 5003 64 64 0 156765 5407 139492 50494 114758
F4E_CLK 5060 97 37 0 157702 5277 170980 5223 33066
F4E_CLK 661 20 13 0 528 3399 31274 278 6968
F4E_CLK 0 0 0 0 527 221 164 51 398
F4E_CLK 4975 51 51 0 156800 5176 108835 39650 51381
F4E_CLK 5403 121 49 0 159392 5579 218188 4120 59635
F4E_CLK 4804 101 21 0 156470 5326 144902 2667 11277
F4E_CLK 666 30 11 0 527 3240 37650 302 4688
F4E_CLK 0 0 0 0 530 223 163 49 397
F4E_CLK 4911 11 11 0 156169 5153 24851 11167 4477
F4E_CLK 4950 64 64 0 157144 5193 136363 48728 107991
F4E_CLK 4837 83 33 0 156612 5267 146579 3012 25928
F4E_CLK 2737 40 13 0 145285 5454 52845 1180 6418
F4E_CLK 673 30 11 0 519 3372 35784 302 4124
F4E_CLK 672 40 11 0 527 3303 43570 285 4411
F4E_CLK 0 0 0 0 854 221 164 51 396
F4E_CLK 4832 14 14 0 156147 5361 31900 12008 6441
F4E_CLK 4858 64 64 0 156326 5291 139158 47397 110571
F4E_CLK 4840 95 30 0 154075 7178 153395 2946 20163
F4E_CLK 2736 40 13 0 144480 7564 52125 943 6312
F4E_CLK 679 30 11 0 528 3378 35088 312 4273
F4E_CLK 677 40 11 0 520 3321 44560 305 4174
F4E_CLK 676 28 11 0 526 3386 35206 300 4134
F4E_CLK 0 0 0 0 851 221 164 51 396
F4E_CLK 0 0 0 0 542 236 189 35 364
F4E_CLK 0 0 0 0 528 243 169 40 389
F4E_CLK 8934 24 24 0 170882 8568 52874 38678 9284
F4E_CLK 9137 68 64 0 173681 7043 151946 88648 56133
F4E_CLK 9101 70 64 0 172583 7255 154099 93446 60144
F4E_CLK 8715 71 64 0 170127 7605 156067 85541 96414
F4E_CLK 13207 79 64 0 190079 8798 159593 142768 54868
F4E_CLK 12943 77 64 0 188577 8712 164154 133037 119055
F4E_CLK 11719 64 64 0 183318 8272 132940 129507 136763
F4E_CLK 5223 64 64 0 157904 5866 141036 54520 90752
F4E_CLK 5600 33 33 0 158970 5587 69825 31097 24918
F4E_CLK 7200 116 28 0 165176 6802 184448 6258 30800
F4E_CLK 12280 49 47 0 186163 8390 106484 98893 35556
F4E_CLK 5764 79 61 0 157320 8129 204623 4731 92514
F4E_CLK 4998 130 30 0 155593 6647 196426 3596 19480
F4E_CLK 0 0 0 0 875 221 165 51 395
F4E_CLK 5029 10 10 0 156428 5904 22764 10884 3460
F4E_CLK 5073 64 64 0 156358 6207 136883 50270 106415
F4E_CLK 5014 79 34 0 154751 7903 148278 3323 25192
F4E_CLK 2798 40 13 0 145249 6726 52776 1500 6631
F4E_CLK 710 30 11 0 529 3447 35843 276 4843
F4E_CLK 0 0 0 0 529 221 165 51 395
F4E_CLK 5052 34 34 0 156842 5902 73262 28174 24424
F4E_CLK 5723 64 64 0 157091 7732 134496 57968 104072
F4E_CLK 5000 92 22 0 154092 7819 139825 4762 9418
F4E_CLK 718 18 11 0 505 3418 26702 310 4310
F4E_CLK 704 9 6 0 509 3271 13626 522 1658
F4E_CLK 695 23 6 0 509 3303 24664 228 2018
F4E_CLK 0 0 0 0 509 223 163 49 396
F4E_CLK 4974 37 37 0 155835 5242 79139 29733 29186
F4E_CLK 5639 69 63 0 157184 7433 197953 4367 93028
F4E_CLK 5003 101 21 0 153669 8585 147384 3060 10002
F4E_CLK 724 19 11 0 506 3323 27232 302 3610
F4E_CLK 722 8 8 0 508 3298 15733 544 2559
F4E_CLK 620 11 3 0 509 3205 12116 272 865
F4E_CLK 722 50 11 0 509 3460 50621 292 4847
F4E_CLK 0 0 0 0 508 223 163 49 398
F4E_CLK 4880 9 9 0 155542 5448 21116 9416 2743
F4E_CLK 4922 64 64 0 156234 5367 137728 48899 106701
F4E_CLK 5037 75 35 0 154483 7062 144389 3329 28397
F4E_CLK 2859 40 13 0 144686 7658 52781 1426 6802
F4E_CLK 729 30 11 0 505 3301 36397 288 4415
F4E_CLK 728 40 11 0 509 3202 44270 344 4975
F4E_CLK 726 23 11 0 505 3353 31693 322 4426
F4E_CLK 0 0 0 0 509 223 163 49 395
F4E_CLK 726 56 11 0 506 3413 55353 260 4920
F4E_CLK 714 60 60 0 508 3596 120504 499 121345
F4E_CLK 654 64 64 0 507 3447 126693 516 146034
F4E_CLK 590 64 64 0 509 3338 124686 487 146035
F4E_CLK 526 64 53 0 505 3391 113404 280 102248
F4E_CLK 6361 64 64 0 159671 7076 139243 67426 37595
F4E_CLK 6575 64 64 0 158661 9436 138088 68856 48050
F4E_CLK 6588 64 64 0 160779 6986 136396 69289 45760
F4E_CLK 6784 67 64 0 158692 10307 146987 66584 55393
F4E_CLK 6616 64 64 0 156463 11666 141738 69634 91002
F4E_CLK 6499 64 64 0 157029 10933 138644 68543 77970
F4E_CLK 15790 103 64 0 197338 12400 207919 159693 54097
F4E_CLK 15078 64 64 0 194319 12691 138074 169545 54712
F4E_CLK 16107 65 64 0 197435 13008 144981 176349 64457
F4E_CLK 6235 64 64 0 152442 14092 141245 67426 120457
F4E_CLK 6028 64 64 0 158909 5896 138049 62493 84883
F4E_CLK 15993 166 64 0 199613 11576 302789 155302 87427
F4E_CLK 15353 64 64 0 195738 11657 139333 173158 83839
F4E_CLK 15457 64 64 0 197445 10879 137145 177486 57370
F4E_CLK 15236 64 64 0 196492 11234 140030 173209 109774
F4E_CLK 20445 64 64 0 218288 12465 138639 233877 58905
F4E_CLK 19747 82 64 0 213948 13442 166496 214725 107694
F4E_CLK 5454 64 64 0 156846 6655 141931 56403 143678
F4E_CLK 5201 64 64 0 156581 5808 141575 54600 146874
F4E_CLK 16346 151 64 0 198575 13350 282018 169097 58354
F4E_CLK 15665 65 64 0 197120 12282 147439 169805 76198
F4E_CLK 15532 65 64 0 196797 12231 142469 173765 69726
F4E_CLK 15108 64 64 0 197286 9646 137670 171653 122126
F4E_CLK 20764 77 64 0 219219 13186 158678 237041 58077
F4E_CLK 14699 64 64 0 192469 12976 141593 166630 144997
F4E_CLK 20393 114 64 0 215845 14439 208290 224385 95537
F4E_CLK 14673 64 64 0 193079 11821 138082 166603 104479
F4E_CLK 19913 148 64 0 214041 14012 261841 203916 74581
F4E_CLK 4949 64 64 0 156278 5214 141216 48753 146759
F4E_CLK 4871 64 64 0 156031 5224 140783 48896 149227
F4E_CLK 16089 184 64 0 197324 14041 328007 160178 67872
F4E_CLK 16345 74 64 0 198648 12779 158277 174507 61778
F4E_CLK 16194 77 64 0 199872 11354 165622 172476 59703
F4E_CLK 15710 67 64 0 195428 13756 149578 169125 97490
F4E_CLK 21398 107 64 0 221902 13091 204747 237647 55561
F4E_CLK 20685 85 64 0 218068 13575 168938 227296 124319
F4E_CLK 20031 125 64 0 216203 12644 217950 217798 132278
F4E_CLK 14922 64 64 0 195413 9822 136966 168612 94228
F4E_CLK 21053 135 64 0 211460 21027 270278 210274 78306
F4E_CLK 13680 90 64 0 188462 11821 183534 142628 135979
F4E_CLK 20549 113 64 0 215989 15180 214959 225239 54048
F4E_CLK 19799 70 64 0 208665 18115 164775 203859 102015
F4E_CLK 19147 101 64 0 204951 18575 211883 183855 84577
F4E_CLK 4726 64 64 0 154152 6584 141560 46013 150533
F4E_CLK 4627 64 64 0 153333 6160 141318 46440 144067
F4E_CLK 4518 64 64 0 153277 6202 140308 45260 146183
F4E_CLK 20857 151 64 0 217024 14568 300442 216305 37114
F4E_CLK 20859 79 64 0 216063 15952 181586 216785 44636
F4E_CLK 20590 75 64 0 215610 15427 162801 226035 85720
F4E_CLK 19884 98 64 0 215133 11954 184479 216986 112085
F4E_CLK 21764 71 64 0 222115 14271 163984 235376 56667
F4E_CLK 19009 90 64 0 212299 11492 178373 206334 147219
F4E_CLK 21123 140 64 0 217301 15524 241277 229822 66694
F4E_CLK 19694 67 64 0 213861 12909 150691 215805 109767
F4E_CLK 18537 99 64 0 211223 11425 185571 205275 66121
F4E_CLK 17523 64 64 0 206128 11473 138388 201919 121394
F4E_CLK 20222 76 64 0 215692 13638 157831 222611 86126
F4E_CLK 18580 79 64 0 202748 19465 160788 204487 99879
F4E_CLK 18284 110 64 0 201803 18267 206585 188864 90437
F4E_CLK 16237 64 64 0 199326 12376 140693 183375 141607
F4E_CLK 19438 131 64 0 214080 11564 231203 205677 58617
F4E_CLK 19062 101 64 0 211454 12416 191707 207146 111171
F4E_CLK 18016 105 64 0 200609 18524 192829 193155 87269
F4E_CLK 16716 65 64 0 201028 12566 139527 189050 98010
F4E_CLK 9503 64 64 0 174258 7446 132645 104176 84055
F4E_CLK 4057 64 64 0 149676 7957 140390 37788 144220
F4E_CLK 3985 64 64 0 149434 7726 139131 37304 146000
F4E_CLK 19751 216 64 0 209752 16656 393636 199464 63641
F4E_CLK 20019 75 64 0 213252 15612 172283 209588 52526
F4E_CLK 19753 73 64 0 213613 13555 162185 216627 61846
F4E_CLK 19243 90 64 0 207444 15898 188988 202303 98641
F4E_CLK 20875 116 64 0 219434 12729 231691 222857 53754
F4E_CLK 19688 96 64 0 214196 12406 197616 204092 131573
F4E_CLK 20024 182 64 0 216164 11971 301293 208240 127455
F4E_CLK 19136 64 64 0 212072 11496 137412 219395 91268
F4E_CLK 18477 133 64 0 204033 17847 246955 190722 105336
F4E_CLK 16533 64 64 0 201443 11557 139605 190332 139641
F4E_CLK 19823 115 64 0 215805 11835 209512 212393 59738
F4E_CLK 19390 105 64 0 207749 16604 208539 198896 106157
F4E_CLK 18315 99 64 0 209376 12220 198018 186664 98094
F4E_CLK 16212 64 64 0 199015 12547 139223 183739 139649
F4E_CLK 19350 170 64 0 210322 14815 284196 202474 102262
F4E_CLK 19343 104 64 0 213603 11595 209808 199252 107675
F4E_CLK 18012 95 64 0 209770 10995 182401 194130 117816
F4E_CLK 17243 68 64 0 204966 10593 148067 184421 136581
F4E_CLK 16351 67 64 0 201307 10281 146230 177457 136345
F4E_CLK 15638 64 64 0 196067 12859 139972 178642 143962
F4E_CLK 19192 166 64 0 211216 13673 306437 190630 60241
F4E_CLK 18335 101 64 0 206928 14313 187348 199031 107839
F4E_CLK 16980 104 64 0 200847 13434 191837 181447 98907
F4E_CLK 15193 64 64 0 196525 9906 132157 171838 108942
F4E_CLK 14406 64 64 0 191103 12102 139499 165603 152561
F4E_CLK 14815 64 64 0 193780 11311 128988 167078 146468
F4E_CLK 3851 64 64 0 151281 5932 139991 36383 144013
F4E_CLK 3772 64 64 0 150766 5316 140324 35351 144218
F4E_CLK 3675 64 64 0 151088 4898 142017 33899 141795
F4E_CLK 18519 76 64 0 209920 11874 165862 203654 44401
F4E_CLK 18474 85 64 0 206981 14495 196995 182785 49534
F4E_CLK 18186 70 64 0 207254 12860 154109 199032 110038
F4E_CLK 20122 167 64 0 216689 12047 323741 195513 77963
F4E_CLK 19877 80 64 0 215880 11916 167026 217201 66745
F4E_CLK 16164 77 64 0 201022 10757 161059 172371 144535
F4E_CLK 19125 133 64 0 212799 11508 244807 207130 60699
F4E_CLK 18685 82 64 0 210009 13516 193276 180798 101561
F4E_CLK 14588 64 64 0 191595 12253 140159 165774 104335
F4E_CLK 18603 217 64 0 210740 11791 380955 187101 79692
F4E_CLK 18004 87 64 0 208025 11030 173971 193837 107393
F4E_CLK 17224 137 64 0 199574 16003 249366 173029 114894
F4E_CLK 15793 113 64 0 196724 13032 203438 167788 145606
F4E_CLK 13625 64 64 0 189909 9373 140374 153735 145558
F4E_CLK 18065 131 64 0 208699 10970 256882 181135 56682
F4E_CLK 17482 110 64 0 196413 21325 209979 178747 116469
F4E_CLK 16344 107 64 0 197975 14093 187982 173197 114082
F4E_CLK 14429 64 64 0 191983 11843 131290 164874 114994
F4E_CLK 13384 64 64 0 188840 9612 139289 152625 145979
F4E_CLK 16832 186 64 0 202148 12435 303910 168958 134094
F4E_CLK 17837 88 64 0 205611 13209 193263 180886 86553
F4E_CLK 16280 106 64 0 198751 12905 213394 161635 115601
F4E_CLK 15760 114 64 0 196916 12733 203677 168160 130752
F4E_CLK 14130 64 64 0 192069 9875 131202 158949 138112
F4E_CLK 14006 64 64 0 190876 10387 133416 157826 123664
F4E_CLK 13040 64 64 0 188157 8908 141212 145344 141699
F4E_CLK 12893 64 64 0 187198 9030 141832 144338 148121
F4E_CLK 17431 92 64 0 205714 12556 192683 183438 70020
F4E_CLK 16319 133 64 0 195188 16385 242115 161876 120237
F4E_CLK 15340 110 64 0 195622 12167 199958 161252 123010
F4E_CLK 12548 64 64 0 185990 10493 131716 141788 132839
F4E_CLK 12209 64 64 0 185418 8498 130612 136127 128251
F4E_CLK 10122 64 64 0 176315 8699 140685 111639 144502
F4E_CLK 11465 64 64 0 181905 8601 131967 128853 149195
F4E_CLK 9962 64 64 0 176558 7683 140044 108676 151106
F4E_CLK 9340 64 64 0 173893 8183 141638 104043 147418
F4E_CLK 8154 64 64 0 168729 7551 139428 87350 146306
F4E_CLK 15569 122 64 0 196734 12192 246171 160137 38071
F4E_CLK 15535 74 64 0 196796 12262 174011 155308 50678
F4E_CLK 15363 76 64 0 196404 11707 167855 164144 92805
F4E_CLK 17860 128 64 0 207791 10990 249036 170546 105838
F4E_CLK 18964 68 64 0 210144 13900 155243 206316 58066
F4E_CLK 13552 65 64 0 190444 9141 147600 141392 145252
F4E_CLK 18287 169 64 0 209725 11089 303274 189382 66188
F4E_CLK 17485 67 64 0 205123 12204 149317 190835 104351
F4E_CLK 14738 121 64 0 193985 11048 213219 155833 66965
F4E_CLK 14427 133 64 0 189637 14499 229405 142039 111282
F4E_CLK 17143 75 64 0 205523 10604 158311 182598 87678
F4E_CLK 16043 115 64 0 197812 12521 223517 158907 109533
F4E_CLK 15091 156 64 0 195094 11083 276536 146686 129229
F4E_CLK 8931 64 64 0 171448 7697 140603 96641 147015
F4E_CLK 16823 168 64 0 203489 11244 316554 158279 55726
F4E_CLK 16360 110 64 0 198399 13950 212096 163286 98571
F4E_CLK 14626 106 64 0 194531 9622 192311 154859 90886
F4E_CLK 11482 64 64 0 181416 8215 132217 128985 115462
F4E_CLK 10608 64 64 0 180271 7878 138863 117639 149371
F4E_CLK 9350 64 64 0 174062 7328 138084 104345 142283
F4E_CLK 16522 119 64 0 201747 10470 251552 159041 56544
F4E_CLK 15558 162 64 0 187470 21201 306442 143412 124551
F4E_CLK 14287 107 64 0 190602 12585 190218 148890 124173
F4E_CLK 11042 64 64 0 178790 9083 131128 122339 123977
F4E_CLK 10969 64 64 0 179887 7868 131256 120777 115761
F4E_CLK 8953 64 64 0 172907 7046 139557 96492 149093
F4E_CLK 8512 64 64 0 171443 6936 139061 92861 146866
F4E_CLK 15988 160 64 0 199972 10259 316873 150208 52504
F4E_CLK 15378 153 64 0 186292 21675 309031 132095 115060
F4E_CLK 13115 150 64 0 188273 9174 255547 123618 112970
F4E_CLK 10165 117 64 0 176645 8140 209418 100268 115057
F4E_CLK 10044 118 64 0 175832 7469 206143 98629 112407
F4E_CLK 7961 64 64 0 168246 7374 138205 85448 146871
F4E_CLK 9920 117 64 0 175361 7443 208242 96691 142355
F4E_CLK 7499 64 64 0 164564 8987 142860 80523 143630
F4E_CLK 7429 64 64 0 164735 8605 140081 80708 147143
F4E_CLK 14548 84 64 0 195117 9674 183685 145988 78176
F4E_CLK 13222 151 64 0 187431 11416 281887 116411 108504
F4E_CLK 11788 165 64 0 182881 8289 279933 108813 124792
F4E_CLK 9632 117 64 0 175244 7470 209070 94510 133396
F4E_CLK 9575 117 64 0 174142 7478 207598 93345 117989
F4E_CLK 9342 124 64 0 173244 7329 215720 93066 130251
F4E_CLK 8960 121 64 0 171801 7400 215971 85086 149510
F4E_CLK 9230 117 64 0 173431 7429 208646 92518 124358
F4E_CLK 8132 178 53 0 169131 6613 312820 24739 65545
F4E_CLK 8033 64 64 0 169380 6542 136502 85962 153821
F4E_CLK 7160 64 64 0 163721 8010 139651 74873 151666
F4E_CLK 6927 206 44 0 160898 9490 333770 5429 70834
F4E_CLK 15339 66 62 0 195064 12321 151084 158300 43715
F4E_CLK 15285 78 64 0 194165 12480 189319 141557 49396
F4E_CLK 14977 70 64 0 192255 14197 152905 160659 106282
F4E_CLK 17288 155 64 0 202516 13767 307681 161211 75604
F4E_CLK 17022 80 64 0 204368 10647 167174 181341 67913
F4E_CLK 13057 77 64 0 188715 8543 161248 135402 149783
F4E_CLK 16419 133 64 0 200623 12153 245918 177527 59215
F4E_CLK 15085 82 64 0 195879 10194 192134 135410 97484
F4E_CLK 11389 64 64 0 178873 11710 139957 128406 102103
F4E_CLK 15930 253 64 0 200161 10138 470751 144105 77409
F4E_CLK 14331 87 64 0 193355 9689 175052 149090 110946
F4E_CLK 13658 137 64 0 188938 11808 248843 130816 110644
F4E_CLK 12527 114 64 0 184267 10309 201414 124657 139800
F4E_CLK 8579 64 64 0 171607 6953 140010 93716 146301
F4E_CLK 14473 163 64 0 193940 11088 318939 134708 54863
F4E_CLK 13893 133 64 0 182432 18095 261116 122087 118235
F4E_CLK 12209 108 64 0 182551 10894 200229 114578 110875
F4E_CLK 10298 65 64 0 176212 8119 142322 105345 117362
F4E_CLK 9055 64 64 0 171963 6941 137772 98138 146453
F4E_CLK 12819 306 64 0 183207 13500 564323 100371 135903
F4E_CLK 14097 91 64 0 189755 12141 205988 128535 80298
F4E_CLK 12541 136 64 0 185778 9269 247967 117961 110870
F4E_CLK 11448 114 64 0 180750 9057 191834 116730 132740
F4E_CLK 9872 117 64 0 174855 7459 211027 97437 131863
F4E_CLK 9843 117 64 0 174603 7686 210138 95802 125221
F4E_CLK 8212 64 64 0 165604 9832 140316 91586 144928
F4E_CLK 8134 64 64 0 165426 8895 139072 87257 150866
F4E_CLK 13568 100 64 0 187586 11880 207599 133807 67280
F4E_CLK 12513 154 64 0 177333 17988 288092 107470 117408
F4E_CLK 11534 157 64 0 180956 9632 258516 106138 119223
F4E_CLK 9374 117 64 0 172813 7487 210340 92892 129492
F4E_CLK 9330 117 64 0 172889 7569 208384 92183 117657
F4E_CLK 7808 88 64 0 165468 7976 190637 59373 146187
F4E_CLK 9185 262 64 0 172298 7579 492627 55475 125504
F4E_CLK 7650 180 64 0 163611 9687 297333 58289 147862
F4E_CLK 13012 524 53 0 186892 10650 880424 32556 63929
F4E_CLK 12961 96 64 0 187419 9359 196734 122258 94472
F4E_CLK 11273 167 64 0 178572 10405 318879 93927 119353
F4E_CLK 10065 241 64 0 173957 9315 454286 53775 139274
F4E_CLK 8867 262 64 0 170910 7042 486732 50899 138522
F4E_CLK 8870 273 64 0 171058 7019 507903 51226 130473
F4E_CLK 8779 280 64 0 169911 7698 523766 50113 110180
F4E_CLK 6162 144 64 0 160624 6053 249841 43929 141170
F4E_CLK 8492 300 58 0 169959 6901 566254 6674 97717
F4E_CLK 7013 68 28 0 162128 8328 127142 19616 30328
F4E_CLK 3766 210 14 0 149697 5627 194360 2412 8519
F4E_CLK 12600 143 37 0 186605 8957 217556 69482 26638
F4E_CLK 12388 110 64 0 183937 10792 212402 120551 98539
F4E_CLK 10702 204 64 0 177571 8587 402517 62013 94912
F4E_CLK 8354 266 64 0 168360 7212 493444 49468 96149
F4E_CLK 7983 328 64 0 168011 6569 625890 10059 142772
F4E_CLK 8067 317 23 0 168118 6623 445072 5906 19879
F4E_CLK 8249 266 17 0 168332 7410 355601 6991 12013
F4E_CLK 579 10 1 0 521 3085 8618 258 510
F4E_CLK 8246 474 16 0 168201 7879 575975 6905 10344
F4E_CLK 8174 85 8 0 167761 6662 107857 14506 3437
F4E_CLK 7070 424 8 0 163990 6402 491360 5456 3085
F4E_CLK 8662 44 44 0 171181 7301 95814 65640 75706
F4E_CLK 8071 68 64 0 168921 6561 190896 42118 150204
F4E_CLK 7669 200 63 0 164695 8622 422298 6057 114762
F4E_CLK 14075 492 32 0 191428 11214 621560 67837 11787
F4E_CLK 14402 69 64 0 191247 12444 165863 144486 51974
F4E_CLK 14203 74 64 0 191913 10290 169719 142936 62460
F4E_CLK 13772 83 64 0 187962 12650 167763 146068 97119
F4E_CLK 16120 124 64 0 198786 12814 250286 160172 52928
F4E_CLK 14567 79 64 0 193635 10179 162255 153889 133822
F4E_CLK 15486 219 64 0 197446 11013 375451 134761 126724
F4E_CLK 15810 68 64 0 199579 10169 150615 172219 88230
F4E_CLK 15380 166 64 0 193259 14875 315933 143102 108636
F4E_CLK 10488 64 64 0 175281 10522 141367 116729 146956
F4E_CLK 15588 161 64 0 198940 10496 308544 154143 54554
F4E_CLK 15151 116 64 0 192713 13705 238199 136986 109631
F4E_CLK 14200 152 64 0 183225 18819 275171 124927 94695
F4E_CLK 9559 64 64 0 174344 7346 128601 105120 144080
F4E_CLK 15111 329 64 0 191897 14038 607891 123308 105883
F4E_CLK 15130 104 64 0 196739 9766 210832 148090 96119
F4E_CLK 13752 167 64 0 174925 25227 284926 131848 120840
F4E_CLK 12936 169 64 0 178374 18527 295929 121993 138005
F4E_CLK 12499 145 64 0 178446 15821 245425 118203 145048
F4E_CLK 8411 64 64 0 168057 9224 140990 91289 148293
F4E_CLK 15053 233 64 0 195412 11149 447153 130191 58818
F4E_CLK 14373 150 64 0 191622 12236 289060 133427 96582
F4E_CLK 12888 183 64 0 172833 24142 336893 109949 90025
F4E_CLK 12259 174 64 0 178416 14622 294304 113037 111566
F4E_CLK 9864 64 64 0 175056 7481 137298 108897 146186
F4E_CLK 12117 175 64 0 179434 12663 293298 111137 148897
F4E_CLK 9090 64 64 0 170702 10230 139394 99444 142557
F4E_CLK 14568 288 64 0 192876 11776 536421 118392 71085
F4E_CLK 13873 129 64 0 190779 9982 262623 111520 104082
F4E_CLK 12680 204 64 0 177754 17570 370209 112172 98652
F4E_CLK 11886 177 64 0 180309 11887 298991 109374 124892
F4E_CLK 11034 184 64 0 179376 8717 302932 98917 153676
F4E_CLK 11590 225 64 0 177650 13434 394912 95306 141501
F4E_CLK 11413 227 64 0 175686 14097 403920 94694 115880
F4E_CLK 8299 64 64 0 168486 8344 131129 91563 125288
F4E_CLK 7280 126 64 0 161960 9217 241242 56144 142979
F4E_CLK 14124 332 53 0 192505 9908 528141 82639 37713
F4E_CLK 13345 155 64 0 185464 13986 313153 107695 90899
F4E_CLK 11820 193 64 0 176441 15131 339906 97422 104120
F4E_CLK 11034 205 64 0 177294 10713 352728 91271 94062
F4E_CLK 10933 302 64 0 177363 10581 557787 68357 123513
F4E_CLK 8735 235 64 0 170942 6999 410430 60647 140745
F4E_CLK 10735 347 64 0 175380 11266 650696 58683 103028
F4E_CLK 9941 363 64 0 172478 10670 694498 13360 134790
F4E_CLK 10115 351 64 0 175661 9008 651262 55634 144913
F4E_CLK 7930 230 64 0 166757 7437 425306 39075 124143
F4E_CLK 4269 284 20 0 153923 5334 271949 2991 12884
F4E_CLK 13638 89 64 0 189954 10498 215858 110161 74706
F4E_CLK 12222 198 64 0 171668 20982 359127 101759 111309
F4E_CLK 11184 272 64 0 175899 12989 510056 56489 123811
F4E_CLK 10427 299 64 0 175325 10960 554464 60196 115644
F4E_CLK 10422 375 64 0 173488 12291 697426 48990 98997
F4E_CLK 10005 456 53 0 171621 12584 781664 12864 85927
F4E_CLK 9617 360 63 0 173265 9313 703252 7734 140773
F4E_CLK 10216 434 19 0 171810 12977 569536 7432 12480
F4E_CLK 2051 7 1 0 143929 4169 8752 903 456
F4E_CLK 10163 247 15 0 172452 11719 337092 7791 9114
F4E_CLK 7748 8 8 0 164837 8923 18439 13992 4479
F4E_CLK 6987 312 33 0 161553 9180 443196 5587 39617
F4E_CLK 13112 307 18 0 188345 9112 374043 41918 6894
F4E_CLK 12844 125 64 0 186303 9826 261926 104985 88409
F4E_CLK 11325 237 64 0 173405 15559 461533 60422 120894
F4E_CLK 10396 306 64 0 169372 16475 573595 60592 147981
F4E_CLK 10177 322 64 0 171864 12186 610146 44313 141181
F4E_CLK 10049 379 63 0 173430 10529 731739 7875 112457
F4E_CLK 10030 328 19 0 173727 10334 439617 7776 13351
F4E_CLK 1914 13 1 0 144149 3901 12345 609 961
F4E_CLK 10028 319 16 0 169700 13560 416249 7590 9461
F4E_CLK 1874 15 1 0 142941 3945 13354 649 658
F4E_CLK 10011 403 15 0 171290 12775 503297 7488 9850
F4E_CLK 1882 13 1 0 142879 4042 12285 586 933
F4E_CLK 9990 307 14 0 172116 12062 393197 7534 7551
F4E_CLK 0 0 0 0 520 223 163 49 399
F4E_CLK 7747 270 51 0 165890 7692 467900 6283 90847
F4E_CLK 12349 395 10 0 182852 12184 459837 22947 3371
F4E_CLK 12875 100 64 0 187112 9965 221728 107481 75428
F4E_CLK 11728 259 64 0 176076 16048 491903 63217 111318
F4E_CLK 11273 360 64 0 169374 20171 668797 60687 133951
F4E_CLK 11033 383 64 0 172241 16378 704907 54748 130613
F4E_CLK 11010 394 64 0 169477 18482 729974 54924 105867
F4E_CLK 10916 439 54 0 170043 18182 765599 17133 71281
F4E_CLK 5856 259 7 0 158038 7077 292187 4384 2441
F4E_CLK 10865 261 16 0 173551 13691 362573 8628 10478
F4E_CLK 1981 11 1 0 144148 3959 10890 718 816
F4E_CLK 10821 353 15 0 169507 17431 458743 8384 8508
F4E_CLK 1991 5 1 0 143868 3943 6916 862 745
F4E_CLK 10835 247 14 0 168251 19121 336003 8769 8116
F4E_CLK 0 0 0 0 522 221 165 51 395
F4E_CLK 10814 120 10 0 174174 13028 155504 18448 4693
F4E_CLK 3930 192 4 0 151402 4768 140649 2407 1721
F4E_CLK 2202 1 1 0 144342 4193 2873 2473 452
F4E_CLK 10676 226 11 0 167874 19568 293324 8610 5716
F4E_CLK 0 0 0 0 855 223 163 49 399
F4E_CLK 0 0 0 0 538 234 187 34 371
F4_F2_ECHELON_PROFILE f4e_gather: 938 launches, 8.9 ms
F4_F2_ECHELON_PROFILE f4e_low: 1 launches, 0.0 ms
F4_F2_ECHELON_PROFILE f4e_materialise: 938 launches, 35.4 ms
F4_F2_ECHELON_PROFILE f4e_panel_block: 938 launches, 210.2 ms
F4_F2_ECHELON_PROFILE f4e_update: 938 launches, 79.1 ms
K_1/2^11 m=2 x=301 D=6 f5=true [cuda:NVIDIA GeForce RTX 4090 sm_89 x128 code=sm_89]: 68156 x 60040 (eliminated 68156 rows), rank 46747, refuted false, pinned 0; build 0.603 s, eliminate 0.406 s, total 1.010 s, 5.797e10 word XORs
Stage diagnostic only: one oracle matrix, not an ECDLP cost.
