F4E_CLK 241 64 64 0 1096 4357 113761 485 26126
F4E_CLK 260 63 58 0 520 3517 107332 245 33422
F4E_CLK 267 63 55 0 515 3525 107760 441 45949
F4E_CLK 295 58 43 0 518 3446 90625 478 24193
F4E_CLK 210 49 28 0 519 3129 65348 264 11520
F4E_CLK 297 61 49 0 521 3294 96213 422 38020
F4E_CLK 202 45 24 0 512 3108 59028 232 9990
F4E_CLK 344 55 50 0 520 4917 91255 409 11815
F4E_CLK 518 64 64 0 519 4620 116728 499 41346
F4E_CLK 659 64 64 0 522 4777 117235 508 19187
F4E_CLK 662 64 64 0 516 5817 115075 530 18223
F4E_CLK 337 64 64 0 518 4468 114475 441 43672
F4E_CLK 516 64 64 0 520 4081 117797 464 26882
F4E_CLK 556 64 64 0 521 4981 114664 470 19416
F4E_CLK 668 64 64 0 515 6437 117231 530 15071
F4E_CLK 756 64 64 0 520 5969 116282 582 15133
F4E_CLK 682 64 64 0 520 3819 122792 520 41599
F4E_CLK 655 64 64 0 522 4855 117512 540 20800
F4E_CLK 628 64 64 0 516 5071 114487 523 17700
F4E_CLK 611 64 64 0 519 5710 112211 470 11630
F4E_CLK 596 64 64 0 520 5203 112627 518 11844
F4E_CLK 625 64 64 0 521 4778 121514 544 40411
F4E_CLK 781 64 64 0 514 4118 122895 529 28270
F4E_CLK 762 64 64 0 521 5150 120229 534 22561
F4E_CLK 789 64 64 0 521 6405 117970 585 15057
F4E_CLK 1061 64 64 0 72530 6425 140941 4714 14397
F4E_CLK 1248 64 64 0 71609 7263 142852 5401 9265
F4E_CLK 1236 64 64 0 72425 6161 139846 5324 10714
F4E_CLK 615 64 64 0 519 4764 117471 579 30701
F4E_CLK 655 64 64 0 522 4252 116438 519 31060
F4E_CLK 500 64 64 0 514 3876 113000 475 20521
F4E_CLK 1121 64 64 0 69230 9208 135922 4662 14128
F4E_CLK 1245 64 64 0 72834 6686 139488 5618 12356
F4E_CLK 1409 64 64 0 72684 7077 143079 7229 9270
F4E_CLK 1347 64 64 0 71359 8364 141507 6161 12217
F4E_CLK 901 64 64 0 521 5986 122141 582 14798
F4E_CLK 897 64 64 0 519 6923 116709 591 7040
F4E_CLK 535 64 64 0 521 4603 115901 490 43015
F4E_CLK 485 64 64 0 516 3623 111693 472 26756
F4E_CLK 323 64 64 0 520 3905 107182 460 20149
F4E_CLK 907 64 64 0 520 6189 119388 622 15030
F4E_CLK 693 64 64 0 521 5731 116189 453 14834
F4E_CLK 1057 64 64 0 72121 7222 141277 4836 10647
F4E_CLK 1474 64 64 0 71913 8897 137923 7277 8599
F4E_CLK 1491 64 64 0 73285 6916 140236 7165 16218
F4E_CLK 1384 64 64 0 71989 8078 139311 6040 11115
F4E_CLK 1319 64 64 0 71959 7252 138848 6522 9807
F4E_CLK 784 64 36 0 520 4574 87790 627 7913
F4E_CLK 183 44 35 0 522 3127 66917 451 37413
F4E_CLK 163 38 11 0 521 3107 39336 215 3844
F4E_CLK 149 35 9 0 515 3132 35531 258 2667
F4E_CLK 36 18 3 0 518 2987 16959 245 789
F4E_CLK 90 26 3 0 521 2877 23015 203 841
F4E_CLK 37 24 3 0 522 2875 21195 245 928
F4E_CLK 330 25 25 0 516 3318 40461 417 3433
F4E_CLK 741 64 64 0 521 4433 120886 505 45515
F4E_CLK 462 64 64 0 523 3764 112061 435 26055
F4E_CLK 339 64 64 0 521 4548 107679 458 18928
F4E_CLK 722 64 64 0 515 5029 116605 523 31544
F4E_CLK 652 64 64 0 519 4319 116291 563 35334
F4E_CLK 399 64 64 0 519 4184 110571 482 24285
F4E_CLK 876 64 64 0 521 5182 118711 562 13293
F4E_CLK 868 44 44 0 513 4818 83068 580 11554
F4E_CLK 529 63 46 0 518 3596 97538 241 27940
F4E_CLK 243 39 18 0 530 2966 49271 204 9986
F4E_CLK 251 33 12 0 530 3058 37608 413 3299
F4E_CLK 1067 64 64 0 71611 6065 136452 4385 16834
F4E_CLK 1049 64 64 0 71661 6859 140626 5025 16179
F4E_CLK 922 44 41 0 532 4470 81249 593 24486
F4E_CLK 397 60 36 0 532 3664 84257 425 18385
F4E_CLK 172 27 11 0 528 2938 32514 240 4520
F4E_CLK 904 53 32 0 531 4681 77439 602 6623
F4E_CLK 1371 64 64 0 72243 7027 137981 6355 13279
F4E_CLK 1555 64 64 0 73033 7262 137647 8636 13719
F4E_CLK 1339 64 64 0 72149 5871 140159 5796 18394
F4E_CLK 937 44 44 0 532 5006 85804 678 19750
F4E_CLK 335 61 39 0 532 3332 87910 258 17670
F4E_CLK 150 28 12 0 532 2908 35304 226 4668
F4E_CLK 428 46 25 0 524 3742 59990 451 4972
F4E_CLK 838 64 64 0 531 5738 116520 577 15608
F4E_CLK 1285 64 64 0 72139 6579 138553 5994 16378
F4E_CLK 927 64 64 0 532 5116 121075 619 16437
F4E_CLK 1371 64 64 0 72725 7099 135613 6433 10979
F4E_CLK 1441 64 64 0 73115 6669 137439 7385 12467
F4E_CLK 445 44 40 0 533 3409 74299 466 26214
F4E_CLK 244 56 30 0 530 3202 74745 242 14317
F4E_CLK 108 32 15 0 526 3194 41529 203 7060
F4E_CLK 801 44 35 0 531 4528 70563 563 7268
F4E_CLK 1092 64 64 0 69635 8885 136801 4632 13129
F4E_CLK 1379 64 64 0 71977 8624 137823 6660 11625
F4E_CLK 1263 64 64 0 71914 6056 140108 5464 16254
F4E_CLK 1290 64 64 0 71780 6687 139317 6207 15211
F4E_CLK 1449 64 64 0 72377 7539 138567 7391 10588
F4E_CLK 1146 64 64 0 71636 7529 139755 4609 17628
F4E_CLK 923 64 64 0 526 5650 121888 616 13461
F4E_CLK 140 62 43 0 533 3918 90494 410 22570
F4E_CLK 48 28 12 0 532 3185 34160 247 4248
F4E_CLK 476 62 41 0 530 4503 89627 499 10316
F4E_CLK 794 64 64 0 526 5842 118618 548 11869
F4E_CLK 822 64 64 0 532 6067 117217 545 10952
F4E_CLK 696 64 64 0 532 6274 116037 554 16986
F4E_CLK 831 64 64 0 530 5812 118689 573 16050
F4E_CLK 951 64 64 0 524 6842 121370 610 7072
F4E_CLK 843 64 64 0 529 5773 117316 592 17066
F4E_CLK 1104 64 64 0 72047 6305 134182 4718 11275
F4E_CLK 692 64 64 0 533 5740 111743 573 14328
F4E_CLK 996 52 52 0 527 6657 99897 594 10773
F4E_CLK 0 0 0 0 531 221 165 51 390
F4E_CLK 44 33 3 0 551 3015 28482 245 928
F4E_CLK 0 0 0 0 532 223 163 49 391
F4E_CLK 0 0 0 0 532 243 169 40 385
F4E_CLK 0 0 0 0 548 234 187 34 364
F4E_CLK 0 0 0 0 869 235 188 36 356
F4E_CLK 0 0 0 0 543 236 189 35 359
F4E_CLK 184 39 35 0 530 3340 64567 466 21714
F4E_CLK 163 58 31 0 531 3513 74859 253 14711
F4E_CLK 66 31 15 0 532 3179 40631 245 7536
F4E_CLK 90 23 14 0 533 3170 31438 426 4397
F4E_CLK 107 63 46 0 524 3923 91530 246 25564
F4E_CLK 33 39 18 0 528 3194 47368 227 9362
F4E_CLK 36 33 12 0 533 3296 36621 424 3782
F4E_CLK 687 63 63 0 532 4823 112904 545 15475
F4E_CLK 15 33 3 0 528 2564 28966 301 790
F4E_CLK 18 24 3 0 529 2662 21540 274 791
F4E_CLK 0 0 0 0 530 221 164 51 391
F4E_CLK 532 37 37 0 544 3826 65243 467 8091
F4E_CLK 696 64 64 0 526 5039 115402 526 11993
F4E_CLK 820 43 43 0 528 5164 78777 607 6782
F4E_CLK 30 51 6 0 533 3135 45002 269 1100
F4E_CLK 0 0 0 0 537 223 163 49 391
F4E_CLK 0 0 0 0 535 243 169 40 384
F4E_CLK 462 57 57 0 550 4385 97058 459 14666
F4E_CLK 718 64 64 0 533 5484 112545 541 14750
F4E_CLK 938 46 32 0 533 5316 72155 323 5572
F4E_CLK 824 25 25 0 530 4363 45665 541 3063
F4E_CLK 20 46 6 0 535 2673 41103 269 1374
F4E_CLK 0 0 0 0 885 221 164 51 389
F4E_CLK 0 0 0 0 550 236 189 35 361
F4E_CLK 415 50 50 0 538 4057 85861 445 13154
F4E_CLK 505 64 64 0 532 4795 112272 427 14404
F4E_CLK 723 48 39 0 538 4626 77849 291 7265
F4E_CLK 723 25 25 0 535 4256 46420 521 4607
F4E_CLK 385 41 14 0 530 3285 44293 427 4076
F4E_CLK 805 34 34 0 532 4727 62074 603 5750
F4E_CLK 0 0 0 0 918 221 164 51 392
F4E_CLK 0 0 0 0 549 236 189 35 359
F4E_CLK 10 2 2 0 536 2031 3783 477 550
F4E_CLK 482 64 64 0 534 4495 110035 445 15438
F4E_CLK 418 64 64 0 534 4568 107184 473 15553
F4E_CLK 741 64 64 0 536 5290 114777 536 13389
F4E_CLK 968 64 64 0 529 7474 118819 660 8311
F4E_CLK 884 64 64 0 532 5856 118187 611 12257
F4E_CLK 773 64 64 0 536 5719 117039 599 15016
F4E_CLK 900 64 64 0 536 6528 117462 497 10492
F4E_CLK 471 64 58 0 527 4033 109129 464 31804
F4E_CLK 129 45 24 0 532 2827 60853 233 8182
F4E_CLK 82 40 14 0 537 3276 44996 427 4946
F4E_CLK 713 64 64 0 536 5536 117136 562 17017
F4E_CLK 655 64 64 0 528 5210 117364 546 16973
F4E_CLK 923 64 64 0 533 5849 120139 597 15060
F4E_CLK 1350 64 64 0 70566 9484 138343 6254 7816
F4E_CLK 1372 64 64 0 72629 7054 137224 6014 12672
F4E_CLK 1290 64 64 0 69372 9692 134876 6329 14942
F4E_CLK 1563 64 64 0 72331 7248 138288 8634 10609
F4E_CLK 822 64 64 0 536 5815 114039 587 16053
F4E_CLK 1669 64 64 0 72893 7561 136847 9770 8691
F4E_CLK 964 52 24 0 527 4528 68720 324 4465
F4E_CLK 39 24 6 0 535 3191 23862 245 1369
F4E_CLK 0 0 0 0 908 221 164 51 390
F4E_CLK 523 58 58 0 547 4676 103920 468 14702
F4E_CLK 566 64 64 0 527 4616 113156 517 15123
F4E_CLK 1166 64 64 0 69371 9649 136342 5428 13975
F4E_CLK 1645 64 64 0 73651 8117 134075 8533 7984
F4E_CLK 1107 64 64 0 70871 6573 139170 5025 16725
F4E_CLK 1601 64 64 0 72285 7493 130230 8935 13121
F4E_CLK 1441 64 64 0 71536 8223 133957 7374 10342
F4E_CLK 1217 83 64 0 72304 6474 147386 1084 15071
F4E_CLK 1368 84 64 0 71941 8047 152065 4568 9988
F4E_CLK 1029 91 37 0 70970 5998 118056 965 7616
F4E_CLK 419 64 64 0 534 4487 111189 444 16498
F4E_CLK 193 21 21 0 537 3989 36842 407 4641
F4E_CLK 0 0 0 0 535 223 163 49 391
F4E_CLK 0 0 0 0 537 243 169 40 384
F4E_CLK 0 0 0 0 548 234 187 34 366
F4E_CLK 0 0 0 0 900 235 188 36 361
F4E_CLK 0 0 0 0 547 236 189 35 363
F4E_CLK 0 0 0 0 534 243 169 40 385
F4E_CLK 9 4 3 0 549 1942 5905 477 788
F4E_CLK 9 12 3 0 536 1925 12753 300 790
F4E_CLK 0 0 0 0 538 223 163 49 391
F4E_CLK 0 0 0 0 534 243 169 40 383
F4E_CLK 6 30 3 0 550 1622 26410 280 1065
F4E_CLK 3 24 3 0 538 1290 18601 157 654
F4E_CLK 0 0 0 0 537 223 163 49 394
F4E_CLK 282 34 34 0 540 3188 58756 442 8140
F4E_CLK 164 32 32 0 538 4367 51832 426 5633
F4E_CLK 0 0 0 0 542 221 164 51 390
F4E_CLK 0 0 0 0 555 236 189 35 361
F4E_CLK 0 0 0 0 540 243 169 40 384
F4E_CLK 153 36 9 0 558 2907 35329 213 3801
F4E_CLK 144 36 9 0 538 3008 36738 217 3397
F4E_CLK 408 12 12 0 542 3604 21427 423 1684
F4E_CLK 0 0 0 0 536 223 167 51 389
F4E_CLK 0 0 0 0 557 234 187 34 364
F4E_CLK 134 9 6 0 557 2776 13154 213 1851
F4E_CLK 129 23 9 0 540 3081 28622 241 4169
F4E_CLK 444 28 15 0 536 3709 36188 458 1977
F4E_CLK 174 6 6 0 540 3040 10683 425 1059
F4E_CLK 502 19 19 0 538 3694 33482 482 2378
F4E_CLK 0 0 0 0 539 223 163 49 395
F4E_CLK 0 0 0 0 542 243 169 40 384
F4E_CLK 103 2 2 0 558 2810 4131 430 554
F4E_CLK 113 33 7 0 541 2891 31895 245 2024
F4E_CLK 456 48 21 0 539 3856 58418 475 5152
F4E_CLK 0 0 0 0 532 223 167 51 391
F4E_CLK 480 25 25 0 558 4079 43712 472 3021
F4E_CLK 501 36 25 0 538 4015 52540 244 4597
F4E_CLK 89 2 2 0 539 2865 4508 381 839
F4E_CLK 0 0 0 0 535 223 167 51 389
F4E_CLK 0 0 0 0 555 234 187 34 366
F4E_CLK 218 33 33 0 558 3717 54500 440 7022
F4E_CLK 243 64 64 0 544 4247 102551 449 12218
F4E_CLK 425 47 47 0 535 5035 76124 450 8275
F4E_CLK 273 15 15 0 537 3627 25241 454 1982
F4E_CLK 243 10 10 0 541 3309 17576 445 1428
F4E_CLK 601 39 39 0 538 4602 68746 534 6056
F4E_CLK 198 11 11 0 535 3590 19203 434 1587
F4E_CLK 683 64 64 0 539 4850 114229 563 15996
F4E_CLK 180 62 42 0 541 3236 92067 235 20421
F4E_CLK 70 28 12 0 539 3282 35132 245 4205
F4E_CLK 565 63 42 0 536 4373 91360 530 11232
F4E_CLK 760 64 64 0 537 5482 116865 522 11896
F4E_CLK 1333 64 64 0 72024 7394 136808 6272 10243
F4E_CLK 1252 64 64 0 71755 6364 136061 5571 16196
F4E_CLK 1350 64 64 0 70610 8176 135801 6118 15936
F4E_CLK 1908 64 64 0 74442 6811 135481 11620 6939
F4E_CLK 1182 64 64 0 69788 7634 135604 5232 17118
F4E_CLK 1856 79 64 0 74567 6863 162160 2000 8023
F4E_CLK 1244 64 64 0 71705 6693 131935 5619 12737
F4E_CLK 1620 70 54 0 72334 8150 133023 602 9855
F4E_CLK 22 12 3 0 541 2671 12386 266 655
F4E_CLK 0 0 0 0 539 223 163 49 390
F4E_CLK 388 25 25 0 539 3668 43652 433 4706
F4E_CLK 571 64 64 0 536 5127 110497 579 12636
F4E_CLK 1223 55 55 0 71712 6592 116784 4748 11715
F4E_CLK 674 43 16 0 538 3552 50027 557 4372
F4E_CLK 1187 59 27 0 72178 4753 83301 625 5314
F4E_CLK 1729 39 39 0 73427 6223 83802 6407 6288
F4E_CLK 369 39 12 0 539 3349 41400 446 3750
F4E_CLK 1749 77 64 0 73546 6529 154550 1119 9633
F4E_CLK 866 64 64 0 536 4875 114966 582 16329
F4E_CLK 1744 64 64 0 73790 6314 135074 9820 14603
F4E_CLK 457 56 37 0 539 4286 79168 457 8617
F4E_CLK 622 54 54 0 538 4721 96696 573 10392
F4E_CLK 0 0 0 0 534 223 167 51 388
F4E_CLK 0 0 0 0 556 234 187 34 367
F4E_CLK 143 7 6 0 550 2837 11811 231 1742
F4E_CLK 136 21 8 0 536 3007 26185 407 2674
F4E_CLK 950 35 16 0 529 4455 46610 534 2328
F4E_CLK 326 40 13 0 534 3150 44113 415 4020
F4E_CLK 1131 60 30 0 71600 5719 89049 616 5520
F4E_CLK 1513 39 39 0 71912 6454 86585 4817 6429
F4E_CLK 0 0 0 0 530 223 167 51 390
F4E_CLK 1568 54 54 0 73797 6001 114883 7485 10151
F4E_CLK 392 8 8 0 533 3284 14248 469 1245
F4E_CLK 1402 64 64 0 70345 8277 135727 6178 14523
F4E_CLK 464 63 37 0 527 4531 83361 430 7827
F4E_CLK 605 57 57 0 533 4987 102722 519 16663
F4E_CLK 441 35 35 0 534 4359 59900 502 6950
F4E_CLK 615 58 58 0 536 4724 106580 517 13269
F4E_CLK 0 0 0 0 527 223 167 51 391
F4E_CLK 0 0 0 0 548 234 187 34 367
F4E_CLK 0 0 0 0 919 235 188 36 358
F4E_CLK 0 0 0 0 547 236 189 35 362
F4E_CLK 0 0 0 0 533 243 169 40 386
F4E_CLK 0 0 0 0 550 234 187 34 364
F4E_CLK 0 0 0 0 552 235 188 36 356
F4E_CLK 0 0 0 0 547 236 189 35 364
F4E_CLK 0 0 0 0 538 243 169 40 382
F4E_CLK 0 0 0 0 551 234 187 34 364
F4E_CLK 0 0 0 0 905 235 188 36 357
F4E_CLK 0 0 0 0 547 236 189 35 361
F4E_CLK 0 0 0 0 536 243 169 40 383
F4E_CLK 0 0 0 0 549 234 187 34 367
F4E_CLK 80 36 9 0 550 3050 36400 247 3334
F4E_CLK 0 0 0 0 533 223 163 49 390
F4E_CLK 0 0 0 0 534 243 169 40 384
F4E_CLK 0 0 0 0 548 234 187 34 366
F4E_CLK 0 0 0 0 905 235 188 36 359
F4E_CLK 0 0 0 0 552 236 189 35 359
F4E_CLK 240 12 12 0 535 3548 20791 424 1667
F4E_CLK 0 0 0 0 535 221 165 51 390
F4E_CLK 0 0 0 0 550 235 188 36 359
F4E_CLK 0 0 0 0 547 236 189 35 360
F4E_CLK 0 0 0 0 533 243 169 40 384
F4E_CLK 0 0 0 0 553 234 187 34 365
F4E_CLK 324 12 12 0 553 3200 21567 426 1725
F4E_CLK 51 1 1 0 533 2771 1857 424 447
F4E_CLK 0 0 0 0 528 223 167 51 389
F4E_CLK 0 0 0 0 551 234 187 34 366
F4E_CLK 0 0 0 0 553 235 188 36 358
F4E_CLK 0 0 0 0 550 236 189 35 359
F4E_CLK 0 0 0 0 536 243 169 40 382
F4E_CLK 288 12 12 0 552 3532 20245 429 1652
F4E_CLK 55 1 1 0 533 2782 2029 381 575
F4E_CLK 0 0 0 0 534 223 163 49 393
F4E_CLK 85 3 3 0 535 2994 5883 381 1064
F4E_CLK 0 0 0 0 537 221 165 51 388
F4E_CLK 0 0 0 0 552 235 188 36 358
F4E_CLK 0 0 0 0 547 236 189 35 359
F4E_CLK 0 0 0 0 536 243 169 40 382
F4E_CLK 0 0 0 0 553 234 187 34 365
F4E_CLK 168 12 12 0 552 3637 19995 417 1667
F4E_CLK 394 25 25 0 532 4007 43057 476 4629
F4E_CLK 252 15 15 0 531 3373 26510 439 2379
F4E_CLK 226 12 12 0 537 3258 21537 442 1813
F4E_CLK 357 38 26 0 535 3557 53803 421 3024
F4E_CLK 290 52 46 0 536 3449 87721 244 25960
F4E_CLK 141 46 25 0 528 3309 61948 420 10157
F4E_CLK 91 49 17 0 534 3078 56171 245 7479
F4E_CLK 672 60 60 0 538 4935 108346 569 15593
F4E_CLK 608 64 64 0 538 4726 113034 482 16091
F4E_CLK 1301 64 64 0 71608 7033 138152 6313 14668
F4E_CLK 1803 64 64 0 72610 9756 135529 11210 7625
F4E_CLK 1344 64 64 0 71352 6472 138629 6423 16050
F4E_CLK 1989 64 64 0 70952 10103 131692 12942 11684
F4E_CLK 1932 64 64 0 73943 7131 132511 12873 11211
F4E_CLK 1423 64 64 0 71743 8350 130429 7324 14805
F4E_CLK 1955 82 64 0 72878 8681 156850 9713 10049
F4E_CLK 1357 79 27 0 72768 5121 96822 591 4819
F4E_CLK 22 24 3 0 534 2671 21303 266 654
F4E_CLK 0 0 0 0 536 221 165 51 391
F4E_CLK 453 52 52 0 556 4141 91332 456 13689
F4E_CLK 413 64 64 0 537 5006 107046 407 13405
F4E_CLK 1128 55 37 0 72851 5466 94464 576 6124
F4E_CLK 1378 25 25 0 72097 5969 54710 2802 4674
F4E_CLK 603 43 16 0 538 3658 50060 475 4590
F4E_CLK 1887 56 40 0 74428 6069 103692 1307 6889
F4E_CLK 1423 45 31 0 72836 4939 78828 3864 4215
F4E_CLK 1513 95 64 0 72267 7374 162738 1126 12759
F4E_CLK 1635 90 64 0 71736 8239 160340 5299 9681
F4E_CLK 1444 87 41 0 71763 7201 124639 643 10066
F4E_CLK 796 60 60 0 538 4885 108994 602 15399
F4E_CLK 551 27 27 0 532 4085 47811 483 5384
F4E_CLK 0 0 0 0 894 223 167 51 390
F4E_CLK 0 0 0 0 538 243 169 40 386
F4E_CLK 117 28 9 0 541 2878 31176 202 3545
F4E_CLK 107 26 9 0 538 3200 29850 245 3746
F4E_CLK 648 12 12 0 532 3593 21995 516 1659
F4E_CLK 1228 25 25 0 69215 8568 55821 2666 3910
F4E_CLK 240 4 4 0 535 2993 7290 403 856
F4E_CLK 1496 35 35 0 72681 6435 75736 4752 6015
F4E_CLK 1175 27 27 0 69820 7693 59860 3070 3128
F4E_CLK 1247 27 27 0 71830 5350 60062 3115 4390
F4E_CLK 1161 35 35 0 69799 7865 77175 3268 5661
F4E_CLK 1293 84 44 0 70393 8327 123521 631 8998
F4E_CLK 870 57 57 0 534 5746 107172 591 11923
F4E_CLK 655 30 30 0 534 3983 55032 513 5481
F4E_CLK 760 62 62 0 533 5146 113241 554 10155
F4E_CLK 623 31 31 0 535 4008 57684 498 6545
F4E_CLK 0 0 0 0 872 223 167 51 392
F4E_CLK 0 0 0 0 538 243 169 40 385
F4E_CLK 0 0 0 0 539 243 169 40 387
F4E_CLK 0 0 0 0 542 243 169 40 383
F4E_CLK 432 12 12 0 541 3544 20947 446 1708
F4E_CLK 764 13 13 0 536 3787 23863 530 1802
F4E_CLK 0 0 0 0 535 223 167 51 391
F4E_CLK 930 15 15 0 539 4303 28672 601 2057
F4E_CLK 728 23 23 0 532 4175 42274 528 4346
F4E_CLK 1139 31 31 0 71107 5865 68500 2901 6051
F4E_CLK 984 31 25 0 535 4921 52256 313 3110
F4E_CLK 397 34 18 0 538 3402 44130 247 5910
F4E_CLK 798 53 53 0 538 5042 95940 657 13164
F4E_CLK 729 34 34 0 538 4451 62070 493 5950
F4E_CLK 654 58 30 0 532 4500 76585 268 4460
F4E_CLK 539 27 27 0 541 4094 49025 453 6361
F4E_CLK 318 6 6 0 542 3002 10787 400 1805
F4E_CLK 383 21 21 0 539 2910 38406 423 6608
F4E_CLK 0 0 0 0 532 223 167 51 391
F4E_CLK 0 0 0 0 552 234 187 34 367
F4E_CLK 0 0 0 0 555 235 188 36 358
F4E_CLK 0 0 0 0 554 236 189 35 363
F4E_CLK 0 0 0 0 542 243 169 40 383
F4E_CLK 0 0 0 0 554 234 187 34 364
F4E_CLK 0 0 0 0 863 235 188 36 356
F4E_CLK 0 0 0 0 540 236 189 35 362
F4E_CLK 0 0 0 0 529 243 169 40 383
F4E_CLK 0 0 0 0 544 234 187 34 366
F4E_CLK 0 0 0 0 546 235 188 36 356
F4E_CLK 0 0 0 0 542 236 189 35 359
F4E_CLK 0 0 0 0 529 243 169 40 385
F4E_CLK 0 0 0 0 544 234 187 34 366
F4E_CLK 0 0 0 0 850 235 188 36 357
F4E_CLK 0 0 0 0 543 236 189 35 359
F4E_CLK 0 0 0 0 527 243 169 40 383
F4E_CLK 0 0 0 0 542 234 187 34 364
F4E_CLK 0 0 0 0 544 235 188 36 358
F4E_CLK 0 0 0 0 540 236 189 35 360
F4E_CLK 0 0 0 0 526 243 169 40 385
F4E_CLK 0 0 0 0 543 234 187 34 365
F4E_CLK 0 0 0 0 868 235 188 36 356
F4E_CLK 0 0 0 0 540 236 189 35 362
F4E_CLK 0 0 0 0 527 243 169 40 383
F4E_CLK 0 0 0 0 541 234 187 34 364
F4E_CLK 0 0 0 0 545 235 188 36 359
F4E_CLK 49 1 1 0 542 2773 1917 424 447
F4E_CLK 0 0 0 0 523 223 167 51 388
F4E_CLK 0 0 0 0 541 234 187 34 364
F4E_CLK 0 0 0 0 860 235 188 36 358
F4E_CLK 0 0 0 0 542 236 189 35 359
F4E_CLK 0 0 0 0 529 243 169 40 383
F4E_CLK 0 0 0 0 544 234 187 34 366
F4E_CLK 44 1 1 0 544 2808 2100 424 451
F4E_CLK 0 0 0 0 529 223 163 49 393
F4E_CLK 44 2 1 0 527 2791 3115 245 449
F4E_CLK 0 0 0 0 525 221 165 51 390
F4E_CLK 0 0 0 0 861 235 188 36 357
F4E_CLK 0 0 0 0 540 236 189 35 359
F4E_CLK 0 0 0 0 526 243 169 40 386
F4E_CLK 112 8 8 0 542 3184 13533 426 1285
F4E_CLK 56 4 4 0 528 2983 6665 427 871
F4E_CLK 40 1 1 0 531 2771 1942 425 448
F4E_CLK 40 1 1 0 522 2788 1745 384 626
F4E_CLK 58 2 2 0 527 2777 3975 383 717
F4E_CLK 75 6 5 0 528 2973 10815 203 1488
F4E_CLK 244 64 54 0 528 3501 105494 235 35374
F4E_CLK 141 47 21 0 525 3738 61158 417 8151
F4E_CLK 186 42 21 0 525 3493 50160 445 4922
F4E_CLK 640 64 64 0 526 4747 114298 471 17001
F4E_CLK 941 64 64 0 529 6116 120201 575 17036
F4E_CLK 795 64 64 0 523 5092 114865 587 15969
F4E_CLK 1752 64 64 0 71461 8873 137223 9768 11293
F4E_CLK 1715 64 64 0 73908 6011 138499 10035 9048
F4E_CLK 1115 64 64 0 68127 9522 133986 4866 16910
F4E_CLK 1966 64 64 0 72529 8778 137859 12996 12370
F4E_CLK 375 64 64 0 525 4739 109228 412 16994
F4E_CLK 1959 66 64 0 74134 7005 135330 12564 14865
F4E_CLK 693 52 13 0 526 4024 53996 289 2006
F4E_CLK 14 16 1 0 524 2459 13772 300 447
F4E_CLK 12 4 4 0 525 2243 6722 477 759
F4E_CLK 400 64 64 0 529 4326 107751 461 16157
F4E_CLK 436 64 64 0 526 4947 107171 439 15617
F4E_CLK 971 42 21 0 521 4528 58106 327 4724
F4E_CLK 1478 39 31 0 73310 4968 77128 650 6313
F4E_CLK 1323 52 26 0 71931 5919 75112 2890 4989
F4E_CLK 1523 61 25 0 73123 5090 82413 671 5691
F4E_CLK 1684 46 46 0 73163 6378 97740 7368 8785
F4E_CLK 923 64 64 0 528 5833 115249 511 14924
F4E_CLK 1808 74 64 0 72680 7875 148978 9898 13523
F4E_CLK 1485 91 37 0 71479 7389 120581 2050 6433
F4E_CLK 953 64 64 0 522 5925 120758 596 15542
F4E_CLK 496 11 11 0 529 3218 20425 474 2268
F4E_CLK 0 0 0 0 529 221 164 51 389
F4E_CLK 0 0 0 0 540 236 189 35 361
F4E_CLK 108 36 9 0 526 3192 37358 245 2359
F4E_CLK 95 36 9 0 526 2901 36509 246 3344
F4E_CLK 684 12 12 0 527 3801 21466 525 1639
F4E_CLK 1188 25 25 0 70363 6464 55641 2756 5293
F4E_CLK 804 20 20 0 522 4109 36365 568 2529
F4E_CLK 633 7 7 0 529 3239 12968 469 1173
F4E_CLK 1210 59 27 0 70804 6347 83234 588 5136
F4E_CLK 395 3 3 0 526 2863 6083 414 889
F4E_CLK 1372 51 51 0 69415 9067 108929 5256 15144
F4E_CLK 1080 91 37 0 70727 6344 118763 1409 7105
F4E_CLK 1021 64 64 0 526 5912 123456 651 16121
F4E_CLK 786 28 28 0 526 4696 52012 580 3761
F4E_CLK 930 64 64 0 522 5900 119709 657 12774
F4E_CLK 530 15 15 0 525 3482 27218 476 3420
F4E_CLK 0 0 0 0 530 221 164 51 389
F4E_CLK 0 0 0 0 541 236 189 35 361
F4E_CLK 0 0 0 0 529 243 169 40 382
F4E_CLK 0 0 0 0 543 234 187 34 367
F4E_CLK 504 12 12 0 548 3536 22357 458 1675
F4E_CLK 214 1 1 0 529 2809 1736 400 575
F4E_CLK 0 0 0 0 524 223 167 51 389
F4E_CLK 362 3 3 0 543 2906 5494 438 657
F4E_CLK 365 3 3 0 526 3038 5870 416 788
F4E_CLK 364 3 3 0 529 2802 5761 400 1021
F4E_CLK 1126 67 27 0 70759 6938 87371 573 4797
F4E_CLK 556 48 21 0 527 3817 58909 490 5315
F4E_CLK 936 64 64 0 526 5933 121586 611 15795
F4E_CLK 741 28 28 0 527 4642 52019 545 4113
F4E_CLK 782 44 28 0 522 4538 63788 577 6689
F4E_CLK 635 19 19 0 525 3564 35665 478 4050
F4E_CLK 426 10 10 0 526 3027 19250 441 3217
F4E_CLK 476 17 17 0 530 3118 31380 459 7156
F4E_CLK 0 0 0 0 522 223 167 51 390
F4E_CLK 0 0 0 0 541 234 187 34 364
F4E_CLK 0 0 0 0 875 235 188 36 356
F4E_CLK 0 0 0 0 545 236 189 35 360
F4E_CLK 0 0 0 0 531 243 169 40 382
F4E_CLK 195 1 1 0 541 2723 2283 409 449
F4E_CLK 0 0 0 0 526 221 164 51 392
F4E_CLK 356 3 3 0 543 2994 5487 433 654
F4E_CLK 198 1 1 0 520 2792 1654 399 563
F4E_CLK 378 5 5 0 528 3053 9318 388 1545
F4E_CLK 173 1 1 0 526 2719 1918 396 558
F4E_CLK 412 39 18 0 529 3426 48401 234 5498
F4E_CLK 952 58 58 0 520 6009 109386 604 15157
F4E_CLK 771 29 29 0 530 4542 54061 565 5242
F4E_CLK 779 63 30 0 526 4903 80514 330 4074
F4E_CLK 731 27 27 0 531 4273 50227 523 5546
F4E_CLK 407 6 6 0 522 2921 10861 468 1782
F4E_CLK 500 21 21 0 529 3221 38294 450 8128
F4E_CLK 395 6 6 0 530 2947 10566 422 2051
F4E_CLK 470 27 15 0 529 3330 36791 225 5531
F4E_CLK 0 0 0 0 520 223 167 51 390
F4E_CLK 0 0 0 0 543 234 187 34 364
F4E_CLK 0 0 0 0 547 235 188 36 356
F4E_CLK 0 0 0 0 540 236 189 35 363
F4E_CLK 0 0 0 0 528 243 169 40 382
F4E_CLK 0 0 0 0 543 234 187 34 366
F4E_CLK 0 0 0 0 941 235 188 36 356
F4E_CLK 0 0 0 0 540 236 189 35 364
F4E_CLK 0 0 0 0 526 243 169 40 386
F4E_CLK 0 0 0 0 543 234 187 34 367
F4E_CLK 0 0 0 0 545 235 188 36 356
F4E_CLK 0 0 0 0 540 236 189 35 359
F4E_CLK 0 0 0 0 527 243 169 40 384
F4E_CLK 0 0 0 0 544 234 187 34 364
F4E_CLK 0 0 0 0 843 235 188 36 358
F4E_CLK 0 0 0 0 541 236 189 35 359
F4E_CLK 0 0 0 0 529 243 169 40 382
F4E_CLK 0 0 0 0 543 234 187 34 366
F4E_CLK 0 0 0 0 547 235 188 36 356
F4E_CLK 0 0 0 0 543 236 189 35 360
F4E_CLK 0 0 0 0 526 243 169 40 383
F4E_CLK 0 0 0 0 544 234 187 34 366
F4E_CLK 0 0 0 0 864 235 188 36 357
F4E_CLK 0 0 0 0 540 236 189 35 360
F4E_CLK 0 0 0 0 528 243 169 40 382
F4E_CLK 0 0 0 0 541 234 187 34 367
F4E_CLK 0 0 0 0 546 235 188 36 356
F4E_CLK 0 0 0 0 540 236 189 35 361
F4E_CLK 0 0 0 0 527 243 169 40 384
F4E_CLK 0 0 0 0 541 234 187 34 366
F4E_CLK 0 0 0 0 844 235 188 36 356
F4E_CLK 0 0 0 0 542 236 189 35 359
F4E_CLK 0 0 0 0 528 243 169 40 385
F4E_CLK 0 0 0 0 542 234 187 34 364
F4E_CLK 0 0 0 0 546 235 188 36 356
F4E_CLK 0 0 0 0 543 236 189 35 361
F4E_CLK 0 0 0 0 527 243 169 40 385
F4E_CLK 0 0 0 0 544 234 187 34 364
F4E_CLK 0 0 0 0 849 235 188 36 356
F4E_CLK 0 0 0 0 542 236 189 35 361
F4E_CLK 0 0 0 0 526 243 169 40 385
F4E_CLK 0 0 0 0 544 234 187 34 365
F4E_CLK 0 0 0 0 546 235 188 36 359
F4E_CLK 33 1 1 0 540 2768 2496 424 449
F4E_CLK 0 0 0 0 521 223 167 51 392
F4E_CLK 38 2 1 0 542 2767 3077 202 565
F4E_CLK 30 2 1 0 528 2709 3014 266 447
F4E_CLK 264 56 50 0 528 3653 96247 420 33243
F4E_CLK 195 45 22 0 521 3329 57885 251 7010
F4E_CLK 136 42 16 0 527 3211 48420 420 4415
F4E_CLK 537 64 64 0 527 4849 112860 484 16974
F4E_CLK 583 64 64 0 528 5091 112821 492 16993
F4E_CLK 1194 64 64 0 71437 7949 134644 5593 15920
F4E_CLK 1840 64 64 0 70923 11025 137285 11277 8517
F4E_CLK 1646 64 64 0 72825 6717 138689 8842 11641
F4E_CLK 1649 64 64 0 69359 10668 131641 8502 15015
F4E_CLK 1967 64 64 0 74622 6846 136099 12938 11666
F4E_CLK 1105 64 64 0 72061 6046 130458 5040 15915
F4E_CLK 2028 69 64 0 74775 6815 143760 10984 10641
F4E_CLK 1103 85 19 0 70848 6147 88641 583 2571
F4E_CLK 22 25 3 0 525 2665 21866 266 653
F4E_CLK 0 0 0 0 525 221 165 51 392
F4E_CLK 334 60 60 0 546 4236 100566 459 15303
F4E_CLK 375 64 64 0 527 4216 107226 461 14615
F4E_CLK 888 44 29 0 520 4863 68248 304 5668
F4E_CLK 1539 27 27 0 71216 7094 58846 4127 4865
F4E_CLK 1111 74 22 0 71735 5050 82921 1793 3421
F4E_CLK 1632 59 33 0 74093 4440 93717 618 6036
F4E_CLK 1643 38 38 0 73635 5320 82963 5450 6010
F4E_CLK 1292 70 64 0 71731 7374 135986 1199 14237
F4E_CLK 1744 82 64 0 73442 7929 156120 7321 10846
F4E_CLK 1478 91 37 0 72764 6317 118565 1260 8637
F4E_CLK 1110 64 64 0 73020 5208 134080 4592 17769
F4E_CLK 699 19 19 0 526 3961 34118 496 3313
F4E_CLK 0 0 0 0 528 221 164 51 391
F4E_CLK 0 0 0 0 542 236 189 35 361
F4E_CLK 107 32 9 0 529 3287 33618 245 3611
F4E_CLK 93 30 9 0 529 2871 33108 248 3363
F4E_CLK 636 12 12 0 529 3485 21364 454 1582
F4E_CLK 1151 25 25 0 71851 5300 55123 2306 3040
F4E_CLK 624 12 12 0 523 3703 22326 502 1691
F4E_CLK 968 15 15 0 529 4540 29349 604 2517
F4E_CLK 1072 45 25 0 70409 6335 69879 568 3909
F4E_CLK 449 5 5 0 528 2987 10685 438 1559
F4E_CLK 1369 43 43 0 71775 6899 92158 4857 6562
F4E_CLK 1209 91 37 0 72024 6173 117233 976 7037
F4E_CLK 1131 64 64 0 72143 5378 134591 4685 14859
F4E_CLK 883 28 28 0 529 4557 53138 514 4461
F4E_CLK 1066 64 64 0 72234 5518 132964 4691 21086
F4E_CLK 800 23 23 0 527 4070 43035 623 4326
F4E_CLK 0 0 0 0 528 221 164 51 391
F4E_CLK 0 0 0 0 543 236 189 35 359
F4E_CLK 0 0 0 0 529 243 169 40 382
F4E_CLK 0 0 0 0 541 234 187 34 365
F4E_CLK 540 12 12 0 543 3829 20826 496 1724
F4E_CLK 196 1 1 0 528 2724 1726 415 530
F4E_CLK 0 0 0 0 521 223 167 51 391
F4E_CLK 373 3 3 0 544 2928 5384 421 1198
F4E_CLK 207 1 1 0 529 2722 2052 398 570
F4E_CLK 406 5 5 0 526 3045 9131 455 1198
F4E_CLK 1029 51 27 0 71255 4963 76738 967 3125
F4E_CLK 443 40 16 0 527 3210 46890 281 5426
F4E_CLK 1101 61 61 0 72219 5786 126537 4778 15482
F4E_CLK 930 28 28 0 530 4572 53065 587 5103
F4E_CLK 910 60 28 0 524 5095 77364 278 5586
F4E_CLK 861 27 27 0 525 4330 52057 603 6191
F4E_CLK 505 6 6 0 526 3103 11598 421 2309
F4E_CLK 609 21 21 0 529 3359 39073 453 7722
F4E_CLK 0 0 0 0 520 223 167 51 391
F4E_CLK 0 0 0 0 543 234 187 34 365
F4E_CLK 0 0 0 0 857 235 188 36 358
F4E_CLK 0 0 0 0 544 236 189 35 361
F4E_CLK 0 0 0 0 526 243 169 40 384
F4E_CLK 0 0 0 0 541 234 187 34 367
F4E_CLK 204 1 1 0 545 2805 1982 381 569
F4E_CLK 187 2 1 0 528 2810 2932 199 506
F4E_CLK 0 0 0 0 520 223 167 51 391
F4E_CLK 345 5 3 0 543 3059 7208 411 788
F4E_CLK 197 1 1 0 526 2752 2016 387 598
F4E_CLK 423 31 15 0 526 3519 39296 265 4800
F4E_CLK 1029 50 50 0 71983 6203 103380 3851 11885
F4E_CLK 932 37 37 0 528 4856 71649 644 9336
F4E_CLK 946 55 30 0 526 5188 76225 330 4376
F4E_CLK 868 27 27 0 528 4506 51789 572 6167
F4E_CLK 462 6 6 0 523 3144 11291 412 1949
F4E_CLK 588 21 21 0 529 3423 39787 421 9117
F4E_CLK 331 2 2 0 527 2910 3723 389 839
F4E_CLK 567 28 16 0 529 3475 38685 247 5636
F4E_CLK 0 0 0 0 522 223 167 51 390
F4E_CLK 0 0 0 0 541 234 187 34 366
F4E_CLK 0 0 0 0 546 235 188 36 358
F4E_CLK 0 0 0 0 540 236 189 35 361
F4E_CLK 0 0 0 0 529 243 169 40 385
F4E_CLK 0 0 0 0 541 234 187 34 365
F4E_CLK 0 0 0 0 881 235 188 36 357
F4E_CLK 0 0 0 0 528 236 189 35 360
F4E_CLK 0 0 0 0 514 244 169 40 382
F4E_CLK 343 5 3 0 529 3028 7295 387 1068
F4E_CLK 0 0 0 0 515 221 164 51 389
F4E_CLK 188 6 1 0 531 2708 5811 207 514
F4E_CLK 679 62 35 0 509 4276 83206 484 7880
F4E_CLK 1057 61 61 0 71878 5843 126148 4804 16359
F4E_CLK 560 31 25 0 514 4122 48469 261 2969
F4E_CLK 918 32 32 0 514 4670 63362 638 9646
F4E_CLK 242 1 1 0 507 2811 2248 377 597
F4E_CLK 592 21 18 0 514 3332 35975 469 6438
F4E_CLK 119 5 5 0 514 2774 9052 425 1539
F4E_CLK 409 12 3 0 515 2992 12428 210 851
F4E_CLK 123 18 9 0 508 3187 22598 202 4643
F4E_CLK 0 0 0 0 514 220 165 51 388
F4E_CLK 122 24 9 0 528 2999 27075 247 3632
F4E_CLK 0 0 0 0 515 222 163 53 387
F4E_CLK 0 0 0 0 510 247 169 40 385
F4E_CLK 0 0 0 0 529 234 187 34 364
F4E_CLK 0 0 0 0 526 238 166 39 377
F4E_CLK 0 0 0 0 530 236 189 35 359
F4E_CLK 0 0 0 0 509 247 169 40 386
F4E_CLK 0 0 0 0 530 234 187 34 366
F4E_CLK 0 0 0 0 881 235 188 36 359
F4E_CLK 0 0 0 0 528 236 189 35 361
F4E_CLK 0 0 0 0 515 243 169 40 382
F4E_CLK 0 0 0 0 512 244 171 40 384
F4E_CLK 0 0 0 0 532 239 186 35 359
F4E_CLK 0 0 0 0 530 236 189 35 359
F4E_CLK 0 0 0 0 511 245 169 40 382
F4E_CLK 0 0 0 0 512 245 171 40 382
F4E_CLK 0 0 0 0 886 235 188 36 358
F4E_CLK 0 0 0 0 511 251 167 38 389
F4E_CLK 0 0 0 0 509 247 169 40 384
F4E_CLK 0 0 0 0 512 244 171 40 382
F4E_CLK 0 0 0 0 529 238 188 36 358
F4E_CLK 0 0 0 0 528 236 189 35 359
F4E_CLK 0 0 0 0 513 244 169 40 385
F4E_CLK 0 0 0 0 529 234 187 34 365
F4E_CLK 0 0 0 0 899 235 188 36 358
F4E_CLK 0 0 0 0 529 236 189 35 360
F4E_CLK 0 0 0 0 509 247 169 40 386
F4E_CLK 0 0 0 0 512 244 171 40 383
F4E_CLK 0 0 0 0 531 239 186 35 358
F4E_CLK 0 0 0 0 512 251 167 38 389
F4E_CLK 0 0 0 0 509 247 169 40 382
F4E_CLK 0 0 0 0 512 244 171 40 384
F4E_CLK 0 0 0 0 883 235 188 36 356
F4E_CLK 0 0 0 0 528 236 189 35 360
F4E_CLK 0 0 0 0 511 245 169 40 383
F4E_CLK 0 0 0 0 512 244 171 40 385
F4E_CLK 0 0 0 0 528 238 188 36 360
F4E_CLK 0 0 0 0 528 236 189 35 362
F4E_CLK 0 0 0 0 511 245 169 40 383
F4E_CLK 0 0 0 0 510 243 171 40 384
F4E_CLK 0 0 0 0 880 235 188 36 356
F4E_CLK 0 0 0 0 511 251 167 38 389
F4E_CLK 0 0 0 0 512 245 169 40 383
F4E_CLK 0 0 0 0 512 244 171 40 382
F4E_CLK 0 0 0 0 528 238 188 36 359
F4E_CLK 0 0 0 0 512 251 167 38 388
F4E_CLK 0 0 0 0 510 247 169 40 387
F4E_CLK 117 5 5 0 512 2687 9423 385 999
F4E_CLK 279 64 50 0 525 3437 102340 424 34953
F4E_CLK 228 51 20 0 521 3292 60838 256 8753
F4E_CLK 324 47 26 0 514 4108 60078 438 5053
F4E_CLK 488 64 64 0 522 4945 109946 468 15404
F4E_CLK 1104 64 64 0 71111 7039 138906 5167 16184
F4E_CLK 438 64 64 0 522 4661 111077 432 16272
F4E_CLK 1719 64 64 0 72518 8534 135373 10049 10786
F4E_CLK 1920 64 64 0 74427 6825 137662 11526 9731
F4E_CLK 871 64 64 0 522 5150 119325 556 16343
F4E_CLK 2054 69 64 0 74727 7204 152439 5743 13322
F4E_CLK 537 64 64 0 515 4271 110390 483 16300
F4E_CLK 2022 64 64 0 74798 6584 135427 12728 16104
F4E_CLK 606 52 9 0 522 3533 48995 268 1590
F4E_CLK 0 0 0 0 521 223 163 49 392
F4E_CLK 18 9 9 0 523 2698 15225 427 1272
F4E_CLK 347 64 64 0 521 4820 105217 413 16538
F4E_CLK 746 64 64 0 525 4951 113948 486 15491
F4E_CLK 712 39 16 0 520 3738 48847 222 4332
F4E_CLK 1504 47 31 0 72947 5800 81829 599 6152
F4E_CLK 1657 57 31 0 73826 5552 85762 4226 4341
F4E_CLK 1064 62 20 0 71930 4382 72577 584 4465
F4E_CLK 1792 51 51 0 73925 6785 109112 8577 7352
F4E_CLK 639 64 64 0 517 3972 108630 487 16268
F4E_CLK 1812 69 64 0 71887 8641 143849 10632 14313
F4E_CLK 1280 91 37 0 72255 6313 118398 2018 7699
F4E_CLK 1200 64 64 0 72262 6066 132104 5230 14181
F4E_CLK 580 6 6 0 516 3297 11285 496 1732
F4E_CLK 0 0 0 0 522 221 165 51 390
F4E_CLK 0 0 0 0 539 235 188 36 358
F4E_CLK 108 36 9 0 536 2863 35637 203 3535
F4E_CLK 223 38 11 0 516 2825 38179 423 3485
F4E_CLK 630 10 10 0 520 3607 18360 441 1376
F4E_CLK 1210 25 25 0 72578 5366 54425 2489 4542
F4E_CLK 1176 25 25 0 71000 6194 56041 2613 2921
F4E_CLK 378 2 2 0 515 3021 4058 411 698
F4E_CLK 1248 69 27 0 71958 5591 88285 573 3268
F4E_CLK 426 3 3 0 521 3021 5828 452 825
F4E_CLK 1472 56 56 0 72159 7444 116703 6837 12804
F4E_CLK 1351 91 37 0 72024 6607 119041 2126 6928
F4E_CLK 1265 64 64 0 72793 5028 131510 5431 16243
F4E_CLK 1040 28 28 0 71517 4780 60738 2421 3367
F4E_CLK 1171 64 64 0 72299 5840 130603 5653 20512
F4E_CLK 683 10 10 0 518 3662 18620 502 2986
F4E_CLK 0 0 0 0 519 221 165 51 390
F4E_CLK 0 0 0 0 539 235 188 36 357
F4E_CLK 0 0 0 0 535 236 189 35 359
F4E_CLK 0 0 0 0 521 243 169 40 384
F4E_CLK 528 12 12 0 538 3612 20554 470 1647
F4E_CLK 226 1 1 0 525 2764 1806 368 580
F4E_CLK 0 0 0 0 520 223 163 49 393
F4E_CLK 377 3 3 0 522 2960 5378 434 894
F4E_CLK 382 3 3 0 520 2942 5640 413 783
F4E_CLK 323 3 2 0 520 2890 4818 203 735
F4E_CLK 1198 76 28 0 72376 5135 95318 888 3500
F4E_CLK 755 52 25 0 517 3946 67616 550 6312
F4E_CLK 1228 64 64 0 72319 6229 131861 5139 19123
F4E_CLK 965 28 28 0 523 4967 53441 582 4210
F4E_CLK 953 37 28 0 522 4889 61737 552 6103
F4E_CLK 784 14 14 0 517 3852 26084 553 3274
F4E_CLK 598 10 10 0 521 3174 18479 487 4220
F4E_CLK 676 17 17 0 522 3648 31880 493 6808
F4E_CLK 0 0 0 0 523 223 163 49 391
F4E_CLK 0 0 0 0 522 243 169 40 382
F4E_CLK 0 0 0 0 535 234 187 34 368
F4E_CLK 0 0 0 0 932 235 188 36 359
F4E_CLK 0 0 0 0 528 236 189 35 360
F4E_CLK 208 1 1 0 509 2822 2010 392 551
F4E_CLK 0 0 0 0 508 223 165 51 388
F4E_CLK 216 2 1 0 530 2768 2703 201 502
F4E_CLK 216 1 1 0 515 2840 1835 396 612
F4E_CLK 0 0 0 0 507 225 167 51 391
F4E_CLK 362 3 3 0 528 2971 6275 415 756
F4E_CLK 438 42 13 0 515 3606 44682 247 4104
F4E_CLK 1216 63 63 0 72975 6151 130388 5322 17933
F4E_CLK 981 28 28 0 505 4944 53382 611 5331
F4E_CLK 989 56 28 0 514 5327 76409 647 6271
F4E_CLK 1031 25 25 0 72162 4386 57071 2273 5392
F4E_CLK 556 7 7 0 514 3276 13694 437 2692
F4E_CLK 706 20 20 0 507 3605 38804 486 8873
F4E_CLK 481 5 3 0 509 3101 7531 419 1212
F4E_CLK 685 27 15 0 514 3440 38505 291 4944
F4E_CLK 0 0 0 0 515 222 163 53 387
F4E_CLK 0 0 0 0 509 247 169 40 382
F4E_CLK 0 0 0 0 512 244 171 40 382
F4E_CLK 0 0 0 0 527 238 188 36 359
F4E_CLK 0 0 0 0 511 251 167 38 388
F4E_CLK 0 0 0 0 509 247 169 40 384
F4E_CLK 0 0 0 0 512 245 171 40 382
F4E_CLK 0 0 0 0 886 235 188 36 358
F4E_CLK 0 0 0 0 512 251 167 38 388
F4E_CLK 0 0 0 0 510 247 169 40 382
F4E_CLK 0 0 0 0 512 245 171 40 384
F4E_CLK 238 18 7 0 531 2803 20977 252 1389
F4E_CLK 1015 55 42 0 516 5364 92385 617 8510
F4E_CLK 1114 48 48 0 72885 5172 99120 3952 11328
F4E_CLK 909 44 27 0 514 5149 63861 358 5127
F4E_CLK 1088 30 30 0 72182 4602 67482 2830 8520
F4E_CLK 501 3 3 0 515 2937 6545 466 875
F4E_CLK 712 24 21 0 509 3668 43398 586 8634
F4E_CLK 253 1 1 0 508 2828 1904 410 447
F4E_CLK 567 18 11 0 514 3297 26053 213 3320
F4E_CLK 0 0 0 0 514 223 164 52 390
F4E_CLK 0 0 0 0 511 245 169 40 382
F4E_CLK 155 24 9 0 528 2953 26910 238 2802
F4E_CLK 0 0 0 0 867 221 164 51 391
F4E_CLK 0 0 0 0 531 236 188 34 364
F4E_CLK 0 0 0 0 510 247 169 40 384
F4E_CLK 0 0 0 0 510 243 171 40 385
F4E_CLK 0 0 0 0 527 238 188 36 356
F4E_CLK 0 0 0 0 510 254 170 37 389
F4E_CLK 0 0 0 0 511 245 169 40 384
F4E_CLK 0 0 0 0 512 244 171 40 382
F4E_CLK 0 0 0 0 900 235 188 36 358
F4E_CLK 0 0 0 0 530 236 189 35 360
F4E_CLK 0 0 0 0 512 245 169 40 382
F4E_CLK 29 32 9 0 530 2845 33467 266 3334
F4E_CLK 1101 60 60 0 71893 6326 125667 4395 16241
F4E_CLK 884 28 28 0 515 4825 53136 564 5678
F4E_CLK 895 62 29 0 504 4994 80576 297 4162
F4E_CLK 809 27 27 0 515 4405 52024 544 5827
F4E_CLK 535 6 5 0 515 3128 10513 221 1496
F4E_CLK 710 21 19 0 514 3514 37398 547 7301
F4E_CLK 272 5 1 0 508 2813 5000 222 499
F4E_CLK 564 23 11 0 514 3325 28728 256 4153
F4E_CLK 0 0 0 0 514 221 164 51 390
F4E_CLK 158 21 9 0 512 2888 25365 251 3621
F4E_CLK 0 0 0 0 505 224 167 50 393
F4E_CLK 120 2 2 0 528 2686 3881 426 763
F4E_CLK 154 28 7 0 525 2936 27340 237 2483
F4E_CLK 0 0 0 0 521 223 163 49 393
F4E_CLK 0 0 0 0 525 243 169 40 382
F4E_CLK 0 0 0 0 536 234 187 34 366
F4E_CLK 0 0 0 0 542 235 188 36 356
F4E_CLK 0 0 0 0 534 236 189 35 363
F4E_CLK 0 0 0 0 521 243 169 40 382
F4E_CLK 0 0 0 0 535 234 187 34 365
F4E_CLK 0 0 0 0 898 235 188 36 356
F4E_CLK 0 0 0 0 538 236 189 35 360
F4E_CLK 0 0 0 0 520 243 169 40 385
F4E_CLK 0 0 0 0 536 234 187 34 367
F4E_CLK 0 0 0 0 538 235 188 36 360
F4E_CLK 0 0 0 0 538 236 189 35 359
F4E_CLK 0 0 0 0 524 243 169 40 382
F4E_CLK 0 0 0 0 539 234 187 34 364
F4E_CLK 0 0 0 0 888 235 188 36 358
F4E_CLK 0 0 0 0 535 236 189 35 362
F4E_CLK 0 0 0 0 525 243 169 40 382
F4E_CLK 0 0 0 0 520 243 169 40 385
F4E_CLK 0 0 0 0 521 243 169 40 382
F4E_CLK 0 0 0 0 522 243 169 40 384
F4E_CLK 0 0 0 0 523 243 169 40 384
F4E_CLK 0 0 0 0 522 243 169 40 384
F4E_CLK 0 0 0 0 865 243 169 40 385
F4E_CLK 0 0 0 0 524 243 169 40 383
F4E_CLK 0 0 0 0 523 243 169 40 384
F4E_CLK 0 0 0 0 521 243 169 40 385
F4E_CLK 0 0 0 0 523 243 169 40 385
F4E_CLK 0 0 0 0 522 243 169 40 384
F4E_CLK 0 0 0 0 521 243 169 40 383
F4E_CLK 0 0 0 0 522 243 169 40 382
F4E_CLK 0 0 0 0 865 243 169 40 384
F4E_CLK 0 0 0 0 522 243 169 40 383
F4E_CLK 0 0 0 0 522 243 169 40 383
F4E_CLK 0 0 0 0 523 243 169 40 385
F4E_CLK 0 0 0 0 521 243 169 40 382
F4E_CLK 0 0 0 0 522 243 169 40 383
F4E_CLK 0 0 0 0 523 243 169 40 384
F4E_CLK 0 0 0 0 523 243 169 40 383
F4E_CLK 0 0 0 0 881 243 169 40 385
F4E_CLK 0 0 0 0 521 243 169 40 384
F4E_CLK 0 0 0 0 522 243 169 40 382
F4E_CLK 0 0 0 0 523 243 169 40 383
F4E_CLK 0 0 0 0 521 243 169 40 387
F4E_CLK 0 0 0 0 522 243 169 40 385
F4E_CLK 0 0 0 0 521 243 169 40 383
F4E_CLK 169 14 14 0 523 3102 26425 456 2652
F4E_CLK 301 64 43 0 515 3392 95513 232 29981
F4E_CLK 147 42 18 0 515 3143 51472 237 8843
F4E_CLK 435 56 35 0 514 4126 78050 442 7059
F4E_CLK 517 64 64 0 514 4934 112890 447 11986
F4E_CLK 1115 64 64 0 71782 6901 137633 4624 12048
F4E_CLK 907 64 64 0 519 5749 120691 602 16269
F4E_CLK 1493 64 64 0 72539 7467 133379 7294 14381
F4E_CLK 2118 64 64 0 74511 8371 137814 17259 7796
F4E_CLK 665 64 64 0 519 4570 114178 566 16240
F4E_CLK 2064 78 64 0 75374 7143 162010 5401 10720
F4E_CLK 1146 67 64 0 72246 6610 133875 1727 16213
F4E_CLK 2125 64 61 0 75055 6981 147509 1474 15193
F4E_CLK 73 12 3 0 517 2781 12519 248 788
F4E_CLK 0 0 0 0 515 223 167 51 388
F4E_CLK 231 18 18 0 521 3752 28863 425 2696
F4E_CLK 327 64 64 0 516 4680 103629 444 14636
F4E_CLK 1072 62 62 0 70398 6647 127185 4532 14972
F4E_CLK 180 36 9 0 506 3047 36972 242 3350
F4E_CLK 1700 58 34 0 72404 6744 95329 741 7106
F4E_CLK 1815 37 37 0 74073 5747 80370 7318 5777
F4E_CLK 591 38 11 0 504 3347 42700 292 4114
F4E_CLK 1950 66 60 0 74957 6974 143001 1194 12200
F4E_CLK 437 64 64 0 504 5156 105053 446 15985
F4E_CLK 1939 64 64 0 74826 6072 136782 12891 16779
F4E_CLK 1232 91 37 0 72360 5346 115932 2879 8471
F4E_CLK 1294 61 61 0 72749 5155 127754 5992 13767
F4E_CLK 0 0 0 0 504 229 166 52 387
F4E_CLK 0 0 0 0 511 245 169 40 382
F4E_CLK 0 0 0 0 511 245 169 40 382
F4E_CLK 108 36 9 0 512 3182 36418 250 3342
F4E_CLK 715 47 20 0 507 4060 57451 497 4606
F4E_CLK 56 1 1 0 507 2780 1648 424 448
F4E_CLK 1320 25 25 0 71398 6679 55188 2993 4705
F4E_CLK 1279 43 25 0 71412 5963 69126 563 2954
F4E_CLK 399 2 2 0 507 2977 3694 431 689
F4E_CLK 1400 78 30 0 73254 5182 98385 1148 4252
F4E_CLK 44 1 1 0 505 2787 1780 424 447
F4E_CLK 1619 64 64 0 73574 6244 132411 8825 16251
F4E_CLK 1076 91 37 0 71612 6434 116060 2514 6635
F4E_CLK 1391 64 64 0 73341 6449 131626 6053 17951
F4E_CLK 863 28 28 0 504 4687 50869 584 4193
F4E_CLK 1465 64 64 0 73300 6078 132527 7335 18702
F4E_CLK 89 1 1 0 508 2785 1868 384 577
F4E_CLK 0 0 0 0 506 224 167 50 392
F4E_CLK 0 0 0 0 508 244 169 40 386
F4E_CLK 0 0 0 0 509 247 169 40 384
F4E_CLK 280 7 7 0 510 2956 12097 375 1170
F4E_CLK 200 5 5 0 506 3124 8771 425 921
F4E_CLK 231 1 1 0 505 2771 1826 402 580
F4E_CLK 250 1 1 0 504 2859 1872 392 592
F4E_CLK 348 2 2 0 506 3007 3727 384 701
F4E_CLK 457 5 5 0 504 2988 9994 423 1285
F4E_CLK 0 0 0 0 506 224 167 50 394
F4E_CLK 1236 92 30 0 73486 5167 108238 573 5884
F4E_CLK 871 59 32 0 506 5008 78840 623 7180
F4E_CLK 1383 64 64 0 73241 5123 133595 6306 16283
F4E_CLK 1138 28 28 0 71933 5023 59013 2907 4986
F4E_CLK 1050 28 28 0 71694 4506 61726 2601 8881
F4E_CLK 182 5 5 0 506 2944 8828 409 997
F4E_CLK 698 15 15 0 504 3421 30455 484 9315
F4E_CLK 186 12 12 0 507 2874 22565 395 5434
F4E_CLK 0 0 0 0 506 224 167 50 391
F4E_CLK 0 0 0 0 512 245 169 40 383
F4E_CLK 0 0 0 0 510 247 169 40 384
F4E_CLK 0 0 0 0 799 243 169 40 382
F4E_CLK 0 0 0 0 510 247 169 40 383
F4E_CLK 216 1 1 0 508 2806 2256 376 603
F4E_CLK 0 0 0 0 507 225 167 51 389
F4E_CLK 211 2 1 0 508 2830 2760 207 486
F4E_CLK 222 2 1 0 504 2835 3033 209 511
F4E_CLK 0 0 0 0 504 229 166 52 387
F4E_CLK 389 3 3 0 511 2992 6160 437 790
F4E_CLK 643 51 21 0 507 3895 60574 527 5004
F4E_CLK 1363 64 64 0 73237 5754 132581 6004 18249
F4E_CLK 1091 28 28 0 72446 4642 60640 2658 4046
F4E_CLK 1086 50 28 0 72742 4549 76728 1764 6791
F4E_CLK 974 16 16 0 506 3923 32255 557 4052
F4E_CLK 653 10 10 0 504 3251 19377 521 4853
F4E_CLK 818 17 17 0 504 3692 33553 562 7494
F4E_CLK 592 8 6 0 506 3096 13923 478 1750
F4E_CLK 694 24 12 0 522 3529 32306 244 4014
F4E_CLK 0 0 0 0 521 223 167 51 389
F4E_CLK 0 0 0 0 527 243 169 40 382
F4E_CLK 0 0 0 0 529 243 169 40 383
F4E_CLK 0 0 0 0 528 243 169 40 384
F4E_CLK 0 0 0 0 528 243 169 40 385
F4E_CLK 0 0 0 0 527 243 169 40 384
F4E_CLK 0 0 0 0 527 243 169 40 384
F4E_CLK 0 0 0 0 831 243 169 40 386
F4E_CLK 0 0 0 0 525 243 169 40 387
F4E_CLK 0 0 0 0 525 243 169 40 384
F4E_CLK 215 1 1 0 528 2803 1924 408 449
F4E_CLK 47 20 9 0 521 3183 24850 245 3653
F4E_CLK 1205 48 48 0 72377 5555 101221 4831 11129
F4E_CLK 1186 39 39 0 72231 4954 82658 3793 7368
F4E_CLK 1168 77 29 0 72731 5238 94951 985 5636
F4E_CLK 1163 28 28 0 73117 4302 61343 2672 6770
F4E_CLK 576 4 4 0 520 3088 8413 488 1105
F4E_CLK 792 22 20 0 524 3776 41345 569 9400
F4E_CLK 302 2 1 0 525 2842 3035 217 487
F4E_CLK 640 23 11 0 528 3452 30184 208 4357
F4E_CLK 0 0 0 0 524 221 165 51 392
F4E_CLK 191 9 8 0 527 3000 14571 222 2811
F4E_CLK 105 3 1 0 527 2776 3874 245 450
F4E_CLK 0 0 0 0 833 221 164 51 394
F4E_CLK 0 0 0 0 544 234 187 34 365
F4E_CLK 0 0 0 0 524 243 169 40 385
F4E_CLK 0 0 0 0 541 236 189 35 359
F4E_CLK 0 0 0 0 546 235 188 36 356
F4E_CLK 0 0 0 0 540 234 187 34 367
F4E_CLK 0 0 0 0 526 243 169 40 385
F4E_CLK 0 0 0 0 541 236 189 35 361
F4E_CLK 0 0 0 0 867 235 188 36 356
F4E_CLK 0 0 0 0 540 234 187 34 367
F4E_CLK 0 0 0 0 525 243 169 40 384
F4E_CLK 160 41 14 0 542 2820 44941 396 4130
F4E_CLK 1316 64 64 0 73368 5801 133428 6132 18024
F4E_CLK 1040 28 28 0 71859 4735 60110 2690 3638
F4E_CLK 1031 60 28 0 72148 4377 83046 1309 5698
F4E_CLK 934 19 19 0 528 4128 37776 584 4043
F4E_CLK 622 10 7 0 525 3154 16108 243 1550
F4E_CLK 778 17 17 0 525 3632 32694 594 6971
F4E_CLK 289 5 1 0 521 2900 5066 254 450
F4E_CLK 635 23 11 0 527 3422 30698 300 3980
F4E_CLK 0 0 0 0 527 221 164 51 391
F4E_CLK 195 24 9 0 541 2938 27156 242 3752
F4E_CLK 0 0 0 0 520 223 167 51 388
F4E_CLK 194 11 8 0 540 2791 16904 234 2819
F4E_CLK 86 4 1 0 527 2781 4214 245 447
F4E_CLK 0 0 0 0 525 221 165 51 389
F4E_CLK 0 0 0 0 525 243 169 40 384
F4E_CLK 0 0 0 0 539 236 189 35 363
F4E_CLK 0 0 0 0 542 235 188 36 360
F4E_CLK 0 0 0 0 543 234 187 34 365
F4E_CLK 0 0 0 0 530 243 169 40 384
F4E_CLK 0 0 0 0 541 236 189 35 361
F4E_CLK 0 0 0 0 840 235 188 36 356
F4E_CLK 0 0 0 0 540 234 187 34 369
F4E_CLK 0 0 0 0 527 243 169 40 385
F4E_CLK 0 0 0 0 541 236 189 35 360
F4E_CLK 54 37 10 0 545 2900 37710 424 3714
F4E_CLK 1290 64 64 0 72462 6014 131150 6089 18145
F4E_CLK 1019 28 28 0 519 4697 57153 500 4869
F4E_CLK 1013 52 28 0 527 5224 74872 592 7190
F4E_CLK 1073 23 23 0 71697 4996 50402 2418 4493
F4E_CLK 621 9 7 0 508 3258 15976 285 1893
F4E_CLK 790 17 17 0 508 3653 33273 561 6668
F4E_CLK 294 5 1 0 515 2880 5299 268 449
F4E_CLK 642 23 11 0 512 3239 29511 288 3839
F4E_CLK 0 0 0 0 514 220 165 51 389
F4E_CLK 197 24 9 0 510 2908 27755 232 3467
F4E_CLK 0 0 0 0 514 223 164 52 385
F4E_CLK 195 7 7 0 529 2853 12748 408 2154
F4E_CLK 145 13 2 0 509 2793 12082 215 591
F4E_CLK 0 0 0 0 507 234 170 49 381
F4E_CLK 239 46 19 0 512 3195 54446 412 6281
F4E_CLK 134 64 41 0 512 3407 88748 245 30980
F4E_CLK 128 43 43 0 509 3493 76209 409 47406
F4E_CLK 65 56 23 0 504 3484 64208 229 8821
F4E_CLK 53 52 16 0 515 3180 53360 424 4987
F4E_CLK 8 23 2 0 512 1817 20194 299 689
F4E_CLK 45 64 18 0 508 3609 64322 227 5078
F4E_CLK 0 0 0 0 506 224 167 50 391
F4E_CLK 24 37 18 0 510 2754 45646 248 5498
F4E_CLK 6 30 6 0 515 1606 25329 155 2065
F4E_CLK 0 0 0 0 508 242 169 50 379
F4E_CLK 9 9 8 0 508 1934 13932 458 2409
F4E_CLK 10 42 10 0 515 2023 39072 156 2744
F4E_CLK 0 0 0 0 812 221 164 51 389
F4E_CLK 2 1 1 0 512 1184 1759 459 449
F4E_CLK 182 64 64 0 506 4209 104438 449 15812
F4E_CLK 20 44 16 0 515 2671 47606 252 3776
F4E_CLK 3 26 3 0 512 1288 19419 155 653
F4E_CLK 0 0 0 0 509 223 165 51 391
F4E_CLK 125 35 35 0 511 4000 57602 427 8204
F4E_CLK 141 64 64 0 514 6234 102603 389 13417
F4E_CLK 269 45 45 0 512 4454 74691 460 7244
F4E_CLK 18 63 18 0 508 2690 61876 161 4943
F4E_CLK 0 0 0 0 504 229 166 52 389
F4E_CLK 0 0 0 0 528 236 189 35 359
F4E_CLK 45 30 9 0 527 3105 31803 245 3615
F4E_CLK 36 30 9 0 515 3093 30911 245 2500
F4E_CLK 195 33 21 0 506 3766 44508 247 3885
F4E_CLK 301 25 25 0 514 3579 44307 432 3001
F4E_CLK 18 56 18 0 512 2679 57807 157 4946
F4E_CLK 0 0 0 0 509 223 165 51 390
F4E_CLK 0 0 0 0 511 245 169 40 382
F4E_CLK 18 27 9 0 528 2683 29293 251 3331
F4E_CLK 9 25 8 0 514 1922 26709 280 2958
F4E_CLK 181 22 13 0 509 3333 28155 243 1700
F4E_CLK 262 25 25 0 506 3697 43820 437 4607
F4E_CLK 36 3 3 0 514 2868 5552 424 653
F4E_CLK 312 44 43 0 512 4600 72137 438 5568
F4E_CLK 11 50 11 0 508 2153 46193 155 2850
F4E_CLK 0 0 0 0 506 224 167 50 390
F4E_CLK 0 0 0 0 512 251 167 38 385
F4E_CLK 0 0 0 0 528 238 188 36 357
F4E_CLK 0 0 0 0 509 243 171 40 381
F4E_CLK 96 12 12 0 509 3576 20375 423 1583
F4E_CLK 224 25 25 0 514 2963 42187 410 2919
F4E_CLK 146 19 19 0 514 3345 31415 422 3373
F4E_CLK 198 20 20 0 508 3897 33631 399 2406
F4E_CLK 196 42 42 0 507 4954 69277 439 6001
F4E_CLK 480 64 64 0 515 4745 111409 427 15324
F4E_CLK 441 64 64 0 514 3570 114359 422 40634
F4E_CLK 303 64 64 0 514 5031 105812 416 21119
F4E_CLK 548 64 64 0 504 5363 109408 447 18243
F4E_CLK 566 64 64 0 514 4735 114764 501 11965
F4E_CLK 1349 64 64 0 72590 6747 138788 5926 12367
F4E_CLK 902 64 64 0 525 5609 119070 543 15767
F4E_CLK 1874 64 64 0 71719 9467 134585 11391 13845
F4E_CLK 2504 64 64 0 75150 8479 137551 19714 8709
F4E_CLK 611 64 64 0 525 4430 113052 469 15861
F4E_CLK 2471 76 64 0 76228 7224 164496 7962 13503
F4E_CLK 1364 64 64 0 72724 6623 136615 5968 16074
F4E_CLK 2554 60 60 0 76230 6698 129813 18827 15590
F4E_CLK 371 48 42 0 526 3294 81423 248 46649
F4E_CLK 292 42 24 0 528 3351 56710 248 14171
F4E_CLK 150 39 16 0 518 2931 45754 413 8890
F4E_CLK 559 50 42 0 527 4395 80723 446 8979
F4E_CLK 568 64 64 0 527 5008 111583 511 12138
F4E_CLK 1353 64 64 0 72647 7615 135232 5967 9845
F4E_CLK 1741 64 64 0 74116 6786 134309 9943 12756
F4E_CLK 989 64 64 0 527 5420 122054 581 16109
F4E_CLK 2709 84 64 0 77103 6455 172565 11444 9178
F4E_CLK 1425 64 64 0 71303 8148 131904 7344 12663
F4E_CLK 2322 86 64 0 74855 8166 173686 7126 11891
F4E_CLK 2091 99 64 0 73847 8757 181389 10134 10840
F4E_CLK 2620 64 64 0 76164 7318 137308 20740 19911
F4E_CLK 1813 64 64 0 74635 4575 135902 11539 81519
F4E_CLK 3518 64 64 0 81309 5676 133334 32132 57655
F4E_CLK 1386 48 40 0 72730 4384 92298 1058 31626
F4E_CLK 142 58 31 0 521 2954 78356 222 23213
F4E_CLK 98 31 15 0 527 2966 39772 251 6851
F4E_CLK 1246 52 34 0 73047 5129 83125 2935 7733
F4E_CLK 1190 64 64 0 71635 7887 124562 5456 13410
F4E_CLK 1424 49 49 0 71498 8116 97917 5956 8699
F4E_CLK 1539 76 22 0 73560 5223 84468 2438 5076
F4E_CLK 1515 63 21 0 72100 6645 78063 603 4745
F4E_CLK 1930 39 39 0 73119 7708 84274 8223 7785
F4E_CLK 835 45 18 0 520 3836 55717 543 4796
F4E_CLK 2097 49 49 0 75456 6502 102144 13877 9996
F4E_CLK 1133 62 22 0 72128 4799 73909 1891 3408
F4E_CLK 1985 64 64 0 74687 6606 134155 13085 13826
F4E_CLK 1333 64 64 0 71899 5810 136676 6383 73814
F4E_CLK 3862 64 64 0 83178 4936 136457 35996 19488
F4E_CLK 2360 106 64 0 76907 5650 191259 7077 72920
F4E_CLK 3520 94 55 0 81016 6034 151022 24385 22891
F4E_CLK 3629 60 57 0 80895 6527 132126 20958 27774
F4E_CLK 111 51 24 0 528 3291 63942 245 11408
F4E_CLK 21 30 10 0 522 2666 33201 270 2884
F4E_CLK 8 22 2 0 524 1816 19406 298 688
F4E_CLK 427 24 9 0 518 3141 27371 233 3238
F4E_CLK 148 23 9 0 528 2915 26308 259 3216
F4E_CLK 793 24 18 0 522 4143 37072 268 2878
F4E_CLK 1924 54 28 0 74884 5351 82279 5407 5126
F4E_CLK 126 36 9 0 522 3171 37218 246 2941
F4E_CLK 2290 51 45 0 75992 5836 114415 980 15249
F4E_CLK 1485 50 24 0 72419 5067 72471 3110 3188
F4E_CLK 2143 64 40 0 75792 5372 112782 1656 15742
F4E_CLK 1797 53 31 0 73971 5772 84230 5536 4172
F4E_CLK 1860 64 64 0 74165 7342 136936 11767 11883
F4E_CLK 1828 64 64 0 74402 5351 135536 11649 28937
F4E_CLK 3876 64 64 0 82011 6332 133375 35679 20705
F4E_CLK 1176 65 11 0 71808 4718 59059 585 3124
F4E_CLK 3600 60 60 0 81885 5360 121107 31377 17644
F4E_CLK 3192 63 49 0 79720 6233 130815 14886 21687
F4E_CLK 1373 62 22 0 73477 4018 77300 2251 4031
F4E_CLK 3300 75 64 0 80025 5877 158886 18700 37934
F4E_CLK 2940 57 44 0 79174 5182 109738 13346 15217
F4E_CLK 17 63 17 0 520 2684 61363 164 4843
F4E_CLK 0 0 0 0 526 221 164 51 388
F4E_CLK 0 0 0 0 810 243 169 40 383
F4E_CLK 712 32 9 0 540 3362 34675 289 3578
F4E_CLK 241 30 9 0 519 3082 32337 238 2935
F4E_CLK 1070 49 21 0 72071 4026 65771 552 16165
F4E_CLK 1566 25 25 0 74245 3966 54542 3873 9398
F4E_CLK 995 48 21 0 520 4940 60943 559 4596
F4E_CLK 1840 58 36 0 75427 4181 99050 715 21326
F4E_CLK 1771 35 35 0 75116 4651 76112 6164 6823
F4E_CLK 1635 58 28 0 74688 3999 84509 610 17048
F4E_CLK 1942 43 43 0 76073 4640 91262 8700 10800
F4E_CLK 1899 64 64 0 75264 4893 135556 11520 15728
F4E_CLK 2691 76 64 0 77023 5640 151257 16957 19476
F4E_CLK 3250 52 52 0 79572 5721 107782 24976 17789
F4E_CLK 1219 73 19 0 72604 4513 77106 1567 4868
F4E_CLK 3133 104 64 0 79998 5741 192640 18143 18945
F4E_CLK 2566 92 40 0 77455 4863 148317 1918 18856
F4E_CLK 2021 31 31 0 75926 4578 67509 7054 9933
F4E_CLK 2753 64 64 0 78841 4985 129504 22349 25838
F4E_CLK 1503 56 38 0 74107 4275 98043 628 23261
F4E_CLK 1882 33 33 0 75200 4719 69736 6479 6479
F4E_CLK 2534 75 64 0 77938 4967 155331 10734 30628
F4E_CLK 1842 47 47 0 74664 4835 98249 8891 28958
F4E_CLK 18 61 18 0 519 2670 60945 161 4943
F4E_CLK 0 0 0 0 524 221 164 51 390
F4E_CLK 0 0 0 0 841 243 169 40 384
F4E_CLK 510 30 9 0 539 3197 32360 285 3609
F4E_CLK 474 30 9 0 516 3335 32104 240 4197
F4E_CLK 695 31 20 0 521 3855 45069 242 9202
F4E_CLK 1546 25 25 0 73705 4588 54199 3877 3026
F4E_CLK 464 19 9 0 522 3145 22006 437 1453
F4E_CLK 2039 39 31 0 74687 7032 79669 1522 3537
F4E_CLK 1509 39 31 0 73198 5594 74294 1770 6804
F4E_CLK 2072 37 23 0 75504 6392 69182 3816 3782
F4E_CLK 2026 63 39 0 75640 6458 113997 1526 4498
F4E_CLK 2286 88 64 0 77232 5373 165201 12976 12128
F4E_CLK 2295 74 64 0 76477 6142 150463 11873 17114
F4E_CLK 3124 56 56 0 79541 6067 118053 26288 18707
F4E_CLK 517 42 15 0 522 3560 48001 479 4314
F4E_CLK 2879 100 64 0 78803 6215 188015 13138 14904
F4E_CLK 2444 79 41 0 77630 4809 135267 1121 14191
F4E_CLK 1610 55 29 0 75325 4676 81603 4070 3768
F4E_CLK 2352 98 64 0 77611 6213 176546 11470 15962
F4E_CLK 1271 46 34 0 72832 4727 82265 619 13169
F4E_CLK 1328 31 29 0 73052 5561 64364 1395 4678
F4E_CLK 2174 102 64 0 76290 7199 180044 7691 14333
F4E_CLK 1238 51 51 0 72590 5138 108002 4643 21191
F4E_CLK 363 11 11 0 519 3419 18417 421 1537
F4E_CLK 1986 103 64 0 75160 7291 181671 1233 12355
F4E_CLK 1857 91 64 0 75269 7153 168147 1627 21960
F4E_CLK 981 44 35 0 524 5115 74333 327 9732
F4E_CLK 9 21 9 0 517 1924 22345 155 2645
F4E_CLK 0 0 0 0 521 221 164 51 393
F4E_CLK 0 0 0 0 524 243 169 40 382
F4E_CLK 0 0 0 0 537 235 188 36 358
F4E_CLK 126 6 6 0 522 2873 10389 382 1130
F4E_CLK 126 6 6 0 523 2983 10108 426 1074
F4E_CLK 1082 25 25 0 71579 5481 53004 2542 2923
F4E_CLK 1098 29 29 0 72321 4984 61604 2607 4132
F4E_CLK 1131 10 10 0 71999 5092 21866 1912 1373
F4E_CLK 1656 72 52 0 74073 5744 126533 1202 9259
F4E_CLK 989 2 2 0 516 3766 4195 579 672
F4E_CLK 1690 84 60 0 74389 6490 147206 2411 14033
F4E_CLK 1500 66 64 0 73467 5307 134738 6640 16297
F4E_CLK 2670 76 64 0 78077 5944 155108 18699 15531
F4E_CLK 2405 62 41 0 76334 6537 111005 1094 9947
F4E_CLK 1563 56 30 0 74404 4763 82604 4102 4254
F4E_CLK 2304 76 64 0 76791 5700 152598 7774 15591
F4E_CLK 1083 64 22 0 71615 4518 76130 602 9081
F4E_CLK 1833 65 48 0 75682 5635 125353 1259 7845
F4E_CLK 1956 98 64 0 76175 5915 178692 1230 14072
F4E_CLK 970 27 13 0 496 4112 37220 303 4176
F4E_CLK 1457 53 50 0 73077 6271 104363 2371 8754
F4E_CLK 1744 98 64 0 75050 6090 171248 1086 16786
F4E_CLK 975 30 30 0 502 4688 59163 592 9575
F4E_CLK 828 32 32 0 494 4905 57482 545 7395
F4E_CLK 1497 68 64 0 73457 6677 134824 2422 16545
F4E_CLK 1532 85 64 0 74382 6376 154172 1579 25954
F4E_CLK 888 5 5 0 498 3357 10176 586 1426
F4E_CLK 1372 57 57 0 73542 6822 111205 5714 10187
F4E_CLK 1441 70 52 0 73989 5005 121883 1536 12902
F4E_CLK 1283 28 28 0 72527 4673 61140 3299 25478
F4E_CLK 154 44 17 0 503 3783 47475 241 3918
F4E_CLK 3 26 3 0 493 1294 19473 156 655
F4E_CLK 0 0 0 0 498 242 169 50 378
F4E_CLK 0 0 0 0 501 247 167 38 384
F4E_CLK 0 0 0 0 501 254 170 37 388
F4E_CLK 84 12 12 0 499 3700 18967 429 1672
F4E_CLK 56 16 16 0 497 3102 25634 424 2533
F4E_CLK 647 9 9 0 502 3607 15667 509 1339
F4E_CLK 1108 3 3 0 71485 5486 6878 1011 653
F4E_CLK 0 0 0 0 494 224 172 52 387
F4E_CLK 1211 6 6 0 72717 4511 13790 1345 1701
F4E_CLK 0 0 0 0 502 221 164 51 391
F4E_CLK 1261 24 24 0 72058 5476 51488 2784 5347
F4E_CLK 527 64 64 0 499 4372 113678 477 29196
F4E_CLK 2328 70 64 0 76353 5781 153655 7230 17493
F4E_CLK 1605 62 20 0 72361 7146 73689 682 4886
F4E_CLK 1824 51 51 0 74723 5665 104104 9360 9112
F4E_CLK 1903 54 54 0 75440 4804 112239 9861 16094
F4E_CLK 177 44 16 0 498 3225 49334 390 3770
F4E_CLK 1548 88 52 0 74217 5302 137923 1650 12391
F4E_CLK 1533 40 40 0 74234 4948 83496 5385 12663
F4E_CLK 6 17 1 0 492 1615 14802 300 451
F4E_CLK 1152 78 22 0 71198 5542 82067 653 4947
F4E_CLK 1381 32 32 0 72980 5006 69405 3858 13258
F4E_CLK 1037 6 6 0 69821 6234 12784 1871 2336
F4E_CLK 1078 6 6 0 69258 7184 13738 1189 1864
F4E_CLK 1277 30 30 0 71345 5419 64441 3339 10050
F4E_CLK 1106 21 21 0 70126 6375 45303 2416 14681
F4E_CLK 0 0 0 0 507 218 164 52 387
F4E_CLK 1055 10 10 0 69588 6966 21660 1707 3711
F4E_CLK 1236 38 38 0 71140 7089 81772 3825 23068
F4E_CLK 1038 19 19 0 68069 8438 41408 2076 12102
F4E_CLK 0 0 0 0 507 218 164 52 386
F4E_CLK 1015 12 12 0 499 3792 24999 594 6520
F4E_CLK 1191 36 36 0 71743 5162 76148 3569 19611
F4E_CLK 990 30 30 0 498 4330 60516 575 27293
F4E_CLK 18 46 15 0 507 2671 48265 252 3673
F4E_CLK 3 26 3 0 494 1288 19473 156 657
F4E_CLK 0 0 0 0 499 242 169 50 379
F4E_CLK 0 0 0 0 827 235 188 36 356
F4E_CLK 0 0 0 0 501 254 170 37 383
F4E_CLK 72 12 12 0 497 3283 19380 428 1674
F4E_CLK 72 20 20 0 498 4002 31819 423 3593
F4E_CLK 496 5 5 0 502 3208 8938 458 862
F4E_CLK 880 3 3 0 507 3333 5861 586 884
F4E_CLK 0 0 0 0 499 231 166 52 383
F4E_CLK 967 6 6 0 501 3641 12727 556 1975
F4E_CLK 0 0 0 0 835 221 164 51 391
F4E_CLK 1079 28 28 0 70667 6425 61108 2572 4869
F4E_CLK 613 64 64 0 518 4588 113758 489 27217
F4E_CLK 2157 70 64 0 75535 5588 152346 5584 17951
F4E_CLK 1397 62 16 0 72801 5058 66215 580 5884
F4E_CLK 1819 55 55 0 74625 5069 112641 10220 10208
F4E_CLK 1691 50 50 0 74827 5168 106043 7949 12373
F4E_CLK 252 48 20 0 520 3570 55980 400 3718
F4E_CLK 1323 76 52 0 73279 5894 123113 1710 8608
F4E_CLK 1367 36 36 0 72408 5636 75844 3854 12210
F4E_CLK 4 17 1 0 517 1395 14738 298 448
F4E_CLK 1031 10 10 0 69669 5936 22015 1486 4126
F4E_CLK 1272 36 36 0 72480 5000 76594 3288 18156
F4E_CLK 118 2 2 0 521 2773 3787 424 686
F4E_CLK 956 6 6 0 518 3695 11986 618 1774
F4E_CLK 1160 34 34 0 72376 3870 72651 3408 14169
F4E_CLK 964 17 17 0 522 3950 34879 587 10334
F4E_CLK 0 0 0 0 525 223 163 49 390
F4E_CLK 945 13 13 0 524 3804 27193 606 6242
F4E_CLK 1108 35 35 0 71770 4676 76292 3228 19013
F4E_CLK 907 19 19 0 526 3906 37348 592 12608
F4E_CLK 0 0 0 0 524 223 163 49 389
F4E_CLK 894 16 16 0 523 3646 31895 510 7503
F4E_CLK 1063 32 32 0 71970 4211 68978 2754 19007
F4E_CLK 798 30 30 0 524 3469 58052 607 28829
F4E_CLK 0 0 0 0 522 223 163 49 393
F4E_CLK 766 8 8 0 522 3366 16222 512 2195
F4E_CLK 1008 32 32 0 520 4270 63904 574 13406
F4E_CLK 748 27 27 0 521 3567 52549 539 22586
F4E_CLK 770 29 28 0 522 3607 56764 551 16449
F4E_CLK 62 63 26 0 516 3305 72119 227 11192
F4E_CLK 4 35 4 0 521 1397 26018 158 893
F4E_CLK 0 0 0 0 814 221 164 51 389
F4E_CLK 0 0 0 0 537 236 189 35 359
F4E_CLK 0 0 0 0 524 243 169 40 383
F4E_CLK 60 12 12 0 537 3013 20276 425 1689
F4E_CLK 520 25 25 0 521 4536 43695 493 4684
F4E_CLK 0 0 0 0 522 223 163 49 392
F4E_CLK 725 3 3 0 522 3325 6062 499 790
F4E_CLK 710 3 3 0 522 3170 5984 534 937
F4E_CLK 712 3 3 0 524 3132 6523 486 861
F4E_CLK 714 3 3 0 520 3223 5753 517 846
F4E_CLK 921 49 49 0 516 4975 88360 671 13183
F4E_CLK 1596 64 64 0 73194 7652 135751 8927 11274
F4E_CLK 1899 49 49 0 75158 5551 103841 8981 9573
F4E_CLK 377 48 22 0 523 3975 56374 427 3566
F4E_CLK 1578 64 64 0 74246 5599 131884 8782 17215
F4E_CLK 1481 58 34 0 72751 5330 94437 616 12067
F4E_CLK 727 36 25 0 521 4093 53636 255 4690
F4E_CLK 1428 39 39 0 73190 4411 84988 4852 10553
F4E_CLK 1332 49 19 0 72941 4587 64088 616 7947
F4E_CLK 705 2 2 0 522 3205 4459 528 839
F4E_CLK 1379 28 28 0 72578 4616 62310 3485 9432
F4E_CLK 1165 29 21 0 71828 4940 52891 584 12452
F4E_CLK 0 0 0 0 516 223 167 51 392
F4E_CLK 855 12 12 0 537 3497 24594 549 6132
F4E_CLK 1245 36 36 0 72456 4554 76894 3865 16761
F4E_CLK 834 9 9 0 523 3358 17479 559 3179
F4E_CLK 728 3 3 0 514 3319 5810 505 936
F4E_CLK 1254 30 30 0 72768 4240 63497 3022 8990
F4E_CLK 948 24 24 0 522 3669 49033 616 19429
F4E_CLK 777 10 10 0 521 3308 19805 524 3687
F4E_CLK 679 3 3 0 515 3096 5681 538 983
F4E_CLK 1248 30 30 0 72993 4288 65935 2971 9137
F4E_CLK 933 24 24 0 508 3770 49903 559 19985
F4E_CLK 712 21 21 0 507 3294 40252 524 13972
F4E_CLK 288 1 1 0 494 2793 1825 378 579
F4E_CLK 699 19 19 0 500 3592 36807 502 6943
F4E_CLK 1164 28 28 0 71335 4974 60781 2899 15389
F4E_CLK 652 30 30 0 507 3422 59274 492 27204
F4E_CLK 551 12 12 0 499 3247 24192 487 5281
F4E_CLK 411 3 3 0 499 2975 6013 437 654
F4E_CLK 1062 30 30 0 71408 4579 65038 3079 8245
F4E_CLK 813 24 24 0 507 3513 47323 560 17121
F4E_CLK 572 33 33 0 493 3451 63292 509 32898
F4E_CLK 444 13 13 0 500 3050 24301 429 5953
F4E_CLK 301 3 3 0 498 2870 6004 409 929
F4E_CLK 1137 30 30 0 73043 4133 66362 2973 7693
F4E_CLK 799 24 24 0 499 3410 46217 597 17298
F4E_CLK 545 33 18 0 498 3156 44076 225 8481
F4E_CLK 429 2 2 0 502 2980 4294 418 682
F4_F2_ECHELON_PROFILE f4e_gather: 1361 launches, 10.7 ms
F4_F2_ECHELON_PROFILE f4e_low: 1 launches, 0.0 ms
F4_F2_ECHELON_PROFILE f4e_materialise: 1361 launches, 16.8 ms
F4_F2_ECHELON_PROFILE f4e_panel_block: 1361 launches, 119.5 ms
F4_F2_ECHELON_PROFILE f4e_update: 1361 launches, 15.2 ms
K_0/2^9 m=3 x=77 D=5 f5=true [cuda:NVIDIA GeForce RTX 4090 sm_89 x128 code=sm_89]: 33147 x 87118 (eliminated 33147 rows), rank 31069, refuted false, pinned 1; build 1.488 s, eliminate 0.230 s, total 1.718 s, 1.197e9 word XORs
Stage diagnostic only: one oracle matrix, not an ECDLP cost.
