F4E_CLK 595 64 64 0 1127 5276 121462 529 33026
F4E_CLK 819 64 64 0 543 5016 123879 524 43501
F4E_CLK 865 64 64 0 540 5686 126437 616 41359
F4E_CLK 1026 64 64 0 32402 4910 141276 4532 50787
F4E_CLK 919 64 64 0 542 4194 134908 591 86634
F4E_CLK 891 64 64 0 540 3683 131389 548 73630
F4E_CLK 1133 64 64 0 32368 5518 139878 4756 49552
F4E_CLK 856 64 64 0 541 5034 128033 568 49980
F4E_CLK 1548 64 64 0 33994 4540 138145 8486 60191
F4E_CLK 743 64 64 0 543 3575 131762 499 116074
F4E_CLK 676 64 64 0 541 3484 126231 529 80506
F4E_CLK 1405 64 64 0 32793 4917 139757 6025 82801
F4E_CLK 1155 64 64 0 32669 4605 137476 6021 79140
F4E_CLK 1203 64 64 0 32532 4579 142226 5443 53070
F4E_CLK 1108 64 64 0 32264 4852 140757 4714 105270
F4E_CLK 1290 64 64 0 32896 5163 139685 5995 54401
F4E_CLK 823 64 64 0 541 3960 130178 572 103224
F4E_CLK 512 64 64 0 541 3142 120738 447 139256
F4E_CLK 444 64 64 0 542 3262 116866 490 142143
F4E_CLK 1620 64 64 0 33979 4202 137383 8850 53846
F4E_CLK 1418 64 64 0 33367 4168 140413 7388 71635
F4E_CLK 1373 64 64 0 33121 4362 139560 6198 65184
F4E_CLK 1253 64 64 0 32530 4822 140819 5668 117630
F4E_CLK 1651 64 64 0 34304 4563 139320 8777 53580
F4E_CLK 1135 64 64 0 33000 4152 140592 5062 140425
F4E_CLK 1502 64 64 0 33005 5039 140841 7178 90815
F4E_CLK 516 64 64 0 542 3255 126200 470 100041
F4E_CLK 804 29 29 0 540 3691 56126 721 10754
F4E_CLK 351 29 29 0 545 3085 54346 448 27257
F4E_CLK 322 29 29 0 543 3105 53769 415 28395
F4E_CLK 1575 43 43 0 34552 3970 92994 6305 18565
F4E_CLK 1493 64 64 0 33438 3989 139089 7524 57334
F4E_CLK 1476 64 64 0 33752 4538 138924 7397 54693
F4E_CLK 1356 64 64 0 33269 3942 139747 6096 93084
F4E_CLK 1834 64 64 0 35123 4065 139778 11735 52067
F4E_CLK 1720 64 64 0 33071 5467 139781 9976 120131
F4E_CLK 1593 64 64 0 33244 5299 138708 8576 127780
F4E_CLK 694 64 64 0 543 3460 129237 518 89846
F4E_CLK 1638 44 44 0 34455 4287 95788 6132 27948
F4E_CLK 989 53 38 0 543 3687 92010 321 51529
F4E_CLK 1628 66 54 0 33223 5129 128217 5682 41520
F4E_CLK 712 64 61 0 545 3398 123060 290 86987
F4E_CLK 616 55 38 0 542 3442 84578 279 25747
F4E_CLK 0 0 0 0 543 223 163 49 399
F4E_CLK 0 0 0 0 557 234 187 34 373
F4E_CLK 0 0 0 0 557 236 189 35 365
F4E_CLK 1418 48 48 0 34016 3864 107168 5761 23917
F4E_CLK 1528 64 64 0 33772 3998 136916 7722 40381
F4E_CLK 1465 64 64 0 34142 3931 140292 7375 84868
F4E_CLK 1331 64 64 0 33508 3799 140581 6077 110472
F4E_CLK 2023 64 64 0 35366 4824 138000 13115 53905
F4E_CLK 1172 64 64 0 32353 4878 137899 5173 141794
F4E_CLK 1830 64 64 0 34061 5053 138922 11514 61211
F4E_CLK 854 64 64 0 541 3726 133414 553 102378
F4E_CLK 1058 29 29 0 32538 4287 63076 2671 18102
F4E_CLK 951 23 15 0 546 3754 38496 304 9622
F4E_CLK 1317 64 64 0 32664 4615 139879 6149 86315
F4E_CLK 778 51 49 0 541 3747 99159 544 58123
F4E_CLK 715 26 18 0 542 3454 40524 302 7946
F4E_CLK 0 0 0 0 546 223 163 49 396
F4E_CLK 824 34 34 0 555 3640 70233 555 22179
F4E_CLK 895 64 64 0 543 3731 131600 562 102076
F4E_CLK 754 36 22 0 540 3533 52924 456 8384
F4E_CLK 103 18 11 0 542 2968 25151 248 4852
F4E_CLK 47 4 1 0 528 2762 4520 202 553
F4E_CLK 0 0 0 0 529 223 163 49 398
F4E_CLK 0 0 0 0 545 234 187 34 372
F4E_CLK 1384 32 32 0 34376 3891 71571 3326 11912
F4E_CLK 1593 64 64 0 33970 4607 141192 8345 43999
F4E_CLK 1531 64 64 0 33812 4258 138643 7265 57216
F4E_CLK 1411 64 64 0 33774 3840 141909 7416 90529
F4E_CLK 2225 64 64 0 36122 4354 141125 17695 49759
F4E_CLK 1270 64 64 0 33314 4645 140290 5364 138904
F4E_CLK 2016 64 64 0 35037 4496 138369 12814 104999
F4E_CLK 991 64 64 0 525 4117 137039 607 90491
F4E_CLK 1895 29 29 0 35041 4221 62955 5647 11643
F4E_CLK 999 39 24 0 527 3908 64232 296 19300
F4E_CLK 1937 55 55 0 35656 3972 119701 11307 46006
F4E_CLK 1052 73 53 0 32286 4325 130744 585 66091
F4E_CLK 904 50 30 0 523 3805 75626 298 18062
F4E_CLK 0 0 0 0 528 221 165 51 395
F4E_CLK 949 18 18 0 549 3702 38725 618 6200
F4E_CLK 959 64 64 0 528 3986 132203 577 109703
F4E_CLK 902 42 28 0 523 3861 65624 574 14532
F4E_CLK 136 19 11 0 528 2904 26548 255 5271
F4E_CLK 136 30 11 0 528 2880 34554 215 4323
F4E_CLK 0 0 0 0 532 223 163 49 398
F4E_CLK 983 42 42 0 530 3947 89666 611 32871
F4E_CLK 1063 70 58 0 32479 4216 137517 597 78179
F4E_CLK 896 37 21 0 528 3722 54673 261 8872
F4E_CLK 143 24 11 0 526 2990 29709 218 4468
F4E_CLK 142 13 10 0 522 3006 21270 264 4468
F4E_CLK 71 6 1 0 528 2758 5703 209 492
F4E_CLK 0 0 0 0 527 221 164 51 397
F4E_CLK 0 0 0 0 543 236 189 35 367
F4E_CLK 1350 19 19 0 34491 3844 42307 2352 5333
F4E_CLK 1595 64 64 0 34433 4062 140070 8474 55514
F4E_CLK 1620 64 64 0 34365 4390 140712 8742 44301
F4E_CLK 1506 64 64 0 34181 3932 138819 7512 95809
F4E_CLK 2428 64 64 0 37058 4332 140056 18809 54338
F4E_CLK 2373 64 64 0 35391 5926 140159 18630 105078
F4E_CLK 1160 64 64 0 32087 5127 140810 5461 143746
F4E_CLK 1896 64 64 0 35142 3942 140167 11674 76065
F4E_CLK 1195 38 38 0 32954 4028 82365 3325 30926
F4E_CLK 1023 34 28 0 526 3866 64741 310 28570
F4E_CLK 2126 42 42 0 36214 4230 91293 12548 24422
F4E_CLK 1279 64 64 0 32708 4280 141118 5352 101685
F4E_CLK 1069 67 31 0 32922 3914 92565 924 18604
F4E_CLK 82 2 1 0 528 2758 2871 202 515
F4E_CLK 1016 5 5 0 529 3751 10135 483 1010
F4E_CLK 1129 64 64 0 32503 3889 139969 4854 90384
F4E_CLK 1089 54 38 0 32514 4281 95645 543 32043
F4E_CLK 832 23 14 0 530 3486 33852 244 5946
F4E_CLK 175 30 11 0 527 2897 33987 200 4305
F4E_CLK 0 0 0 0 527 223 163 49 398
F4E_CLK 1131 29 29 0 33749 3877 62003 2741 16324
F4E_CLK 1276 64 64 0 33170 4276 140546 5082 111550
F4E_CLK 1082 46 26 0 32657 4280 69469 536 10187
F4E_CLK 185 15 12 0 528 2972 25260 218 4135
F4E_CLK 88 4 1 0 523 2765 4408 204 514
F4E_CLK 182 40 11 0 528 2989 42930 246 4258
F4E_CLK 0 0 0 0 529 221 164 51 397
F4E_CLK 1121 32 32 0 33354 3800 69456 3022 18161
F4E_CLK 1281 64 64 0 33274 3914 139072 6272 96358
F4E_CLK 1030 49 23 0 32571 4081 68874 635 7108
F4E_CLK 191 18 12 0 528 2886 26724 194 4275
F4E_CLK 175 7 4 0 527 2892 9438 417 843
F4E_CLK 181 32 8 0 525 3007 32286 212 2905
F4E_CLK 187 46 11 0 540 2989 46403 242 4384
F4E_CLK 0 0 0 0 544 221 164 51 394
F4E_CLK 0 0 0 0 556 236 189 35 367
F4E_CLK 0 0 0 0 543 243 169 40 388
F4E_CLK 1555 42 42 0 34633 3914 94116 6145 17792
F4E_CLK 1689 64 64 0 34009 4533 136738 10083 43698
F4E_CLK 1645 64 64 0 34299 4094 141280 8685 70486
F4E_CLK 1514 64 64 0 34193 4040 140103 7638 100816
F4E_CLK 2641 64 64 0 37778 4672 140374 21576 47911
F4E_CLK 1338 64 64 0 33607 4247 140248 6154 137928
F4E_CLK 2430 64 64 0 36914 4334 135909 19126 76382
F4E_CLK 1302 64 64 0 33297 3847 138258 6152 105070
F4E_CLK 2344 29 29 0 36935 4661 62472 9311 11705
F4E_CLK 1047 37 21 0 32459 4096 58993 570 16760
F4E_CLK 1836 58 58 0 35054 3997 125732 10580 58893
F4E_CLK 1395 63 49 0 33916 3964 117330 1463 56579
F4E_CLK 1247 52 24 0 33928 3859 72061 583 11510
F4E_CLK 0 0 0 0 542 221 164 51 397
F4E_CLK 1286 28 28 0 33657 4152 60527 3405 15112
F4E_CLK 1451 64 64 0 34117 3933 138797 7007 111335
F4E_CLK 1198 45 27 0 33135 4261 71517 570 11116
F4E_CLK 223 14 12 0 540 3050 23921 402 5469
F4E_CLK 105 4 1 0 542 2746 4485 206 506
F4E_CLK 0 0 0 0 538 223 167 51 395
F4E_CLK 1303 52 52 0 33926 4217 112380 5191 44019
F4E_CLK 1416 72 48 0 33710 4279 124279 581 51370
F4E_CLK 1198 53 21 0 32836 4242 67441 582 8761
F4E_CLK 228 30 11 0 537 2931 35866 236 4985
F4E_CLK 226 23 11 0 540 3044 30065 242 4548
F4E_CLK 0 0 0 0 541 221 164 51 397
F4E_CLK 0 0 0 0 557 236 189 35 366
F4E_CLK 1287 55 55 0 34021 4084 121496 5436 50024
F4E_CLK 1391 71 45 0 34155 4245 117341 625 46538
F4E_CLK 1203 59 21 0 33296 3876 71336 558 8575
F4E_CLK 234 30 11 0 545 2907 35049 243 5255
F4E_CLK 233 26 11 0 536 2945 31850 243 4970
F4E_CLK 226 5 5 0 538 2929 8185 396 1555
F4E_CLK 223 29 6 0 541 2923 27997 193 1838
F4E_CLK 0 0 0 0 543 223 163 49 397
F4E_CLK 1258 27 27 0 34144 3830 59514 2802 13979
F4E_CLK 1379 64 64 0 33584 4308 139131 6138 118467
F4E_CLK 1220 44 28 0 33741 3883 72116 1500 12048
F4E_CLK 241 13 11 0 540 2899 22131 401 4496
F4E_CLK 174 7 2 0 535 2829 7269 204 599
F4E_CLK 238 40 11 0 541 2923 43507 205 5151
F4E_CLK 237 41 11 0 545 2999 43484 220 5285
F4E_CLK 235 10 10 0 545 2933 17766 464 4198
F4E_CLK 102 10 1 0 536 2775 8861 205 487
F4E_CLK 0 0 0 0 543 221 165 51 393
F4E_CLK 0 0 0 0 563 235 188 36 362
F4E_CLK 0 0 0 0 557 236 189 35 365
F4E_CLK 1678 60 60 0 34955 4332 129920 9409 38590
F4E_CLK 1746 64 64 0 35090 4041 138386 10060 46621
F4E_CLK 1654 64 64 0 34640 4160 138269 8651 101025
F4E_CLK 2837 64 64 0 37739 4857 138180 23677 74699
F4E_CLK 2805 64 64 0 38418 4364 139703 22664 61138
F4E_CLK 1331 64 64 0 33468 4309 141227 6182 144373
F4E_CLK 2615 64 64 0 38119 4299 140635 20849 54826
F4E_CLK 1686 61 61 0 34384 4236 131812 9686 76620
F4E_CLK 1108 21 21 0 33150 3878 46677 2048 13426
F4E_CLK 2510 47 26 0 37983 4322 75505 4606 14105
F4E_CLK 1463 64 64 0 34077 3965 139922 7172 103907
F4E_CLK 1511 58 40 0 33876 4146 100760 603 39126
F4E_CLK 1142 31 15 0 32958 3876 44151 610 7137
F4E_CLK 0 0 0 0 552 221 165 51 397
F4E_CLK 1467 46 46 0 34232 3995 99614 5442 40630
F4E_CLK 1674 74 54 0 34288 4079 138265 943 70496
F4E_CLK 1371 53 21 0 34268 4066 69511 585 8438
F4E_CLK 269 28 11 0 551 2970 32729 244 5273
F4E_CLK 0 0 0 0 554 221 164 51 396
F4E_CLK 1378 6 6 0 34276 3830 13379 1483 1104
F4E_CLK 1459 64 64 0 34326 3890 140288 7522 81122
F4E_CLK 1454 53 37 0 34074 4008 95540 598 27596
F4E_CLK 1104 32 14 0 33676 3903 42605 585 5789
F4E_CLK 277 30 11 0 553 2919 35314 255 4649
F4E_CLK 275 40 11 0 547 3079 41866 254 4242
F4E_CLK 0 0 0 0 552 221 165 51 395
F4E_CLK 1379 9 9 0 34056 3939 20175 1613 2181
F4E_CLK 1427 64 64 0 34425 3948 139764 7257 86916
F4E_CLK 1404 51 35 0 34174 4167 89502 615 23388
F4E_CLK 828 22 13 0 555 3395 31759 299 5803
F4E_CLK 283 30 11 0 551 3077 33701 253 4664
F4E_CLK 282 40 11 0 552 2952 40962 229 4375
F4E_CLK 281 23 11 0 551 3055 27931 251 4403
F4E_CLK 0 0 0 0 549 221 165 51 396
F4E_CLK 0 0 0 0 568 234 187 34 369
F4E_CLK 1427 45 45 0 34099 4204 97592 5614 38472
F4E_CLK 1653 73 55 0 34929 4259 137515 637 72773
F4E_CLK 1389 53 21 0 34042 4140 67615 610 8718
F4E_CLK 288 27 11 0 551 2977 32123 261 5359
F4E_CLK 287 16 10 0 550 2969 22510 251 3859
F4E_CLK 144 6 1 0 552 2805 5843 212 518
F4E_CLK 286 50 11 0 552 3030 48775 251 5081
F4E_CLK 285 28 11 0 549 2957 33197 226 4845
F4E_CLK 0 0 0 0 551 221 165 51 393
F4E_CLK 0 0 0 0 568 234 187 34 374
F4E_CLK 1401 40 40 0 34339 4060 88600 4400 28319
F4E_CLK 1632 68 60 0 34591 4424 145356 636 80322
F4E_CLK 1398 53 21 0 34287 4115 67632 590 8167
F4E_CLK 292 22 11 0 555 3066 27780 250 4963
F4E_CLK 291 11 10 0 553 2877 18957 229 4688
F4E_CLK 153 6 1 0 551 2801 5933 239 457
F4E_CLK 290 50 11 0 551 2978 48515 258 5206
F4E_CLK 289 23 11 0 548 2973 28761 240 4813
F4E_CLK 0 0 0 0 555 221 165 51 395
F4E_CLK 288 46 11 0 565 3002 46034 246 4380
F4E_CLK 276 40 40 0 555 2944 72931 430 61946
F4E_CLK 236 64 64 0 551 3041 117953 435 148748
F4E_CLK 172 64 47 0 551 3336 97905 230 77200
F4E_CLK 1673 76 26 0 34436 4457 91597 3962 7156
F4E_CLK 1899 64 64 0 35575 4013 139349 11584 53913
F4E_CLK 1897 64 64 0 35431 4250 139143 11785 48858
F4E_CLK 1784 64 64 0 35185 3950 140744 10133 91369
F4E_CLK 3256 64 64 0 39365 5662 140886 30211 50143
F4E_CLK 3084 64 64 0 39468 5112 136762 30293 112480
F4E_CLK 2259 64 64 0 36382 4678 139744 17516 139034
F4E_CLK 3064 64 64 0 39428 4527 139928 25766 81535
F4E_CLK 3268 64 64 0 39864 5302 136157 30479 107632
F4E_CLK 1245 64 64 0 33782 3891 140821 5175 142596
F4E_CLK 3078 64 64 0 39334 4928 135211 30038 53220
F4E_CLK 3269 64 64 0 40231 4711 138733 30402 103346
F4E_CLK 3050 64 64 0 39512 4533 138915 25514 89660
F4E_CLK 1235 64 64 0 33965 3984 137898 5325 141834
F4E_CLK 2975 64 64 0 39502 4345 131153 25570 112812
F4E_CLK 3040 64 64 0 39325 4757 138624 25700 86087
F4E_CLK 2818 64 64 0 38696 4531 136970 24233 114713
F4E_CLK 2640 64 64 0 37903 4781 138929 21391 130284
F4E_CLK 2418 64 64 0 37505 4376 140550 18757 134282
F4E_CLK 905 64 64 0 542 3839 132706 593 143892
F4E_CLK 2855 64 64 0 38921 4410 132926 24311 65995
F4E_CLK 2777 64 64 0 38704 4282 139835 22488 105128
F4E_CLK 2523 64 64 0 37774 4443 137557 20219 91419
F4E_CLK 2229 64 64 0 36911 4674 139061 17646 112276
F4E_CLK 2003 64 64 0 36839 3990 140160 13043 142025
F4E_CLK 2088 64 64 0 36769 4238 139228 17275 138227
F4E_CLK 1554 64 64 0 34700 4058 139661 8743 142837
F4E_CLK 2479 87 64 0 37487 4340 172052 12179 79171
F4E_CLK 2427 64 64 0 37405 4331 138533 18756 94419
F4E_CLK 2192 64 64 0 36896 4224 138036 17628 103751
F4E_CLK 1767 64 64 0 35429 3952 137742 10034 138059
F4E_CLK 1625 64 64 0 35143 3889 136971 8537 141784
F4E_CLK 1529 64 64 0 34777 3924 137170 7435 132092
F4E_CLK 1400 64 64 0 33917 4244 135709 6296 110416
F4E_CLK 677 64 64 0 538 3346 125065 557 74556
F4E_CLK 497 64 36 0 542 3231 88907 288 44803
F4E_CLK 1963 52 37 0 35803 3994 94504 7753 23929
F4E_CLK 2090 64 64 0 35885 4558 139113 17199 77636
F4E_CLK 1703 64 64 0 34977 4085 136245 10119 93564
F4E_CLK 1335 64 64 0 34161 3936 139105 6222 96360
F4E_CLK 1172 68 62 0 33644 3759 141924 1047 122018
F4E_CLK 1043 73 23 0 32717 4052 81358 591 17237
F4E_CLK 1084 69 17 0 33278 3840 71298 622 10943
F4E_CLK 221 10 1 0 541 2812 8879 203 517
F4E_CLK 1069 115 16 0 33268 4001 99180 627 8203
F4E_CLK 586 52 38 0 544 3346 85367 285 50034
F4E_CLK 434 48 5 0 541 3150 41422 208 1617
F4E_CLK 1818 60 60 0 35272 3983 131169 10801 59459
F4E_CLK 1722 64 64 0 35111 4020 137054 10153 110722
F4E_CLK 1434 64 64 0 34134 4092 135439 7240 111244
F4E_CLK 1083 64 64 0 33201 4127 135976 4740 106092
F4E_CLK 1008 64 40 0 541 3925 100027 256 41948
F4E_CLK 139 10 1 0 541 2788 8474 213 500
F4E_CLK 983 60 17 0 544 3913 68065 346 9829
F4E_CLK 970 33 17 0 541 3865 47540 333 9957
F4E_CLK 140 1 1 0 541 2805 1616 383 577
F4E_CLK 951 31 15 0 544 3858 44040 349 9489
F4E_CLK 556 4 4 0 542 3065 7581 428 1185
F4E_CLK 571 64 37 0 541 3319 92585 249 47854
F4E_CLK 1532 56 14 0 33975 4543 58508 1883 4063
F4E_CLK 1603 64 64 0 34512 4508 137873 8629 81910
F4E_CLK 1396 64 64 0 33432 4701 137286 6134 114340
F4E_CLK 1145 64 64 0 32620 4533 135982 4969 138064
F4E_CLK 945 64 63 0 541 4157 125251 346 127785
F4E_CLK 874 43 25 0 540 3579 62540 254 19566
F4E_CLK 860 26 16 0 541 3560 39294 542 9718
F4E_CLK 385 28 3 0 540 3070 24029 265 661
F4E_CLK 857 39 16 0 541 3479 49877 299 8314
F4E_CLK 133 7 1 0 539 2782 6691 219 557
F4E_CLK 845 47 15 0 542 3838 53703 333 8307
F4E_CLK 128 5 1 0 541 2760 5585 202 511
F4E_CLK 839 37 14 0 541 3586 45973 342 7276
F4E_CLK 0 0 0 0 541 221 165 51 395
F4E_CLK 616 59 39 0 554 3484 93791 456 50438
F4E_CLK 1181 81 7 0 33290 3849 63309 1040 1349
F4E_CLK 1491 64 64 0 34016 4314 139529 7356 63570
F4E_CLK 1365 64 64 0 34189 3935 135909 6285 100706
F4E_CLK 1229 64 64 0 33489 3974 134505 5195 124408
F4E_CLK 1135 64 64 0 33126 4295 136184 4942 123196
F4E_CLK 1079 64 64 0 33433 3830 136633 4908 101653
F4E_CLK 1006 64 21 0 539 4257 77727 560 8752
F4E_CLK 663 54 11 0 539 3501 53583 558 3930
F4E_CLK 984 30 16 0 544 3883 43565 308 9772
F4E_CLK 209 5 1 0 552 2826 4800 208 482
F4E_CLK 977 38 15 0 551 3920 48833 291 7303
F4E_CLK 207 1 1 0 552 2791 1771 391 606
F4E_CLK 975 29 14 0 552 3825 41969 275 6956
F4E_CLK 0 0 0 0 549 221 165 51 395
F4E_CLK 947 15 6 0 567 3625 19876 572 1601
F4E_CLK 853 57 8 0 555 3474 54421 328 2769
F4E_CLK 0 0 0 0 554 221 165 51 393
F4E_CLK 929 35 12 0 565 3724 44097 303 5178
F4E_CLK 0 0 0 0 552 221 165 51 397
F4E_CLK 0 0 0 0 568 234 187 34 370
F4_F2_ECHELON_PROFILE f4e_gather: 331 launches, 2.4 ms
F4_F2_ECHELON_PROFILE f4e_low: 1 launches, 0.0 ms
F4_F2_ECHELON_PROFILE f4e_materialise: 331 launches, 9.0 ms
F4_F2_ECHELON_PROFILE f4e_panel_block: 331 launches, 42.4 ms
F4_F2_ECHELON_PROFILE f4e_update: 331 launches, 4.7 ms
K_1/2^11 m=2 x=301 D=5 f5=true [cuda:NVIDIA GeForce RTX 4090 sm_89 x128 code=sm_89]: 14861 x 21196 (eliminated 14861 rows), rank 12091, refuted false, pinned 0; build 0.283 s, eliminate 0.073 s, total 0.356 s, 9.864e8 word XORs
Stage diagnostic only: one oracle matrix, not an ECDLP cost.
