Traceback (most recent call last):
  File "/Volumes/SSD990/cryptanalysis/experiments/groebner-perf-20260924/validate.py", line 84, in <module>
    main()
    ~~~~^^
  File "/Volumes/SSD990/cryptanalysis/experiments/groebner-perf-20260924/validate.py", line 66, in main
    run = subprocess.run([str(binary.resolve())], input=data, text=True,
                         capture_output=True, timeout=10, check=True)
  File "/var/tmp/sage-10.9-current/local/lib/python3.14/subprocess.py", line 556, in run
    stdout, stderr = process.communicate(input, timeout=timeout)
                     ~~~~~~~~~~~~~~~~~~~^^^^^^^^^^^^^^^^^^^^^^^^
  File "/var/tmp/sage-10.9-current/local/lib/python3.14/subprocess.py", line 1220, in communicate
    stdout, stderr = self._communicate(input, endtime, timeout)
                     ~~~~~~~~~~~~~~~~~^^^^^^^^^^^^^^^^^^^^^^^^^
  File "/var/tmp/sage-10.9-current/local/lib/python3.14/subprocess.py", line 2153, in _communicate
    self._check_timeout(endtime, orig_timeout, stdout, stderr)
    ~~~~~~~~~~~~~~~~~~~^^^^^^^^^^^^^^^^^^^^^^^^^^^^^^^^^^^^^^^
  File "/var/tmp/sage-10.9-current/local/lib/python3.14/subprocess.py", line 1267, in _check_timeout
    raise TimeoutExpired(
    ...<2 lines>...
            stderr=b''.join(stderr_seq) if stderr_seq else None)
subprocess.TimeoutExpired: Command '['/Volumes/SSD990/cryptanalysis/experiments/groebner-perf-20260924/build/sanitized-native']' timed out after 10 seconds
