primary GF(2^19) 1 pairs: 1.426x
primary GF(2^19) 1 cartesian: 1.397x
primary GF(2^19) 9 pairs: 1.037x
primary GF(2^19) 9 cartesian: 1.264x
primary GF(2^19) 64 pairs: 1.710x
primary GF(2^19) 64 cartesian: 1.572x
primary GF(2^19) 1024 pairs: 1.171x
primary GF(2^19) 1024 cartesian: 2.016x
primary GF(2^19) 4096 pairs: 1.537x
primary GF(2^19) 4096 cartesian: 2.092x
primary GF(2^67) 1 pairs: 1.266x
primary GF(2^67) 1 cartesian: 1.389x
primary GF(2^67) 9 pairs: 1.366x
primary GF(2^67) 9 cartesian: 1.407x
primary GF(2^67) 64 pairs: 1.916x
primary GF(2^67) 64 cartesian: 1.538x
primary GF(2^67) 1024 pairs: 2.305x
primary GF(2^67) 1024 cartesian: 2.351x
primary GF(2^67) 4096 pairs: 1.974x
primary GF(2^67) 4096 cartesian: 1.570x
primary GF(2^131) 1 pairs: 1.363x
primary GF(2^131) 1 cartesian: 1.559x
primary GF(2^131) 9 pairs: 1.537x
primary GF(2^131) 9 cartesian: 1.660x
primary GF(2^131) 64 pairs: 1.485x
primary GF(2^131) 64 cartesian: 1.294x
primary GF(2^131) 1024 pairs: 1.690x
primary GF(2^131) 1024 cartesian: 1.401x
primary GF(2^131) 4096 pairs: 1.692x
primary GF(2^131) 4096 cartesian: 1.585x
confirmation GF(2^31) 256 pairs: 1.732x
confirmation GF(2^31) 256 cartesian: 1.636x
confirmation GF(2^31) 2304 pairs: 1.582x
confirmation GF(2^31) 2304 cartesian: 1.656x
confirmation GF(2^163) 256 pairs: 1.986x
confirmation GF(2^163) 256 cartesian: 1.806x
confirmation GF(2^163) 2304 pairs: 2.158x
confirmation GF(2^163) 2304 cartesian: 2.171x
confirmation GF(2^131) 2304 pairs: 1.702x
confirmation GF(2^131) 2304 cartesian: 1.913x
{
  "primary": {
    "geomean_speedup": 1.557197233645075,
    "bootstrap_95": [
      1.454923745206949,
      1.6312381018791364
    ],
    "pass_gate": true
  },
  "confirmation": {
    "geomean_speedup": 1.8233472320781938,
    "bootstrap_95": [
      1.6649745823098465,
      2.014564628200224
    ],
    "pass_gate": true
  },
  "per_cell_gate": true,
  "cpu_gate": true,
  "rss_bytes": {
    "pairs": {
      "incumbent": 279363584,
      "candidate": 279412736
    },
    "cartesian": {
      "incumbent": 278609920,
      "candidate": 276856832
    }
  },
  "rss_gate": true,
  "decision": "PASS_LOCAL"
}
