COMPLETE_QUERIES_PASS n31-m3-ell6-seed101 cpu cpu False
COMPLETE_QUERIES_PASS n31-m3-ell6-seed102 cpu cpu False
COMPLETE_QUERIES_PASS n31-m3-ell6-seed103 cpu cpu False
COMPLETE_QUERIES_PASS n31-m3-ell6-seed104 cpu cpu False
COMPLETE_QUERIES_PASS n31-m3-ell6-seed105 cpu cpu False
COMPLETE_QUERIES_PASS n31-m3-ell6-seed106 cpu cpu False
COMPLETE_QUERIES_PASS n31-m3-ell5-seed101 cpu cpu False
COMPLETE_QUERIES_PASS n11-m3-ell3-seed101 cpu cpu False
COMPLETE_QUERIES_PASS n83-m3-ell2-seed101 cpu cpu False
COMPLETE_QUERIES_PASS n31-m3-ell7-seed201 cpu cpu False
COMPLETE_QUERIES_PASS n31-m3-ell7-seed202 cpu cpu False
COMPLETE_QUERIES_PASS n31-m3-ell7-seed203 cpu cpu False
COMPLETE_QUERIES_PASS n31-m3-ell8-seed201 cpu cpu False
COMPLETE_QUERIES_PASS n31-m3-ell8-seed202 cpu cpu False
COMPLETE_QUERIES_PASS n31-m3-ell8-seed203 cpu cpu False
COMPLETE_QUERIES_PASS n31-m3-ell9-seed201 cpu cpu False
COMPLETE_QUERIES_PASS n31-m3-ell9-seed202 cpu cpu False
COMPLETE_QUERIES_PASS n31-m3-ell9-seed203 cpu cpu False
COMPLETE_QUERIES_PASS n31-m3-ell6-seed101 cpu cpu True
COMPLETE_QUERIES_PASS n31-m3-ell6-seed102 cpu cpu True
COMPLETE_QUERIES_PASS n31-m3-ell6-seed103 cpu cpu True
COMPLETE_QUERIES_PASS n31-m3-ell6-seed104 cpu cpu True
COMPLETE_QUERIES_PASS n31-m3-ell6-seed105 cpu cpu True
COMPLETE_QUERIES_PASS n31-m3-ell6-seed106 cpu cpu True
COMPLETE_QUERIES_PASS n31-m3-ell5-seed101 cpu cpu True
COMPLETE_QUERIES_PASS n11-m3-ell3-seed101 cpu cpu True
COMPLETE_QUERIES_PASS n83-m3-ell2-seed101 cpu cpu True
COMPLETE_QUERIES_PASS n31-m3-ell7-seed201 cpu cpu True
COMPLETE_QUERIES_PASS n31-m3-ell7-seed202 cpu cpu True
COMPLETE_QUERIES_PASS n31-m3-ell7-seed203 cpu cpu True
COMPLETE_QUERIES_PASS n31-m3-ell8-seed201 cpu cpu True
COMPLETE_QUERIES_PASS n31-m3-ell8-seed202 cpu cpu True
COMPLETE_QUERIES_PASS n31-m3-ell8-seed203 cpu cpu True
COMPLETE_QUERIES_PASS n31-m3-ell9-seed201 cpu cpu True
COMPLETE_QUERIES_PASS n31-m3-ell9-seed202 cpu cpu True
COMPLETE_QUERIES_PASS n31-m3-ell9-seed203 cpu cpu True
COMPLETE_QUERIES_PASS n31-m3-ell6-seed101 cpu metal False
COMPLETE_QUERIES_PASS n31-m3-ell6-seed102 cpu metal False
COMPLETE_QUERIES_PASS n31-m3-ell6-seed103 cpu metal False
COMPLETE_QUERIES_PASS n31-m3-ell6-seed104 cpu metal False
COMPLETE_QUERIES_PASS n31-m3-ell6-seed105 cpu metal False
COMPLETE_QUERIES_PASS n31-m3-ell6-seed106 cpu metal False
COMPLETE_QUERIES_PASS n31-m3-ell5-seed101 cpu metal False
COMPLETE_QUERIES_PASS n11-m3-ell3-seed101 cpu metal False
COMPLETE_QUERIES_PASS n83-m3-ell2-seed101 cpu metal False
COMPLETE_QUERIES_PASS n31-m3-ell7-seed201 cpu metal False
COMPLETE_QUERIES_PASS n31-m3-ell7-seed202 cpu metal False
COMPLETE_QUERIES_PASS n31-m3-ell7-seed203 cpu metal False
COMPLETE_QUERIES_PASS n31-m3-ell8-seed201 cpu metal False
COMPLETE_QUERIES_PASS n31-m3-ell8-seed202 cpu metal False
COMPLETE_QUERIES_PASS n31-m3-ell8-seed203 cpu metal False
COMPLETE_QUERIES_PASS n31-m3-ell9-seed201 cpu metal False
COMPLETE_QUERIES_PASS n31-m3-ell9-seed202 cpu metal False
COMPLETE_QUERIES_PASS n31-m3-ell9-seed203 cpu metal False
COMPLETE_QUERIES_PASS n31-m3-ell6-seed101 metal metal False
COMPLETE_QUERIES_PASS n31-m3-ell6-seed102 metal metal False
COMPLETE_QUERIES_PASS n31-m3-ell6-seed103 metal metal False
COMPLETE_QUERIES_PASS n31-m3-ell6-seed104 metal metal False
COMPLETE_QUERIES_PASS n31-m3-ell6-seed105 metal metal False
COMPLETE_QUERIES_PASS n31-m3-ell6-seed106 metal metal False
COMPLETE_QUERIES_PASS n31-m3-ell5-seed101 metal metal False
COMPLETE_QUERIES_PASS n11-m3-ell3-seed101 metal metal False
COMPLETE_QUERIES_PASS n83-m3-ell2-seed101 metal metal False
COMPLETE_QUERIES_PASS n31-m3-ell7-seed201 metal metal False
COMPLETE_QUERIES_PASS n31-m3-ell7-seed202 metal metal False
COMPLETE_QUERIES_PASS n31-m3-ell7-seed203 metal metal False
COMPLETE_QUERIES_PASS n31-m3-ell8-seed201 metal metal False
COMPLETE_QUERIES_PASS n31-m3-ell8-seed202 metal metal False
COMPLETE_QUERIES_PASS n31-m3-ell8-seed203 metal metal False
COMPLETE_QUERIES_PASS n31-m3-ell9-seed201 metal metal False
COMPLETE_QUERIES_PASS n31-m3-ell9-seed202 metal metal False
COMPLETE_QUERIES_PASS n31-m3-ell9-seed203 metal metal False
COMPLETE_QUERIES_PASS n31-m3-ell6-seed101 cpu metal_simd False
COMPLETE_QUERIES_PASS n31-m3-ell6-seed102 cpu metal_simd False
COMPLETE_QUERIES_PASS n31-m3-ell6-seed103 cpu metal_simd False
COMPLETE_QUERIES_PASS n31-m3-ell6-seed104 cpu metal_simd False
COMPLETE_QUERIES_PASS n31-m3-ell6-seed105 cpu metal_simd False
COMPLETE_QUERIES_PASS n31-m3-ell6-seed106 cpu metal_simd False
COMPLETE_QUERIES_PASS n31-m3-ell5-seed101 cpu metal_simd False
COMPLETE_QUERIES_PASS n11-m3-ell3-seed101 cpu metal_simd False
COMPLETE_QUERIES_PASS n83-m3-ell2-seed101 cpu metal_simd False
COMPLETE_QUERIES_PASS n31-m3-ell7-seed201 cpu metal_simd False
COMPLETE_QUERIES_PASS n31-m3-ell7-seed202 cpu metal_simd False
COMPLETE_QUERIES_PASS n31-m3-ell7-seed203 cpu metal_simd False
COMPLETE_QUERIES_PASS n31-m3-ell8-seed201 cpu metal_simd False
COMPLETE_QUERIES_PASS n31-m3-ell8-seed202 cpu metal_simd False
COMPLETE_QUERIES_PASS n31-m3-ell8-seed203 cpu metal_simd False
COMPLETE_QUERIES_PASS n31-m3-ell9-seed201 cpu metal_simd False
COMPLETE_QUERIES_PASS n31-m3-ell9-seed202 cpu metal_simd False
COMPLETE_QUERIES_PASS n31-m3-ell9-seed203 cpu metal_simd False
COMPLETE_QUERIES_PASS n31-m3-ell6-seed101 metal metal_simd False
COMPLETE_QUERIES_PASS n31-m3-ell6-seed102 metal metal_simd False
COMPLETE_QUERIES_PASS n31-m3-ell6-seed103 metal metal_simd False
COMPLETE_QUERIES_PASS n31-m3-ell6-seed104 metal metal_simd False
COMPLETE_QUERIES_PASS n31-m3-ell6-seed105 metal metal_simd False
COMPLETE_QUERIES_PASS n31-m3-ell6-seed106 metal metal_simd False
COMPLETE_QUERIES_PASS n31-m3-ell5-seed101 metal metal_simd False
COMPLETE_QUERIES_PASS n11-m3-ell3-seed101 metal metal_simd False
COMPLETE_QUERIES_PASS n83-m3-ell2-seed101 metal metal_simd False
COMPLETE_QUERIES_PASS n31-m3-ell7-seed201 metal metal_simd False
COMPLETE_QUERIES_PASS n31-m3-ell7-seed202 metal metal_simd False
COMPLETE_QUERIES_PASS n31-m3-ell7-seed203 metal metal_simd False
COMPLETE_QUERIES_PASS n31-m3-ell8-seed201 metal metal_simd False
COMPLETE_QUERIES_PASS n31-m3-ell8-seed202 metal metal_simd False
COMPLETE_QUERIES_PASS n31-m3-ell8-seed203 metal metal_simd False
COMPLETE_QUERIES_PASS n31-m3-ell9-seed201 metal metal_simd False
COMPLETE_QUERIES_PASS n31-m3-ell9-seed202 metal metal_simd False
COMPLETE_QUERIES_PASS n31-m3-ell9-seed203 metal metal_simd False
INDEPENDENT_TRANSFORM_QUERY_PASS 324 fresh complete queries
