{
 "candidates": 64,
 "screen_cells": 1243200,
 "scaling_cells": 58266,
 "optimized_E0": {
  "candidate": "random-11",
  "x": {
   "8": 148,
   "9": 276,
   "10": 544
  }
 },
 "best_single_cells": {
  "8": {
   "ratio": 0.7477154098625305,
   "curve_id": "O16-57",
   "candidate": "random-17"
  },
  "9": {
   "ratio": 0.710217421578041,
   "curve_id": "O52-53",
   "candidate": "scale-23"
  },
  "10": {
   "ratio": 0.8076048391371968,
   "curve_id": "O43-39",
   "candidate": "random-07"
  }
 },
 "finalists": [
  {
   "curve_id": "O57-09",
   "candidate": "random-16",
   "exact_ratio": {
    "8": 0.777344532992989,
    "9": 0.8009602053482505,
    "10": 0.8599937761889673
   },
   "model_ratio": {
    "8": 0.7771990053171052,
    "9": 0.8009615125192786,
    "10": 0.8599827675700348
   },
   "max_tag_correction": 0.00018724634860345368,
   "membership_degree_no_worse": {
    "8": false,
    "9": false,
    "10": true
   },
   "passes_adjacent_gate": false
  },
  {
   "curve_id": "O51-67",
   "candidate": "random-18",
   "exact_ratio": {
    "8": 0.7881035565686009,
    "9": 0.7926325507278229,
    "10": 0.8646768925880393
   },
   "model_ratio": {
    "8": 0.788045194828077,
    "9": 0.7926268966941546,
    "10": 0.8646643191887139
   },
   "max_tag_correction": 7.405887493106e-05,
   "membership_degree_no_worse": {
    "8": true,
    "9": true,
    "10": false
   },
   "passes_adjacent_gate": true
  },
  {
   "curve_id": "O49-06",
   "candidate": "scale-28",
   "exact_ratio": {
    "8": 0.8705395385448227,
    "9": 0.7627453232112213,
    "10": 0.8680015894930935
   },
   "model_ratio": {
    "8": 0.870404196797366,
    "9": 0.7627105506334736,
    "10": 0.8679955181034975
   },
   "max_tag_correction": 0.0001554929858502696,
   "membership_degree_no_worse": {
    "8": false,
    "9": true,
    "10": true
   },
   "passes_adjacent_gate": false
  },
  {
   "curve_id": "O62-00",
   "candidate": "random-04",
   "exact_ratio": {
    "8": 0.8532922392346521,
    "9": 0.8009964400244268,
    "10": 0.8871694826253446
   },
   "model_ratio": {
    "8": 0.853045708542151,
    "9": 0.8009615125192786,
    "10": 0.8871644432506396
   },
   "max_tag_correction": 0.0002890005658928718,
   "membership_degree_no_worse": {
    "8": true,
    "9": false,
    "10": true
   },
   "passes_adjacent_gate": false
  },
  {
   "curve_id": "O34-58",
   "candidate": "random-18",
   "exact_ratio": {
    "8": 0.8883854506033881,
    "9": 0.7926276919409108,
    "10": 0.8823255980566694
   },
   "model_ratio": {
    "8": 0.8882363419546309,
    "9": 0.7926268966941546,
    "10": 0.8823197615431643
   },
   "max_tag_correction": 0.0001678704661296493,
   "membership_degree_no_worse": {
    "8": true,
    "9": true,
    "10": false
   },
   "passes_adjacent_gate": false
  },
  {
   "curve_id": "O39-47",
   "candidate": "random-18",
   "exact_ratio": {
    "8": 0.8883974359981319,
    "9": 0.8355268108803513,
    "10": 0.8823320979409132
   },
   "model_ratio": {
    "8": 0.8882363419546309,
    "9": 0.8354923270392768,
    "10": 0.8823197615431643
   },
   "max_tag_correction": 0.00018136394098289266,
   "membership_degree_no_worse": {
    "8": true,
    "9": false,
    "10": false
   },
   "passes_adjacent_gate": false
  },
  {
   "curve_id": "O35-34",
   "candidate": "random-18",
   "exact_ratio": {
    "8": 0.8884498759027764,
    "9": 0.8535380024460129,
    "10": 0.8969816517069817
   },
   "model_ratio": {
    "8": 0.8882363419546309,
    "9": 0.8535031281069574,
    "10": 0.8969606340124638
   },
   "max_tag_correction": 0.00024040217457854673,
   "membership_degree_no_worse": {
    "8": true,
    "9": false,
    "10": true
   },
   "passes_adjacent_gate": false
  },
  {
   "curve_id": "O55-39",
   "candidate": "random-13",
   "exact_ratio": {
    "8": 0.888474639152392,
    "9": 0.8981133857747754,
    "10": 0.8775182439153907
   },
   "model_ratio": {
    "8": 0.8882363419546309,
    "9": 0.8979998977745156,
    "10": 0.8775102585092909
   },
   "max_tag_correction": 0.0002682812968863857,
   "membership_degree_no_worse": {
    "8": true,
    "9": true,
    "10": true
   },
   "passes_adjacent_gate": false
  }
 ],
 "finalists_passing_gate": [
  "O51-67"
 ],
 "scaling_distribution": {
  "8": {
   "best": 0.7477154098625305,
   "best_curve": "O16-57",
   "median": 1.089691194463207,
   "p05": 0.9253872740557174,
   "p95": 1.265876124168503
  },
  "9": {
   "best": 0.710217421578041,
   "best_curve": "O52-53",
   "median": 0.9669008172376432,
   "p05": 0.8535031281069574,
   "p95": 1.0796752382379058
  },
  "10": {
   "best": 0.8076048391371968,
   "best_curve": "O43-39",
   "median": 1.0173084514916402,
   "p05": 0.9155033582146554,
   "p95": 1.1328107859195715
  },
  "11": {
   "best": 0.8745668372402945,
   "best_curve": "O51-33",
   "median": 1.0612509519927666,
   "p05": 0.9697513033885116,
   "p95": 1.1671335497034776
  },
  "12": {
   "best": 0.8502110140606662,
   "best_curve": "O21-53",
   "median": 0.9970222704356883,
   "p05": 0.9296039284023009,
   "p95": 1.0694873852770446
  },
  "13": {
   "best": 0.8881566467946581,
   "best_curve": "O49-54",
   "median": 0.9985013737724199,
   "p05": 0.9486219594985654,
   "p95": 1.0519399229624666
  },
  "14": {
   "best": 0.9532488777402258,
   "best_curve": "O25-28",
   "median": 1.0366759591101946,
   "p05": 0.9997377149650006,
   "p95": 1.07574567193985
  },
  "15": {
   "best": 0.9675106788824112,
   "best_curve": "O59-01",
   "median": 1.0235709742070151,
   "p05": 0.9970704805066819,
   "p95": 1.0512298805965103
  },
  "16": {
   "best": 0.9771537986372851,
   "best_curve": "O42-74",
   "median": 1.0147084067828598,
   "p05": 0.9958349654740464,
   "p95": 1.033992574628181
  }
 },
 "scaled_curves_passing_gate_k_ge_11": [],
 "e0_membership_degree": {
  "8": 7,
  "9": 8,
  "10": 9,
  "11": 10,
  "12": 11,
  "13": 13,
  "14": 13,
  "15": 15,
  "16": 15
 },
 "all_curve_gate_passers": [
  {
   "curve_id": "O17-77",
   "candidate": "scale-30",
   "model_pairs": [
    8
   ],
   "exact_ratios": {
    "8": 0.762290669311439,
    "9": 0.7926524886230447
   },
   "exact_pairs": [
    8
   ],
   "ratios_k8_16": {
    "8": 0.7622673834227468,
    "9": 0.7926268966941546,
    "10": 0.9572961830519501,
    "11": 0.9669886709239254,
    "12": 0.924210971081285,
    "13": 0.943948981737607,
    "14": 1.0160832224835843,
    "15": 1.0012543075527593,
    "16": 0.9979943697970931
   }
  },
  {
   "curve_id": "O51-67",
   "candidate": "random-18",
   "model_pairs": [
    8
   ],
   "exact_ratios": {
    "8": 0.7881035565686009,
    "9": 0.7926325507278229
   },
   "exact_pairs": [
    8
   ],
   "ratios_k8_16": {
    "8": 0.788045194828077,
    "9": 0.7926268966941546,
    "10": 0.8646643191887139,
    "11": 0.9614947793746433,
    "12": 0.9658703814665024,
    "13": 0.9977531825263894,
    "14": 1.0298034495015465,
    "15": 1.02596752451159,
    "16": 1.0235924461329817
   }
  }
 ]
}
