FAIL Error Domain=MTLLibraryErrorDomain Code=3 "program_source:23:15: error: cannot combine with previous 'type-name' declaration specifier
    for (uint half = 1; half < width; half <<= 1) {
              ^
program_source:23:20: error: expected unqualified-id
    for (uint half = 1; half < width; half <<= 1) {
                   ^
program_source:23:25: error: expected ';' in 'for' statement specifier
    for (uint half = 1; half < width; half <<= 1) {
                        ^
program_source:23:30: error: expected unqualified-id
    for (uint half = 1; half < width; half <<= 1) {
                             ^
program_source:23:44: error: expected '(' for function-style cast or type construction
    for (uint half = 1; half < width; half <<= 1) {
                                      ~~~~ ^
program_source:25:42: error: expected '(' for function-style cast or type construction
            const uint lower = (pair/half)*(2*half) + pair%half;
                                     ~~~~^
program_source:25:51: error: expected '(' for function-style cast or type construction
            const uint lower = (pair/half)*(2*half) + pair%half;
                                              ~~~~^
program_source:25:64: error: expected '(' for function-style cast or type construction
            const uint lower = (pair/half)*(2*half) + pair%half;
                                                           ~~~~^
program_source:26:28: error: expected '(' for function-style cast or type construction
            tile[lower+half] ^= tile[lower];
                       ~~~~^
" UserInfo={NSLocalizedDescription=program_source:23:15: error: cannot combine with previous 'type-name' declaration specifier
    for (uint half = 1; half < width; half <<= 1) {
              ^
program_source:23:20: error: expected unqualified-id
    for (uint half = 1; half < width; half <<= 1) {
                   ^
program_source:23:25: error: expected ';' in 'for' statement specifier
    for (uint half = 1; half < width; half <<= 1) {
                        ^
program_source:23:30: error: expected unqualified-id
    for (uint half = 1; half < width; half <<= 1) {
                             ^
program_source:23:44: error: expected '(' for function-style cast or type construction
    for (uint half = 1; half < width; half <<= 1) {
                                      ~~~~ ^
program_source:25:42: error: expected '(' for function-style cast or type construction
            const uint lower = (pair/half)*(2*half) + pair%half;
                                     ~~~~^
program_source:25:51: error: expected '(' for function-style cast or type construction
            const uint lower = (pair/half)*(2*half) + pair%half;
                                              ~~~~^
program_source:25:64: error: expected '(' for function-style cast or type construction
            const uint lower = (pair/half)*(2*half) + pair%half;
                                                           ~~~~^
program_source:26:28: error: expected '(' for function-style cast or type construction
            tile[lower+half] ^= tile[lower];
                       ~~~~^
}
