{
  "candidate_id": null,
  "component_map_sha256": "bdddbd2393dfe35d204d2111f0dd0521b7e896cf761edb55c45256bad06c1581",
  "dimension": 24,
  "field_backend": "arm_pmull",
  "forest_edges_checked": 2066,
  "forest_sha256": "df0f35982a6ae28a3de0cdb02f0e1a9b28d0bce66e2f05436d00136ca41845de",
  "input_sha256": "59f89b3f9b2773963f1a722737f34740e1bfc657aaa277bef4c2e74a6746ffdd",
  "native_sha256": "cae564941e5df81f818692ac9c57378b438a4d1ee8a8e56df0ab261c20b1e8ce",
  "natural_pdp_yield": null,
  "online_wall_time": null,
  "orbit_representatives": 8391166,
  "point_checks": {
    "exhaustive_point_orbit_classes": null,
    "exhaustive_point_orbits": null,
    "reciprocal_point_controls": null,
    "sampled_direct_edges": 256,
    "sampled_edges": 256,
    "sampled_reciprocal_edges": 0
  },
  "rho_ratio": null,
  "sage_version": "10.10.rc0",
  "saved_columns": 2066,
  "schema": "ecc2k130-w24-orbit-columns-sage-verification-v1",
  "source_signed_columns": 8393232,
  "status": "PASS_EXACT_GRAPH_AND_POINT_CONTROLS",
  "verified_logarithm": null,
  "verified_relation_rank": null,
  "verifier_source_sha256": "f29cd7410c1b044412a18c614b3d89e98d8a81b9b0f53404662ca5d8972558d4"
}
